2026-10-06T16:14:41.0684933Z Current runner version: '2.337.0'
2026-10-06T16:14:41.0723341Z ##[group]Runner Image Provisioner
2026-10-06T16:14:41.0724771Z Hosted Compute Agent
2026-10-06T16:14:41.0725713Z Version: 20260901.588
2026-10-06T16:14:41.0727765Z Commit: f88ec8081b781fac6c440065ac7ff9e710ce3d0b
2026-10-06T16:14:41.0729048Z Build Date: 2026-09-01T19:56:44Z
2026-10-06T16:14:41.0730150Z Worker ID: {d5381fa0-3b13-457b-a113-e4b859dbb96a}
2026-10-06T16:14:41.0731354Z Azure Region: eastus
2026-10-06T16:14:41.0732267Z ##[endgroup]
2026-10-06T16:14:41.0734688Z ##[group]Operating System
2026-10-06T16:14:41.0735744Z Ubuntu
2026-10-06T16:14:41.0737033Z 24.04.5
2026-10-06T16:14:41.0737986Z LTS
2026-10-06T16:14:41.0738926Z ##[endgroup]
2026-10-06T16:14:41.0740152Z ##[group]Runner Image
2026-10-06T16:14:41.0741247Z Image: ubuntu-24.04
2026-10-06T16:14:41.0742252Z Version: 20260927.320.1
2026-10-06T16:14:41.0744353Z Included Software: https://github.com/actions/runner-images/blob/ubuntu24/20260927.320/images/ubuntu/Ubuntu2404-Readme.md
2026-10-06T16:14:41.0747573Z Image Release: https://github.com/actions/runner-images/releases/tag/ubuntu24%2F20260927.320
2026-10-06T16:14:41.0749293Z ##[endgroup]
2026-10-06T16:14:41.0751339Z ##[group]GITHUB_TOKEN Permissions
2026-10-06T16:14:41.0754582Z Contents: read
2026-10-06T16:14:41.0755645Z Metadata: read
2026-10-06T16:14:41.0756946Z ##[endgroup]
2026-10-06T16:14:41.0760151Z Secret source: Actions
2026-10-06T16:14:41.0761665Z Cache mode: write
2026-10-06T16:14:41.0763296Z Prepare workflow directory
2026-10-06T16:14:41.1275408Z Prepare all required actions
2026-10-06T16:14:41.1349098Z Getting action download info
2026-10-06T16:14:41.3303041Z Download action repository 'actions/checkout@df4cb1c069e1874edd31b4311f1884172cec0e10' (SHA:df4cb1c069e1874edd31b4311f1884172cec0e10)
2026-10-06T16:14:41.4577074Z Download action repository 'actions/setup-node@48b55a011bda9f5d6aeb4c2d9c7362e8dae4041e' (SHA:48b55a011bda9f5d6aeb4c2d9c7362e8dae4041e)
2026-10-06T16:14:41.7074655Z Complete job name: npm audit (high+critical, whole graph)
2026-10-06T16:14:41.7843713Z ##[group]Run actions/checkout@df4cb1c069e1874edd31b4311f1884172cec0e10
2026-10-06T16:14:41.7844879Z with:
2026-10-06T16:14:41.7845327Z   persist-credentials: false
2026-10-06T16:14:41.7846209Z   repository: BradleyGleavePortfolio/growth-project-backend
2026-10-06T16:14:41.7850268Z   token: ***
2026-10-06T16:14:41.7850695Z   ssh-strict: true
2026-10-06T16:14:41.7851132Z   ssh-user: git
2026-10-06T16:14:41.7851560Z   clean: true
2026-10-06T16:14:41.7852002Z   sparse-checkout-cone-mode: true
2026-10-06T16:14:41.7852538Z   fetch-depth: 1
2026-10-06T16:14:41.7852966Z   fetch-tags: false
2026-10-06T16:14:41.7853406Z   show-progress: true
2026-10-06T16:14:41.7853868Z   lfs: false
2026-10-06T16:14:41.7854278Z   submodules: false
2026-10-06T16:14:41.7854726Z   set-safe-directory: true
2026-10-06T16:14:41.7855467Z ##[endgroup]
2026-10-06T16:14:41.8845117Z Syncing repository: BradleyGleavePortfolio/growth-project-backend
2026-10-06T16:14:41.8847521Z ##[group]Getting Git version info
2026-10-06T16:14:41.8848566Z Working directory is '/home/runner/work/growth-project-backend/growth-project-backend'
2026-10-06T16:14:41.8849895Z [command]/usr/bin/git version
2026-10-06T16:14:41.8945532Z git version 2.55.0
2026-10-06T16:14:41.8969211Z ##[endgroup]
2026-10-06T16:14:41.8983091Z Temporarily overriding HOME='/home/runner/work/_temp/677b4e0a-eac9-497d-a693-c6a4047e8187' before making global git config changes
2026-10-06T16:14:41.8984648Z Adding repository directory to the temporary git global config as a safe directory
2026-10-06T16:14:41.8989171Z [command]/usr/bin/git config --global --add safe.directory /home/runner/work/growth-project-backend/growth-project-backend
2026-10-06T16:14:41.9041304Z Deleting the contents of '/home/runner/work/growth-project-backend/growth-project-backend'
2026-10-06T16:14:41.9045058Z ##[group]Determining repository object format
2026-10-06T16:14:41.9047631Z ##[endgroup]
2026-10-06T16:14:41.9048752Z ##[group]Initializing the repository
2026-10-06T16:14:41.9052375Z [command]/usr/bin/git init /home/runner/work/growth-project-backend/growth-project-backend
2026-10-06T16:14:41.9174073Z hint: Using 'master' as the name for the initial branch. This default branch name
2026-10-06T16:14:41.9175510Z hint: will change to "main" in Git 3.0. To configure the initial branch name
2026-10-06T16:14:41.9177164Z hint: to use in all of your new repositories, which will suppress this warning,
2026-10-06T16:14:41.9178942Z hint: call:
2026-10-06T16:14:41.9179507Z hint:
2026-10-06T16:14:41.9180176Z hint: 	git config --global init.defaultBranch <name>
2026-10-06T16:14:41.9181005Z hint:
2026-10-06T16:14:41.9182010Z hint: Names commonly chosen instead of 'master' are 'main', 'trunk' and
2026-10-06T16:14:41.9184317Z hint: 'development'. The just-created branch can be renamed via this command:
2026-10-06T16:14:41.9185396Z hint:
2026-10-06T16:14:41.9186095Z hint: 	git branch -m <name>
2026-10-06T16:14:41.9186747Z hint:
2026-10-06T16:14:41.9187596Z hint: Disable this message with "git config set advice.defaultBranchName false"
2026-10-06T16:14:41.9189530Z Initialized empty Git repository in /home/runner/work/growth-project-backend/growth-project-backend/.git/
2026-10-06T16:14:41.9191489Z [command]/usr/bin/git remote add origin https://github.com/BradleyGleavePortfolio/growth-project-backend
2026-10-06T16:14:41.9236630Z ##[endgroup]
2026-10-06T16:14:41.9237412Z ##[group]Disabling automatic garbage collection
2026-10-06T16:14:41.9240286Z [command]/usr/bin/git config --local gc.auto 0
2026-10-06T16:14:41.9268154Z ##[endgroup]
2026-10-06T16:14:41.9268897Z ##[group]Setting up auth
2026-10-06T16:14:41.9269705Z Removing SSH command configuration
2026-10-06T16:14:41.9275895Z [command]/usr/bin/git config --local --name-only --get-regexp core\.sshCommand
2026-10-06T16:14:41.9307665Z [command]/usr/bin/git submodule foreach --recursive sh -c "git config --local --name-only --get-regexp 'core\.sshCommand' && git config --local --unset-all 'core.sshCommand' || :"
2026-10-06T16:14:41.9691125Z Removing HTTP extra header
2026-10-06T16:14:41.9698520Z [command]/usr/bin/git config --local --name-only --get-regexp http\.https\:\/\/github\.com\/\.extraheader
2026-10-06T16:14:41.9731303Z [command]/usr/bin/git submodule foreach --recursive sh -c "git config --local --name-only --get-regexp 'http\.https\:\/\/github\.com\/\.extraheader' && git config --local --unset-all 'http.https://github.com/.extraheader' || :"
2026-10-06T16:14:41.9948081Z Removing includeIf entries pointing to credentials config files
2026-10-06T16:14:41.9954290Z [command]/usr/bin/git config --local --name-only --get-regexp ^includeIf\.gitdir:
2026-10-06T16:14:41.9985239Z [command]/usr/bin/git submodule foreach --recursive git config --local --show-origin --name-only --get-regexp remote.origin.url
2026-10-06T16:14:42.0208450Z [command]/usr/bin/git config --file /home/runner/work/_temp/git-credentials-3d598554-c9d2-43f7-a7be-7c68856ca761.config http.https://github.com/.extraheader AUTHORIZATION: basic ***
2026-10-06T16:14:42.0248015Z [command]/usr/bin/git config --local includeIf.gitdir:/home/runner/work/growth-project-backend/growth-project-backend/.git.path /home/runner/work/_temp/git-credentials-3d598554-c9d2-43f7-a7be-7c68856ca761.config
2026-10-06T16:14:42.0279911Z [command]/usr/bin/git config --local includeIf.gitdir:/home/runner/work/growth-project-backend/growth-project-backend/.git/worktrees/*.path /home/runner/work/_temp/git-credentials-3d598554-c9d2-43f7-a7be-7c68856ca761.config
2026-10-06T16:14:42.0316898Z [command]/usr/bin/git config --local includeIf.gitdir:/github/workspace/.git.path /github/runner_temp/git-credentials-3d598554-c9d2-43f7-a7be-7c68856ca761.config
2026-10-06T16:14:42.0377065Z [command]/usr/bin/git config --local includeIf.gitdir:/github/workspace/.git/worktrees/*.path /github/runner_temp/git-credentials-3d598554-c9d2-43f7-a7be-7c68856ca761.config
2026-10-06T16:14:42.0408666Z ##[endgroup]
2026-10-06T16:14:42.0410241Z ##[group]Fetching the repository
2026-10-06T16:14:42.0419969Z [command]/usr/bin/git -c protocol.version=2 fetch --no-tags --prune --no-recurse-submodules --depth=1 origin +e9b82e1387bcfe647801e842f466ac6dc1fb32cb:refs/remotes/origin/main
2026-10-06T16:14:43.3479088Z From https://github.com/BradleyGleavePortfolio/growth-project-backend
2026-10-06T16:14:43.3480478Z  * [new ref]         e9b82e1387bcfe647801e842f466ac6dc1fb32cb -> origin/main
2026-10-06T16:14:43.3492846Z [command]/usr/bin/git branch --list --remote origin/main
2026-10-06T16:14:43.3519856Z   origin/main
2026-10-06T16:14:43.3541789Z [command]/usr/bin/git rev-parse refs/remotes/origin/main
2026-10-06T16:14:43.3556541Z e9b82e1387bcfe647801e842f466ac6dc1fb32cb
2026-10-06T16:14:43.3570565Z ##[endgroup]
2026-10-06T16:14:43.3572012Z ##[group]Determining the checkout info
2026-10-06T16:14:43.3573483Z ##[endgroup]
2026-10-06T16:14:43.3574484Z [command]/usr/bin/git sparse-checkout disable
2026-10-06T16:14:43.3627794Z [command]/usr/bin/git config --local --unset-all extensions.worktreeConfig
2026-10-06T16:14:43.3657874Z ##[group]Checking out the ref
2026-10-06T16:14:43.3661577Z [command]/usr/bin/git checkout --progress --force -B main refs/remotes/origin/main
2026-10-06T16:14:43.6145222Z Switched to a new branch 'main'
2026-10-06T16:14:43.6150640Z branch 'main' set up to track 'origin/main'.
2026-10-06T16:14:43.6162583Z ##[endgroup]
2026-10-06T16:14:43.6206496Z [command]/usr/bin/git log -1 --format=%H
2026-10-06T16:14:43.6230914Z e9b82e1387bcfe647801e842f466ac6dc1fb32cb
2026-10-06T16:14:43.6242000Z ##[group]Removing auth
2026-10-06T16:14:43.6243471Z Removing SSH command configuration
2026-10-06T16:14:43.6246572Z [command]/usr/bin/git config --local --name-only --get-regexp core\.sshCommand
2026-10-06T16:14:43.6281575Z [command]/usr/bin/git submodule foreach --recursive sh -c "git config --local --name-only --get-regexp 'core\.sshCommand' && git config --local --unset-all 'core.sshCommand' || :"
2026-10-06T16:14:43.6512324Z Removing HTTP extra header
2026-10-06T16:14:43.6515111Z [command]/usr/bin/git config --local --name-only --get-regexp http\.https\:\/\/github\.com\/\.extraheader
2026-10-06T16:14:43.6550531Z [command]/usr/bin/git submodule foreach --recursive sh -c "git config --local --name-only --get-regexp 'http\.https\:\/\/github\.com\/\.extraheader' && git config --local --unset-all 'http.https://github.com/.extraheader' || :"
2026-10-06T16:14:43.6776973Z Removing includeIf entries pointing to credentials config files
2026-10-06T16:14:43.6780310Z [command]/usr/bin/git config --local --name-only --get-regexp ^includeIf\.gitdir:
2026-10-06T16:14:43.6810018Z includeif.gitdir:/home/runner/work/growth-project-backend/growth-project-backend/.git.path
2026-10-06T16:14:43.6815068Z includeif.gitdir:/home/runner/work/growth-project-backend/growth-project-backend/.git/worktrees/*.path
2026-10-06T16:14:43.6819390Z includeif.gitdir:/github/workspace/.git.path
2026-10-06T16:14:43.6822222Z includeif.gitdir:/github/workspace/.git/worktrees/*.path
2026-10-06T16:14:43.6829016Z [command]/usr/bin/git config --local --get-all includeif.gitdir:/home/runner/work/growth-project-backend/growth-project-backend/.git.path
2026-10-06T16:14:43.6843712Z /home/runner/work/_temp/git-credentials-3d598554-c9d2-43f7-a7be-7c68856ca761.config
2026-10-06T16:14:43.6855021Z [command]/usr/bin/git config --local --unset includeif.gitdir:/home/runner/work/growth-project-backend/growth-project-backend/.git.path /home/runner/work/_temp/git-credentials-3d598554-c9d2-43f7-a7be-7c68856ca761.config
2026-10-06T16:14:43.6889731Z [command]/usr/bin/git config --local --get-all includeif.gitdir:/home/runner/work/growth-project-backend/growth-project-backend/.git/worktrees/*.path
2026-10-06T16:14:43.6910340Z /home/runner/work/_temp/git-credentials-3d598554-c9d2-43f7-a7be-7c68856ca761.config
2026-10-06T16:14:43.6922198Z [command]/usr/bin/git config --local --unset includeif.gitdir:/home/runner/work/growth-project-backend/growth-project-backend/.git/worktrees/*.path /home/runner/work/_temp/git-credentials-3d598554-c9d2-43f7-a7be-7c68856ca761.config
2026-10-06T16:14:43.6961969Z [command]/usr/bin/git config --local --get-all includeif.gitdir:/github/workspace/.git.path
2026-10-06T16:14:43.6993545Z /github/runner_temp/git-credentials-3d598554-c9d2-43f7-a7be-7c68856ca761.config
2026-10-06T16:14:43.7004596Z [command]/usr/bin/git config --local --unset includeif.gitdir:/github/workspace/.git.path /github/runner_temp/git-credentials-3d598554-c9d2-43f7-a7be-7c68856ca761.config
2026-10-06T16:14:43.7037078Z [command]/usr/bin/git config --local --get-all includeif.gitdir:/github/workspace/.git/worktrees/*.path
2026-10-06T16:14:43.7057566Z /github/runner_temp/git-credentials-3d598554-c9d2-43f7-a7be-7c68856ca761.config
2026-10-06T16:14:43.7065128Z [command]/usr/bin/git config --local --unset includeif.gitdir:/github/workspace/.git/worktrees/*.path /github/runner_temp/git-credentials-3d598554-c9d2-43f7-a7be-7c68856ca761.config
2026-10-06T16:14:43.7098096Z [command]/usr/bin/git submodule foreach --recursive git config --local --show-origin --name-only --get-regexp remote.origin.url
2026-10-06T16:14:43.7328810Z Removing credentials config '/home/runner/work/_temp/git-credentials-3d598554-c9d2-43f7-a7be-7c68856ca761.config'
2026-10-06T16:14:43.7336968Z ##[endgroup]
2026-10-06T16:14:43.7690000Z ##[group]Run actions/setup-node@48b55a011bda9f5d6aeb4c2d9c7362e8dae4041e
2026-10-06T16:14:43.7691641Z with:
2026-10-06T16:14:43.7692518Z   node-version: 20.20.1
2026-10-06T16:14:43.7693518Z   check-latest: false
2026-10-06T16:14:43.7702606Z   token: ***
2026-10-06T16:14:43.7703559Z   package-manager-cache: true
2026-10-06T16:14:43.7704614Z ##[endgroup]
2026-10-06T16:14:43.9277486Z Attempting to download 20.20.1...
2026-10-06T16:14:44.5336858Z Acquiring 20.20.1 - x64 from https://github.com/actions/node-versions/releases/download/20.20.1-22746716736/node-20.20.1-linux-x64.tar.gz
2026-10-06T16:14:45.0034054Z Extracting ...
2026-10-06T16:14:45.0150682Z [command]/usr/bin/tar xz --strip 1 --warning=no-unknown-keyword --overwrite -C /home/runner/work/_temp/3e3aead4-5314-4469-96e6-e2e7f8c7f37d -f /home/runner/work/_temp/81860764-8bf1-4037-8a8f-4173d8728479
2026-10-06T16:14:46.0198119Z Adding to the cache ...
2026-10-06T16:14:47.7361140Z ##[group]Environment details
2026-10-06T16:14:47.9668888Z node: v20.20.1
2026-10-06T16:14:47.9669396Z npm: 10.8.2
2026-10-06T16:14:47.9669736Z yarn: 1.22.22
2026-10-06T16:14:47.9670466Z ##[endgroup]
2026-10-06T16:14:47.9871188Z ##[group]Run set -euo pipefail
2026-10-06T16:14:47.9871623Z [36;1mset -euo pipefail[0m
2026-10-06T16:14:47.9871878Z [36;1mnode -v[0m
2026-10-06T16:14:47.9872098Z [36;1mnpm -v[0m
2026-10-06T16:14:48.0166926Z shell: /usr/bin/bash --noprofile --norc -e -o pipefail {0}
2026-10-06T16:14:48.0167450Z ##[endgroup]
2026-10-06T16:14:48.0315163Z v20.20.1
2026-10-06T16:14:48.1170082Z 10.8.2
2026-10-06T16:14:48.1241886Z ##[group]Run set -euo pipefail
2026-10-06T16:14:48.1242247Z [36;1mset -euo pipefail[0m
2026-10-06T16:14:48.1242664Z [36;1m# Whole graph, stated explicitly: --include beats any ambient --omit /[0m
2026-10-06T16:14:48.1243182Z [36;1m# NODE_ENV=production config, and --package-lock-only audits the[0m
2026-10-06T16:14:48.1243685Z [36;1m# committed lockfile without needing node_modules — so nothing[0m
2026-10-06T16:14:48.1244189Z [36;1m# installs and no dependency lifecycle script runs just to audit it.[0m
2026-10-06T16:14:48.1244724Z [36;1m# Flags per npm v10 docs: https://docs.npmjs.com/cli/v10/commands/npm-audit/[0m
2026-10-06T16:14:48.1245240Z [36;1m# npm's exit code is CAPTURED, never discarded: the gate fails on any[0m
2026-10-06T16:14:48.1245708Z [36;1m# exit other than 0/1, on unreadable/error JSON, and on an exit that[0m
2026-10-06T16:14:48.1246498Z [36;1m# disagrees with the findings. The gate's own exit is the verdict[0m
2026-10-06T16:14:48.1246983Z [36;1m# (set -e): no fallback, no soft-fail.[0m
2026-10-06T16:14:48.1247401Z [36;1maudit_json="${RUNNER_TEMP:?RUNNER_TEMP is not set}/npm-audit.json"[0m
2026-10-06T16:14:48.1247803Z [36;1maudit_exit=0[0m
2026-10-06T16:14:48.1248107Z [36;1mtimeout 300 npm audit --package-lock-only \[0m
2026-10-06T16:14:48.1248527Z [36;1m  --include=prod --include=dev --include=optional --include=peer \[0m
2026-10-06T16:14:48.1249263Z [36;1m  --audit-level=high --json >"$audit_json" || audit_exit=$?[0m
2026-10-06T16:14:48.1249648Z [36;1mnode scripts/ci/audit-gate.mjs \[0m
2026-10-06T16:14:48.1249983Z [36;1m  --audit "$audit_json" --audit-exit "$audit_exit" \[0m
2026-10-06T16:14:48.1250445Z [36;1m  --lockfile package-lock.json --exceptions .github/audit-exceptions.json[0m
2026-10-06T16:14:48.1315033Z shell: /usr/bin/bash --noprofile --norc -e -o pipefail {0}
2026-10-06T16:14:48.1315443Z ##[endgroup]
2026-10-06T16:14:50.5840646Z [audit-gate] today (UTC) 2026-10-06; exception horizon 31 days
2026-10-06T16:14:50.5935165Z [audit-gate] non-blocking moderate: @istanbuljs/load-nyc-config (node_modules/@istanbuljs/load-nyc-config)
2026-10-06T16:14:50.5936833Z [audit-gate] non-blocking moderate: @jest/core (node_modules/@jest/core)
2026-10-06T16:14:50.5938017Z [audit-gate] non-blocking moderate: @jest/expect (node_modules/@jest/expect)
2026-10-06T16:14:50.5938885Z [audit-gate] non-blocking moderate: @jest/globals (node_modules/@jest/globals)
2026-10-06T16:14:50.5939600Z [audit-gate] non-blocking moderate: @jest/reporters (node_modules/@jest/reporters)
2026-10-06T16:14:50.5940281Z [audit-gate] non-blocking moderate: @jest/transform (node_modules/@jest/transform)
2026-10-06T16:14:50.5941090Z [audit-gate] non-blocking moderate: argparse (node_modules/@istanbuljs/load-nyc-config/node_modules/argparse)
2026-10-06T16:14:50.5941831Z [audit-gate] non-blocking moderate: babel-jest (node_modules/babel-jest)
2026-10-06T16:14:50.5942530Z [audit-gate] non-blocking moderate: babel-plugin-istanbul (node_modules/babel-plugin-istanbul)
2026-10-06T16:14:50.5943162Z [audit-gate] non-blocking moderate: jest (node_modules/jest)
2026-10-06T16:14:50.5943711Z [audit-gate] non-blocking moderate: jest-circus (node_modules/jest-circus)
2026-10-06T16:14:50.5944279Z [audit-gate] non-blocking moderate: jest-cli (node_modules/jest-cli)
2026-10-06T16:14:50.5944863Z [audit-gate] non-blocking moderate: jest-config (node_modules/jest-config)
2026-10-06T16:14:50.5945640Z [audit-gate] non-blocking moderate: jest-resolve-dependencies (node_modules/jest-resolve-dependencies)
2026-10-06T16:14:50.5946999Z [audit-gate] non-blocking moderate: jest-runner (node_modules/jest-runner)
2026-10-06T16:14:50.5947870Z [audit-gate] non-blocking moderate: jest-runtime (node_modules/jest-runtime)
2026-10-06T16:14:50.5948540Z [audit-gate] non-blocking moderate: jest-snapshot (node_modules/jest-snapshot)
2026-10-06T16:14:50.5949351Z [audit-gate] non-blocking moderate: js-yaml (node_modules/@istanbuljs/load-nyc-config/node_modules/js-yaml)
2026-10-06T16:14:50.5950589Z [audit-gate] non-blocking moderate: sprintf-js (node_modules/sprintf-js)
2026-10-06T16:14:50.5951170Z [audit-gate] non-blocking moderate: ts-jest (node_modules/ts-jest)
2026-10-06T16:14:50.5951691Z [audit-gate] high/critical vulnerabilities in the whole graph: 4
2026-10-06T16:14:50.5952151Z [audit-gate] covered: high "braces" (chain: braces)
2026-10-06T16:14:50.5952677Z [audit-gate] covered: high "danger" (chain: danger <- micromatch <- braces)
2026-10-06T16:14:50.5953306Z [audit-gate] covered: high "micromatch" (chain: micromatch <- braces)
2026-10-06T16:14:50.5979243Z ##[warning]braces node_modules/braces@3.0.3 excepted until 2026-10-31 (25 days left). Ruling: OR-114-2 (operator agent 114, 2026-10-02): keep the audit gate fail-closed; narrowest time-boxed dev-only exception. Reason: CVE-2026-93687 stack-exhaustion DoS via deeply nested patterns; no patched braces exists on npm (latest 3.0.3). The only lockfile copy (node_modules/braces 3.0.3) is dev-only, reached through micromatch from danger (CI tooling), never installed in the production runtime image (Dockerfile runtime stage uses npm ci --omit=dev).
2026-10-06T16:14:50.5988570Z [audit-gate] APPLIED EXCEPTION advisory=GHSA-vfj7-8cjw-p6xm package=braces locked=node_modules/braces@3.0.3 max_version=3.0.3 expires=2026-10-31 days_left=25
2026-10-06T16:14:50.5990685Z [audit-gate]   reason: CVE-2026-93687 stack-exhaustion DoS via deeply nested patterns; no patched braces exists on npm (latest 3.0.3). The only lockfile copy (node_modules/braces 3.0.3) is dev-only, reached through micromatch from danger (CI tooling), never installed in the production runtime image (Dockerfile runtime stage uses npm ci --omit=dev).
2026-10-06T16:14:50.5992808Z [audit-gate]   owner_ruling: OR-114-2 (operator agent 114, 2026-10-02): keep the audit gate fail-closed; narrowest time-boxed dev-only exception
2026-10-06T16:14:50.9563583Z [audit-gate] registry check for braces: no stable release above 3.0.3 (latest 3.0.3)
2026-10-06T16:14:50.9567565Z ##[error]critical "shell-quote" is not covered by an exception: https://github.com/advisories/GHSA-pqg4-j6r4-53mv (shell-quote, critical)
2026-10-06T16:14:50.9569777Z [audit-gate] FAIL E_UNEXCEPTED: critical "shell-quote" is not covered by an exception: https://github.com/advisories/GHSA-pqg4-j6r4-53mv (shell-quote, critical)
2026-10-06T16:14:50.9570604Z [audit-gate] BLOCKED: 1 problem(s)
2026-10-06T16:14:50.9597206Z ##[error]Process completed with exit code 1.
2026-10-06T16:14:50.9743974Z Post job cleanup.
2026-10-06T16:14:51.0602836Z [command]/usr/bin/git version
2026-10-06T16:14:51.0641437Z git version 2.55.0
2026-10-06T16:14:51.0683740Z Temporarily overriding HOME='/home/runner/work/_temp/1604794d-f68b-4095-af97-ab2bbef44727' before making global git config changes
2026-10-06T16:14:51.0685327Z Adding repository directory to the temporary git global config as a safe directory
2026-10-06T16:14:51.0690414Z [command]/usr/bin/git config --global --add safe.directory /home/runner/work/growth-project-backend/growth-project-backend
2026-10-06T16:14:51.0722646Z Removing SSH command configuration
2026-10-06T16:14:51.0729536Z [command]/usr/bin/git config --local --name-only --get-regexp core\.sshCommand
2026-10-06T16:14:51.0765148Z [command]/usr/bin/git submodule foreach --recursive sh -c "git config --local --name-only --get-regexp 'core\.sshCommand' && git config --local --unset-all 'core.sshCommand' || :"
2026-10-06T16:14:51.1027398Z Removing HTTP extra header
2026-10-06T16:14:51.1033286Z [command]/usr/bin/git config --local --name-only --get-regexp http\.https\:\/\/github\.com\/\.extraheader
2026-10-06T16:14:51.1069953Z [command]/usr/bin/git submodule foreach --recursive sh -c "git config --local --name-only --get-regexp 'http\.https\:\/\/github\.com\/\.extraheader' && git config --local --unset-all 'http.https://github.com/.extraheader' || :"
2026-10-06T16:14:51.1295562Z Removing includeIf entries pointing to credentials config files
2026-10-06T16:14:51.1303150Z [command]/usr/bin/git config --local --name-only --get-regexp ^includeIf\.gitdir:
2026-10-06T16:14:51.1333656Z [command]/usr/bin/git submodule foreach --recursive git config --local --show-origin --name-only --get-regexp remote.origin.url
2026-10-06T16:14:51.1715582Z Cleaning up orphan processes
