targeted	Set up job	﻿2026-10-04T17:17:19.9057849Z Current runner version: '2.337.0'
targeted	Set up job	2026-10-04T17:17:19.9084754Z ##[group]Runner Image Provisioner
targeted	Set up job	2026-10-04T17:17:19.9085765Z Hosted Compute Agent
targeted	Set up job	2026-10-04T17:17:19.9086790Z Version: 20260901.588
targeted	Set up job	2026-10-04T17:17:19.9087463Z Commit: f88ec8081b781fac6c440065ac7ff9e710ce3d0b
targeted	Set up job	2026-10-04T17:17:19.9088285Z Build Date: 2026-09-01T19:56:44Z
targeted	Set up job	2026-10-04T17:17:19.9089002Z Worker ID: {65a00519-65cf-4c45-aab9-16015306b3ce}
targeted	Set up job	2026-10-04T17:17:19.9089837Z Azure Region: westus
targeted	Set up job	2026-10-04T17:17:19.9090472Z ##[endgroup]
targeted	Set up job	2026-10-04T17:17:19.9092245Z ##[group]Operating System
targeted	Set up job	2026-10-04T17:17:19.9093376Z Ubuntu
targeted	Set up job	2026-10-04T17:17:19.9093917Z 24.04.5
targeted	Set up job	2026-10-04T17:17:19.9094565Z LTS
targeted	Set up job	2026-10-04T17:17:19.9095092Z ##[endgroup]
targeted	Set up job	2026-10-04T17:17:19.9095674Z ##[group]Runner Image
targeted	Set up job	2026-10-04T17:17:19.9096543Z Image: ubuntu-24.04
targeted	Set up job	2026-10-04T17:17:19.9097120Z Version: 20260927.320.1
targeted	Set up job	2026-10-04T17:17:19.9098179Z Included Software: https://github.com/actions/runner-images/blob/ubuntu24/20260927.320/images/ubuntu/Ubuntu2404-Readme.md
targeted	Set up job	2026-10-04T17:17:19.9100069Z Image Release: https://github.com/actions/runner-images/releases/tag/ubuntu24%2F20260927.320
targeted	Set up job	2026-10-04T17:17:19.9101070Z ##[endgroup]
targeted	Set up job	2026-10-04T17:17:19.9102222Z ##[group]GITHUB_TOKEN Permissions
targeted	Set up job	2026-10-04T17:17:19.9104348Z Contents: read
targeted	Set up job	2026-10-04T17:17:19.9105004Z Metadata: read
targeted	Set up job	2026-10-04T17:17:19.9105554Z Packages: read
targeted	Set up job	2026-10-04T17:17:19.9106463Z ##[endgroup]
targeted	Set up job	2026-10-04T17:17:19.9108633Z Secret source: Actions
targeted	Set up job	2026-10-04T17:17:19.9109718Z Cache mode: write
targeted	Set up job	2026-10-04T17:17:19.9110431Z Prepare workflow directory
targeted	Set up job	2026-10-04T17:17:19.9571077Z Prepare all required actions
targeted	Set up job	2026-10-04T17:17:19.9620250Z Getting action download info
targeted	Set up job	2026-10-04T17:17:20.3110013Z Download action repository 'actions/checkout@v6' (SHA:d23441a48e516b6c34aea4fa41551a30e30af803)
targeted	Set up job	2026-10-04T17:17:20.4359961Z Download action repository 'actions/setup-node@v6' (SHA:249970729cb0ef3589644e2896645e5dc5ba9c38)
targeted	Set up job	2026-10-04T17:17:20.6902662Z Complete job name: targeted
targeted	Initialize containers	﻿2026-10-04T17:17:20.7435635Z ##[group]Checking docker version
targeted	Initialize containers	2026-10-04T17:17:20.7449356Z ##[command]/usr/bin/docker version --format '{{.Server.APIVersion}}'
targeted	Initialize containers	2026-10-04T17:17:20.8354718Z '1.48'
targeted	Initialize containers	2026-10-04T17:17:20.8365877Z Docker daemon API version: '1.48'
targeted	Initialize containers	2026-10-04T17:17:20.8367155Z ##[command]/usr/bin/docker version --format '{{.Client.APIVersion}}'
targeted	Initialize containers	2026-10-04T17:17:20.8542839Z '1.48'
targeted	Initialize containers	2026-10-04T17:17:20.8557560Z Docker client API version: '1.48'
targeted	Initialize containers	2026-10-04T17:17:20.8563256Z ##[endgroup]
targeted	Initialize containers	2026-10-04T17:17:20.8566599Z ##[group]Clean up resources from previous jobs
targeted	Initialize containers	2026-10-04T17:17:20.8572969Z ##[command]/usr/bin/docker ps --all --quiet --no-trunc --filter "label=dec940"
targeted	Initialize containers	2026-10-04T17:17:20.8738752Z ##[command]/usr/bin/docker network prune --force --filter "label=dec940"
targeted	Initialize containers	2026-10-04T17:17:20.8894704Z ##[endgroup]
targeted	Initialize containers	2026-10-04T17:17:20.8895302Z ##[group]Create local container network
targeted	Initialize containers	2026-10-04T17:17:20.8906412Z ##[command]/usr/bin/docker network create --label dec940 github_network_578a40920bf24f9cac63df417d79801c
targeted	Initialize containers	2026-10-04T17:17:20.9454473Z e206359bdeca2694a1f998ad420cd38f002f912ac98b8a616026604654960365
targeted	Initialize containers	2026-10-04T17:17:20.9475272Z ##[endgroup]
targeted	Initialize containers	2026-10-04T17:17:20.9501213Z ##[group]Starting redis service container
targeted	Initialize containers	2026-10-04T17:17:20.9523993Z ##[command]/usr/bin/docker pull redis:7-alpine
targeted	Initialize containers	2026-10-04T17:17:21.8534357Z 7-alpine: Pulling from library/redis
targeted	Initialize containers	2026-10-04T17:17:22.1261712Z 16333ee0c00f: Pulling fs layer
targeted	Initialize containers	2026-10-04T17:17:22.1262636Z 83234986c742: Pulling fs layer
targeted	Initialize containers	2026-10-04T17:17:22.1263158Z 7eb50503c2b0: Pulling fs layer
targeted	Initialize containers	2026-10-04T17:17:22.1263763Z 1522f9c6f453: Pulling fs layer
targeted	Initialize containers	2026-10-04T17:17:22.1264344Z 9928009b15c8: Pulling fs layer
targeted	Initialize containers	2026-10-04T17:17:22.1264900Z 4f4fb700ef54: Pulling fs layer
targeted	Initialize containers	2026-10-04T17:17:22.1265307Z 4eb14bae0e1d: Pulling fs layer
targeted	Initialize containers	2026-10-04T17:17:22.1265632Z 9928009b15c8: Waiting
targeted	Initialize containers	2026-10-04T17:17:22.1265908Z 4f4fb700ef54: Waiting
targeted	Initialize containers	2026-10-04T17:17:22.1266572Z 1522f9c6f453: Waiting
targeted	Initialize containers	2026-10-04T17:17:22.1266877Z 4eb14bae0e1d: Waiting
targeted	Initialize containers	2026-10-04T17:17:22.3545498Z 83234986c742: Verifying Checksum
targeted	Initialize containers	2026-10-04T17:17:22.3547341Z 83234986c742: Download complete
targeted	Initialize containers	2026-10-04T17:17:22.3583150Z 7eb50503c2b0: Download complete
targeted	Initialize containers	2026-10-04T17:17:22.3695425Z 16333ee0c00f: Download complete
targeted	Initialize containers	2026-10-04T17:17:22.4792415Z 16333ee0c00f: Pull complete
targeted	Initialize containers	2026-10-04T17:17:22.6635193Z 9928009b15c8: Verifying Checksum
targeted	Initialize containers	2026-10-04T17:17:22.6635827Z 9928009b15c8: Download complete
targeted	Initialize containers	2026-10-04T17:17:22.6636770Z 4f4fb700ef54: Verifying Checksum
targeted	Initialize containers	2026-10-04T17:17:22.6640311Z 4f4fb700ef54: Download complete
targeted	Initialize containers	2026-10-04T17:17:22.7083055Z 1522f9c6f453: Verifying Checksum
targeted	Initialize containers	2026-10-04T17:17:22.7083632Z 1522f9c6f453: Download complete
targeted	Initialize containers	2026-10-04T17:17:22.8828998Z 4eb14bae0e1d: Verifying Checksum
targeted	Initialize containers	2026-10-04T17:17:22.8830106Z 4eb14bae0e1d: Download complete
targeted	Initialize containers	2026-10-04T17:17:24.8242794Z 83234986c742: Pull complete
targeted	Initialize containers	2026-10-04T17:17:24.9643406Z 7eb50503c2b0: Pull complete
targeted	Initialize containers	2026-10-04T17:17:25.1542338Z 1522f9c6f453: Pull complete
targeted	Initialize containers	2026-10-04T17:17:25.1667419Z 9928009b15c8: Pull complete
targeted	Initialize containers	2026-10-04T17:17:25.1754264Z 4f4fb700ef54: Pull complete
targeted	Initialize containers	2026-10-04T17:17:25.1861828Z 4eb14bae0e1d: Pull complete
targeted	Initialize containers	2026-10-04T17:17:25.1908166Z Digest: sha256:858f009f9709ce576febc734aa78b8f6d624b82571f9ddb6bda4377c833b3499
targeted	Initialize containers	2026-10-04T17:17:25.1921160Z Status: Downloaded newer image for redis:7-alpine
targeted	Initialize containers	2026-10-04T17:17:25.1929578Z docker.io/library/redis:7-alpine
targeted	Initialize containers	2026-10-04T17:17:25.1995466Z ##[command]/usr/bin/docker create --name c36c6cd555a2427a9eed94ff4ece2961_redis7alpine_e81fd3 --label dec940 --network github_network_578a40920bf24f9cac63df417d79801c --network-alias redis -p 6379:6379 --health-cmd "redis-cli ping" --health-interval 5s --health-timeout 3s --health-retries 10 -e GITHUB_ACTIONS=true -e CI=true redis:7-alpine
targeted	Initialize containers	2026-10-04T17:17:25.2280263Z 4ee2064d71dd3b9485dab4c6e3dd51682e8d4d1ba2755936a0e1fea9d5f195b9
targeted	Initialize containers	2026-10-04T17:17:25.2305352Z ##[command]/usr/bin/docker start 4ee2064d71dd3b9485dab4c6e3dd51682e8d4d1ba2755936a0e1fea9d5f195b9
targeted	Initialize containers	2026-10-04T17:17:25.4481194Z 4ee2064d71dd3b9485dab4c6e3dd51682e8d4d1ba2755936a0e1fea9d5f195b9
targeted	Initialize containers	2026-10-04T17:17:25.4504594Z ##[command]/usr/bin/docker ps --all --filter id=4ee2064d71dd3b9485dab4c6e3dd51682e8d4d1ba2755936a0e1fea9d5f195b9 --filter status=running --no-trunc --format "{{.ID}} {{.Status}}"
targeted	Initialize containers	2026-10-04T17:17:25.4639213Z 4ee2064d71dd3b9485dab4c6e3dd51682e8d4d1ba2755936a0e1fea9d5f195b9 Up Less than a second (health: starting)
targeted	Initialize containers	2026-10-04T17:17:25.4659994Z ##[command]/usr/bin/docker port 4ee2064d71dd3b9485dab4c6e3dd51682e8d4d1ba2755936a0e1fea9d5f195b9
targeted	Initialize containers	2026-10-04T17:17:25.4789289Z 6379/tcp -> 0.0.0.0:6379
targeted	Initialize containers	2026-10-04T17:17:25.4789687Z 6379/tcp -> [::]:6379
targeted	Initialize containers	2026-10-04T17:17:25.4836600Z ##[endgroup]
targeted	Initialize containers	2026-10-04T17:17:25.4845499Z ##[group]Waiting for all services to be ready
targeted	Initialize containers	2026-10-04T17:17:25.4859885Z ##[command]/usr/bin/docker inspect --format="{{if .Config.Healthcheck}}{{print .State.Health.Status}}{{end}}" 4ee2064d71dd3b9485dab4c6e3dd51682e8d4d1ba2755936a0e1fea9d5f195b9
targeted	Initialize containers	2026-10-04T17:17:25.4986063Z starting
targeted	Initialize containers	2026-10-04T17:17:25.5014265Z redis service is starting, waiting 2 seconds before checking again.
targeted	Initialize containers	2026-10-04T17:17:27.5008926Z ##[command]/usr/bin/docker inspect --format="{{if .Config.Healthcheck}}{{print .State.Health.Status}}{{end}}" 4ee2064d71dd3b9485dab4c6e3dd51682e8d4d1ba2755936a0e1fea9d5f195b9
targeted	Initialize containers	2026-10-04T17:17:27.5139053Z starting
targeted	Initialize containers	2026-10-04T17:17:27.5154050Z redis service is starting, waiting 3 seconds before checking again.
targeted	Initialize containers	2026-10-04T17:17:31.3149022Z ##[command]/usr/bin/docker inspect --format="{{if .Config.Healthcheck}}{{print .State.Health.Status}}{{end}}" 4ee2064d71dd3b9485dab4c6e3dd51682e8d4d1ba2755936a0e1fea9d5f195b9
targeted	Initialize containers	2026-10-04T17:17:31.3272667Z healthy
targeted	Initialize containers	2026-10-04T17:17:31.3292319Z redis service is healthy.
targeted	Initialize containers	2026-10-04T17:17:31.3293322Z ##[endgroup]
targeted	Run actions/checkout@v6	﻿2026-10-04T17:17:31.3594079Z ##[group]Run actions/checkout@v6
targeted	Run actions/checkout@v6	2026-10-04T17:17:31.3594730Z with:
targeted	Run actions/checkout@v6	2026-10-04T17:17:31.3595046Z   repository: BradleyGleavePortfolio/growth-project-backend
targeted	Run actions/checkout@v6	2026-10-04T17:17:31.3598013Z   token: ***
targeted	Run actions/checkout@v6	2026-10-04T17:17:31.3598250Z   ssh-strict: true
targeted	Run actions/checkout@v6	2026-10-04T17:17:31.3598490Z   ssh-user: git
targeted	Run actions/checkout@v6	2026-10-04T17:17:31.3598709Z   persist-credentials: true
targeted	Run actions/checkout@v6	2026-10-04T17:17:31.3598948Z   clean: true
targeted	Run actions/checkout@v6	2026-10-04T17:17:31.3599417Z   sparse-checkout-cone-mode: true
targeted	Run actions/checkout@v6	2026-10-04T17:17:31.3599683Z   fetch-depth: 1
targeted	Run actions/checkout@v6	2026-10-04T17:17:31.3599884Z   fetch-tags: false
targeted	Run actions/checkout@v6	2026-10-04T17:17:31.3600097Z   show-progress: true
targeted	Run actions/checkout@v6	2026-10-04T17:17:31.3600305Z   lfs: false
targeted	Run actions/checkout@v6	2026-10-04T17:17:31.3600492Z   submodules: false
targeted	Run actions/checkout@v6	2026-10-04T17:17:31.3600698Z   set-safe-directory: true
targeted	Run actions/checkout@v6	2026-10-04T17:17:31.3600946Z   allow-unsafe-pr-checkout: false
targeted	Run actions/checkout@v6	2026-10-04T17:17:31.3601497Z ##[endgroup]
targeted	Run actions/checkout@v6	2026-10-04T17:17:31.4740405Z Syncing repository: BradleyGleavePortfolio/growth-project-backend
targeted	Run actions/checkout@v6	2026-10-04T17:17:31.4742700Z ##[group]Getting Git version info
targeted	Run actions/checkout@v6	2026-10-04T17:17:31.4743351Z Working directory is '/home/runner/work/growth-project-backend/growth-project-backend'
targeted	Run actions/checkout@v6	2026-10-04T17:17:31.4744106Z [command]/usr/bin/git version
targeted	Run actions/checkout@v6	2026-10-04T17:17:31.4744366Z git version 2.55.0
targeted	Run actions/checkout@v6	2026-10-04T17:17:31.4758619Z ##[endgroup]
targeted	Run actions/checkout@v6	2026-10-04T17:17:31.4774163Z Temporarily overriding HOME='/home/runner/work/_temp/d76651f1-b0e3-4e10-ade0-84b542c2ce63' before making global git config changes
targeted	Run actions/checkout@v6	2026-10-04T17:17:31.4775569Z Adding repository directory to the temporary git global config as a safe directory
targeted	Run actions/checkout@v6	2026-10-04T17:17:31.4780671Z [command]/usr/bin/git config --global --add safe.directory /home/runner/work/growth-project-backend/growth-project-backend
targeted	Run actions/checkout@v6	2026-10-04T17:17:31.4833856Z Deleting the contents of '/home/runner/work/growth-project-backend/growth-project-backend'
targeted	Run actions/checkout@v6	2026-10-04T17:17:31.4839300Z ##[group]Determining repository object format
targeted	Run actions/checkout@v6	2026-10-04T17:17:31.4841682Z ##[endgroup]
targeted	Run actions/checkout@v6	2026-10-04T17:17:31.4842413Z ##[group]Initializing the repository
targeted	Run actions/checkout@v6	2026-10-04T17:17:31.4847175Z [command]/usr/bin/git init /home/runner/work/growth-project-backend/growth-project-backend
targeted	Run actions/checkout@v6	2026-10-04T17:17:31.4961200Z hint: Using 'master' as the name for the initial branch. This default branch name
targeted	Run actions/checkout@v6	2026-10-04T17:17:31.4962744Z hint: will change to "main" in Git 3.0. To configure the initial branch name
targeted	Run actions/checkout@v6	2026-10-04T17:17:31.4963880Z hint: to use in all of your new repositories, which will suppress this warning,
targeted	Run actions/checkout@v6	2026-10-04T17:17:31.4964724Z hint: call:
targeted	Run actions/checkout@v6	2026-10-04T17:17:31.4965158Z hint:
targeted	Run actions/checkout@v6	2026-10-04T17:17:31.4965769Z hint: 	git config --global init.defaultBranch <name>
targeted	Run actions/checkout@v6	2026-10-04T17:17:31.4966748Z hint:
targeted	Run actions/checkout@v6	2026-10-04T17:17:31.4967353Z hint: Names commonly chosen instead of 'master' are 'main', 'trunk' and
targeted	Run actions/checkout@v6	2026-10-04T17:17:31.4967946Z hint: 'development'. The just-created branch can be renamed via this command:
targeted	Run actions/checkout@v6	2026-10-04T17:17:31.4968381Z hint:
targeted	Run actions/checkout@v6	2026-10-04T17:17:31.4968619Z hint: 	git branch -m <name>
targeted	Run actions/checkout@v6	2026-10-04T17:17:31.4968876Z hint:
targeted	Run actions/checkout@v6	2026-10-04T17:17:31.4969238Z hint: Disable this message with "git config set advice.defaultBranchName false"
targeted	Run actions/checkout@v6	2026-10-04T17:17:31.4970374Z Initialized empty Git repository in /home/runner/work/growth-project-backend/growth-project-backend/.git/
targeted	Run actions/checkout@v6	2026-10-04T17:17:31.4978635Z [command]/usr/bin/git remote add origin https://github.com/BradleyGleavePortfolio/growth-project-backend
targeted	Run actions/checkout@v6	2026-10-04T17:17:31.5029171Z ##[endgroup]
targeted	Run actions/checkout@v6	2026-10-04T17:17:31.5029631Z ##[group]Disabling automatic garbage collection
targeted	Run actions/checkout@v6	2026-10-04T17:17:31.5033601Z [command]/usr/bin/git config --local gc.auto 0
targeted	Run actions/checkout@v6	2026-10-04T17:17:31.5064107Z ##[endgroup]
targeted	Run actions/checkout@v6	2026-10-04T17:17:31.5064518Z ##[group]Setting up auth
targeted	Run actions/checkout@v6	2026-10-04T17:17:31.5065570Z Removing SSH command configuration
targeted	Run actions/checkout@v6	2026-10-04T17:17:31.5072670Z [command]/usr/bin/git config --local --name-only --get-regexp core\.sshCommand
targeted	Run actions/checkout@v6	2026-10-04T17:17:31.5106595Z [command]/usr/bin/git submodule foreach --recursive sh -c "git config --local --name-only --get-regexp 'core\.sshCommand' && git config --local --unset-all 'core.sshCommand' || :"
targeted	Run actions/checkout@v6	2026-10-04T17:17:31.5475315Z Removing HTTP extra header
targeted	Run actions/checkout@v6	2026-10-04T17:17:31.5481881Z [command]/usr/bin/git config --local --name-only --get-regexp http\.https\:\/\/github\.com\/\.extraheader
targeted	Run actions/checkout@v6	2026-10-04T17:17:31.5517758Z [command]/usr/bin/git submodule foreach --recursive sh -c "git config --local --name-only --get-regexp 'http\.https\:\/\/github\.com\/\.extraheader' && git config --local --unset-all 'http.https://github.com/.extraheader' || :"
targeted	Run actions/checkout@v6	2026-10-04T17:17:31.5744728Z Removing includeIf entries pointing to credentials config files
targeted	Run actions/checkout@v6	2026-10-04T17:17:31.5752990Z [command]/usr/bin/git config --local --name-only --get-regexp ^includeIf\.gitdir:
targeted	Run actions/checkout@v6	2026-10-04T17:17:31.5788201Z [command]/usr/bin/git submodule foreach --recursive git config --local --show-origin --name-only --get-regexp remote.origin.url
targeted	Run actions/checkout@v6	2026-10-04T17:17:31.6032091Z [command]/usr/bin/git config --file /home/runner/work/_temp/git-credentials-6b0e17a6-374c-4cf9-9dbf-aa281c3ab295.config http.https://github.com/.extraheader AUTHORIZATION: basic ***
targeted	Run actions/checkout@v6	2026-10-04T17:17:31.6077011Z [command]/usr/bin/git config --local includeIf.gitdir:/home/runner/work/growth-project-backend/growth-project-backend/.git.path /home/runner/work/_temp/git-credentials-6b0e17a6-374c-4cf9-9dbf-aa281c3ab295.config
targeted	Run actions/checkout@v6	2026-10-04T17:17:31.6114870Z [command]/usr/bin/git config --local includeIf.gitdir:/home/runner/work/growth-project-backend/growth-project-backend/.git/worktrees/*.path /home/runner/work/_temp/git-credentials-6b0e17a6-374c-4cf9-9dbf-aa281c3ab295.config
targeted	Run actions/checkout@v6	2026-10-04T17:17:31.6151649Z [command]/usr/bin/git config --local includeIf.gitdir:/github/workspace/.git.path /github/runner_temp/git-credentials-6b0e17a6-374c-4cf9-9dbf-aa281c3ab295.config
targeted	Run actions/checkout@v6	2026-10-04T17:17:31.6185319Z [command]/usr/bin/git config --local includeIf.gitdir:/github/workspace/.git/worktrees/*.path /github/runner_temp/git-credentials-6b0e17a6-374c-4cf9-9dbf-aa281c3ab295.config
targeted	Run actions/checkout@v6	2026-10-04T17:17:31.6224434Z ##[endgroup]
targeted	Run actions/checkout@v6	2026-10-04T17:17:31.6224896Z ##[group]Fetching the repository
targeted	Run actions/checkout@v6	2026-10-04T17:17:31.6233834Z [command]/usr/bin/git -c protocol.version=2 fetch --no-tags --prune --no-recurse-submodules --depth=1 origin +6155e28f78a8a1605b46ec656b7b47fb11de437a:refs/remotes/origin/ci/B-FEES15-118-683-before
targeted	Run actions/checkout@v6	2026-10-04T17:17:33.1419990Z From https://github.com/BradleyGleavePortfolio/growth-project-backend
targeted	Run actions/checkout@v6	2026-10-04T17:17:33.1421038Z  * [new ref]         6155e28f78a8a1605b46ec656b7b47fb11de437a -> origin/ci/B-FEES15-118-683-before
targeted	Run actions/checkout@v6	2026-10-04T17:17:33.1431722Z [command]/usr/bin/git branch --list --remote origin/ci/B-FEES15-118-683-before
targeted	Run actions/checkout@v6	2026-10-04T17:17:33.1457612Z   origin/ci/B-FEES15-118-683-before
targeted	Run actions/checkout@v6	2026-10-04T17:17:33.1468029Z [command]/usr/bin/git rev-parse refs/remotes/origin/ci/B-FEES15-118-683-before
targeted	Run actions/checkout@v6	2026-10-04T17:17:33.1492532Z 6155e28f78a8a1605b46ec656b7b47fb11de437a
targeted	Run actions/checkout@v6	2026-10-04T17:17:33.1497252Z ##[endgroup]
targeted	Run actions/checkout@v6	2026-10-04T17:17:33.1497976Z ##[group]Determining the checkout info
targeted	Run actions/checkout@v6	2026-10-04T17:17:33.1504000Z ##[endgroup]
targeted	Run actions/checkout@v6	2026-10-04T17:17:33.1504484Z [command]/usr/bin/git sparse-checkout disable
targeted	Run actions/checkout@v6	2026-10-04T17:17:33.1554949Z [command]/usr/bin/git config --local --unset-all extensions.worktreeConfig
targeted	Run actions/checkout@v6	2026-10-04T17:17:33.1583685Z ##[group]Checking out the ref
targeted	Run actions/checkout@v6	2026-10-04T17:17:33.1589002Z [command]/usr/bin/git checkout --progress --force -B ci/B-FEES15-118-683-before refs/remotes/origin/ci/B-FEES15-118-683-before
targeted	Run actions/checkout@v6	2026-10-04T17:17:33.3776021Z Switched to a new branch 'ci/B-FEES15-118-683-before'
targeted	Run actions/checkout@v6	2026-10-04T17:17:33.3784397Z branch 'ci/B-FEES15-118-683-before' set up to track 'origin/ci/B-FEES15-118-683-before'.
targeted	Run actions/checkout@v6	2026-10-04T17:17:33.3793679Z ##[endgroup]
targeted	Run actions/checkout@v6	2026-10-04T17:17:33.3840271Z [command]/usr/bin/git log -1 --format=%H
targeted	Run actions/checkout@v6	2026-10-04T17:17:33.3864872Z 6155e28f78a8a1605b46ec656b7b47fb11de437a
targeted	Run actions/setup-node@v6	﻿2026-10-04T17:17:33.4125842Z ##[group]Run actions/setup-node@v6
targeted	Run actions/setup-node@v6	2026-10-04T17:17:33.4126497Z with:
targeted	Run actions/setup-node@v6	2026-10-04T17:17:33.4126702Z   node-version: 20
targeted	Run actions/setup-node@v6	2026-10-04T17:17:33.4126905Z   cache: npm
targeted	Run actions/setup-node@v6	2026-10-04T17:17:33.4127099Z   check-latest: false
targeted	Run actions/setup-node@v6	2026-10-04T17:17:33.4129670Z   token: ***
targeted	Run actions/setup-node@v6	2026-10-04T17:17:33.4129897Z   package-manager-cache: true
targeted	Run actions/setup-node@v6	2026-10-04T17:17:33.4130147Z ##[endgroup]
targeted	Run actions/setup-node@v6	2026-10-04T17:17:33.5610942Z Attempting to download 20...
targeted	Run actions/setup-node@v6	2026-10-04T17:17:34.2638574Z Acquiring 20.20.2 - x64 from https://github.com/actions/node-versions/releases/download/20.20.2-23521894959/node-20.20.2-linux-x64.tar.gz
targeted	Run actions/setup-node@v6	2026-10-04T17:17:34.6876627Z Extracting ...
targeted	Run actions/setup-node@v6	2026-10-04T17:17:34.7017015Z [command]/usr/bin/tar xz --strip 1 --warning=no-unknown-keyword --overwrite -C /home/runner/work/_temp/14d24de4-eafb-4b81-ba1a-86484917ac6e -f /home/runner/work/_temp/755a2b63-7433-4e15-b707-e8598f26ebe9
targeted	Run actions/setup-node@v6	2026-10-04T17:17:35.7707309Z Adding to the cache ...
targeted	Run actions/setup-node@v6	2026-10-04T17:17:37.6834699Z ##[group]Environment details
targeted	Run actions/setup-node@v6	2026-10-04T17:17:37.9264328Z node: v20.20.2
targeted	Run actions/setup-node@v6	2026-10-04T17:17:37.9264878Z npm: 10.8.2
targeted	Run actions/setup-node@v6	2026-10-04T17:17:37.9265071Z yarn: 1.22.22
targeted	Run actions/setup-node@v6	2026-10-04T17:17:37.9265854Z ##[endgroup]
targeted	Run actions/setup-node@v6	2026-10-04T17:17:37.9284091Z [command]/opt/hostedtoolcache/node/20.20.2/x64/bin/npm config get cache
targeted	Run actions/setup-node@v6	2026-10-04T17:17:38.0357057Z /home/runner/.npm
targeted	Run actions/setup-node@v6	2026-10-04T17:17:38.2879984Z Cache hit for: node-cache-Linux-x64-npm-07f78abbac5e2cbfcef112b8b919e298f8da38fa5e6aaf98a3625ef672bd5b12
targeted	Run actions/setup-node@v6	2026-10-04T17:17:39.5786869Z Received 0 of 86828135 (0.0%), 0.0 MBs/sec
targeted	Run actions/setup-node@v6	2026-10-04T17:17:40.2562275Z Received 86828135 of 86828135 (100.0%), 49.3 MBs/sec
targeted	Run actions/setup-node@v6	2026-10-04T17:17:40.2563516Z Cache Size: ~83 MB (86828135 B)
targeted	Run actions/setup-node@v6	2026-10-04T17:17:40.2675802Z [command]/usr/bin/tar -xf /home/runner/work/_temp/461a28a9-b4d6-4c53-b558-655140e79204/cache.tzst -P -C /home/runner/work/growth-project-backend/growth-project-backend --use-compress-program unzstd
targeted	Run actions/setup-node@v6	2026-10-04T17:17:40.4400622Z Cache restored successfully
targeted	Run actions/setup-node@v6	2026-10-04T17:17:40.4452713Z Cache restored from key: node-cache-Linux-x64-npm-07f78abbac5e2cbfcef112b8b919e298f8da38fa5e6aaf98a3625ef672bd5b12
targeted	Run npm ci	﻿2026-10-04T17:17:40.4649068Z ##[group]Run npm ci
targeted	Run npm ci	2026-10-04T17:17:40.4649382Z ^[[36;1mnpm ci^[[0m
targeted	Run npm ci	2026-10-04T17:17:40.4862951Z shell: /usr/bin/bash -e {0}
targeted	Run npm ci	2026-10-04T17:17:40.4863338Z ##[endgroup]
targeted	Run npm ci	2026-10-04T17:17:46.6856563Z npm warn deprecated inflight@1.0.6: This module is not supported, and leaks memory. Do not use it. Check out lru-cache if you want a good and tested way to coalesce async requests by a key value, which is much more comprehensive and powerful.
targeted	Run npm ci	2026-10-04T17:17:47.8177212Z npm warn deprecated jpeg-exif@1.1.4: Package no longer supported. Contact Support at https://www.npmjs.com/support for more info.
targeted	Run npm ci	2026-10-04T17:17:48.8892043Z npm warn deprecated glob@7.2.3: Old versions of glob are not supported, and contain widely publicized security vulnerabilities, which have been fixed in the current version. Please update. Support for old versions may be purchased (at exorbitant rates) by contacting i@izs.me
targeted	Run npm ci	2026-10-04T17:17:50.2978853Z npm warn deprecated glob@10.5.0: Old versions of glob are not supported, and contain widely publicized security vulnerabilities, which have been fixed in the current version. Please update. Support for old versions may be purchased (at exorbitant rates) by contacting i@izs.me
targeted	Run npm ci	2026-10-04T17:17:50.3171616Z npm warn deprecated glob@10.5.0: Old versions of glob are not supported, and contain widely publicized security vulnerabilities, which have been fixed in the current version. Please update. Support for old versions may be purchased (at exorbitant rates) by contacting i@izs.me
targeted	Run npm ci	2026-10-04T17:17:50.3830831Z npm warn deprecated glob@10.5.0: Old versions of glob are not supported, and contain widely publicized security vulnerabilities, which have been fixed in the current version. Please update. Support for old versions may be purchased (at exorbitant rates) by contacting i@izs.me
targeted	Run npm ci	2026-10-04T17:18:03.9319496Z 
targeted	Run npm ci	2026-10-04T17:18:03.9320371Z > growth-project-backend@1.0.0 postinstall
targeted	Run npm ci	2026-10-04T17:18:03.9321053Z > prisma generate
targeted	Run npm ci	2026-10-04T17:18:03.9321302Z 
targeted	Run npm ci	2026-10-04T17:18:04.8995687Z Prisma schema loaded from prisma/schema.prisma
targeted	Run npm ci	2026-10-04T17:18:08.8965613Z ┌─────────────────────────────────────────────────────────┐
targeted	Run npm ci	2026-10-04T17:18:08.8969537Z │  Update available 6.19.3 -> 8.0.0-rc.19                 │
targeted	Run npm ci	2026-10-04T17:18:08.8970264Z 
targeted	Run npm ci	2026-10-04T17:18:08.8970894Z │                                                         │
targeted	Run npm ci	2026-10-04T17:18:08.8971906Z │  This is a major update - please follow the guide at    │
targeted	Run npm ci	2026-10-04T17:18:08.8972924Z │  https://pris.ly/d/major-version-upgrade                │
targeted	Run npm ci	2026-10-04T17:18:08.8973851Z │                                                         │
targeted	Run npm ci	2026-10-04T17:18:08.8974705Z │  Run the following to update                            │
targeted	Run npm ci	2026-10-04T17:18:08.8975608Z │    npm i --save-dev prisma@latest                       │
targeted	Run npm ci	2026-10-04T17:18:08.8977351Z │    npm i @prisma/client@latest                          │
targeted	Run npm ci	2026-10-04T17:18:08.8978280Z └─────────────────────────────────────────────────────────┘
targeted	Run npm ci	2026-10-04T17:18:08.8979606Z ✔ Generated Prisma Client (v6.19.3) to ./node_modules/@prisma/client in 2.21s
targeted	Run npm ci	2026-10-04T17:18:08.8980481Z 
targeted	Run npm ci	2026-10-04T17:18:08.8981346Z Start by importing your Prisma Client (See: https://pris.ly/d/importing-client)
targeted	Run npm ci	2026-10-04T17:18:08.8982238Z 
targeted	Run npm ci	2026-10-04T17:18:08.8982966Z Tip: Want to turn off tips and other hints? https://pris.ly/tip-4-nohints
targeted	Run npm ci	2026-10-04T17:18:08.8983716Z 
targeted	Run npm ci	2026-10-04T17:18:08.9560636Z 
targeted	Run npm ci	2026-10-04T17:18:08.9561534Z > growth-project-backend@1.0.0 prepare
targeted	Run npm ci	2026-10-04T17:18:08.9562330Z > lefthook install
targeted	Run npm ci	2026-10-04T17:18:08.9562779Z 
targeted	Run npm ci	2026-10-04T17:18:09.0092823Z sync hooks: ✔️(pre-commit, commit-msg)
targeted	Run npm ci	2026-10-04T17:18:09.0287683Z 
targeted	Run npm ci	2026-10-04T17:18:09.0288778Z added 1115 packages, and audited 1116 packages in 28s
targeted	Run npm ci	2026-10-04T17:18:09.0289349Z 
targeted	Run npm ci	2026-10-04T17:18:09.0289731Z 202 packages are looking for funding
targeted	Run npm ci	2026-10-04T17:18:09.0290302Z   run `npm fund` for details
targeted	Run npm ci	2026-10-04T17:18:09.0343492Z 
targeted	Run npm ci	2026-10-04T17:18:09.0344127Z 3 high severity vulnerabilities
targeted	Run npm ci	2026-10-04T17:18:09.0344389Z 
targeted	Run npm ci	2026-10-04T17:18:09.0344938Z To address all issues (including breaking changes), run:
targeted	Run npm ci	2026-10-04T17:18:09.0346466Z   npm audit fix --force
targeted	Run npm ci	2026-10-04T17:18:09.0346740Z 
targeted	Run npm ci	2026-10-04T17:18:09.0346962Z Run `npm audit` for details.
targeted	Run npx prisma generate	﻿2026-10-04T17:18:09.1006567Z ##[group]Run npx prisma generate
targeted	Run npx prisma generate	2026-10-04T17:18:09.1006957Z ^[[36;1mnpx prisma generate^[[0m
targeted	Run npx prisma generate	2026-10-04T17:18:09.1071136Z shell: /usr/bin/bash -e {0}
targeted	Run npx prisma generate	2026-10-04T17:18:09.1071413Z ##[endgroup]
targeted	Run npx prisma generate	2026-10-04T17:18:10.4121860Z Prisma schema loaded from prisma/schema.prisma
targeted	Run npx prisma generate	2026-10-04T17:18:14.4376104Z 
targeted	Run npx prisma generate	2026-10-04T17:18:14.4378202Z ✔ Generated Prisma Client (v6.19.3) to ./node_modules/@prisma/client in 2.21s
targeted	Run npx prisma generate	2026-10-04T17:18:14.4378842Z 
targeted	Run npx prisma generate	2026-10-04T17:18:14.4379383Z Start by importing your Prisma Client (See: https://pris.ly/d/importing-client)
targeted	Run npx prisma generate	2026-10-04T17:18:14.4379928Z 
targeted	Run npx prisma generate	2026-10-04T17:18:14.4380360Z Tip: Want to turn off tips and other hints? https://pris.ly/tip-4-nohints
targeted	Run npx prisma generate	2026-10-04T17:18:14.4380796Z 
targeted	Targeted jest	﻿2026-10-04T17:18:14.5618860Z ##[group]Run set -euo pipefail
targeted	Targeted jest	2026-10-04T17:18:14.5619230Z ^[[36;1mset -euo pipefail^[[0m
targeted	Targeted jest	2026-10-04T17:18:14.5619625Z ^[[36;1mtest -s .ci-lane-specs || { echo "missing .ci-lane-specs"; exit 2; }^[[0m
targeted	Targeted jest	2026-10-04T17:18:14.5620126Z ^[[36;1mmapfile -t SPECS < <(grep -vE '^\s*(#|$)' .ci-lane-specs)^[[0m
targeted	Targeted jest	2026-10-04T17:18:14.5620491Z ^[[36;1mecho "specs: ${SPECS[*]}"^[[0m
targeted	Targeted jest	2026-10-04T17:18:14.5620792Z ^[[36;1mnpx jest --ci --runInBand "${SPECS[@]}"^[[0m
targeted	Targeted jest	2026-10-04T17:18:14.5685582Z shell: /usr/bin/bash --noprofile --norc -e -o pipefail {0}
targeted	Targeted jest	2026-10-04T17:18:14.5685956Z env:
targeted	Targeted jest	2026-10-04T17:18:14.5686507Z   NODE_OPTIONS: --max-old-space-size=4096
targeted	Targeted jest	2026-10-04T17:18:14.5686898Z   THROTTLER_LIVE_REDIS_URL: redis://localhost:6379/0
targeted	Targeted jest	2026-10-04T17:18:14.5687235Z ##[endgroup]
targeted	Targeted jest	2026-10-04T17:18:14.5793042Z specs: test/s-fee-r15-deferred-fx-notice-flag.spec.ts
targeted	Targeted jest	2026-10-04T17:18:17.1256325Z FAIL test/s-fee-r15-deferred-fx-notice-flag.spec.ts (107 MB heap size)
targeted	Targeted jest	2026-10-04T17:18:17.1260703Z   Sol B-683-1 a deferred refund is settled in the settlement currency
targeted	Targeted jest	2026-10-04T17:18:17.1264147Z     ✕ CAD 25 refunded before the fee (no balance transaction): USD 20.00 booked, coach USD 56.40, zero drift after replay (18 ms)
targeted	Targeted jest	2026-10-04T17:18:17.1265842Z     ✕ CAD 25 refunded before the fee (first Stripe read unavailable): USD 20.00 booked, coach USD 56.40, zero drift after replay (5 ms)
targeted	Targeted jest	2026-10-04T17:18:17.1267814Z     ✕ a refund converted at a lower rate (USD 19.00) books its own debit (5 ms)
targeted	Targeted jest	2026-10-04T17:18:17.1268763Z     ✕ a refund converted at a higher rate (USD 21.00) books its own debit (6 ms)
targeted	Targeted jest	2026-10-04T17:18:17.1269814Z     ✓ a refund converted at a rate above 1:1 (USD 26.00, control) books its own debit (5 ms)
targeted	Targeted jest	2026-10-04T17:18:17.1271016Z     ✕ a stale charge (amount_refunded 0) still reads the list for a deferred converted refund (6 ms)
targeted	Targeted jest	2026-10-04T17:18:17.1272869Z     ✕ refund list unreadable (amount_refunded 0): stays awaiting, nothing moves (7 ms)
targeted	Targeted jest	2026-10-04T17:18:17.1274358Z     ✕ refund list unreadable (amount_refunded 2500): stays awaiting, nothing moves (10 ms)
targeted	Targeted jest	2026-10-04T17:18:17.1275835Z     ✕ a pending second refund moves nothing; the succeeded one books its debit (4 ms)
targeted	Targeted jest	2026-10-04T17:18:17.1277420Z     ✕ a failed second refund moves nothing; the succeeded one books its debit (4 ms)
targeted	Targeted jest	2026-10-04T17:18:17.1278605Z     ✓ control: a deferred refund on a same-currency charge keeps its amount (3 ms)
targeted	Targeted jest	2026-10-04T17:18:17.1279591Z     ✕ head coach: the deferred converted refund splits like a late one (5,340 / 300) (4 ms)
targeted	Targeted jest	2026-10-04T17:18:17.1280588Z     ✓ control: a late converted refund notice still names both amounts (7 ms)
targeted	Targeted jest	2026-10-04T17:18:17.1281382Z   Sol B-683-5 a run never clears the retry flag it raised
targeted	Targeted jest	2026-10-04T17:18:17.1282574Z     ✕ a notice that fails in the same millisecond keeps its flag; the sweep writes it once (13 ms)
targeted	Targeted jest	2026-10-04T17:18:17.1283798Z     ✓ control: a successful run clears a flag raised before it started (6 ms)
targeted	Targeted jest	2026-10-04T17:18:17.1284332Z 
targeted	Targeted jest	2026-10-04T17:18:17.1285790Z   ● Sol B-683-1 a deferred refund is settled in the settlement currency › CAD 25 refunded before the fee (no balance transaction): USD 20.00 booked, coach USD 56.40, zero drift after replay
targeted	Targeted jest	2026-10-04T17:18:17.1287306Z 
targeted	Targeted jest	2026-10-04T17:18:17.1287622Z     expect(received).toMatchObject(expected)
targeted	Targeted jest	2026-10-04T17:18:17.1288022Z 
targeted	Targeted jest	2026-10-04T17:18:17.1288210Z     - Expected  - 1
targeted	Targeted jest	2026-10-04T17:18:17.1288618Z     + Received  + 1
targeted	Targeted jest	2026-10-04T17:18:17.1288852Z 
targeted	Targeted jest	2026-10-04T17:18:17.1289001Z       Object {
targeted	Targeted jest	2026-10-04T17:18:17.1289378Z         "currency": "usd",
targeted	Targeted jest	2026-10-04T17:18:17.1289971Z     -   "refunded_cents": 2000,
targeted	Targeted jest	2026-10-04T17:18:17.1290486Z     +   "refunded_cents": 2500,
targeted	Targeted jest	2026-10-04T17:18:17.1290912Z       }
targeted	Targeted jest	2026-10-04T17:18:17.1291098Z 
targeted	Targeted jest	2026-10-04T17:18:17.1291838Z     ^[[0m ^[[90m 137 |^[[39m       c^[[33m.^[[39mrefunds(c^[[33m.^[[39mrefund(^[[35m2^[[39m_000))^[[33m;^[[39m
targeted	Targeted jest	2026-10-04T17:18:17.1293456Z      ^[[90m 138 |^[[39m       expect((^[[36mawait^[[39m c^[[33m.^[[39msettle())^[[33m.^[[39mstatus)^[[33m.^[[39mtoBe(^[[32m'settled'^[[39m)^[[33m;^[[39m
targeted	Targeted jest	2026-10-04T17:18:17.1296007Z     ^[[31m^[[1m>^[[22m^[[39m^[[90m 139 |^[[39m       expect(c^[[33m.^[[39mdb^[[33m.^[[39msettlements[^[[35m0^[[39m])^[[33m.^[[39mtoMatchObject({ currency^[[33m:^[[39m ^[[32m'usd'^[[39m^[[33m,^[[39m refunded_cents^[[33m:^[[39m ^[[35m2^[[39m_000 })^[[33m;^[[39m
targeted	Targeted jest	2026-10-04T17:18:17.1298755Z      ^[[90m     |^[[39m                                   ^[[31m^[[1m^^[[22m^[[39m
targeted	Targeted jest	2026-10-04T17:18:17.1300225Z      ^[[90m 140 |^[[39m       expect(c^[[33m.^[[39mstripe^[[33m.^[[39mnetTo(^[[32m'acct_coach'^[[39m))^[[33m.^[[39mtoBe(^[[35m5^[[39m_640)^[[33m;^[[39m
targeted	Targeted jest	2026-10-04T17:18:17.1301770Z      ^[[90m 141 |^[[39m       ^[[90m// Webhook redelivery and a sweep replay change nothing.^[[39m
targeted	Targeted jest	2026-10-04T17:18:17.1303335Z      ^[[90m 142 |^[[39m       expect(^[[36mawait^[[39m c^[[33m.^[[39madjust())^[[33m.^[[39mtoBe(^[[32m'unchanged'^[[39m)^[[33m;^[[39m^[[0m
targeted	Targeted jest	2026-10-04T17:18:17.1304157Z 
targeted	Targeted jest	2026-10-04T17:18:17.1304643Z       at test/s-fee-r15-deferred-fx-notice-flag.spec.ts:139:35
targeted	Targeted jest	2026-10-04T17:18:17.1305159Z 
targeted	Targeted jest	2026-10-04T17:18:17.1307227Z   ● Sol B-683-1 a deferred refund is settled in the settlement currency › CAD 25 refunded before the fee (first Stripe read unavailable): USD 20.00 booked, coach USD 56.40, zero drift after replay
targeted	Targeted jest	2026-10-04T17:18:17.1308549Z 
targeted	Targeted jest	2026-10-04T17:18:17.1308842Z     expect(received).toMatchObject(expected)
targeted	Targeted jest	2026-10-04T17:18:17.1309216Z 
targeted	Targeted jest	2026-10-04T17:18:17.1309396Z     - Expected  - 1
targeted	Targeted jest	2026-10-04T17:18:17.1309783Z     + Received  + 1
targeted	Targeted jest	2026-10-04T17:18:17.1310014Z 
targeted	Targeted jest	2026-10-04T17:18:17.1310169Z       Object {
targeted	Targeted jest	2026-10-04T17:18:17.1310559Z         "currency": "usd",
targeted	Targeted jest	2026-10-04T17:18:17.1311048Z     -   "refunded_cents": 2000,
targeted	Targeted jest	2026-10-04T17:18:17.1311555Z     +   "refunded_cents": 2500,
targeted	Targeted jest	2026-10-04T17:18:17.1311976Z       }
targeted	Targeted jest	2026-10-04T17:18:17.1312151Z 
targeted	Targeted jest	2026-10-04T17:18:17.1312832Z     ^[[0m ^[[90m 137 |^[[39m       c^[[33m.^[[39mrefunds(c^[[33m.^[[39mrefund(^[[35m2^[[39m_000))^[[33m;^[[39m
targeted	Targeted jest	2026-10-04T17:18:17.1314723Z      ^[[90m 138 |^[[39m       expect((^[[36mawait^[[39m c^[[33m.^[[39msettle())^[[33m.^[[39mstatus)^[[33m.^[[39mtoBe(^[[32m'settled'^[[39m)^[[33m;^[[39m
targeted	Targeted jest	2026-10-04T17:18:17.1317500Z     ^[[31m^[[1m>^[[22m^[[39m^[[90m 139 |^[[39m       expect(c^[[33m.^[[39mdb^[[33m.^[[39msettlements[^[[35m0^[[39m])^[[33m.^[[39mtoMatchObject({ currency^[[33m:^[[39m ^[[32m'usd'^[[39m^[[33m,^[[39m refunded_cents^[[33m:^[[39m ^[[35m2^[[39m_000 })^[[33m;^[[39m
targeted	Targeted jest	2026-10-04T17:18:17.1319450Z      ^[[90m     |^[[39m                                   ^[[31m^[[1m^^[[22m^[[39m
targeted	Targeted jest	2026-10-04T17:18:17.1320950Z      ^[[90m 140 |^[[39m       expect(c^[[33m.^[[39mstripe^[[33m.^[[39mnetTo(^[[32m'acct_coach'^[[39m))^[[33m.^[[39mtoBe(^[[35m5^[[39m_640)^[[33m;^[[39m
targeted	Targeted jest	2026-10-04T17:18:17.1322441Z      ^[[90m 141 |^[[39m       ^[[90m// Webhook redelivery and a sweep replay change nothing.^[[39m
targeted	Targeted jest	2026-10-04T17:18:17.1323296Z      ^[[90m 142 |^[[39m       expect(^[[36mawait^[[39m c^[[33m.^[[39madjust())^[[33m.^[[39mtoBe(^[[32m'unchanged'^[[39m)^[[33m;^[[39m^[[0m
targeted	Targeted jest	2026-10-04T17:18:17.1323708Z 
targeted	Targeted jest	2026-10-04T17:18:17.1323955Z       at test/s-fee-r15-deferred-fx-notice-flag.spec.ts:139:35
targeted	Targeted jest	2026-10-04T17:18:17.1324232Z 
targeted	Targeted jest	2026-10-04T17:18:17.1324846Z   ● Sol B-683-1 a deferred refund is settled in the settlement currency › a refund converted at a lower rate (USD 19.00) books its own debit
targeted	Targeted jest	2026-10-04T17:18:17.1325381Z 
targeted	Targeted jest	2026-10-04T17:18:17.1325543Z     expect(received).toMatchObject(expected)
targeted	Targeted jest	2026-10-04T17:18:17.1325758Z 
targeted	Targeted jest	2026-10-04T17:18:17.1325855Z     - Expected  - 1
targeted	Targeted jest	2026-10-04T17:18:17.1326338Z     + Received  + 1
targeted	Targeted jest	2026-10-04T17:18:17.1326584Z 
targeted	Targeted jest	2026-10-04T17:18:17.1326694Z       Object {
targeted	Targeted jest	2026-10-04T17:18:17.1326913Z         "currency": "usd",
targeted	Targeted jest	2026-10-04T17:18:17.1327183Z     -   "refunded_cents": 1900,
targeted	Targeted jest	2026-10-04T17:18:17.1327465Z     +   "refunded_cents": 2500,
targeted	Targeted jest	2026-10-04T17:18:17.1327760Z       }
targeted	Targeted jest	2026-10-04T17:18:17.1327878Z 
targeted	Targeted jest	2026-10-04T17:18:17.1328218Z     ^[[0m ^[[90m 159 |^[[39m     c^[[33m.^[[39mrefunds(c^[[33m.^[[39mrefund(debit))^[[33m;^[[39m
targeted	Targeted jest	2026-10-04T17:18:17.1328806Z      ^[[90m 160 |^[[39m     ^[[36mawait^[[39m c^[[33m.^[[39msettle()^[[33m;^[[39m
targeted	Targeted jest	2026-10-04T17:18:17.1329967Z     ^[[31m^[[1m>^[[22m^[[39m^[[90m 161 |^[[39m     expect(c^[[33m.^[[39mdb^[[33m.^[[39msettlements[^[[35m0^[[39m])^[[33m.^[[39mtoMatchObject({ currency^[[33m:^[[39m ^[[32m'usd'^[[39m^[[33m,^[[39m refunded_cents^[[33m:^[[39m debit })^[[33m;^[[39m
targeted	Targeted jest	2026-10-04T17:18:17.1331228Z      ^[[90m     |^[[39m                                 ^[[31m^[[1m^^[[22m^[[39m
targeted	Targeted jest	2026-10-04T17:18:17.1332092Z      ^[[90m 162 |^[[39m     expect(c^[[33m.^[[39mstripe^[[33m.^[[39mnetTo(^[[32m'acct_coach'^[[39m))^[[33m.^[[39mtoBe(net)^[[33m;^[[39m
targeted	Targeted jest	2026-10-04T17:18:17.1333301Z      ^[[90m 163 |^[[39m     expect(^[[36mawait^[[39m c^[[33m.^[[39mreconcile())^[[33m.^[[39mtoMatchObject({ status^[[33m:^[[39m ^[[32m'ok'^[[39m^[[33m,^[[39m drift_cents^[[33m:^[[39m ^[[35m0^[[39m })^[[33m;^[[39m
targeted	Targeted jest	2026-10-04T17:18:17.1334138Z      ^[[90m 164 |^[[39m   })^[[33m;^[[39m^[[0m
targeted	Targeted jest	2026-10-04T17:18:17.1334326Z 
targeted	Targeted jest	2026-10-04T17:18:17.1334576Z       at test/s-fee-r15-deferred-fx-notice-flag.spec.ts:161:33
targeted	Targeted jest	2026-10-04T17:18:17.1334878Z 
targeted	Targeted jest	2026-10-04T17:18:17.1335542Z   ● Sol B-683-1 a deferred refund is settled in the settlement currency › a refund converted at a higher rate (USD 21.00) books its own debit
targeted	Targeted jest	2026-10-04T17:18:17.1336259Z 
targeted	Targeted jest	2026-10-04T17:18:17.1336445Z     expect(received).toMatchObject(expected)
targeted	Targeted jest	2026-10-04T17:18:17.1336675Z 
targeted	Targeted jest	2026-10-04T17:18:17.1336788Z     - Expected  - 1
targeted	Targeted jest	2026-10-04T17:18:17.1337016Z     + Received  + 1
targeted	Targeted jest	2026-10-04T17:18:17.1337158Z 
targeted	Targeted jest	2026-10-04T17:18:17.1337246Z       Object {
targeted	Targeted jest	2026-10-04T17:18:17.1337471Z         "currency": "usd",
targeted	Targeted jest	2026-10-04T17:18:17.1337771Z     -   "refunded_cents": 2100,
targeted	Targeted jest	2026-10-04T17:18:17.1338070Z     +   "refunded_cents": 2500,
targeted	Targeted jest	2026-10-04T17:18:17.1338308Z       }
targeted	Targeted jest	2026-10-04T17:18:17.1338441Z 
targeted	Targeted jest	2026-10-04T17:18:17.1338791Z     ^[[0m ^[[90m 159 |^[[39m     c^[[33m.^[[39mrefunds(c^[[33m.^[[39mrefund(debit))^[[33m;^[[39m
targeted	Targeted jest	2026-10-04T17:18:17.1339392Z      ^[[90m 160 |^[[39m     ^[[36mawait^[[39m c^[[33m.^[[39msettle()^[[33m;^[[39m
targeted	Targeted jest	2026-10-04T17:18:17.1340547Z     ^[[31m^[[1m>^[[22m^[[39m^[[90m 161 |^[[39m     expect(c^[[33m.^[[39mdb^[[33m.^[[39msettlements[^[[35m0^[[39m])^[[33m.^[[39mtoMatchObject({ currency^[[33m:^[[39m ^[[32m'usd'^[[39m^[[33m,^[[39m refunded_cents^[[33m:^[[39m debit })^[[33m;^[[39m
targeted	Targeted jest	2026-10-04T17:18:17.1341719Z      ^[[90m     |^[[39m                                 ^[[31m^[[1m^^[[22m^[[39m
targeted	Targeted jest	2026-10-04T17:18:17.1342469Z      ^[[90m 162 |^[[39m     expect(c^[[33m.^[[39mstripe^[[33m.^[[39mnetTo(^[[32m'acct_coach'^[[39m))^[[33m.^[[39mtoBe(net)^[[33m;^[[39m
targeted	Targeted jest	2026-10-04T17:18:17.1343677Z      ^[[90m 163 |^[[39m     expect(^[[36mawait^[[39m c^[[33m.^[[39mreconcile())^[[33m.^[[39mtoMatchObject({ status^[[33m:^[[39m ^[[32m'ok'^[[39m^[[33m,^[[39m drift_cents^[[33m:^[[39m ^[[35m0^[[39m })^[[33m;^[[39m
targeted	Targeted jest	2026-10-04T17:18:17.1344480Z      ^[[90m 164 |^[[39m   })^[[33m;^[[39m^[[0m
targeted	Targeted jest	2026-10-04T17:18:17.1344668Z 
targeted	Targeted jest	2026-10-04T17:18:17.1344898Z       at test/s-fee-r15-deferred-fx-notice-flag.spec.ts:161:33
targeted	Targeted jest	2026-10-04T17:18:17.1345191Z 
targeted	Targeted jest	2026-10-04T17:18:17.1345928Z   ● Sol B-683-1 a deferred refund is settled in the settlement currency › a stale charge (amount_refunded 0) still reads the list for a deferred converted refund
targeted	Targeted jest	2026-10-04T17:18:17.1346707Z 
targeted	Targeted jest	2026-10-04T17:18:17.1346875Z     expect(received).toMatchObject(expected)
targeted	Targeted jest	2026-10-04T17:18:17.1347088Z 
targeted	Targeted jest	2026-10-04T17:18:17.1347202Z     - Expected  - 1
targeted	Targeted jest	2026-10-04T17:18:17.1347421Z     + Received  + 1
targeted	Targeted jest	2026-10-04T17:18:17.1347576Z 
targeted	Targeted jest	2026-10-04T17:18:17.1347659Z       Object {
targeted	Targeted jest	2026-10-04T17:18:17.1347892Z         "currency": "usd",
targeted	Targeted jest	2026-10-04T17:18:17.1348174Z     -   "refunded_cents": 2000,
targeted	Targeted jest	2026-10-04T17:18:17.1348471Z     +   "refunded_cents": 2500,
targeted	Targeted jest	2026-10-04T17:18:17.1348708Z       }
targeted	Targeted jest	2026-10-04T17:18:17.1348833Z 
targeted	Targeted jest	2026-10-04T17:18:17.1349214Z     ^[[0m ^[[90m 170 |^[[39m     c^[[33m.^[[39mrefunds(c^[[33m.^[[39mrefund(^[[35m2^[[39m_000))^[[33m;^[[39m
targeted	Targeted jest	2026-10-04T17:18:17.1349829Z      ^[[90m 171 |^[[39m     ^[[36mawait^[[39m c^[[33m.^[[39msettle()^[[33m;^[[39m
targeted	Targeted jest	2026-10-04T17:18:17.1351071Z     ^[[31m^[[1m>^[[22m^[[39m^[[90m 172 |^[[39m     expect(c^[[33m.^[[39mdb^[[33m.^[[39msettlements[^[[35m0^[[39m])^[[33m.^[[39mtoMatchObject({ currency^[[33m:^[[39m ^[[32m'usd'^[[39m^[[33m,^[[39m refunded_cents^[[33m:^[[39m ^[[35m2^[[39m_000 })^[[33m;^[[39m
targeted	Targeted jest	2026-10-04T17:18:17.1352120Z      ^[[90m     |^[[39m                                 ^[[31m^[[1m^^[[22m^[[39m
targeted	Targeted jest	2026-10-04T17:18:17.1352911Z      ^[[90m 173 |^[[39m     expect(c^[[33m.^[[39mstripe^[[33m.^[[39mnetTo(^[[32m'acct_coach'^[[39m))^[[33m.^[[39mtoBe(^[[35m5^[[39m_640)^[[33m;^[[39m
targeted	Targeted jest	2026-10-04T17:18:17.1353743Z      ^[[90m 174 |^[[39m   })^[[33m;^[[39m
targeted	Targeted jest	2026-10-04T17:18:17.1354067Z      ^[[90m 175 |^[[39m^[[0m
targeted	Targeted jest	2026-10-04T17:18:17.1354245Z 
targeted	Targeted jest	2026-10-04T17:18:17.1354586Z       at Object.<anonymous> (test/s-fee-r15-deferred-fx-notice-flag.spec.ts:172:33)
targeted	Targeted jest	2026-10-04T17:18:17.1354957Z 
targeted	Targeted jest	2026-10-04T17:18:17.1355647Z   ● Sol B-683-1 a deferred refund is settled in the settlement currency › refund list unreadable (amount_refunded 0): stays awaiting, nothing moves
targeted	Targeted jest	2026-10-04T17:18:17.1356430Z 
targeted	Targeted jest	2026-10-04T17:18:17.1356627Z     expect(received).toBe(expected) // Object.is equality
targeted	Targeted jest	2026-10-04T17:18:17.1356899Z 
targeted	Targeted jest	2026-10-04T17:18:17.1357007Z     Expected: "awaiting_fee"
targeted	Targeted jest	2026-10-04T17:18:17.1357288Z     Received: "settled"
targeted	Targeted jest	2026-10-04T17:18:17.1357466Z 
targeted	Targeted jest	2026-10-04T17:18:17.1358090Z     ^[[0m ^[[90m 181 |^[[39m       c^[[33m.^[[39mstripe^[[33m.^[[39mcharges^[[33m.^[[39m^[[36mset^[[39m(^[[32m'ch_1'^[[39m^[[33m,^[[39m c^[[33m.^[[39mcharge(seen))^[[33m;^[[39m
targeted	Targeted jest	2026-10-04T17:18:17.1359055Z      ^[[90m 182 |^[[39m       c^[[33m.^[[39mstripe^[[33m.^[[39mfailListRefunds ^[[33m=^[[39m ^[[36mtrue^[[39m^[[33m;^[[39m
targeted	Targeted jest	2026-10-04T17:18:17.1360086Z     ^[[31m^[[1m>^[[22m^[[39m^[[90m 183 |^[[39m       expect((^[[36mawait^[[39m c^[[33m.^[[39msettle())^[[33m.^[[39mstatus)^[[33m.^[[39mtoBe(^[[32m'awaiting_fee'^[[39m)^[[33m;^[[39m
targeted	Targeted jest	2026-10-04T17:18:17.1360906Z      ^[[90m     |^[[39m                                         ^[[31m^[[1m^^[[22m^[[39m
targeted	Targeted jest	2026-10-04T17:18:17.1361608Z      ^[[90m 184 |^[[39m       expect(c^[[33m.^[[39mdb^[[33m.^[[39msettlements[^[[35m0^[[39m])^[[33m.^[[39mtoMatchObject({
targeted	Targeted jest	2026-10-04T17:18:17.1362308Z      ^[[90m 185 |^[[39m         status^[[33m:^[[39m ^[[32m'awaiting_fee'^[[39m^[[33m,^[[39m
targeted	Targeted jest	2026-10-04T17:18:17.1362917Z      ^[[90m 186 |^[[39m         currency^[[33m:^[[39m ^[[32m'cad'^[[39m^[[33m,^[[39m^[[0m
targeted	Targeted jest	2026-10-04T17:18:17.1363383Z 
targeted	Targeted jest	2026-10-04T17:18:17.1363626Z       at test/s-fee-r15-deferred-fx-notice-flag.spec.ts:183:41
targeted	Targeted jest	2026-10-04T17:18:17.1363919Z 
targeted	Targeted jest	2026-10-04T17:18:17.1364616Z   ● Sol B-683-1 a deferred refund is settled in the settlement currency › refund list unreadable (amount_refunded 2500): stays awaiting, nothing moves
targeted	Targeted jest	2026-10-04T17:18:17.1365214Z 
targeted	Targeted jest	2026-10-04T17:18:17.1365432Z     expect(received).toBe(expected) // Object.is equality
targeted	Targeted jest	2026-10-04T17:18:17.1365679Z 
targeted	Targeted jest	2026-10-04T17:18:17.1365787Z     Expected: 5640
targeted	Targeted jest	2026-10-04T17:18:17.1366014Z     Received: 5140
targeted	Targeted jest	2026-10-04T17:18:17.1366443Z 
targeted	Targeted jest	2026-10-04T17:18:17.1366910Z     ^[[0m ^[[90m 191 |^[[39m       c^[[33m.^[[39mrefunds(c^[[33m.^[[39mrefund(^[[35m2^[[39m_000))^[[33m;^[[39m
targeted	Targeted jest	2026-10-04T17:18:17.1367824Z      ^[[90m 192 |^[[39m       expect((^[[36mawait^[[39m c^[[33m.^[[39msettle())^[[33m.^[[39mstatus)^[[33m.^[[39mtoBe(^[[32m'settled'^[[39m)^[[33m;^[[39m
targeted	Targeted jest	2026-10-04T17:18:17.1368914Z     ^[[31m^[[1m>^[[22m^[[39m^[[90m 193 |^[[39m       expect(c^[[33m.^[[39mstripe^[[33m.^[[39mnetTo(^[[32m'acct_coach'^[[39m))^[[33m.^[[39mtoBe(^[[35m5^[[39m_640)^[[33m;^[[39m
targeted	Targeted jest	2026-10-04T17:18:17.1369757Z      ^[[90m     |^[[39m                                            ^[[31m^[[1m^^[[22m^[[39m
targeted	Targeted jest	2026-10-04T17:18:17.1370201Z      ^[[90m 194 |^[[39m     }^[[33m,^[[39m
targeted	Targeted jest	2026-10-04T17:18:17.1370558Z      ^[[90m 195 |^[[39m   )^[[33m;^[[39m
targeted	Targeted jest	2026-10-04T17:18:17.1370887Z      ^[[90m 196 |^[[39m^[[0m
targeted	Targeted jest	2026-10-04T17:18:17.1371037Z 
targeted	Targeted jest	2026-10-04T17:18:17.1371274Z       at test/s-fee-r15-deferred-fx-notice-flag.spec.ts:193:44
targeted	Targeted jest	2026-10-04T17:18:17.1371558Z 
targeted	Targeted jest	2026-10-04T17:18:17.1372231Z   ● Sol B-683-1 a deferred refund is settled in the settlement currency › a pending second refund moves nothing; the succeeded one books its debit
targeted	Targeted jest	2026-10-04T17:18:17.1372797Z 
targeted	Targeted jest	2026-10-04T17:18:17.1372974Z     expect(received).toMatchObject(expected)
targeted	Targeted jest	2026-10-04T17:18:17.1373204Z 
targeted	Targeted jest	2026-10-04T17:18:17.1373307Z     - Expected  - 1
targeted	Targeted jest	2026-10-04T17:18:17.1373547Z     + Received  + 1
targeted	Targeted jest	2026-10-04T17:18:17.1373677Z 
targeted	Targeted jest	2026-10-04T17:18:17.1373768Z       Object {
targeted	Targeted jest	2026-10-04T17:18:17.1374003Z         "currency": "usd",
targeted	Targeted jest	2026-10-04T17:18:17.1374298Z     -   "refunded_cents": 2000,
targeted	Targeted jest	2026-10-04T17:18:17.1374596Z     +   "refunded_cents": 2500,
targeted	Targeted jest	2026-10-04T17:18:17.1374859Z       }
targeted	Targeted jest	2026-10-04T17:18:17.1374964Z 
targeted	Targeted jest	2026-10-04T17:18:17.1376229Z     ^[[0m ^[[90m 203 |^[[39m       c^[[33m.^[[39mrefunds(c^[[33m.^[[39mrefund(^[[35m800^[[39m^[[33m,^[[39m status^[[33m,^[[39m ^[[32m're_2'^[[39m^[[33m,^[[39m ^[[35m1^[[39m_000)^[[33m,^[[39m c^[[33m.^[[39mrefund(^[[35m2^[[39m_000))^[[33m;^[[39m
targeted	Targeted jest	2026-10-04T17:18:17.1377318Z      ^[[90m 204 |^[[39m       ^[[36mawait^[[39m c^[[33m.^[[39msettle()^[[33m;^[[39m
targeted	Targeted jest	2026-10-04T17:18:17.1378562Z     ^[[31m^[[1m>^[[22m^[[39m^[[90m 205 |^[[39m       expect(c^[[33m.^[[39mdb^[[33m.^[[39msettlements[^[[35m0^[[39m])^[[33m.^[[39mtoMatchObject({ currency^[[33m:^[[39m ^[[32m'usd'^[[39m^[[33m,^[[39m refunded_cents^[[33m:^[[39m ^[[35m2^[[39m_000 })^[[33m;^[[39m
targeted	Targeted jest	2026-10-04T17:18:17.1379609Z      ^[[90m     |^[[39m                                   ^[[31m^[[1m^^[[22m^[[39m
targeted	Targeted jest	2026-10-04T17:18:17.1380422Z      ^[[90m 206 |^[[39m       expect(c^[[33m.^[[39mstripe^[[33m.^[[39mnetTo(^[[32m'acct_coach'^[[39m))^[[33m.^[[39mtoBe(^[[35m5^[[39m_640)^[[33m;^[[39m
targeted	Targeted jest	2026-10-04T17:18:17.1381676Z      ^[[90m 207 |^[[39m       expect(^[[36mawait^[[39m c^[[33m.^[[39mreconcile())^[[33m.^[[39mtoMatchObject({ status^[[33m:^[[39m ^[[32m'ok'^[[39m^[[33m,^[[39m drift_cents^[[33m:^[[39m ^[[35m0^[[39m })^[[33m;^[[39m
targeted	Targeted jest	2026-10-04T17:18:17.1382495Z      ^[[90m 208 |^[[39m     }^[[33m,^[[39m^[[0m
targeted	Targeted jest	2026-10-04T17:18:17.1382704Z 
targeted	Targeted jest	2026-10-04T17:18:17.1382929Z       at test/s-fee-r15-deferred-fx-notice-flag.spec.ts:205:35
targeted	Targeted jest	2026-10-04T17:18:17.1383220Z 
targeted	Targeted jest	2026-10-04T17:18:17.1383877Z   ● Sol B-683-1 a deferred refund is settled in the settlement currency › a failed second refund moves nothing; the succeeded one books its debit
targeted	Targeted jest	2026-10-04T17:18:17.1384456Z 
targeted	Targeted jest	2026-10-04T17:18:17.1384613Z     expect(received).toMatchObject(expected)
targeted	Targeted jest	2026-10-04T17:18:17.1384845Z 
targeted	Targeted jest	2026-10-04T17:18:17.1384940Z     - Expected  - 1
targeted	Targeted jest	2026-10-04T17:18:17.1385180Z     + Received  + 1
targeted	Targeted jest	2026-10-04T17:18:17.1385302Z 
targeted	Targeted jest	2026-10-04T17:18:17.1385406Z       Object {
targeted	Targeted jest	2026-10-04T17:18:17.1385620Z         "currency": "usd",
targeted	Targeted jest	2026-10-04T17:18:17.1386823Z     -   "refunded_cents": 2000,
targeted	Targeted jest	2026-10-04T17:18:17.1387408Z     +   "refunded_cents": 2500,
targeted	Targeted jest	2026-10-04T17:18:17.1387859Z       }
targeted	Targeted jest	2026-10-04T17:18:17.1388101Z 
targeted	Targeted jest	2026-10-04T17:18:17.1389586Z     ^[[0m ^[[90m 203 |^[[39m       c^[[33m.^[[39mrefunds(c^[[33m.^[[39mrefund(^[[35m800^[[39m^[[33m,^[[39m status^[[33m,^[[39m ^[[32m're_2'^[[39m^[[33m,^[[39m ^[[35m1^[[39m_000)^[[33m,^[[39m c^[[33m.^[[39mrefund(^[[35m2^[[39m_000))^[[33m;^[[39m
targeted	Targeted jest	2026-10-04T17:18:17.1390654Z      ^[[90m 204 |^[[39m       ^[[36mawait^[[39m c^[[33m.^[[39msettle()^[[33m;^[[39m
targeted	Targeted jest	2026-10-04T17:18:17.1391904Z     ^[[31m^[[1m>^[[22m^[[39m^[[90m 205 |^[[39m       expect(c^[[33m.^[[39mdb^[[33m.^[[39msettlements[^[[35m0^[[39m])^[[33m.^[[39mtoMatchObject({ currency^[[33m:^[[39m ^[[32m'usd'^[[39m^[[33m,^[[39m refunded_cents^[[33m:^[[39m ^[[35m2^[[39m_000 })^[[33m;^[[39m
targeted	Targeted jest	2026-10-04T17:18:17.1392951Z      ^[[90m     |^[[39m                                   ^[[31m^[[1m^^[[22m^[[39m
targeted	Targeted jest	2026-10-04T17:18:17.1393750Z      ^[[90m 206 |^[[39m       expect(c^[[33m.^[[39mstripe^[[33m.^[[39mnetTo(^[[32m'acct_coach'^[[39m))^[[33m.^[[39mtoBe(^[[35m5^[[39m_640)^[[33m;^[[39m
targeted	Targeted jest	2026-10-04T17:18:17.1395013Z      ^[[90m 207 |^[[39m       expect(^[[36mawait^[[39m c^[[33m.^[[39mreconcile())^[[33m.^[[39mtoMatchObject({ status^[[33m:^[[39m ^[[32m'ok'^[[39m^[[33m,^[[39m drift_cents^[[33m:^[[39m ^[[35m0^[[39m })^[[33m;^[[39m
targeted	Targeted jest	2026-10-04T17:18:17.1395823Z      ^[[90m 208 |^[[39m     }^[[33m,^[[39m^[[0m
targeted	Targeted jest	2026-10-04T17:18:17.1396293Z 
targeted	Targeted jest	2026-10-04T17:18:17.1396611Z       at test/s-fee-r15-deferred-fx-notice-flag.spec.ts:205:35
targeted	Targeted jest	2026-10-04T17:18:17.1396916Z 
targeted	Targeted jest	2026-10-04T17:18:17.1397654Z   ● Sol B-683-1 a deferred refund is settled in the settlement currency › head coach: the deferred converted refund splits like a late one (5,340 / 300)
targeted	Targeted jest	2026-10-04T17:18:17.1398255Z 
targeted	Targeted jest	2026-10-04T17:18:17.1398413Z     expect(received).toMatchObject(expected)
targeted	Targeted jest	2026-10-04T17:18:17.1398648Z 
targeted	Targeted jest	2026-10-04T17:18:17.1398750Z     - Expected  - 1
targeted	Targeted jest	2026-10-04T17:18:17.1399008Z     + Received  + 1
targeted	Targeted jest	2026-10-04T17:18:17.1399161Z 
targeted	Targeted jest	2026-10-04T17:18:17.1399249Z       Object {
targeted	Targeted jest	2026-10-04T17:18:17.1399501Z         "currency": "usd",
targeted	Targeted jest	2026-10-04T17:18:17.1399790Z     -   "refunded_cents": 2000,
targeted	Targeted jest	2026-10-04T17:18:17.1400085Z     +   "refunded_cents": 2500,
targeted	Targeted jest	2026-10-04T17:18:17.1400331Z       }
targeted	Targeted jest	2026-10-04T17:18:17.1401113Z 
targeted	Targeted jest	2026-10-04T17:18:17.1401605Z     ^[[0m ^[[90m 226 |^[[39m     c^[[33m.^[[39mrefunds(c^[[33m.^[[39mrefund(^[[35m2^[[39m_000))^[[33m;^[[39m
targeted	Targeted jest	2026-10-04T17:18:17.1402263Z      ^[[90m 227 |^[[39m     ^[[36mawait^[[39m c^[[33m.^[[39msettle()^[[33m;^[[39m
targeted	Targeted jest	2026-10-04T17:18:17.1403492Z     ^[[31m^[[1m>^[[22m^[[39m^[[90m 228 |^[[39m     expect(c^[[33m.^[[39mdb^[[33m.^[[39msettlements[^[[35m0^[[39m])^[[33m.^[[39mtoMatchObject({ currency^[[33m:^[[39m ^[[32m'usd'^[[39m^[[33m,^[[39m refunded_cents^[[33m:^[[39m ^[[35m2^[[39m_000 })^[[33m;^[[39m
targeted	Targeted jest	2026-10-04T17:18:17.1404521Z      ^[[90m     |^[[39m                                 ^[[31m^[[1m^^[[22m^[[39m
targeted	Targeted jest	2026-10-04T17:18:17.1405314Z      ^[[90m 229 |^[[39m     expect(c^[[33m.^[[39mstripe^[[33m.^[[39mnetTo(^[[32m'acct_coach'^[[39m))^[[33m.^[[39mtoBe(^[[35m5^[[39m_340)^[[33m;^[[39m
targeted	Targeted jest	2026-10-04T17:18:17.1406632Z      ^[[90m 230 |^[[39m     expect(c^[[33m.^[[39mstripe^[[33m.^[[39mnetTo(^[[32m'acct_head'^[[39m))^[[33m.^[[39mtoBe(^[[35m300^[[39m)^[[33m;^[[39m
targeted	Targeted jest	2026-10-04T17:18:17.1407302Z      ^[[90m 231 |^[[39m   })^[[33m;^[[39m^[[0m
targeted	Targeted jest	2026-10-04T17:18:17.1407527Z 
targeted	Targeted jest	2026-10-04T17:18:17.1407849Z       at Object.<anonymous> (test/s-fee-r15-deferred-fx-notice-flag.spec.ts:228:33)
targeted	Targeted jest	2026-10-04T17:18:17.1408212Z 
targeted	Targeted jest	2026-10-04T17:18:17.1408888Z   ● Sol B-683-5 a run never clears the retry flag it raised › a notice that fails in the same millisecond keeps its flag; the sweep writes it once
targeted	Targeted jest	2026-10-04T17:18:17.1409452Z 
targeted	Targeted jest	2026-10-04T17:18:17.1409632Z     expect(received).toBeInstanceOf(expected)
targeted	Targeted jest	2026-10-04T17:18:17.1409850Z 
targeted	Targeted jest	2026-10-04T17:18:17.1410006Z     Expected constructor: ClockDate
targeted	Targeted jest	2026-10-04T17:18:17.1410200Z 
targeted	Targeted jest	2026-10-04T17:18:17.1410342Z     Received value has no prototype
targeted	Targeted jest	2026-10-04T17:18:17.1410643Z     Received value: null
targeted	Targeted jest	2026-10-04T17:18:17.1410790Z 
targeted	Targeted jest	2026-10-04T17:18:17.1411380Z     ^[[0m ^[[90m 264 |^[[39m     expect(c^[[33m.^[[39mstripe^[[33m.^[[39mnetTo(^[[32m'acct_coach'^[[39m))^[[33m.^[[39mtoBe(^[[35m5^[[39m_640)^[[33m;^[[39m
targeted	Targeted jest	2026-10-04T17:18:17.1412509Z      ^[[90m 265 |^[[39m     expect(c^[[33m.^[[39mdb^[[33m.^[[39mnotices)^[[33m.^[[39mtoHaveLength(^[[35m0^[[39m)^[[33m;^[[39m
targeted	Targeted jest	2026-10-04T17:18:17.1413692Z     ^[[31m^[[1m>^[[22m^[[39m^[[90m 266 |^[[39m     expect(c^[[33m.^[[39mdb^[[33m.^[[39msettlements[^[[35m0^[[39m]^[[33m.^[[39mreconcile_requested_at)^[[33m.^[[39mtoBeInstanceOf(^[[33mDate^[[39m)^[[33m;^[[39m
targeted	Targeted jest	2026-10-04T17:18:17.1414617Z      ^[[90m     |^[[39m                                                        ^[[31m^[[1m^^[[22m^[[39m
targeted	Targeted jest	2026-10-04T17:18:17.1415466Z      ^[[90m 267 |^[[39m     ^[[36mconst^[[39m reversals ^[[33m=^[[39m c^[[33m.^[[39mstripe^[[33m.^[[39mreversals^[[33m.^[[39mlength^[[33m;^[[39m
targeted	Targeted jest	2026-10-04T17:18:17.1416839Z      ^[[90m 268 |^[[39m     jest^[[33m.^[[39msetSystemTime(^[[33mDate^[[39m^[[33m.^[[39mnow() ^[[33m+^[[39m ^[[35m2^[[39m ^[[33m*^[[39m ^[[35m60^[[39m_000)^[[33m;^[[39m
targeted	Targeted jest	2026-10-04T17:18:17.1417914Z      ^[[90m 269 |^[[39m     ^[[36mawait^[[39m c^[[33m.^[[39msvc^[[33m.^[[39mrunSettlementSweep(^[[36mnew^[[39m ^[[33mDate^[[39m())^[[33m;^[[39m^[[0m
targeted	Targeted jest	2026-10-04T17:18:17.1418418Z 
targeted	Targeted jest	2026-10-04T17:18:17.1418742Z       at Object.<anonymous> (test/s-fee-r15-deferred-fx-notice-flag.spec.ts:266:56)
targeted	Targeted jest	2026-10-04T17:18:17.1419121Z 
targeted	Targeted jest	2026-10-04T17:18:17.1419335Z Test Suites: 1 failed, 1 total
targeted	Targeted jest	2026-10-04T17:18:17.1419715Z Tests:       11 failed, 4 passed, 15 total
targeted	Targeted jest	2026-10-04T17:18:17.1420074Z Snapshots:   0 total
targeted	Targeted jest	2026-10-04T17:18:17.1420339Z Time:        1.698 s
targeted	Targeted jest	2026-10-04T17:18:17.1420826Z Ran all test suites matching test/s-fee-r15-deferred-fx-notice-flag.spec.ts.
targeted	Targeted jest	2026-10-04T17:18:17.1646020Z ##[error]Process completed with exit code 1.
targeted	Post Run actions/checkout@v6	﻿2026-10-04T17:18:17.1790975Z Post job cleanup.
targeted	Post Run actions/checkout@v6	2026-10-04T17:18:17.2685448Z [command]/usr/bin/git version
targeted	Post Run actions/checkout@v6	2026-10-04T17:18:17.2724504Z git version 2.55.0
targeted	Post Run actions/checkout@v6	2026-10-04T17:18:17.2765696Z Temporarily overriding HOME='/home/runner/work/_temp/18ae3e58-81ec-4037-8f20-ec5058846dac' before making global git config changes
targeted	Post Run actions/checkout@v6	2026-10-04T17:18:17.2767795Z Adding repository directory to the temporary git global config as a safe directory
targeted	Post Run actions/checkout@v6	2026-10-04T17:18:17.2771222Z [command]/usr/bin/git config --global --add safe.directory /home/runner/work/growth-project-backend/growth-project-backend
targeted	Post Run actions/checkout@v6	2026-10-04T17:18:17.2803721Z Removing SSH command configuration
targeted	Post Run actions/checkout@v6	2026-10-04T17:18:17.2812366Z [command]/usr/bin/git config --local --name-only --get-regexp core\.sshCommand
targeted	Post Run actions/checkout@v6	2026-10-04T17:18:17.2849418Z [command]/usr/bin/git submodule foreach --recursive sh -c "git config --local --name-only --get-regexp 'core\.sshCommand' && git config --local --unset-all 'core.sshCommand' || :"
targeted	Post Run actions/checkout@v6	2026-10-04T17:18:17.3089458Z Removing HTTP extra header
targeted	Post Run actions/checkout@v6	2026-10-04T17:18:17.3095254Z [command]/usr/bin/git config --local --name-only --get-regexp http\.https\:\/\/github\.com\/\.extraheader
targeted	Post Run actions/checkout@v6	2026-10-04T17:18:17.3134687Z [command]/usr/bin/git submodule foreach --recursive sh -c "git config --local --name-only --get-regexp 'http\.https\:\/\/github\.com\/\.extraheader' && git config --local --unset-all 'http.https://github.com/.extraheader' || :"
targeted	Post Run actions/checkout@v6	2026-10-04T17:18:17.3363967Z Removing includeIf entries pointing to credentials config files
targeted	Post Run actions/checkout@v6	2026-10-04T17:18:17.3372721Z [command]/usr/bin/git config --local --name-only --get-regexp ^includeIf\.gitdir:
targeted	Post Run actions/checkout@v6	2026-10-04T17:18:17.3404872Z includeif.gitdir:/home/runner/work/growth-project-backend/growth-project-backend/.git.path
targeted	Post Run actions/checkout@v6	2026-10-04T17:18:17.3405859Z includeif.gitdir:/home/runner/work/growth-project-backend/growth-project-backend/.git/worktrees/*.path
targeted	Post Run actions/checkout@v6	2026-10-04T17:18:17.3407162Z includeif.gitdir:/github/workspace/.git.path
targeted	Post Run actions/checkout@v6	2026-10-04T17:18:17.3407636Z includeif.gitdir:/github/workspace/.git/worktrees/*.path
targeted	Post Run actions/checkout@v6	2026-10-04T17:18:17.3417162Z [command]/usr/bin/git config --local --get-all includeif.gitdir:/home/runner/work/growth-project-backend/growth-project-backend/.git.path
targeted	Post Run actions/checkout@v6	2026-10-04T17:18:17.3443372Z /home/runner/work/_temp/git-credentials-6b0e17a6-374c-4cf9-9dbf-aa281c3ab295.config
targeted	Post Run actions/checkout@v6	2026-10-04T17:18:17.3456678Z [command]/usr/bin/git config --local --unset includeif.gitdir:/home/runner/work/growth-project-backend/growth-project-backend/.git.path /home/runner/work/_temp/git-credentials-6b0e17a6-374c-4cf9-9dbf-aa281c3ab295.config
targeted	Post Run actions/checkout@v6	2026-10-04T17:18:17.3497204Z [command]/usr/bin/git config --local --get-all includeif.gitdir:/home/runner/work/growth-project-backend/growth-project-backend/.git/worktrees/*.path
targeted	Post Run actions/checkout@v6	2026-10-04T17:18:17.3520852Z /home/runner/work/_temp/git-credentials-6b0e17a6-374c-4cf9-9dbf-aa281c3ab295.config
targeted	Post Run actions/checkout@v6	2026-10-04T17:18:17.3532120Z [command]/usr/bin/git config --local --unset includeif.gitdir:/home/runner/work/growth-project-backend/growth-project-backend/.git/worktrees/*.path /home/runner/work/_temp/git-credentials-6b0e17a6-374c-4cf9-9dbf-aa281c3ab295.config
targeted	Post Run actions/checkout@v6	2026-10-04T17:18:17.3567694Z [command]/usr/bin/git config --local --get-all includeif.gitdir:/github/workspace/.git.path
targeted	Post Run actions/checkout@v6	2026-10-04T17:18:17.3598504Z /github/runner_temp/git-credentials-6b0e17a6-374c-4cf9-9dbf-aa281c3ab295.config
targeted	Post Run actions/checkout@v6	2026-10-04T17:18:17.3601849Z [command]/usr/bin/git config --local --unset includeif.gitdir:/github/workspace/.git.path /github/runner_temp/git-credentials-6b0e17a6-374c-4cf9-9dbf-aa281c3ab295.config
targeted	Post Run actions/checkout@v6	2026-10-04T17:18:17.3636565Z [command]/usr/bin/git config --local --get-all includeif.gitdir:/github/workspace/.git/worktrees/*.path
targeted	Post Run actions/checkout@v6	2026-10-04T17:18:17.3659795Z /github/runner_temp/git-credentials-6b0e17a6-374c-4cf9-9dbf-aa281c3ab295.config
targeted	Post Run actions/checkout@v6	2026-10-04T17:18:17.3669797Z [command]/usr/bin/git config --local --unset includeif.gitdir:/github/workspace/.git/worktrees/*.path /github/runner_temp/git-credentials-6b0e17a6-374c-4cf9-9dbf-aa281c3ab295.config
targeted	Post Run actions/checkout@v6	2026-10-04T17:18:17.3707046Z [command]/usr/bin/git submodule foreach --recursive git config --local --show-origin --name-only --get-regexp remote.origin.url
targeted	Post Run actions/checkout@v6	2026-10-04T17:18:17.3943575Z Removing credentials config '/home/runner/work/_temp/git-credentials-6b0e17a6-374c-4cf9-9dbf-aa281c3ab295.config'
targeted	Stop containers	﻿2026-10-04T17:18:17.4068168Z Print service container logs: c36c6cd555a2427a9eed94ff4ece2961_redis7alpine_e81fd3
targeted	Stop containers	2026-10-04T17:18:17.4072744Z ##[command]/usr/bin/docker logs --details 4ee2064d71dd3b9485dab4c6e3dd51682e8d4d1ba2755936a0e1fea9d5f195b9
targeted	Stop containers	2026-10-04T17:18:17.4208350Z  1:C 04 Oct 2026 17:17:25.452 # WARNING Memory overcommit must be enabled! Without it, a background save or replication may fail under low memory condition. Being disabled, it can also cause failures without low memory condition, see https://github.com/jemalloc/jemalloc/issues/1328. To fix this issue add 'vm.overcommit_memory = 1' to /etc/sysctl.conf and then reboot or run the command 'sysctl vm.overcommit_memory=1' for this to take effect.
targeted	Stop containers	2026-10-04T17:18:17.4210217Z  1:C 04 Oct 2026 17:17:25.452 * oO0OoO0OoO0Oo Redis is starting oO0OoO0OoO0Oo
targeted	Stop containers	2026-10-04T17:18:17.4210807Z  1:C 04 Oct 2026 17:17:25.452 * Redis version=7.4.11, bits=64, commit=00000000, modified=0, pid=1, just started
targeted	Stop containers	2026-10-04T17:18:17.4211674Z  1:C 04 Oct 2026 17:17:25.452 # Warning: no config file specified, using the default config. In order to specify a config file use redis-server /path/to/redis.conf
targeted	Stop containers	2026-10-04T17:18:17.4212482Z  1:M 04 Oct 2026 17:17:25.453 * monotonic clock: POSIX clock_gettime
targeted	Stop containers	2026-10-04T17:18:17.4212928Z  1:M 04 Oct 2026 17:17:25.453 * Running mode=standalone, port=6379.
targeted	Stop containers	2026-10-04T17:18:17.4213312Z  1:M 04 Oct 2026 17:17:25.454 * Server initialized
targeted	Stop containers	2026-10-04T17:18:17.4213671Z  1:M 04 Oct 2026 17:17:25.454 * Ready to accept connections tcp
targeted	Stop containers	2026-10-04T17:18:17.4226575Z Stop and remove container: c36c6cd555a2427a9eed94ff4ece2961_redis7alpine_e81fd3
targeted	Stop containers	2026-10-04T17:18:17.4231762Z ##[command]/usr/bin/docker rm --force 4ee2064d71dd3b9485dab4c6e3dd51682e8d4d1ba2755936a0e1fea9d5f195b9
targeted	Stop containers	2026-10-04T17:18:18.8118952Z 4ee2064d71dd3b9485dab4c6e3dd51682e8d4d1ba2755936a0e1fea9d5f195b9
targeted	Stop containers	2026-10-04T17:18:18.8148449Z Remove container network: github_network_578a40920bf24f9cac63df417d79801c
targeted	Stop containers	2026-10-04T17:18:18.8152677Z ##[command]/usr/bin/docker network rm github_network_578a40920bf24f9cac63df417d79801c
targeted	Stop containers	2026-10-04T17:18:18.9173750Z github_network_578a40920bf24f9cac63df417d79801c
targeted	Complete job	﻿2026-10-04T17:18:18.9252850Z Cleaning up orphan processes
