2026-10-04T18:11:12.7883803Z Current runner version: '2.337.0'
2026-10-04T18:11:12.7920578Z ##[group]Runner Image Provisioner
2026-10-04T18:11:12.7921997Z Hosted Compute Agent
2026-10-04T18:11:12.7923284Z Version: 20260901.588
2026-10-04T18:11:12.7924518Z Commit: f88ec8081b781fac6c440065ac7ff9e710ce3d0b
2026-10-04T18:11:12.7925808Z Build Date: 2026-09-01T19:56:44Z
2026-10-04T18:11:12.7927022Z Worker ID: {6c07e5a4-25a8-4dd1-ab0b-12125230712b}
2026-10-04T18:11:12.7928218Z Azure Region: eastus
2026-10-04T18:11:12.7929173Z ##[endgroup]
2026-10-04T18:11:12.7931474Z ##[group]Operating System
2026-10-04T18:11:12.7932872Z Ubuntu
2026-10-04T18:11:12.7934339Z 24.04.5
2026-10-04T18:11:12.7935293Z LTS
2026-10-04T18:11:12.7936333Z ##[endgroup]
2026-10-04T18:11:12.7937490Z ##[group]Runner Image
2026-10-04T18:11:12.7938683Z Image: ubuntu-24.04
2026-10-04T18:11:12.7939824Z Version: 20260927.320.1
2026-10-04T18:11:12.7942051Z Included Software: https://github.com/actions/runner-images/blob/ubuntu24/20260927.320/images/ubuntu/Ubuntu2404-Readme.md
2026-10-04T18:11:12.7945305Z Image Release: https://github.com/actions/runner-images/releases/tag/ubuntu24%2F20260927.320
2026-10-04T18:11:12.7947090Z ##[endgroup]
2026-10-04T18:11:12.7949362Z ##[group]GITHUB_TOKEN Permissions
2026-10-04T18:11:12.7952785Z Contents: read
2026-10-04T18:11:12.7953892Z Metadata: read
2026-10-04T18:11:12.7954932Z Packages: read
2026-10-04T18:11:12.7955979Z ##[endgroup]
2026-10-04T18:11:12.7959016Z Secret source: Actions
2026-10-04T18:11:12.7960627Z Cache mode: write
2026-10-04T18:11:12.7962718Z Prepare workflow directory
2026-10-04T18:11:12.8596269Z Prepare all required actions
2026-10-04T18:11:12.8669031Z Getting action download info
2026-10-04T18:11:13.0649037Z Download action repository 'actions/checkout@v6' (SHA:d23441a48e516b6c34aea4fa41551a30e30af803)
2026-10-04T18:11:13.1708584Z Download action repository 'actions/setup-node@v6' (SHA:249970729cb0ef3589644e2896645e5dc5ba9c38)
2026-10-04T18:11:13.3697851Z Complete job name: targeted
2026-10-04T18:11:13.4239845Z ##[group]Checking docker version
2026-10-04T18:11:13.4253614Z ##[command]/usr/bin/docker version --format '{{.Server.APIVersion}}'
2026-10-04T18:11:13.5324701Z '1.48'
2026-10-04T18:11:13.5341586Z Docker daemon API version: '1.48'
2026-10-04T18:11:13.5342760Z ##[command]/usr/bin/docker version --format '{{.Client.APIVersion}}'
2026-10-04T18:11:13.5502858Z '1.48'
2026-10-04T18:11:13.5515855Z Docker client API version: '1.48'
2026-10-04T18:11:13.5521048Z ##[endgroup]
2026-10-04T18:11:13.5524593Z ##[group]Clean up resources from previous jobs
2026-10-04T18:11:13.5530123Z ##[command]/usr/bin/docker ps --all --quiet --no-trunc --filter "label=a778e0"
2026-10-04T18:11:13.5674408Z ##[command]/usr/bin/docker network prune --force --filter "label=a778e0"
2026-10-04T18:11:13.5806727Z ##[endgroup]
2026-10-04T18:11:13.5807281Z ##[group]Create local container network
2026-10-04T18:11:13.5818018Z ##[command]/usr/bin/docker network create --label a778e0 github_network_d6d6fd7b6f1344d9b5a0c464962071be
2026-10-04T18:11:13.6341237Z d261feb941e079136a18d47179418800b0e603210a939c04847dd8373ed02b88
2026-10-04T18:11:13.6361227Z ##[endgroup]
2026-10-04T18:11:13.6386514Z ##[group]Starting redis service container
2026-10-04T18:11:13.6408083Z ##[command]/usr/bin/docker pull redis:7-alpine
2026-10-04T18:11:13.8930751Z 7-alpine: Pulling from library/redis
2026-10-04T18:11:13.9671908Z 16333ee0c00f: Pulling fs layer
2026-10-04T18:11:13.9673610Z 83234986c742: Pulling fs layer
2026-10-04T18:11:13.9674435Z 7eb50503c2b0: Pulling fs layer
2026-10-04T18:11:13.9675420Z 1522f9c6f453: Pulling fs layer
2026-10-04T18:11:13.9676330Z 9928009b15c8: Pulling fs layer
2026-10-04T18:11:13.9677273Z 4f4fb700ef54: Pulling fs layer
2026-10-04T18:11:13.9678223Z 4eb14bae0e1d: Pulling fs layer
2026-10-04T18:11:13.9679153Z 1522f9c6f453: Waiting
2026-10-04T18:11:13.9679766Z 9928009b15c8: Waiting
2026-10-04T18:11:13.9919204Z 4f4fb700ef54: Waiting
2026-10-04T18:11:13.9920175Z 4eb14bae0e1d: Waiting
2026-10-04T18:11:13.9921135Z 83234986c742: Download complete
2026-10-04T18:11:13.9968548Z 7eb50503c2b0: Verifying Checksum
2026-10-04T18:11:13.9970222Z 7eb50503c2b0: Download complete
2026-10-04T18:11:14.0188796Z 16333ee0c00f: Verifying Checksum
2026-10-04T18:11:14.0190157Z 16333ee0c00f: Download complete
2026-10-04T18:11:14.0257444Z 9928009b15c8: Verifying Checksum
2026-10-04T18:11:14.0259902Z 9928009b15c8: Download complete
2026-10-04T18:11:14.0508607Z 4f4fb700ef54: Verifying Checksum
2026-10-04T18:11:14.0510228Z 4f4fb700ef54: Download complete
2026-10-04T18:11:14.0543606Z 4eb14bae0e1d: Verifying Checksum
2026-10-04T18:11:14.0545775Z 4eb14bae0e1d: Download complete
2026-10-04T18:11:14.0749644Z 1522f9c6f453: Verifying Checksum
2026-10-04T18:11:14.1376625Z 16333ee0c00f: Pull complete
2026-10-04T18:11:16.5428442Z 83234986c742: Pull complete
2026-10-04T18:11:16.6836496Z 7eb50503c2b0: Pull complete
2026-10-04T18:11:16.8845682Z 1522f9c6f453: Pull complete
2026-10-04T18:11:16.8958503Z 9928009b15c8: Pull complete
2026-10-04T18:11:16.9034814Z 4f4fb700ef54: Pull complete
2026-10-04T18:11:16.9149157Z 4eb14bae0e1d: Pull complete
2026-10-04T18:11:16.9190864Z Digest: sha256:858f009f9709ce576febc734aa78b8f6d624b82571f9ddb6bda4377c833b3499
2026-10-04T18:11:16.9206721Z Status: Downloaded newer image for redis:7-alpine
2026-10-04T18:11:16.9216036Z docker.io/library/redis:7-alpine
2026-10-04T18:11:16.9251901Z ##[command]/usr/bin/docker create --name e4347b524d8948b4b9fb56ddedf6ab09_redis7alpine_77508c --label a778e0 --network github_network_d6d6fd7b6f1344d9b5a0c464962071be --network-alias redis -p 6379:6379 --health-cmd "redis-cli ping" --health-interval 5s --health-timeout 3s --health-retries 10 -e GITHUB_ACTIONS=true -e CI=true redis:7-alpine
2026-10-04T18:11:16.9556917Z 07295abfc1f53168a17e4b7048b099012baaf6db871536c904ad9a88020cdb6b
2026-10-04T18:11:16.9580857Z ##[command]/usr/bin/docker start 07295abfc1f53168a17e4b7048b099012baaf6db871536c904ad9a88020cdb6b
2026-10-04T18:11:17.2018229Z 07295abfc1f53168a17e4b7048b099012baaf6db871536c904ad9a88020cdb6b
2026-10-04T18:11:17.2043678Z ##[command]/usr/bin/docker ps --all --filter id=07295abfc1f53168a17e4b7048b099012baaf6db871536c904ad9a88020cdb6b --filter status=running --no-trunc --format "{{.ID}} {{.Status}}"
2026-10-04T18:11:17.2179989Z 07295abfc1f53168a17e4b7048b099012baaf6db871536c904ad9a88020cdb6b Up Less than a second (health: starting)
2026-10-04T18:11:17.2199230Z ##[command]/usr/bin/docker port 07295abfc1f53168a17e4b7048b099012baaf6db871536c904ad9a88020cdb6b
2026-10-04T18:11:17.2331201Z 6379/tcp -> 0.0.0.0:6379
2026-10-04T18:11:17.2331706Z 6379/tcp -> [::]:6379
2026-10-04T18:11:17.2378085Z ##[endgroup]
2026-10-04T18:11:17.2386623Z ##[group]Waiting for all services to be ready
2026-10-04T18:11:17.2400471Z ##[command]/usr/bin/docker inspect --format="{{if .Config.Healthcheck}}{{print .State.Health.Status}}{{end}}" 07295abfc1f53168a17e4b7048b099012baaf6db871536c904ad9a88020cdb6b
2026-10-04T18:11:17.2519353Z starting
2026-10-04T18:11:17.2540693Z redis service is starting, waiting 2 seconds before checking again.
2026-10-04T18:11:19.2535507Z ##[command]/usr/bin/docker inspect --format="{{if .Config.Healthcheck}}{{print .State.Health.Status}}{{end}}" 07295abfc1f53168a17e4b7048b099012baaf6db871536c904ad9a88020cdb6b
2026-10-04T18:11:19.2665642Z starting
2026-10-04T18:11:19.2687561Z redis service is starting, waiting 4 seconds before checking again.
2026-10-04T18:11:23.4801314Z ##[command]/usr/bin/docker inspect --format="{{if .Config.Healthcheck}}{{print .State.Health.Status}}{{end}}" 07295abfc1f53168a17e4b7048b099012baaf6db871536c904ad9a88020cdb6b
2026-10-04T18:11:23.4928294Z healthy
2026-10-04T18:11:23.4944694Z redis service is healthy.
2026-10-04T18:11:23.4945503Z ##[endgroup]
2026-10-04T18:11:23.5233025Z ##[group]Run actions/checkout@v6
2026-10-04T18:11:23.5233668Z with:
2026-10-04T18:11:23.5233987Z   repository: BradleyGleavePortfolio/growth-project-backend
2026-10-04T18:11:23.5236680Z   token: ***
2026-10-04T18:11:23.5236891Z   ssh-strict: true
2026-10-04T18:11:23.5237097Z   ssh-user: git
2026-10-04T18:11:23.5237317Z   persist-credentials: true
2026-10-04T18:11:23.5237567Z   clean: true
2026-10-04T18:11:23.5238037Z   sparse-checkout-cone-mode: true
2026-10-04T18:11:23.5238305Z   fetch-depth: 1
2026-10-04T18:11:23.5238512Z   fetch-tags: false
2026-10-04T18:11:23.5238725Z   show-progress: true
2026-10-04T18:11:23.5238940Z   lfs: false
2026-10-04T18:11:23.5239131Z   submodules: false
2026-10-04T18:11:23.5239345Z   set-safe-directory: true
2026-10-04T18:11:23.5239596Z   allow-unsafe-pr-checkout: false
2026-10-04T18:11:23.5240109Z ##[endgroup]
2026-10-04T18:11:23.6316655Z Syncing repository: BradleyGleavePortfolio/growth-project-backend
2026-10-04T18:11:23.6318568Z ##[group]Getting Git version info
2026-10-04T18:11:23.6319109Z Working directory is '/home/runner/work/growth-project-backend/growth-project-backend'
2026-10-04T18:11:23.6319983Z [command]/usr/bin/git version
2026-10-04T18:11:23.6337836Z git version 2.55.0
2026-10-04T18:11:23.6362641Z ##[endgroup]
2026-10-04T18:11:23.6378492Z Temporarily overriding HOME='/home/runner/work/_temp/f57a837b-cacc-4096-96c3-795d1a12d22d' before making global git config changes
2026-10-04T18:11:23.6379672Z Adding repository directory to the temporary git global config as a safe directory
2026-10-04T18:11:23.6384148Z [command]/usr/bin/git config --global --add safe.directory /home/runner/work/growth-project-backend/growth-project-backend
2026-10-04T18:11:23.6440209Z Deleting the contents of '/home/runner/work/growth-project-backend/growth-project-backend'
2026-10-04T18:11:23.6445204Z ##[group]Determining repository object format
2026-10-04T18:11:23.6447941Z ##[endgroup]
2026-10-04T18:11:23.6448378Z ##[group]Initializing the repository
2026-10-04T18:11:23.6454316Z [command]/usr/bin/git init /home/runner/work/growth-project-backend/growth-project-backend
2026-10-04T18:11:23.6583269Z hint: Using 'master' as the name for the initial branch. This default branch name
2026-10-04T18:11:23.6583906Z hint: will change to "main" in Git 3.0. To configure the initial branch name
2026-10-04T18:11:23.6584583Z hint: to use in all of your new repositories, which will suppress this warning,
2026-10-04T18:11:23.6585346Z hint: call:
2026-10-04T18:11:23.6585691Z hint:
2026-10-04T18:11:23.6586219Z hint: 	git config --global init.defaultBranch <name>
2026-10-04T18:11:23.6586827Z hint:
2026-10-04T18:11:23.6587345Z hint: Names commonly chosen instead of 'master' are 'main', 'trunk' and
2026-10-04T18:11:23.6588239Z hint: 'development'. The just-created branch can be renamed via this command:
2026-10-04T18:11:23.6588947Z hint:
2026-10-04T18:11:23.6589302Z hint: 	git branch -m <name>
2026-10-04T18:11:23.6589646Z hint:
2026-10-04T18:11:23.6590022Z hint: Disable this message with "git config set advice.defaultBranchName false"
2026-10-04T18:11:23.6591283Z Initialized empty Git repository in /home/runner/work/growth-project-backend/growth-project-backend/.git/
2026-10-04T18:11:23.6600916Z [command]/usr/bin/git remote add origin https://github.com/BradleyGleavePortfolio/growth-project-backend
2026-10-04T18:11:23.6650569Z ##[endgroup]
2026-10-04T18:11:23.6651112Z ##[group]Disabling automatic garbage collection
2026-10-04T18:11:23.6654745Z [command]/usr/bin/git config --local gc.auto 0
2026-10-04T18:11:23.6685464Z ##[endgroup]
2026-10-04T18:11:23.6686116Z ##[group]Setting up auth
2026-10-04T18:11:23.6687051Z Removing SSH command configuration
2026-10-04T18:11:23.6693261Z [command]/usr/bin/git config --local --name-only --get-regexp core\.sshCommand
2026-10-04T18:11:23.6725399Z [command]/usr/bin/git submodule foreach --recursive sh -c "git config --local --name-only --get-regexp 'core\.sshCommand' && git config --local --unset-all 'core.sshCommand' || :"
2026-10-04T18:11:23.7120761Z Removing HTTP extra header
2026-10-04T18:11:23.7126306Z [command]/usr/bin/git config --local --name-only --get-regexp http\.https\:\/\/github\.com\/\.extraheader
2026-10-04T18:11:23.7158187Z [command]/usr/bin/git submodule foreach --recursive sh -c "git config --local --name-only --get-regexp 'http\.https\:\/\/github\.com\/\.extraheader' && git config --local --unset-all 'http.https://github.com/.extraheader' || :"
2026-10-04T18:11:23.7375213Z Removing includeIf entries pointing to credentials config files
2026-10-04T18:11:23.7381934Z [command]/usr/bin/git config --local --name-only --get-regexp ^includeIf\.gitdir:
2026-10-04T18:11:23.7415504Z [command]/usr/bin/git submodule foreach --recursive git config --local --show-origin --name-only --get-regexp remote.origin.url
2026-10-04T18:11:23.7642778Z [command]/usr/bin/git config --file /home/runner/work/_temp/git-credentials-163da7a8-d392-496d-8475-bca0731974ff.config http.https://github.com/.extraheader AUTHORIZATION: basic ***
2026-10-04T18:11:23.7680826Z [command]/usr/bin/git config --local includeIf.gitdir:/home/runner/work/growth-project-backend/growth-project-backend/.git.path /home/runner/work/_temp/git-credentials-163da7a8-d392-496d-8475-bca0731974ff.config
2026-10-04T18:11:23.7712017Z [command]/usr/bin/git config --local includeIf.gitdir:/home/runner/work/growth-project-backend/growth-project-backend/.git/worktrees/*.path /home/runner/work/_temp/git-credentials-163da7a8-d392-496d-8475-bca0731974ff.config
2026-10-04T18:11:23.7746636Z [command]/usr/bin/git config --local includeIf.gitdir:/github/workspace/.git.path /github/runner_temp/git-credentials-163da7a8-d392-496d-8475-bca0731974ff.config
2026-10-04T18:11:23.7785184Z [command]/usr/bin/git config --local includeIf.gitdir:/github/workspace/.git/worktrees/*.path /github/runner_temp/git-credentials-163da7a8-d392-496d-8475-bca0731974ff.config
2026-10-04T18:11:23.7811700Z ##[endgroup]
2026-10-04T18:11:23.7812642Z ##[group]Fetching the repository
2026-10-04T18:11:23.7820437Z [command]/usr/bin/git -c protocol.version=2 fetch --no-tags --prune --no-recurse-submodules --depth=1 origin +4a1dccd45abd2f562dac1bd0764facde5bea8d8d:refs/remotes/origin/audit/AUD-SOL-F23-118/683-notice-terminal
2026-10-04T18:11:25.3437121Z From https://github.com/BradleyGleavePortfolio/growth-project-backend
2026-10-04T18:11:25.3438164Z  * [new ref]         4a1dccd45abd2f562dac1bd0764facde5bea8d8d -> origin/audit/AUD-SOL-F23-118/683-notice-terminal
2026-10-04T18:11:25.3447869Z [command]/usr/bin/git branch --list --remote origin/audit/AUD-SOL-F23-118/683-notice-terminal
2026-10-04T18:11:25.3473127Z   origin/audit/AUD-SOL-F23-118/683-notice-terminal
2026-10-04T18:11:25.3483374Z [command]/usr/bin/git rev-parse refs/remotes/origin/audit/AUD-SOL-F23-118/683-notice-terminal
2026-10-04T18:11:25.3505160Z 4a1dccd45abd2f562dac1bd0764facde5bea8d8d
2026-10-04T18:11:25.3509440Z ##[endgroup]
2026-10-04T18:11:25.3509856Z ##[group]Determining the checkout info
2026-10-04T18:11:25.3510575Z ##[endgroup]
2026-10-04T18:11:25.3533193Z [command]/usr/bin/git sparse-checkout disable
2026-10-04T18:11:25.3570191Z [command]/usr/bin/git config --local --unset-all extensions.worktreeConfig
2026-10-04T18:11:25.3598417Z ##[group]Checking out the ref
2026-10-04T18:11:25.3603841Z [command]/usr/bin/git checkout --progress --force -B audit/AUD-SOL-F23-118/683-notice-terminal refs/remotes/origin/audit/AUD-SOL-F23-118/683-notice-terminal
2026-10-04T18:11:25.5786771Z Switched to a new branch 'audit/AUD-SOL-F23-118/683-notice-terminal'
2026-10-04T18:11:25.5792650Z branch 'audit/AUD-SOL-F23-118/683-notice-terminal' set up to track 'origin/audit/AUD-SOL-F23-118/683-notice-terminal'.
2026-10-04T18:11:25.5803016Z ##[endgroup]
2026-10-04T18:11:25.5873102Z [command]/usr/bin/git log -1 --format=%H
2026-10-04T18:11:25.5884080Z 4a1dccd45abd2f562dac1bd0764facde5bea8d8d
2026-10-04T18:11:25.6144125Z ##[group]Run actions/setup-node@v6
2026-10-04T18:11:25.6144446Z with:
2026-10-04T18:11:25.6144642Z   node-version: 20
2026-10-04T18:11:25.6144852Z   cache: npm
2026-10-04T18:11:25.6145048Z   check-latest: false
2026-10-04T18:11:25.6147587Z   token: ***
2026-10-04T18:11:25.6147820Z   package-manager-cache: true
2026-10-04T18:11:25.6148081Z ##[endgroup]
2026-10-04T18:11:25.7548752Z Attempting to download 20...
2026-10-04T18:11:26.1986064Z Acquiring 20.20.2 - x64 from https://github.com/actions/node-versions/releases/download/20.20.2-23521894959/node-20.20.2-linux-x64.tar.gz
2026-10-04T18:11:26.5590391Z Extracting ...
2026-10-04T18:11:26.5747641Z [command]/usr/bin/tar xz --strip 1 --warning=no-unknown-keyword --overwrite -C /home/runner/work/_temp/be51f0f3-6096-49a4-bd74-52820a132fa3 -f /home/runner/work/_temp/b5e8d1ac-3f84-4198-a9d5-6185611b0450
2026-10-04T18:11:27.6061413Z Adding to the cache ...
2026-10-04T18:11:29.4817756Z ##[group]Environment details
2026-10-04T18:11:29.7124038Z node: v20.20.2
2026-10-04T18:11:29.7124477Z npm: 10.8.2
2026-10-04T18:11:29.7124809Z yarn: 1.22.22
2026-10-04T18:11:29.7125715Z ##[endgroup]
2026-10-04T18:11:29.7143809Z [command]/opt/hostedtoolcache/node/20.20.2/x64/bin/npm config get cache
2026-10-04T18:11:29.8229172Z /home/runner/.npm
2026-10-04T18:11:29.8957481Z Cache hit for: node-cache-Linux-x64-npm-07f78abbac5e2cbfcef112b8b919e298f8da38fa5e6aaf98a3625ef672bd5b12
2026-10-04T18:11:30.4400680Z Received 86828135 of 86828135 (100.0%), 172.9 MBs/sec
2026-10-04T18:11:30.4402835Z Cache Size: ~83 MB (86828135 B)
2026-10-04T18:11:30.4520674Z [command]/usr/bin/tar -xf /home/runner/work/_temp/8a4b49ee-1784-4095-b4a2-c3103990eaf9/cache.tzst -P -C /home/runner/work/growth-project-backend/growth-project-backend --use-compress-program unzstd
2026-10-04T18:11:30.6565755Z Cache restored successfully
2026-10-04T18:11:30.6612840Z Cache restored from key: node-cache-Linux-x64-npm-07f78abbac5e2cbfcef112b8b919e298f8da38fa5e6aaf98a3625ef672bd5b12
2026-10-04T18:11:30.6806203Z ##[group]Run npm ci
2026-10-04T18:11:30.6806499Z [36;1mnpm ci[0m
2026-10-04T18:11:30.7052658Z shell: /usr/bin/bash -e {0}
2026-10-04T18:11:30.7052995Z ##[endgroup]
2026-10-04T18:11:36.5612448Z npm warn deprecated inflight@1.0.6: This module is not supported, and leaks memory. Do not use it. Check out lru-cache if you want a good and tested way to coalesce async requests by a key value, which is much more comprehensive and powerful.
2026-10-04T18:11:37.6354569Z npm warn deprecated jpeg-exif@1.1.4: Package no longer supported. Contact Support at https://www.npmjs.com/support for more info.
2026-10-04T18:11:38.6997083Z npm warn deprecated glob@7.2.3: Old versions of glob are not supported, and contain widely publicized security vulnerabilities, which have been fixed in the current version. Please update. Support for old versions may be purchased (at exorbitant rates) by contacting i@izs.me
2026-10-04T18:11:40.0911653Z npm warn deprecated glob@10.5.0: Old versions of glob are not supported, and contain widely publicized security vulnerabilities, which have been fixed in the current version. Please update. Support for old versions may be purchased (at exorbitant rates) by contacting i@izs.me
2026-10-04T18:11:40.1143750Z npm warn deprecated glob@10.5.0: Old versions of glob are not supported, and contain widely publicized security vulnerabilities, which have been fixed in the current version. Please update. Support for old versions may be purchased (at exorbitant rates) by contacting i@izs.me
2026-10-04T18:11:40.1570108Z npm warn deprecated glob@10.5.0: Old versions of glob are not supported, and contain widely publicized security vulnerabilities, which have been fixed in the current version. Please update. Support for old versions may be purchased (at exorbitant rates) by contacting i@izs.me
2026-10-04T18:11:53.6917894Z 
2026-10-04T18:11:53.6918723Z > growth-project-backend@1.0.0 postinstall
2026-10-04T18:11:53.6919151Z > prisma generate
2026-10-04T18:11:53.6919304Z 
2026-10-04T18:11:54.6367173Z Prisma schema loaded from prisma/schema.prisma
2026-10-04T18:11:58.5603694Z ┌─────────────────────────────────────────────────────────┐
2026-10-04T18:11:58.5605146Z │  Update available 6.19.3 -> 8.0.0-rc.19                 │
2026-10-04T18:11:58.5606309Z │                                                         │
2026-10-04T18:11:58.5607382Z │  This is a major update - please follow the guide at    │
2026-10-04T18:11:58.5608488Z │  https://pris.ly/d/major-version-upgrade                │
2026-10-04T18:11:58.5609291Z │                                                         │
2026-10-04T18:11:58.5609869Z │  Run the following to update                            │
2026-10-04T18:11:58.5610892Z │    npm i --save-dev prisma@latest                       │
2026-10-04T18:11:58.5611522Z │    npm i @prisma/client@latest                          │
2026-10-04T18:11:58.5612478Z └─────────────────────────────────────────────────────────┘
2026-10-04T18:11:58.5612814Z 
2026-10-04T18:11:58.5613349Z ✔ Generated Prisma Client (v6.19.3) to ./node_modules/@prisma/client in 2.19s
2026-10-04T18:11:58.5613758Z 
2026-10-04T18:11:58.5614212Z Start by importing your Prisma Client (See: https://pris.ly/d/importing-client)
2026-10-04T18:11:58.5614639Z 
2026-10-04T18:11:58.5615030Z Tip: Want to turn off tips and other hints? https://pris.ly/tip-4-nohints
2026-10-04T18:11:58.5615405Z 
2026-10-04T18:11:58.6173238Z 
2026-10-04T18:11:58.6173818Z > growth-project-backend@1.0.0 prepare
2026-10-04T18:11:58.6176507Z > lefthook install
2026-10-04T18:11:58.6177168Z 
2026-10-04T18:11:58.6702947Z sync hooks: ✔️(pre-commit, commit-msg)
2026-10-04T18:11:58.6898379Z 
2026-10-04T18:11:58.6899268Z added 1115 packages, and audited 1116 packages in 28s
2026-10-04T18:11:58.6899641Z 
2026-10-04T18:11:58.6899827Z 202 packages are looking for funding
2026-10-04T18:11:58.6900216Z   run `npm fund` for details
2026-10-04T18:11:58.6932967Z 
2026-10-04T18:11:58.6933488Z 3 high severity vulnerabilities
2026-10-04T18:11:58.6933853Z 
2026-10-04T18:11:58.6935049Z To address all issues (including breaking changes), run:
2026-10-04T18:11:58.6935919Z   npm audit fix --force
2026-10-04T18:11:58.6936224Z 
2026-10-04T18:11:58.6936487Z Run `npm audit` for details.
2026-10-04T18:11:58.7564912Z ##[group]Run npx prisma generate
2026-10-04T18:11:58.7565256Z [36;1mnpx prisma generate[0m
2026-10-04T18:11:58.7628947Z shell: /usr/bin/bash -e {0}
2026-10-04T18:11:58.7629220Z ##[endgroup]
2026-10-04T18:12:00.0180184Z Prisma schema loaded from prisma/schema.prisma
2026-10-04T18:12:03.9451274Z 
2026-10-04T18:12:03.9452757Z ✔ Generated Prisma Client (v6.19.3) to ./node_modules/@prisma/client in 2.16s
2026-10-04T18:12:03.9453217Z 
2026-10-04T18:12:03.9453690Z Start by importing your Prisma Client (See: https://pris.ly/d/importing-client)
2026-10-04T18:12:03.9454121Z 
2026-10-04T18:12:03.9454734Z Tip: Interested in query caching in just a few lines of code? Try Accelerate today! https://pris.ly/tip-3-accelerate
2026-10-04T18:12:03.9455274Z 
2026-10-04T18:12:04.0656488Z ##[group]Run set -euo pipefail
2026-10-04T18:12:04.0656844Z [36;1mset -euo pipefail[0m
2026-10-04T18:12:04.0657254Z [36;1mtest -s .ci-lane-specs || { echo "missing .ci-lane-specs"; exit 2; }[0m
2026-10-04T18:12:04.0657764Z [36;1mmapfile -t SPECS < <(grep -vE '^\s*(#|$)' .ci-lane-specs)[0m
2026-10-04T18:12:04.0658149Z [36;1mecho "specs: ${SPECS[*]}"[0m
2026-10-04T18:12:04.0658446Z [36;1mnpx jest --ci --runInBand "${SPECS[@]}"[0m
2026-10-04T18:12:04.0722617Z shell: /usr/bin/bash --noprofile --norc -e -o pipefail {0}
2026-10-04T18:12:04.0722986Z env:
2026-10-04T18:12:04.0723213Z   NODE_OPTIONS: --max-old-space-size=4096
2026-10-04T18:12:04.0723592Z   THROTTLER_LIVE_REDIS_URL: redis://localhost:6379/0
2026-10-04T18:12:04.0723948Z ##[endgroup]
2026-10-04T18:12:04.0824207Z specs: test/aud-sol-f23-118-notice-recovery.spec.ts test/aud-sol-f23-117-settlement-boundaries.spec.ts test/audit-sol-f34-683.spec.ts test/s-fee-r15-deferred-fx-notice-flag.spec.ts
2026-10-04T18:12:06.4888255Z PASS test/s-fee-r15-deferred-fx-notice-flag.spec.ts (98 MB heap size)
2026-10-04T18:12:06.8073919Z FAIL test/aud-sol-f23-118-notice-recovery.spec.ts (119 MB heap size)
2026-10-04T18:12:06.8175045Z   ● Console
2026-10-04T18:12:06.8175373Z 
2026-10-04T18:12:06.8175585Z     console.log
2026-10-04T18:12:06.8176135Z       AUD118_NOTICE_RECOVERY {
2026-10-04T18:12:06.8176705Z         failure: 'notice insert',
2026-10-04T18:12:06.8177241Z         result: 'adjusted',
2026-10-04T18:12:06.8177839Z         failedDelivery: false,
2026-10-04T18:12:06.8178423Z         durableRetry: false,
2026-10-04T18:12:06.8178965Z         noticeCount: 0,
2026-10-04T18:12:06.8179467Z         reconciled: [ 0, 0 ],
2026-10-04T18:12:06.8179991Z         paid: 6980,
2026-10-04T18:12:06.8180989Z         reversals: 1
2026-10-04T18:12:06.8181440Z       }
2026-10-04T18:12:06.8181668Z 
2026-10-04T18:12:06.8182549Z       at test/aud-sol-f23-118-notice-recovery.spec.ts:93:13
2026-10-04T18:12:06.8183016Z 
2026-10-04T18:12:06.8183203Z     console.log
2026-10-04T18:12:06.8183474Z       AUD118_NOTICE_RECOVERY {
2026-10-04T18:12:06.8183787Z         failure: 'notice history read',
2026-10-04T18:12:06.8184088Z         result: 'adjusted',
2026-10-04T18:12:06.8184369Z         failedDelivery: false,
2026-10-04T18:12:06.8184641Z         durableRetry: false,
2026-10-04T18:12:06.8184907Z         noticeCount: 0,
2026-10-04T18:12:06.8185153Z         reconciled: [ 0, 0 ],
2026-10-04T18:12:06.8185417Z         paid: 6980,
2026-10-04T18:12:06.8185726Z         reversals: 1
2026-10-04T18:12:06.8185957Z       }
2026-10-04T18:12:06.8186064Z 
2026-10-04T18:12:06.8186274Z       at test/aud-sol-f23-118-notice-recovery.spec.ts:93:13
2026-10-04T18:12:06.8186545Z 
2026-10-04T18:12:06.8186641Z     console.log
2026-10-04T18:12:06.8186904Z       AUD118_TERMINAL_NOTICE_RETRY {
2026-10-04T18:12:06.8187222Z         events: [ 'chargeback' ],
2026-10-04T18:12:06.8187495Z         flag: null,
2026-10-04T18:12:06.8187733Z         disputeId: null,
2026-10-04T18:12:06.8187986Z         paid: 0,
2026-10-04T18:12:06.8188209Z         reversals: 1
2026-10-04T18:12:06.8188437Z       }
2026-10-04T18:12:06.8188545Z 
2026-10-04T18:12:06.8188880Z       at Object.<anonymous> (test/aud-sol-f23-118-notice-recovery.spec.ts:157:11)
2026-10-04T18:12:06.8189252Z 
2026-10-04T18:12:06.8189723Z   ● a failed notice insert plus failed retry persistence must not acknowledge the delivery
2026-10-04T18:12:06.8190126Z 
2026-10-04T18:12:06.8190331Z     expect(received).toBe(expected) // Object.is equality
2026-10-04T18:12:06.8190588Z 
2026-10-04T18:12:06.8190694Z     Expected: true
2026-10-04T18:12:06.8190924Z     Received: false
2026-10-04T18:12:06.8191062Z 
2026-10-04T18:12:06.8191616Z     [0m [90m  99 |[39m     expect(c[33m.[39mstripe[33m.[39mreversals)[33m.[39mtoHaveLength(reversals)[33m;[39m
2026-10-04T18:12:06.8193166Z      [90m 100 |[39m     [90m// Recovery authority must be either a failed delivery or a persisted retry, not a log.[39m
2026-10-04T18:12:06.8194544Z     [31m[1m>[22m[39m[90m 101 |[39m     expect(failedDelivery [33m||[39m durableRetry)[33m.[39mtoBe([36mtrue[39m)[33m;[39m
2026-10-04T18:12:06.8195285Z      [90m     |[39m                                            [31m[1m^[22m[39m
2026-10-04T18:12:06.8195976Z      [90m 102 |[39m     [90m// Provider redelivery, if requested, must converge without another reversal.[39m
2026-10-04T18:12:06.8196758Z      [90m 103 |[39m     [36mif[39m (failedDelivery) [36mawait[39m c[33m.[39madjust()[33m;[39m
2026-10-04T18:12:06.8197543Z      [90m 104 |[39m     expect(c[33m.[39mdb[33m.[39mnotices)[33m.[39mtoHaveLength([35m1[39m)[33m;[39m[0m
2026-10-04T18:12:06.8197942Z 
2026-10-04T18:12:06.8198156Z       at test/aud-sol-f23-118-notice-recovery.spec.ts:101:44
2026-10-04T18:12:06.8198417Z 
2026-10-04T18:12:06.8198827Z   ● a failed notice history read plus failed retry persistence must not acknowledge the delivery
2026-10-04T18:12:06.8199212Z 
2026-10-04T18:12:06.8199402Z     expect(received).toBe(expected) // Object.is equality
2026-10-04T18:12:06.8199647Z 
2026-10-04T18:12:06.8199744Z     Expected: true
2026-10-04T18:12:06.8199964Z     Received: false
2026-10-04T18:12:06.8200096Z 
2026-10-04T18:12:06.8200549Z     [0m [90m  99 |[39m     expect(c[33m.[39mstripe[33m.[39mreversals)[33m.[39mtoHaveLength(reversals)[33m;[39m
2026-10-04T18:12:06.8201433Z      [90m 100 |[39m     [90m// Recovery authority must be either a failed delivery or a persisted retry, not a log.[39m
2026-10-04T18:12:06.8213015Z     [31m[1m>[22m[39m[90m 101 |[39m     expect(failedDelivery [33m||[39m durableRetry)[33m.[39mtoBe([36mtrue[39m)[33m;[39m
2026-10-04T18:12:06.8214459Z      [90m     |[39m                                            [31m[1m^[22m[39m
2026-10-04T18:12:06.8216049Z      [90m 102 |[39m     [90m// Provider redelivery, if requested, must converge without another reversal.[39m
2026-10-04T18:12:06.8217534Z      [90m 103 |[39m     [36mif[39m (failedDelivery) [36mawait[39m c[33m.[39madjust()[33m;[39m
2026-10-04T18:12:06.8219067Z      [90m 104 |[39m     expect(c[33m.[39mdb[33m.[39mnotices)[33m.[39mtoHaveLength([35m1[39m)[33m;[39m[0m
2026-10-04T18:12:06.8219802Z 
2026-10-04T18:12:06.8220178Z       at test/aud-sol-f23-118-notice-recovery.spec.ts:101:44
2026-10-04T18:12:06.8220635Z 
2026-10-04T18:12:06.8221356Z   ● a failed lost-dispute notice retains its terminal event across the flagged sweep
2026-10-04T18:12:06.8221999Z 
2026-10-04T18:12:06.8222649Z     expect(received).toEqual(expected) // deep equality
2026-10-04T18:12:06.8223102Z 
2026-10-04T18:12:06.8223293Z     - Expected  - 1
2026-10-04T18:12:06.8223725Z     + Received  + 0
2026-10-04T18:12:06.8223957Z 
2026-10-04T18:12:06.8224117Z       Array [
2026-10-04T18:12:06.8224520Z         "chargeback",
2026-10-04T18:12:06.8225039Z     -   "dispute_lost",
2026-10-04T18:12:06.8225484Z       ]
2026-10-04T18:12:06.8225709Z 
2026-10-04T18:12:06.8226037Z     [0m [90m 163 |[39m   })[33m;[39m
2026-10-04T18:12:06.8227224Z      [90m 164 |[39m   expect(c[33m.[39mstripe[33m.[39mreversals)[33m.[39mtoHaveLength(reversals)[33m;[39m
2026-10-04T18:12:06.8229605Z     [31m[1m>[22m[39m[90m 165 |[39m   expect(c[33m.[39mdb[33m.[39mnotices[33m?[39m[33m.[39mmap((n) [33m=>[39m n[33m.[39mevent))[33m.[39mtoEqual([[32m'chargeback'[39m[33m,[39m [32m'dispute_lost'[39m])[33m;[39m
2026-10-04T18:12:06.8231411Z      [90m     |[39m                                             [31m[1m^[22m[39m
2026-10-04T18:12:06.8233658Z      [90m 166 |[39m   [36mawait[39m c[33m.[39msvc[33m.[39mrunSettlementSweep([36mnew[39m [33mDate[39m([33mDate[39m[33m.[39mnow() [33m+[39m [35m20[39m [33m*[39m [35m60[39m_000))[33m;[39m
2026-10-04T18:12:06.8235727Z      [90m 167 |[39m   expect(c[33m.[39mdb[33m.[39mnotices)[33m.[39mtoHaveLength([35m2[39m)[33m;[39m
2026-10-04T18:12:06.8236726Z      [90m 168 |[39m })[33m;[39m[0m
2026-10-04T18:12:06.8237087Z 
2026-10-04T18:12:06.8237853Z       at Object.<anonymous> (test/aud-sol-f23-118-notice-recovery.spec.ts:165:45)
2026-10-04T18:12:06.8238507Z 
2026-10-04T18:12:07.1047346Z PASS test/aud-sol-f23-117-settlement-boundaries.spec.ts (144 MB heap size)
2026-10-04T18:12:07.1050069Z   ● Console
2026-10-04T18:12:07.1050226Z 
2026-10-04T18:12:07.1050339Z     console.log
2026-10-04T18:12:07.1050623Z       AUD117_PROVISIONAL_FX {
2026-10-04T18:12:07.1051005Z         failure: 'no balance transaction',
2026-10-04T18:12:07.1051345Z         row: {
2026-10-04T18:12:07.1051593Z           id: 'cs-2',
2026-10-04T18:12:07.1051919Z           created_at: 2026-10-04T18:12:07.026Z,
2026-10-04T18:12:07.1052590Z           updated_at: 2026-10-04T18:12:07.034Z,
2026-10-04T18:12:07.1052981Z           head_coach_user_id: null,
2026-10-04T18:12:07.1053427Z           stripe_balance_transaction_id: 'txn_probe',
2026-10-04T18:12:07.1053852Z           stripe_invoice_id: null,
2026-10-04T18:12:07.1054178Z           currency: 'usd',
2026-10-04T18:12:07.1054461Z           rail: 'card',
2026-10-04T18:12:07.1054838Z           mechanism: 'separate_charge_transfer',
2026-10-04T18:12:07.1055203Z           status: 'settled',
2026-10-04T18:12:07.1055772Z           head_coach_bps: 0,
2026-10-04T18:12:07.1056371Z           stripe_fee_cents: 200,
2026-10-04T18:12:07.1057020Z           platform_fee_cents: 160,
2026-10-04T18:12:07.1057701Z           head_coach_split_cents: 0,
2026-10-04T18:12:07.1058344Z           coach_net_cents: 7640,
2026-10-04T18:12:07.1058952Z           refunded_cents: 2000,
2026-10-04T18:12:07.1059579Z           dispute_withdrawn_cents: 0,
2026-10-04T18:12:07.1060223Z           dispute_fee_cents: 0,
2026-10-04T18:12:07.1060857Z           target_platform_fee_cents: 160,
2026-10-04T18:12:07.1061510Z           target_head_coach_cents: 0,
2026-10-04T18:12:07.1062672Z           target_coach_net_cents: 5640,
2026-10-04T18:12:07.1063383Z           settled_at: 2026-10-04T18:12:07.030Z,
2026-10-04T18:12:07.1064069Z           adjusted_at: 2026-10-04T18:12:07.028Z,
2026-10-04T18:12:07.1064661Z           last_error: null,
2026-10-04T18:12:07.1065311Z           reconcile_requested_at: null,
2026-10-04T18:12:07.1065979Z           reconcile_dispute_id: null,
2026-10-04T18:12:07.1066629Z           reconcile_reason: null,
2026-10-04T18:12:07.1067260Z           purchase_id: 'cp_probe',
2026-10-04T18:12:07.1067886Z           coach_user_id: 'coach_1',
2026-10-04T18:12:07.1068529Z           stripe_charge_id: 'ch_probe',
2026-10-04T18:12:07.1069129Z           platform_bps: 200,
2026-10-04T18:12:07.1069701Z           gross_cents: 8000
2026-10-04T18:12:07.1070240Z         },
2026-10-04T18:12:07.1070666Z         external: 5640,
2026-10-04T18:12:07.1071189Z         rec: {
2026-10-04T18:12:07.1071679Z           purchase_id: 'cp_probe',
2026-10-04T18:12:07.1072610Z           status: 'ok',
2026-10-04T18:12:07.1073124Z           drift_cents: 0,
2026-10-04T18:12:07.1073606Z           stripe: {
2026-10-04T18:12:07.1074130Z             amount_cents: 8000,
2026-10-04T18:12:07.1074668Z             refunded_cents: 2000,
2026-10-04T18:12:07.1075243Z             application_fee_cents: 0,
2026-10-04T18:12:07.1075809Z             transfers_cents: 5640
2026-10-04T18:12:07.1076302Z           },
2026-10-04T18:12:07.1076753Z           ledger: {
2026-10-04T18:12:07.1077294Z             destination_cents: 7640,
2026-10-04T18:12:07.1077871Z             application_fee_cents: 160,
2026-10-04T18:12:07.1078424Z             head_coach_cents: 0,
2026-10-04T18:12:07.1078969Z             reversed_cents: 2000
2026-10-04T18:12:07.1079453Z           },
2026-10-04T18:12:07.1079918Z           notes: null
2026-10-04T18:12:07.1080365Z         }
2026-10-04T18:12:07.1080794Z       }
2026-10-04T18:12:07.1081196Z 
2026-10-04T18:12:07.1081722Z       at test/aud-sol-f23-117-settlement-boundaries.spec.ts:104:13
2026-10-04T18:12:07.1082465Z 
2026-10-04T18:12:07.1088752Z     console.log
2026-10-04T18:12:07.1089354Z       AUD117_PROVISIONAL_FX {
2026-10-04T18:12:07.1090147Z         failure: 'first Stripe read unavailable',
2026-10-04T18:12:07.1093334Z         row: {
2026-10-04T18:12:07.1094338Z           id: 'cs-13',
2026-10-04T18:12:07.1095109Z           created_at: 2026-10-04T18:12:07.055Z,
2026-10-04T18:12:07.1097578Z           updated_at: 2026-10-04T18:12:07.045Z,
2026-10-04T18:12:07.1098176Z           head_coach_user_id: null,
2026-10-04T18:12:07.1098781Z           stripe_balance_transaction_id: 'txn_probe',
2026-10-04T18:12:07.1099375Z           stripe_invoice_id: null,
2026-10-04T18:12:07.1099837Z           currency: 'usd',
2026-10-04T18:12:07.1100234Z           rail: 'card',
2026-10-04T18:12:07.1100709Z           mechanism: 'separate_charge_transfer',
2026-10-04T18:12:07.1101262Z           status: 'settled',
2026-10-04T18:12:07.1101573Z           head_coach_bps: 0,
2026-10-04T18:12:07.1101879Z           stripe_fee_cents: 200,
2026-10-04T18:12:07.1102374Z           platform_fee_cents: 160,
2026-10-04T18:12:07.1102686Z           head_coach_split_cents: 0,
2026-10-04T18:12:07.1102984Z           coach_net_cents: 7640,
2026-10-04T18:12:07.1103272Z           refunded_cents: 2000,
2026-10-04T18:12:07.1103571Z           dispute_withdrawn_cents: 0,
2026-10-04T18:12:07.1103865Z           dispute_fee_cents: 0,
2026-10-04T18:12:07.1104152Z           target_platform_fee_cents: 160,
2026-10-04T18:12:07.1104474Z           target_head_coach_cents: 0,
2026-10-04T18:12:07.1104768Z           target_coach_net_cents: 5640,
2026-10-04T18:12:07.1105083Z           settled_at: 2026-10-04T18:12:07.044Z,
2026-10-04T18:12:07.1105416Z           adjusted_at: 2026-10-04T18:12:07.044Z,
2026-10-04T18:12:07.1105827Z           last_error: null,
2026-10-04T18:12:07.1106247Z           reconcile_requested_at: null,
2026-10-04T18:12:07.1106564Z           reconcile_dispute_id: null,
2026-10-04T18:12:07.1107011Z           reconcile_reason: null,
2026-10-04T18:12:07.1107536Z           purchase_id: 'cp_probe',
2026-10-04T18:12:07.1107840Z           coach_user_id: 'coach_1',
2026-10-04T18:12:07.1108134Z           stripe_charge_id: 'ch_probe',
2026-10-04T18:12:07.1108417Z           platform_bps: 200,
2026-10-04T18:12:07.1108681Z           gross_cents: 8000
2026-10-04T18:12:07.1108916Z         },
2026-10-04T18:12:07.1109116Z         external: 5640,
2026-10-04T18:12:07.1109338Z         rec: {
2026-10-04T18:12:07.1109572Z           purchase_id: 'cp_probe',
2026-10-04T18:12:07.1109829Z           status: 'ok',
2026-10-04T18:12:07.1110049Z           drift_cents: 0,
2026-10-04T18:12:07.1110281Z           stripe: {
2026-10-04T18:12:07.1110520Z             amount_cents: 8000,
2026-10-04T18:12:07.1110789Z             refunded_cents: 2000,
2026-10-04T18:12:07.1111083Z             application_fee_cents: 0,
2026-10-04T18:12:07.1111375Z             transfers_cents: 5640
2026-10-04T18:12:07.1111613Z           },
2026-10-04T18:12:07.1111810Z           ledger: {
2026-10-04T18:12:07.1112225Z             destination_cents: 7640,
2026-10-04T18:12:07.1112712Z             application_fee_cents: 160,
2026-10-04T18:12:07.1113039Z             head_coach_cents: 0,
2026-10-04T18:12:07.1113315Z             reversed_cents: 2000
2026-10-04T18:12:07.1113557Z           },
2026-10-04T18:12:07.1113752Z           notes: null
2026-10-04T18:12:07.1113966Z         }
2026-10-04T18:12:07.1114150Z       }
2026-10-04T18:12:07.1114261Z 
2026-10-04T18:12:07.1114482Z       at test/aud-sol-f23-117-settlement-boundaries.spec.ts:104:13
2026-10-04T18:12:07.1114772Z 
2026-10-04T18:12:07.1114864Z     console.log
2026-10-04T18:12:07.1115299Z       AUD117_NOTICE_RETRY_FLAG { noticeCount: 0, flag: 2026-10-04T18:12:07.095Z, external: 5640 }
2026-10-04T18:12:07.1115661Z 
2026-10-04T18:12:07.1115954Z       at Object.<anonymous> (test/aud-sol-f23-117-settlement-boundaries.spec.ts:179:13)
2026-10-04T18:12:07.1116318Z 
2026-10-04T18:12:07.3349282Z PASS test/audit-sol-f34-683.spec.ts (165 MB heap size)
2026-10-04T18:12:07.3370695Z 
2026-10-04T18:12:07.3381053Z Test Suites: 1 failed, 3 passed, 4 total
2026-10-04T18:12:07.3381798Z Tests:       3 failed, 35 passed, 38 total
2026-10-04T18:12:07.3382684Z Snapshots:   0 total
2026-10-04T18:12:07.3383124Z Time:        2.399 s
2026-10-04T18:12:07.3385257Z Ran all test suites matching test/aud-sol-f23-118-notice-recovery.spec.ts|test/aud-sol-f23-117-settlement-boundaries.spec.ts|test/audit-sol-f34-683.spec.ts|test/s-fee-r15-deferred-fx-notice-flag.spec.ts.
2026-10-04T18:12:07.4237438Z [33m[Nest] 3078  - [39m10/04/2026, 6:12:07 PM [33m   WARN[39m [38;5;3m[TransferOrchestratorService] [39m[33mSFEE_TRANSFER_FAILED transfer=tr-21 kind=coach_net purchase=cp_audit settlement=cs-17 attempt=1/6 alert=false: kind=stripe http=503 type=api_error code=none; not visible at Stripe yet, re-checked before any re-send[39m
2026-10-04T18:12:07.4714717Z ##[error]Process completed with exit code 1.
2026-10-04T18:12:07.4836265Z Post job cleanup.
2026-10-04T18:12:07.5676568Z [command]/usr/bin/git version
2026-10-04T18:12:07.5713978Z git version 2.55.0
2026-10-04T18:12:07.5755876Z Temporarily overriding HOME='/home/runner/work/_temp/45f16e49-0970-48b9-8698-4ee626040423' before making global git config changes
2026-10-04T18:12:07.5757514Z Adding repository directory to the temporary git global config as a safe directory
2026-10-04T18:12:07.5760852Z [command]/usr/bin/git config --global --add safe.directory /home/runner/work/growth-project-backend/growth-project-backend
2026-10-04T18:12:07.5792301Z Removing SSH command configuration
2026-10-04T18:12:07.5800048Z [command]/usr/bin/git config --local --name-only --get-regexp core\.sshCommand
2026-10-04T18:12:07.5834469Z [command]/usr/bin/git submodule foreach --recursive sh -c "git config --local --name-only --get-regexp 'core\.sshCommand' && git config --local --unset-all 'core.sshCommand' || :"
2026-10-04T18:12:07.6065348Z Removing HTTP extra header
2026-10-04T18:12:07.6070681Z [command]/usr/bin/git config --local --name-only --get-regexp http\.https\:\/\/github\.com\/\.extraheader
2026-10-04T18:12:07.6105718Z [command]/usr/bin/git submodule foreach --recursive sh -c "git config --local --name-only --get-regexp 'http\.https\:\/\/github\.com\/\.extraheader' && git config --local --unset-all 'http.https://github.com/.extraheader' || :"
2026-10-04T18:12:07.6329340Z Removing includeIf entries pointing to credentials config files
2026-10-04T18:12:07.6337484Z [command]/usr/bin/git config --local --name-only --get-regexp ^includeIf\.gitdir:
2026-10-04T18:12:07.6365854Z includeif.gitdir:/home/runner/work/growth-project-backend/growth-project-backend/.git.path
2026-10-04T18:12:07.6366879Z includeif.gitdir:/home/runner/work/growth-project-backend/growth-project-backend/.git/worktrees/*.path
2026-10-04T18:12:07.6367584Z includeif.gitdir:/github/workspace/.git.path
2026-10-04T18:12:07.6368067Z includeif.gitdir:/github/workspace/.git/worktrees/*.path
2026-10-04T18:12:07.6375329Z [command]/usr/bin/git config --local --get-all includeif.gitdir:/home/runner/work/growth-project-backend/growth-project-backend/.git.path
2026-10-04T18:12:07.6396553Z /home/runner/work/_temp/git-credentials-163da7a8-d392-496d-8475-bca0731974ff.config
2026-10-04T18:12:07.6407920Z [command]/usr/bin/git config --local --unset includeif.gitdir:/home/runner/work/growth-project-backend/growth-project-backend/.git.path /home/runner/work/_temp/git-credentials-163da7a8-d392-496d-8475-bca0731974ff.config
2026-10-04T18:12:07.6447015Z [command]/usr/bin/git config --local --get-all includeif.gitdir:/home/runner/work/growth-project-backend/growth-project-backend/.git/worktrees/*.path
2026-10-04T18:12:07.6474639Z /home/runner/work/_temp/git-credentials-163da7a8-d392-496d-8475-bca0731974ff.config
2026-10-04T18:12:07.6486015Z [command]/usr/bin/git config --local --unset includeif.gitdir:/home/runner/work/growth-project-backend/growth-project-backend/.git/worktrees/*.path /home/runner/work/_temp/git-credentials-163da7a8-d392-496d-8475-bca0731974ff.config
2026-10-04T18:12:07.6526107Z [command]/usr/bin/git config --local --get-all includeif.gitdir:/github/workspace/.git.path
2026-10-04T18:12:07.6559011Z /github/runner_temp/git-credentials-163da7a8-d392-496d-8475-bca0731974ff.config
2026-10-04T18:12:07.6567798Z [command]/usr/bin/git config --local --unset includeif.gitdir:/github/workspace/.git.path /github/runner_temp/git-credentials-163da7a8-d392-496d-8475-bca0731974ff.config
2026-10-04T18:12:07.6605542Z [command]/usr/bin/git config --local --get-all includeif.gitdir:/github/workspace/.git/worktrees/*.path
2026-10-04T18:12:07.6632353Z /github/runner_temp/git-credentials-163da7a8-d392-496d-8475-bca0731974ff.config
2026-10-04T18:12:07.6644283Z [command]/usr/bin/git config --local --unset includeif.gitdir:/github/workspace/.git/worktrees/*.path /github/runner_temp/git-credentials-163da7a8-d392-496d-8475-bca0731974ff.config
2026-10-04T18:12:07.6682455Z [command]/usr/bin/git submodule foreach --recursive git config --local --show-origin --name-only --get-regexp remote.origin.url
2026-10-04T18:12:07.6944322Z Removing credentials config '/home/runner/work/_temp/git-credentials-163da7a8-d392-496d-8475-bca0731974ff.config'
2026-10-04T18:12:07.7071969Z Print service container logs: e4347b524d8948b4b9fb56ddedf6ab09_redis7alpine_77508c
2026-10-04T18:12:07.7076951Z ##[command]/usr/bin/docker logs --details 07295abfc1f53168a17e4b7048b099012baaf6db871536c904ad9a88020cdb6b
2026-10-04T18:12:07.7204443Z  1:C 04 Oct 2026 18:11:17.207 # WARNING Memory overcommit must be enabled! Without it, a background save or replication may fail under low memory condition. Being disabled, it can also cause failures without low memory condition, see https://github.com/jemalloc/jemalloc/issues/1328. To fix this issue add 'vm.overcommit_memory = 1' to /etc/sysctl.conf and then reboot or run the command 'sysctl vm.overcommit_memory=1' for this to take effect.
2026-10-04T18:12:07.7206525Z  1:C 04 Oct 2026 18:11:17.207 * oO0OoO0OoO0Oo Redis is starting oO0OoO0OoO0Oo
2026-10-04T18:12:07.7207165Z  1:C 04 Oct 2026 18:11:17.207 * Redis version=7.4.11, bits=64, commit=00000000, modified=0, pid=1, just started
2026-10-04T18:12:07.7208409Z  1:C 04 Oct 2026 18:11:17.207 # Warning: no config file specified, using the default config. In order to specify a config file use redis-server /path/to/redis.conf
2026-10-04T18:12:07.7209228Z  1:M 04 Oct 2026 18:11:17.208 * monotonic clock: POSIX clock_gettime
2026-10-04T18:12:07.7209676Z  1:M 04 Oct 2026 18:11:17.208 * Running mode=standalone, port=6379.
2026-10-04T18:12:07.7210086Z  1:M 04 Oct 2026 18:11:17.209 * Server initialized
2026-10-04T18:12:07.7210470Z  1:M 04 Oct 2026 18:11:17.209 * Ready to accept connections tcp
2026-10-04T18:12:07.7228050Z Stop and remove container: e4347b524d8948b4b9fb56ddedf6ab09_redis7alpine_77508c
2026-10-04T18:12:07.7233073Z ##[command]/usr/bin/docker rm --force 07295abfc1f53168a17e4b7048b099012baaf6db871536c904ad9a88020cdb6b
2026-10-04T18:12:09.3819487Z 07295abfc1f53168a17e4b7048b099012baaf6db871536c904ad9a88020cdb6b
2026-10-04T18:12:09.3848794Z Remove container network: github_network_d6d6fd7b6f1344d9b5a0c464962071be
2026-10-04T18:12:09.3853555Z ##[command]/usr/bin/docker network rm github_network_d6d6fd7b6f1344d9b5a0c464962071be
2026-10-04T18:12:09.5048478Z github_network_d6d6fd7b6f1344d9b5a0c464962071be
2026-10-04T18:12:09.5118521Z Cleaning up orphan processes
