[heavy] waiting for a slot: npx jest --ci test/checkout-webhook-handler.spec.ts test/b-trials-notice-and-webhook.spec.ts test/b-trials-3-fix-round.spec.ts test/b-trials-7-draft-fence.spec.ts
[31m[Nest] 20449  - [39m10/05/2026, 8:15:19 PM [31m  ERROR[39m [38;5;3m[CheckoutWebhookHandlerService] [39m[31mPaymentIntent pi_r3 cannot be read (stripe_404_resource_missing): its payment_intent.payment_failed is not applied[39m
[33m[Nest] 20449  - [39m10/05/2026, 8:15:19 PM [33m   WARN[39m [38;5;3m[CheckoutWebhookHandlerService] [39m[33mPaymentIntent status lookup failed for pi_r3 (Error): Stripe redelivers[39m
[33m[Nest] 20449  - [39m10/05/2026, 8:15:19 PM [33m   WARN[39m [38;5;3m[CheckoutWebhookHandlerService] [39m[33mPaymentIntent status lookup failed for pi_r3 (stripe_429_rate_limit): Stripe redelivers[39m
PASS test/checkout-webhook-handler.spec.ts (5.339 s, 110 MB heap size)
[31m[Nest] 20449  - [39m10/05/2026, 8:15:21 PM [31m  ERROR[39m [38;5;3m[TrialUsageService] [39m[31mtrial conflict: purchase pur-1 started a trial while another purchase holds this client's trial with the coach (TRIAL_ALREADY_USED)[39m
[31m[Nest] 20449  - [39m10/05/2026, 8:15:21 PM [31m  ERROR[39m [38;5;3m[TrialUsageService] [39m[31mtrial conflict: purchase pur-1 started a trial while another purchase holds this client's trial with the coach (TRIAL_ALREADY_USED)[39m
[31m[Nest] 20449  - [39m10/05/2026, 8:15:21 PM [31m  ERROR[39m [38;5;3m[TrialConflictService] [39m[31mtrial conflict: cancel not done for purchase pur-1 attempt=1 code=http_503 (TRIAL_ALREADY_USED, retried by the sweep)[39m
[31m[Nest] 20449  - [39m10/05/2026, 8:15:21 PM [31m  ERROR[39m [38;5;3m[TrialUsageService] [39m[31mtrial conflict: purchase pur-1 started a trial while another purchase holds this client's trial with the coach (TRIAL_ALREADY_USED)[39m
[31m[Nest] 20449  - [39m10/05/2026, 8:15:21 PM [31m  ERROR[39m [38;5;3m[TrialUsageService] [39m[31mtrial conflict: purchase pur-1 started a trial while another purchase holds this client's trial with the coach (TRIAL_ALREADY_USED)[39m
[31m[Nest] 20449  - [39m10/05/2026, 8:15:21 PM [31m  ERROR[39m [38;5;3m[TrialUsageService] [39m[31mtrial conflict: purchase pur-1 started a trial while another purchase holds this client's trial with the coach (TRIAL_ALREADY_USED)[39m
[31m[Nest] 20449  - [39m10/05/2026, 8:15:21 PM [31m  ERROR[39m [38;5;3m[TrialUsageService] [39m[31mtrial conflict: purchase pur-1 started a trial while another purchase holds this client's trial with the coach (TRIAL_ALREADY_USED)[39m
[31m[Nest] 20449  - [39m10/05/2026, 8:15:21 PM [31m  ERROR[39m [38;5;3m[TrialUsageService] [39m[31mtrial conflict: purchase pur-1 started a trial while another purchase holds this client's trial with the coach (TRIAL_ALREADY_USED)[39m
[31m[Nest] 20449  - [39m10/05/2026, 8:15:41 PM [31m  ERROR[39m [38;5;3m[TrialConflictService] [39m[31mtrial conflict: cancel not done for purchase pur-1 attempt=1 code=timeout (TRIAL_ALREADY_USED, retried by the sweep)[39m
[31m[Nest] 20449  - [39m10/05/2026, 8:15:21 PM [31m  ERROR[39m [38;5;3m[TrialUsageService] [39m[31mtrial conflict: purchase pur-1 started a trial while another purchase holds this client's trial with the coach (TRIAL_ALREADY_USED)[39m
[31m[Nest] 20449  - [39m10/05/2026, 8:15:21 PM [31m  ERROR[39m [38;5;3m[TrialConflictService] [39m[31mtrial conflict: cancel not done for purchase pur-1 attempt=1 code=http_500 (TRIAL_ALREADY_USED, retried by the sweep)[39m
[31m[Nest] 20449  - [39m10/05/2026, 8:15:21 PM [31m  ERROR[39m [38;5;3m[TrialConflictService] [39m[31mtrial conflict: cancel not done for purchase pur-1 attempt=2 code=http_500 (TRIAL_ALREADY_USED, retried by the sweep)[39m
[31m[Nest] 20449  - [39m10/05/2026, 8:15:21 PM [31m  ERROR[39m [38;5;3m[TrialConflictService] [39m[31mtrial conflict: cancel not done for purchase pur-1 attempt=3 code=http_500 (TRIAL_ALREADY_USED, retried by the sweep)[39m
[31m[Nest] 20449  - [39m10/05/2026, 8:15:21 PM [31m  ERROR[39m [38;5;3m[TrialConflictService] [39m[31mtrial conflict: cancel not done for purchase pur-1 attempt=4 code=http_500 (TRIAL_ALREADY_USED, retried by the sweep)[39m
[31m[Nest] 20449  - [39m10/05/2026, 8:15:21 PM [31m  ERROR[39m [38;5;3m[TrialConflictService] [39m[31mtrial conflict: cancel not done for purchase pur-1 attempt=5 code=http_500 (TRIAL_ALREADY_USED, retried by the sweep)[39m
[31m[Nest] 20449  - [39m10/05/2026, 8:15:21 PM [31m  ERROR[39m [38;5;3m[TrialUsageService] [39m[31mtrial conflict: purchase pur-1 started a trial while another purchase holds this client's trial with the coach (TRIAL_ALREADY_USED)[39m
[31m[Nest] 20449  - [39m10/05/2026, 8:15:21 PM [31m  ERROR[39m [38;5;3m[TrialConflictService] [39m[31mtrial conflict superseded: purchase pur-1 started billing before its cancel succeeded (TRIAL_ALREADY_USED, offer a refund)[39m
[31m[Nest] 20449  - [39m10/05/2026, 8:15:21 PM [31m  ERROR[39m [38;5;3m[TrialUsageService] [39m[31mtrial conflict: purchase pur-1 started a trial while another purchase holds this client's trial with the coach (TRIAL_ALREADY_USED)[39m
[31m[Nest] 20449  - [39m10/05/2026, 8:15:21 PM [31m  ERROR[39m [38;5;3m[TrialUsageService] [39m[31mtrial conflict: purchase pur-1 started a trial while another purchase holds this client's trial with the coach (TRIAL_ALREADY_USED)[39m
[33m[Nest] 20449  - [39m10/05/2026, 8:15:21 PM [33m   WARN[39m [38;5;3m[TrialConflictService] [39m[33mtrial conflict: cancelled subscription for purchase pur-1 (TRIAL_ALREADY_USED)[39m
[33m[Nest] 20449  - [39m10/05/2026, 8:15:21 PM [33m   WARN[39m [38;5;3m[TrialConflictService] [39m[33mtrial conflict: cancelled subscription for purchase pur-1 (TRIAL_ALREADY_USED)[39m
[33m[Nest] 20449  - [39m10/05/2026, 8:15:21 PM [33m   WARN[39m [38;5;3m[TrialConflictService] [39m[33mtrial conflict: cancelled subscription for purchase pur-1 (TRIAL_ALREADY_USED)[39m
[33m[Nest] 20449  - [39m10/05/2026, 8:15:21 PM [33m   WARN[39m [38;5;3m[TrialConflictService] [39m[33mtrial conflict: cancelled subscription for purchase pur-1 (TRIAL_ALREADY_USED)[39m
[33m[Nest] 20449  - [39m10/05/2026, 8:15:21 PM [33m   WARN[39m [38;5;3m[TrialNoticeService] [39m[33mtrial notice push outcome dropped (lease lost) notice=row_1[39m
[33m[Nest] 20449  - [39m10/05/2026, 8:15:21 PM [33m   WARN[39m [38;5;3m[TrialNoticeService] [39m[33mtrial notice email outcome dropped (lease lost) notice=row_1[39m
[33m[Nest] 20449  - [39m10/05/2026, 8:15:56 PM [33m   WARN[39m [38;5;3m[TrialNoticeService] [39m[33mtrial notice push still running after abort notice=row_1; lease held[39m
[31m[Nest] 20449  - [39m10/05/2026, 8:15:22 PM [31m  ERROR[39m [38;5;3m[TrialUsageService] [39m[31mtrial conflict: purchase pur-1 started a trial while another purchase holds this client's trial with the coach (TRIAL_ALREADY_USED)[39m
[31m[Nest] 20449  - [39m10/05/2026, 8:15:22 PM [31m  ERROR[39m [38;5;3m[TrialConflictService] [39m[31mtrial conflict: cancel not done for purchase pur-1 attempt=1 code=http_500 (TRIAL_ALREADY_USED, retried by the sweep)[39m
[31m[Nest] 20449  - [39m10/05/2026, 8:15:22 PM [31m  ERROR[39m [38;5;3m[TrialConflictService] [39m[31mtrial conflict: cancel not done for purchase pur-1 attempt=2 code=http_500 (TRIAL_ALREADY_USED, retried by the sweep)[39m
[31m[Nest] 20449  - [39m10/05/2026, 8:15:22 PM [31m  ERROR[39m [38;5;3m[TrialConflictService] [39m[31mtrial conflict: cancel not done for purchase pur-1 attempt=3 code=http_500 (TRIAL_ALREADY_USED, retried by the sweep)[39m
[31m[Nest] 20449  - [39m10/05/2026, 8:15:22 PM [31m  ERROR[39m [38;5;3m[TrialConflictService] [39m[31mtrial conflict superseded: purchase pur-1 started billing before its cancel succeeded (TRIAL_ALREADY_USED, offer a refund)[39m
[31m[Nest] 20449  - [39m10/05/2026, 8:15:22 PM [31m  ERROR[39m [38;5;3m[TrialUsageService] [39m[31mtrial conflict: purchase pur-1 started a trial while another purchase holds this client's trial with the coach (TRIAL_ALREADY_USED)[39m
[31m[Nest] 20449  - [39m10/05/2026, 8:15:22 PM [31m  ERROR[39m [38;5;3m[TrialConflictService] [39m[31mtrial conflict: cancel not done for purchase pur-1 attempt=1 code=http_500 (TRIAL_ALREADY_USED, retried by the sweep)[39m
[31m[Nest] 20449  - [39m10/05/2026, 8:15:22 PM [31m  ERROR[39m [38;5;3m[TrialConflictService] [39m[31mtrial conflict: cancel not done for purchase pur-1 attempt=2 code=http_500 (TRIAL_ALREADY_USED, retried by the sweep)[39m
[31m[Nest] 20449  - [39m10/05/2026, 8:15:22 PM [31m  ERROR[39m [38;5;3m[TrialConflictService] [39m[31mtrial conflict: cancel not done for purchase pur-1 attempt=3 code=http_500 (TRIAL_ALREADY_USED, retried by the sweep)[39m
[31m[Nest] 20449  - [39m10/05/2026, 8:15:22 PM [31m  ERROR[39m [38;5;3m[TrialConflictService] [39m[31mtrial conflict superseded: purchase pur-1 started billing before its cancel succeeded (TRIAL_ALREADY_USED, offer a refund)[39m
[33m[Nest] 20449  - [39m10/05/2026, 8:15:22 PM [33m   WARN[39m [38;5;3m[TrialNoticeService] [39m[33mtrial notice card lookup failed: Error[39m
[33m[Nest] 20449  - [39m10/05/2026, 8:15:22 PM [33m   WARN[39m [38;5;3m[TrialNoticeService] [39m[33mtrial notice delivery deferred notice=row_1 code=card_state_unknown[39m
[33m[Nest] 20449  - [39m10/05/2026, 8:15:22 PM [33m   WARN[39m [38;5;3m[TrialNoticeService] [39m[33mtrial notice card lookup failed: Error[39m
[31m[Nest] 20449  - [39m10/05/2026, 8:15:22 PM [31m  ERROR[39m [38;5;3m[TrialUsageService] [39m[31mtrial conflict: purchase pur-1 started a trial while another purchase holds this client's trial with the coach (TRIAL_ALREADY_USED)[39m
[31m[Nest] 20449  - [39m10/05/2026, 8:15:22 PM [31m  ERROR[39m [38;5;3m[TrialConflictService] [39m[31mtrial conflict superseded: purchase pur-1 started billing before its cancel succeeded (TRIAL_ALREADY_USED, offer a refund)[39m
[31m[Nest] 20449  - [39m10/05/2026, 8:15:22 PM [31m  ERROR[39m [38;5;3m[TrialUsageService] [39m[31mtrial conflict: purchase pur-1 started a trial while another purchase holds this client's trial with the coach (TRIAL_ALREADY_USED)[39m
[31m[Nest] 20449  - [39m10/05/2026, 8:15:22 PM [31m  ERROR[39m [38;5;3m[TrialConflictService] [39m[31mtrial conflict: cancel not done for purchase pur-1 attempt=1 code=http_503 (TRIAL_ALREADY_USED, retried by the sweep)[39m
[31m[Nest] 20449  - [39m10/05/2026, 8:15:22 PM [31m  ERROR[39m [38;5;3m[TrialConflictService] [39m[31mtrial conflict: cancel not done for purchase pur-1 attempt=2 code=state_unknown (TRIAL_ALREADY_USED, retried by the sweep)[39m
[31m[Nest] 20449  - [39m10/05/2026, 8:15:22 PM [31m  ERROR[39m [38;5;3m[TrialUsageService] [39m[31mtrial conflict: purchase pur-1 started a trial while another purchase holds this client's trial with the coach (TRIAL_ALREADY_USED)[39m
[31m[Nest] 20449  - [39m10/05/2026, 8:15:22 PM [31m  ERROR[39m [38;5;3m[TrialUsageService] [39m[31mtrial conflict: purchase pur-1 started a trial while another purchase holds this client's trial with the coach (TRIAL_ALREADY_USED)[39m
[31m[Nest] 20449  - [39m10/05/2026, 8:15:22 PM [31m  ERROR[39m [38;5;3m[TrialUsageService] [39m[31mtrial conflict: purchase pur-1 started a trial while another purchase holds this client's trial with the coach (TRIAL_ALREADY_USED)[39m
PASS test/b-trials-3-fix-round.spec.ts (170 MB heap size)
[33m[Nest] 20449  - [39m10/05/2026, 8:15:22 PM [33m   WARN[39m [38;5;3m[TrialConflictService] [39m[33mtrial conflict: purchase pur-1 billed before its cancel; kept as a paid plan (TRIAL_ALREADY_USED)[39m
[33m[Nest] 20449  - [39m10/05/2026, 8:15:22 PM [33m   WARN[39m [38;5;3m[TrialConflictService] [39m[33mtrial conflict: cancelled subscription for purchase pur-1 (TRIAL_ALREADY_USED)[39m
[33m[Nest] 20449  - [39m10/05/2026, 8:15:22 PM [33m   WARN[39m [38;5;3m[TrialConflictService] [39m[33mtrial conflict: cancelled subscription for purchase pur-1 (TRIAL_ALREADY_USED)[39m
[33m[Nest] 20449  - [39m10/09/2026, 5:00:09 PM [33m   WARN[39m [38;5;3m[TrialConflictService] [39m[33mtrial conflict: cancelled subscription for purchase p-0 (TRIAL_ALREADY_USED)[39m
[33m[Nest] 20449  - [39m10/09/2026, 5:00:18 PM [33m   WARN[39m [38;5;3m[TrialConflictService] [39m[33mtrial conflict: cancelled subscription for purchase p-1 (TRIAL_ALREADY_USED)[39m
[33m[Nest] 20449  - [39m10/09/2026, 5:00:27 PM [33m   WARN[39m [38;5;3m[TrialConflictService] [39m[33mtrial conflict: cancelled subscription for purchase p-2 (TRIAL_ALREADY_USED)[39m
[33m[Nest] 20449  - [39m10/09/2026, 5:00:36 PM [33m   WARN[39m [38;5;3m[TrialConflictService] [39m[33mtrial conflict: cancelled subscription for purchase p-3 (TRIAL_ALREADY_USED)[39m
[33m[Nest] 20449  - [39m10/09/2026, 5:00:45 PM [33m   WARN[39m [38;5;3m[TrialConflictService] [39m[33mtrial conflict: cancelled subscription for purchase p-4 (TRIAL_ALREADY_USED)[39m
[33m[Nest] 20449  - [39m10/09/2026, 5:00:54 PM [33m   WARN[39m [38;5;3m[TrialConflictService] [39m[33mtrial conflict: cancelled subscription for purchase p-5 (TRIAL_ALREADY_USED)[39m
[33m[Nest] 20449  - [39m10/09/2026, 5:01:03 PM [33m   WARN[39m [38;5;3m[TrialConflictService] [39m[33mtrial conflict: cancelled subscription for purchase p-6 (TRIAL_ALREADY_USED)[39m
[33m[Nest] 20449  - [39m10/09/2026, 5:01:08 PM [33m   WARN[39m [38;5;3m[TrialConflictService] [39m[33mtrial conflict: cancelled subscription for purchase p-7 (TRIAL_ALREADY_USED)[39m
[31m[Nest] 20449  - [39m10/05/2026, 8:15:25 PM [31m  ERROR[39m [38;5;3m[TrialNoticeService] [39m[31mtrial notice reconcile errored: TypeError[39m
[31m[Nest] 20449  - [39m10/05/2026, 8:15:25 PM [31m  ERROR[39m [38;5;3m[TrialNoticeService] [39m[31mtrial notice reconcile errored: TypeError[39m
[31m[Nest] 20449  - [39m10/05/2026, 8:15:25 PM [31m  ERROR[39m [38;5;3m[TrialNoticeService] [39m[31mtrial notice reconcile errored: TypeError[39m
[31m[Nest] 20449  - [39m10/05/2026, 8:15:25 PM [31m  ERROR[39m [38;5;3m[TrialUsageService] [39m[31mtrial conflict: purchase pur-1 started a trial while another purchase holds this client's trial with the coach (TRIAL_ALREADY_USED)[39m
[31m[Nest] 20449  - [39m10/05/2026, 8:15:25 PM [31m  ERROR[39m [38;5;3m[BillingService] [39m[31mStripe event handler failed event=evt_t2 type=customer.subscription.trial_will_end: db down[39m
PASS test/b-trials-notice-and-webhook.spec.ts (248 MB heap size)
[33m[Nest] 20449  - [39m10/05/2026, 8:15:25 PM [33m   WARN[39m [38;5;3m[CheckoutWebhookHandlerService] [39m[33mtrial conflict: cancelled subscription sub_1 (TRIAL_ALREADY_USED)[39m
[31m[Nest] 20449  - [39m10/05/2026, 8:15:26 PM [31m  ERROR[39m [38;5;3m[TrialConflictService] [39m[31mtrial conflict superseded: purchase pur-1 started billing before its cancel succeeded (TRIAL_ALREADY_USED, offer a refund)[39m
[31m[Nest] 20449  - [39m10/05/2026, 8:15:26 PM [31m  ERROR[39m [38;5;3m[TrialConflictService] [39m[31mtrial conflict superseded: purchase pur-1 started billing before its cancel succeeded (TRIAL_ALREADY_USED, offer a refund)[39m
[31m[Nest] 20449  - [39m10/05/2026, 8:15:26 PM [31m  ERROR[39m [38;5;3m[TrialConflictService] [39m[31mtrial conflict: cancel not done for purchase pur-1 attempt=1 code=draft_not_fenced (TRIAL_ALREADY_USED, retried by the sweep)[39m
[31m[Nest] 20449  - [39m10/05/2026, 8:15:26 PM [31m  ERROR[39m [38;5;3m[TrialConflictService] [39m[31mtrial conflict: cancel not done for purchase pur-1 attempt=1 code=draft_not_fenced (TRIAL_ALREADY_USED, retried by the sweep)[39m
[33m[Nest] 20449  - [39m10/05/2026, 8:15:26 PM [33m   WARN[39m [38;5;3m[TrialConflictService] [39m[33mtrial conflict: purchase pur-1 billed before its cancel; kept as a paid plan (TRIAL_ALREADY_USED)[39m
[33m[Nest] 20449  - [39m10/05/2026, 8:15:26 PM [33m   WARN[39m [38;5;3m[TrialConflictService] [39m[33mtrial conflict: purchase pur-1 billed before its cancel; kept as a paid plan (TRIAL_ALREADY_USED)[39m
[33m[Nest] 20449  - [39m10/05/2026, 8:15:26 PM [33m   WARN[39m [38;5;3m[TrialConflictService] [39m[33mtrial conflict: purchase pur-1 billed before its cancel; kept as a paid plan (TRIAL_ALREADY_USED)[39m
[33m[Nest] 20449  - [39m10/05/2026, 8:15:26 PM [33m   WARN[39m [38;5;3m[TrialConflictService] [39m[33mtrial conflict: purchase pur-1 billed before its cancel; kept as a paid plan (TRIAL_ALREADY_USED)[39m
[33m[Nest] 20449  - [39m10/05/2026, 8:15:26 PM [33m   WARN[39m [38;5;3m[TrialConflictService] [39m[33mtrial conflict: cancelled subscription for purchase pur-1 (TRIAL_ALREADY_USED)[39m
[33m[Nest] 20449  - [39m10/05/2026, 8:15:26 PM [33m   WARN[39m [38;5;3m[TrialConflictService] [39m[33mtrial conflict: cancelled subscription for purchase pur-1 (TRIAL_ALREADY_USED)[39m
[31m[Nest] 20449  - [39m10/05/2026, 8:15:26 PM [31m  ERROR[39m [38;5;3m[TrialConflictService] [39m[31mtrial conflict: cancel not done for purchase pur-1 attempt=1 code=invoices_unknown (TRIAL_ALREADY_USED, retried by the sweep)[39m
[31m[Nest] 20449  - [39m10/05/2026, 8:15:26 PM [31m  ERROR[39m [38;5;3m[TrialConflictService] [39m[31mtrial conflict: cancel not done for purchase pur-1 attempt=1 code=invoices_unknown (TRIAL_ALREADY_USED, retried by the sweep)[39m
[31m[Nest] 20449  - [39m10/05/2026, 8:15:26 PM [31m  ERROR[39m [38;5;3m[TrialConflictService] [39m[31mtrial conflict: cancel not done for purchase pur-1 attempt=1 code=invoices_unknown (TRIAL_ALREADY_USED, retried by the sweep)[39m
[31m[Nest] 20449  - [39m10/05/2026, 8:15:26 PM [31m  ERROR[39m [38;5;3m[TrialConflictService] [39m[31mtrial conflict: cancel not done for purchase pur-1 attempt=1 code=invoices_unknown (TRIAL_ALREADY_USED, retried by the sweep)[39m
[31m[Nest] 20449  - [39m10/05/2026, 8:15:26 PM [31m  ERROR[39m [38;5;3m[TrialConflictService] [39m[31mtrial conflict: cancel not done for purchase pur-1 attempt=1 code=invoices_unknown (TRIAL_ALREADY_USED, retried by the sweep)[39m
[31m[Nest] 20449  - [39m10/05/2026, 8:15:26 PM [31m  ERROR[39m [38;5;3m[TrialConflictService] [39m[31mtrial conflict: cancel not done for purchase pur-1 attempt=1 code=invoices_unknown (TRIAL_ALREADY_USED, retried by the sweep)[39m
[31m[Nest] 20449  - [39m10/05/2026, 8:15:26 PM [31m  ERROR[39m [38;5;3m[TrialConflictService] [39m[31mtrial conflict: cancel not done for purchase pur-1 attempt=1 code=invoices_unknown (TRIAL_ALREADY_USED, retried by the sweep)[39m
[31m[Nest] 20449  - [39m10/05/2026, 8:15:26 PM [31m  ERROR[39m [38;5;3m[TrialConflictService] [39m[31mtrial conflict: cancel not done for purchase pur-1 attempt=1 code=invoices_unknown (TRIAL_ALREADY_USED, retried by the sweep)[39m
[31m[Nest] 20449  - [39m10/05/2026, 8:15:26 PM [31m  ERROR[39m [38;5;3m[TrialConflictService] [39m[31mtrial conflict: cancel not done for purchase pur-1 attempt=1 code=draft_not_fenced (TRIAL_ALREADY_USED, retried by the sweep)[39m
[31m[Nest] 20449  - [39m10/05/2026, 8:15:26 PM [31m  ERROR[39m [38;5;3m[TrialConflictService] [39m[31mtrial conflict: cancel not done for purchase pur-1 attempt=1 code=draft_not_fenced (TRIAL_ALREADY_USED, retried by the sweep)[39m
[31m[Nest] 20449  - [39m10/05/2026, 8:15:26 PM [31m  ERROR[39m [38;5;3m[TrialConflictService] [39m[31mtrial conflict: cancel not done for purchase pur-1 attempt=1 code=draft_not_fenced (TRIAL_ALREADY_USED, retried by the sweep)[39m
[31m[Nest] 20449  - [39m10/05/2026, 8:15:26 PM [31m  ERROR[39m [38;5;3m[TrialConflictService] [39m[31mtrial conflict: cancel not done for purchase pur-1 attempt=1 code=draft_not_fenced (TRIAL_ALREADY_USED, retried by the sweep)[39m
[31m[Nest] 20449  - [39m10/05/2026, 8:15:26 PM [31m  ERROR[39m [38;5;3m[TrialConflictService] [39m[31mtrial conflict: cancel not done for purchase pur-1 attempt=1 code=draft_not_fenced (TRIAL_ALREADY_USED, retried by the sweep)[39m
[31m[Nest] 20449  - [39m10/05/2026, 8:15:26 PM [31m  ERROR[39m [38;5;3m[TrialConflictService] [39m[31mtrial conflict: cancel not done for purchase pur-1 attempt=1 code=invoice_not_voided (TRIAL_ALREADY_USED, retried by the sweep)[39m
[31m[Nest] 20449  - [39m10/05/2026, 8:15:26 PM [31m  ERROR[39m [38;5;3m[TrialConflictService] [39m[31mtrial conflict: cancel not done for purchase pur-1 attempt=1 code=invoices_too_many (TRIAL_ALREADY_USED, retried by the sweep)[39m
[31m[Nest] 20449  - [39m10/05/2026, 8:15:26 PM [31m  ERROR[39m [38;5;3m[TrialConflictService] [39m[31mtrial conflict: cancel not done for purchase pur-1 attempt=1 code=invoices_changed (TRIAL_ALREADY_USED, retried by the sweep)[39m
[31m[Nest] 20449  - [39m10/05/2026, 8:15:26 PM [31m  ERROR[39m [38;5;3m[TrialConflictService] [39m[31mtrial conflict: cancel not done for purchase pur-1 attempt=1 code=invoices_changed (TRIAL_ALREADY_USED, retried by the sweep)[39m
[31m[Nest] 20449  - [39m10/05/2026, 8:15:26 PM [31m  ERROR[39m [38;5;3m[TrialConflictService] [39m[31mtrial conflict: cancel not done for purchase pur-1 attempt=1 code=invoices_changed (TRIAL_ALREADY_USED, retried by the sweep)[39m
[31m[Nest] 20449  - [39m10/05/2026, 8:15:26 PM [31m  ERROR[39m [38;5;3m[TrialConflictService] [39m[31mtrial conflict: cancel not done for purchase pur-1 attempt=1 code=invoices_unknown (TRIAL_ALREADY_USED, retried by the sweep)[39m
[31m[Nest] 20449  - [39m10/05/2026, 8:15:26 PM [31m  ERROR[39m [38;5;3m[TrialConflictService] [39m[31mtrial conflict: cancel not done for purchase pur-1 attempt=1 code=invoices_unknown (TRIAL_ALREADY_USED, retried by the sweep)[39m
[31m[Nest] 20449  - [39m10/05/2026, 8:15:26 PM [31m  ERROR[39m [38;5;3m[TrialConflictService] [39m[31mtrial conflict: cancel not done for purchase pur-1 attempt=1 code=invoices_unknown (TRIAL_ALREADY_USED, retried by the sweep)[39m
[31m[Nest] 20449  - [39m10/05/2026, 8:15:26 PM [31m  ERROR[39m [38;5;3m[TrialConflictService] [39m[31mtrial conflict: cancel not done for purchase pur-1 attempt=1 code=history_unknown (TRIAL_ALREADY_USED, retried by the sweep)[39m
[33m[Nest] 20449  - [39m10/05/2026, 8:15:26 PM [33m   WARN[39m [38;5;3m[TrialConflictService] [39m[33mtrial conflict: purchase pur-1 billed before its cancel; kept as a paid plan (TRIAL_ALREADY_USED)[39m
[33m[Nest] 20449  - [39m10/05/2026, 8:15:26 PM [33m   WARN[39m [38;5;3m[TrialConflictService] [39m[33mtrial conflict: cancelled subscription for purchase pur-1 (TRIAL_ALREADY_USED)[39m
PASS test/b-trials-7-draft-fence.spec.ts (281 MB heap size)
[33m[Nest] 20449  - [39m10/05/2026, 8:15:26 PM [33m   WARN[39m [38;5;3m[TrialConflictService] [39m[33mtrial conflict: cancelled subscription for purchase pur-1 (TRIAL_ALREADY_USED)[39m
[33m[Nest] 20449  - [39m10/05/2026, 8:15:26 PM [33m   WARN[39m [38;5;3m[TrialConflictService] [39m[33mtrial conflict: cancelled subscription for purchase pur-1 (TRIAL_ALREADY_USED)[39m
[33m[Nest] 20449  - [39m10/05/2026, 8:15:26 PM [33m   WARN[39m [38;5;3m[TrialConflictService] [39m[33mtrial conflict: cancelled subscription for purchase pur-1 (TRIAL_ALREADY_USED)[39m

Test Suites: 4 passed, 4 total
Tests:       181 passed, 181 total
Snapshots:   0 total
Time:        14.448 s
Ran all test suites matching test/checkout-webhook-handler.spec.ts|test/b-trials-notice-and-webhook.spec.ts|test/b-trials-3-fix-round.spec.ts|test/b-trials-7-draft-fence.spec.ts.
