targeted	Targeted jest	﻿2026-10-04T02:33:25.7155781Z ##[group]Run set -euo pipefail
targeted	Targeted jest	2026-10-04T02:33:25.7156110Z ^[[36;1mset -euo pipefail^[[0m
targeted	Targeted jest	2026-10-04T02:33:25.7156434Z ^[[36;1mtest -s .ci-lane-specs || { echo "missing .ci-lane-specs"; exit 2; }^[[0m
targeted	Targeted jest	2026-10-04T02:33:25.7156890Z ^[[36;1mmapfile -t SPECS < <(grep -vE '^\s*(#|$)' .ci-lane-specs)^[[0m
targeted	Targeted jest	2026-10-04T02:33:25.7157195Z ^[[36;1mecho "specs: ${SPECS[*]}"^[[0m
targeted	Targeted jest	2026-10-04T02:33:25.7157471Z ^[[36;1mnpx jest --ci --runInBand "${SPECS[@]}"^[[0m
targeted	Targeted jest	2026-10-04T02:33:25.7194484Z shell: /usr/bin/bash --noprofile --norc -e -o pipefail {0}
targeted	Targeted jest	2026-10-04T02:33:25.7194818Z env:
targeted	Targeted jest	2026-10-04T02:33:25.7195062Z   NODE_OPTIONS: --max-old-space-size=4096
targeted	Targeted jest	2026-10-04T02:33:25.7195406Z   THROTTLER_LIVE_REDIS_URL: redis://localhost:6379/0
targeted	Targeted jest	2026-10-04T02:33:25.7195738Z ##[endgroup]
targeted	Targeted jest	2026-10-04T02:33:25.7258926Z specs: test/audit-sol-cm1-674-boundaries.spec.ts test/refund-reversal-once.spec.ts test/refund-reversal-review.spec.ts test/refund-reversal-reconcile.spec.ts
targeted	Targeted jest	2026-10-04T02:33:34.6222516Z ^[[31m[Nest] 2846  - ^[[39m10/04/2026, 2:33:34 AM ^[[31m  ERROR^[[39m ^[[38;5;3m[RefundDisputeHandlerService] ^[[39m^[[31mhead-coach transfer reversal needs review refund=r-late purchase=p-late code=REFUND_TRANSFER_REVERSAL_REVIEW^[[39m
targeted	Targeted jest	2026-10-04T02:33:34.6262293Z ^[[31m[Nest] 2846  - ^[[39m10/04/2026, 2:33:34 AM ^[[31m  ERROR^[[39m ^[[38;5;3m[RefundDisputeHandlerService] ^[[39m^[[31mhead-coach transfer reversal needs review refund=r-x purchase=p-x code=REFUND_TRANSFER_REVERSAL_REVIEW^[[39m
targeted	Targeted jest	2026-10-04T02:33:34.6281722Z ^[[31m[Nest] 2846  - ^[[39m10/04/2026, 2:33:34 AM ^[[31m  ERROR^[[39m ^[[38;5;3m[RefundDisputeHandlerService] ^[[39m^[[31mhead-coach transfer reversal needs review refund=r-u purchase=p-u code=REFUND_TRANSFER_REVERSAL_REVIEW^[[39m
targeted	Targeted jest	2026-10-04T02:33:34.6300785Z ^[[31m[Nest] 2846  - ^[[39m10/04/2026, 2:33:34 AM ^[[31m  ERROR^[[39m ^[[38;5;3m[RefundDisputeHandlerService] ^[[39m^[[31mhead-coach transfer reversal needs review refund=r-late purchase=p-late code=REFUND_TRANSFER_REVERSAL_REVIEW^[[39m
targeted	Targeted jest	2026-10-04T02:33:34.6328195Z ^[[31m[Nest] 2846  - ^[[39m10/04/2026, 2:33:34 AM ^[[31m  ERROR^[[39m ^[[38;5;3m[RefundDisputeHandlerService] ^[[39m^[[31mhead-coach transfer reversal needs review refund=r-late purchase=p-late code=REFUND_TRANSFER_REVERSAL_REVIEW^[[39m
targeted	Targeted jest	2026-10-04T02:33:34.6574124Z PASS test/refund-reversal-reconcile.spec.ts (8.242 s)
targeted	Targeted jest	2026-10-04T02:33:34.9089375Z ^[[31m[Nest] 2846  - ^[[39m10/04/2026, 2:33:34 AM ^[[31m  ERROR^[[39m ^[[38;5;3m[RefundDisputeHandlerService] ^[[39m^[[31mhead-coach transfer reversal needs review refund=r-late purchase=p-late code=REFUND_TRANSFER_REVERSAL_REVIEW^[[39m
targeted	Targeted jest	2026-10-04T02:33:34.9127396Z ^[[31m[Nest] 2846  - ^[[39m10/04/2026, 2:33:34 AM ^[[31m  ERROR^[[39m ^[[38;5;3m[RefundDisputeHandlerService] ^[[39m^[[31mhead-coach transfer reversal needs review refund=r-late purchase=p-late code=REFUND_TRANSFER_REVERSAL_REVIEW^[[39m
targeted	Targeted jest	2026-10-04T02:33:34.9129933Z ^[[31m[Nest] 2846  - ^[[39m10/04/2026, 2:33:34 AM ^[[31m  ERROR^[[39m ^[[38;5;3m[RefundDisputeHandlerService] ^[[39m^[[31mhead-coach transfer reversal needs review refund=r-late purchase=p-late code=REFUND_TRANSFER_REVERSAL_REVIEW^[[39m
targeted	Targeted jest	2026-10-04T02:33:34.9186067Z ^[[31m[Nest] 2846  - ^[[39m10/04/2026, 2:33:34 AM ^[[31m  ERROR^[[39m ^[[38;5;3m[RefundDisputeHandlerService] ^[[39m^[[31mhead-coach transfer reversal needs review refund=r-old-00 purchase=p-old-00 code=REFUND_TRANSFER_REVERSAL_REVIEW^[[39m
targeted	Targeted jest	2026-10-04T02:33:34.9187984Z ^[[31m[Nest] 2846  - ^[[39m10/04/2026, 2:33:34 AM ^[[31m  ERROR^[[39m ^[[38;5;3m[RefundDisputeHandlerService] ^[[39m^[[31mhead-coach transfer reversal needs review refund=r-old-01 purchase=p-old-01 code=REFUND_TRANSFER_REVERSAL_REVIEW^[[39m
targeted	Targeted jest	2026-10-04T02:33:34.9189414Z ^[[31m[Nest] 2846  - ^[[39m10/04/2026, 2:33:34 AM ^[[31m  ERROR^[[39m ^[[38;5;3m[RefundDisputeHandlerService] ^[[39m^[[31mhead-coach transfer reversal needs review refund=r-old-02 purchase=p-old-02 code=REFUND_TRANSFER_REVERSAL_REVIEW^[[39m
targeted	Targeted jest	2026-10-04T02:33:34.9191007Z ^[[31m[Nest] 2846  - ^[[39m10/04/2026, 2:33:34 AM ^[[31m  ERROR^[[39m ^[[38;5;3m[RefundDisputeHandlerService] ^[[39m^[[31mhead-coach transfer reversal needs review refund=r-old-03 purchase=p-old-03 code=REFUND_TRANSFER_REVERSAL_REVIEW^[[39m
targeted	Targeted jest	2026-10-04T02:33:34.9192629Z ^[[31m[Nest] 2846  - ^[[39m10/04/2026, 2:33:34 AM ^[[31m  ERROR^[[39m ^[[38;5;3m[RefundDisputeHandlerService] ^[[39m^[[31mhead-coach transfer reversal needs review refund=r-old-04 purchase=p-old-04 code=REFUND_TRANSFER_REVERSAL_REVIEW^[[39m
targeted	Targeted jest	2026-10-04T02:33:34.9194284Z ^[[31m[Nest] 2846  - ^[[39m10/04/2026, 2:33:34 AM ^[[31m  ERROR^[[39m ^[[38;5;3m[RefundDisputeHandlerService] ^[[39m^[[31mhead-coach transfer reversal needs review refund=r-old-05 purchase=p-old-05 code=REFUND_TRANSFER_REVERSAL_REVIEW^[[39m
targeted	Targeted jest	2026-10-04T02:33:34.9195971Z ^[[31m[Nest] 2846  - ^[[39m10/04/2026, 2:33:34 AM ^[[31m  ERROR^[[39m ^[[38;5;3m[RefundDisputeHandlerService] ^[[39m^[[31mhead-coach transfer reversal needs review refund=r-old-06 purchase=p-old-06 code=REFUND_TRANSFER_REVERSAL_REVIEW^[[39m
targeted	Targeted jest	2026-10-04T02:33:34.9197932Z ^[[31m[Nest] 2846  - ^[[39m10/04/2026, 2:33:34 AM ^[[31m  ERROR^[[39m ^[[38;5;3m[RefundDisputeHandlerService] ^[[39m^[[31mhead-coach transfer reversal needs review refund=r-old-07 purchase=p-old-07 code=REFUND_TRANSFER_REVERSAL_REVIEW^[[39m
targeted	Targeted jest	2026-10-04T02:33:34.9199825Z ^[[31m[Nest] 2846  - ^[[39m10/04/2026, 2:33:34 AM ^[[31m  ERROR^[[39m ^[[38;5;3m[RefundDisputeHandlerService] ^[[39m^[[31mhead-coach transfer reversal needs review refund=r-old-08 purchase=p-old-08 code=REFUND_TRANSFER_REVERSAL_REVIEW^[[39m
targeted	Targeted jest	2026-10-04T02:33:34.9201753Z ^[[31m[Nest] 2846  - ^[[39m10/04/2026, 2:33:34 AM ^[[31m  ERROR^[[39m ^[[38;5;3m[RefundDisputeHandlerService] ^[[39m^[[31mhead-coach transfer reversal needs review refund=r-old-09 purchase=p-old-09 code=REFUND_TRANSFER_REVERSAL_REVIEW^[[39m
targeted	Targeted jest	2026-10-04T02:33:34.9204046Z ^[[31m[Nest] 2846  - ^[[39m10/04/2026, 2:33:34 AM ^[[31m  ERROR^[[39m ^[[38;5;3m[RefundDisputeHandlerService] ^[[39m^[[31mhead-coach transfer reversal needs review refund=r-old-10 purchase=p-old-10 code=REFUND_TRANSFER_REVERSAL_REVIEW^[[39m
targeted	Targeted jest	2026-10-04T02:33:34.9206184Z ^[[31m[Nest] 2846  - ^[[39m10/04/2026, 2:33:34 AM ^[[31m  ERROR^[[39m ^[[38;5;3m[RefundDisputeHandlerService] ^[[39m^[[31mhead-coach transfer reversal needs review refund=r-old-11 purchase=p-old-11 code=REFUND_TRANSFER_REVERSAL_REVIEW^[[39m
targeted	Targeted jest	2026-10-04T02:33:34.9208422Z ^[[31m[Nest] 2846  - ^[[39m10/04/2026, 2:33:34 AM ^[[31m  ERROR^[[39m ^[[38;5;3m[RefundDisputeHandlerService] ^[[39m^[[31mhead-coach transfer reversal needs review refund=r-old-12 purchase=p-old-12 code=REFUND_TRANSFER_REVERSAL_REVIEW^[[39m
targeted	Targeted jest	2026-10-04T02:33:34.9210481Z ^[[31m[Nest] 2846  - ^[[39m10/04/2026, 2:33:34 AM ^[[31m  ERROR^[[39m ^[[38;5;3m[RefundDisputeHandlerService] ^[[39m^[[31mhead-coach transfer reversal needs review refund=r-old-13 purchase=p-old-13 code=REFUND_TRANSFER_REVERSAL_REVIEW^[[39m
targeted	Targeted jest	2026-10-04T02:33:34.9212519Z ^[[31m[Nest] 2846  - ^[[39m10/04/2026, 2:33:34 AM ^[[31m  ERROR^[[39m ^[[38;5;3m[RefundDisputeHandlerService] ^[[39m^[[31mhead-coach transfer reversal needs review refund=r-old-14 purchase=p-old-14 code=REFUND_TRANSFER_REVERSAL_REVIEW^[[39m
targeted	Targeted jest	2026-10-04T02:33:34.9214500Z ^[[31m[Nest] 2846  - ^[[39m10/04/2026, 2:33:34 AM ^[[31m  ERROR^[[39m ^[[38;5;3m[RefundDisputeHandlerService] ^[[39m^[[31mhead-coach transfer reversal needs review refund=r-old-15 purchase=p-old-15 code=REFUND_TRANSFER_REVERSAL_REVIEW^[[39m
targeted	Targeted jest	2026-10-04T02:33:34.9215831Z ^[[31m[Nest] 2846  - ^[[39m10/04/2026, 2:33:34 AM ^[[31m  ERROR^[[39m ^[[38;5;3m[RefundDisputeHandlerService] ^[[39m^[[31mhead-coach transfer reversal needs review refund=r-old-16 purchase=p-old-16 code=REFUND_TRANSFER_REVERSAL_REVIEW^[[39m
targeted	Targeted jest	2026-10-04T02:33:34.9217366Z ^[[31m[Nest] 2846  - ^[[39m10/04/2026, 2:33:34 AM ^[[31m  ERROR^[[39m ^[[38;5;3m[RefundDisputeHandlerService] ^[[39m^[[31mhead-coach transfer reversal needs review refund=r-old-17 purchase=p-old-17 code=REFUND_TRANSFER_REVERSAL_REVIEW^[[39m
targeted	Targeted jest	2026-10-04T02:33:34.9218613Z ^[[31m[Nest] 2846  - ^[[39m10/04/2026, 2:33:34 AM ^[[31m  ERROR^[[39m ^[[38;5;3m[RefundDisputeHandlerService] ^[[39m^[[31mhead-coach transfer reversal needs review refund=r-old-18 purchase=p-old-18 code=REFUND_TRANSFER_REVERSAL_REVIEW^[[39m
targeted	Targeted jest	2026-10-04T02:33:34.9220137Z ^[[31m[Nest] 2846  - ^[[39m10/04/2026, 2:33:34 AM ^[[31m  ERROR^[[39m ^[[38;5;3m[RefundDisputeHandlerService] ^[[39m^[[31mhead-coach transfer reversal needs review refund=r-old-19 purchase=p-old-19 code=REFUND_TRANSFER_REVERSAL_REVIEW^[[39m
targeted	Targeted jest	2026-10-04T02:33:34.9221594Z ^[[31m[Nest] 2846  - ^[[39m10/04/2026, 2:33:34 AM ^[[31m  ERROR^[[39m ^[[38;5;3m[RefundDisputeHandlerService] ^[[39m^[[31mhead-coach transfer reversal needs review refund=r-old-20 purchase=p-old-20 code=REFUND_TRANSFER_REVERSAL_REVIEW^[[39m
targeted	Targeted jest	2026-10-04T02:33:34.9223277Z ^[[31m[Nest] 2846  - ^[[39m10/04/2026, 2:33:34 AM ^[[31m  ERROR^[[39m ^[[38;5;3m[RefundDisputeHandlerService] ^[[39m^[[31mhead-coach transfer reversal needs review refund=r-old-21 purchase=p-old-21 code=REFUND_TRANSFER_REVERSAL_REVIEW^[[39m
targeted	Targeted jest	2026-10-04T02:33:34.9224576Z ^[[31m[Nest] 2846  - ^[[39m10/04/2026, 2:33:34 AM ^[[31m  ERROR^[[39m ^[[38;5;3m[RefundDisputeHandlerService] ^[[39m^[[31mhead-coach transfer reversal needs review refund=r-old-22 purchase=p-old-22 code=REFUND_TRANSFER_REVERSAL_REVIEW^[[39m
targeted	Targeted jest	2026-10-04T02:33:34.9226055Z ^[[31m[Nest] 2846  - ^[[39m10/04/2026, 2:33:34 AM ^[[31m  ERROR^[[39m ^[[38;5;3m[RefundDisputeHandlerService] ^[[39m^[[31mhead-coach transfer reversal needs review refund=r-old-23 purchase=p-old-23 code=REFUND_TRANSFER_REVERSAL_REVIEW^[[39m
targeted	Targeted jest	2026-10-04T02:33:34.9227338Z ^[[31m[Nest] 2846  - ^[[39m10/04/2026, 2:33:34 AM ^[[31m  ERROR^[[39m ^[[38;5;3m[RefundDisputeHandlerService] ^[[39m^[[31mhead-coach transfer reversal needs review refund=r-old-24 purchase=p-old-24 code=REFUND_TRANSFER_REVERSAL_REVIEW^[[39m
targeted	Targeted jest	2026-10-04T02:33:34.9228784Z ^[[31m[Nest] 2846  - ^[[39m10/04/2026, 2:33:34 AM ^[[31m  ERROR^[[39m ^[[38;5;3m[RefundDisputeHandlerService] ^[[39m^[[31mhead-coach transfer reversal needs review refund=r-old-25 purchase=p-old-25 code=REFUND_TRANSFER_REVERSAL_REVIEW^[[39m
targeted	Targeted jest	2026-10-04T02:33:34.9230183Z ^[[31m[Nest] 2846  - ^[[39m10/04/2026, 2:33:34 AM ^[[31m  ERROR^[[39m ^[[38;5;3m[RefundDisputeHandlerService] ^[[39m^[[31mhead-coach transfer reversal needs review refund=r-old-26 purchase=p-old-26 code=REFUND_TRANSFER_REVERSAL_REVIEW^[[39m
targeted	Targeted jest	2026-10-04T02:33:34.9231639Z ^[[31m[Nest] 2846  - ^[[39m10/04/2026, 2:33:34 AM ^[[31m  ERROR^[[39m ^[[38;5;3m[RefundDisputeHandlerService] ^[[39m^[[31mhead-coach transfer reversal needs review refund=r-old-27 purchase=p-old-27 code=REFUND_TRANSFER_REVERSAL_REVIEW^[[39m
targeted	Targeted jest	2026-10-04T02:33:34.9233095Z ^[[31m[Nest] 2846  - ^[[39m10/04/2026, 2:33:34 AM ^[[31m  ERROR^[[39m ^[[38;5;3m[RefundDisputeHandlerService] ^[[39m^[[31mhead-coach transfer reversal needs review refund=r-old-28 purchase=p-old-28 code=REFUND_TRANSFER_REVERSAL_REVIEW^[[39m
targeted	Targeted jest	2026-10-04T02:33:34.9234664Z ^[[31m[Nest] 2846  - ^[[39m10/04/2026, 2:33:34 AM ^[[31m  ERROR^[[39m ^[[38;5;3m[RefundDisputeHandlerService] ^[[39m^[[31mhead-coach transfer reversal needs review refund=r-old-29 purchase=p-old-29 code=REFUND_TRANSFER_REVERSAL_REVIEW^[[39m
targeted	Targeted jest	2026-10-04T02:33:34.9236151Z ^[[31m[Nest] 2846  - ^[[39m10/04/2026, 2:33:34 AM ^[[31m  ERROR^[[39m ^[[38;5;3m[RefundDisputeHandlerService] ^[[39m^[[31mhead-coach transfer reversal needs review refund=r-old-30 purchase=p-old-30 code=REFUND_TRANSFER_REVERSAL_REVIEW^[[39m
targeted	Targeted jest	2026-10-04T02:33:34.9237746Z ^[[31m[Nest] 2846  - ^[[39m10/04/2026, 2:33:34 AM ^[[31m  ERROR^[[39m ^[[38;5;3m[RefundDisputeHandlerService] ^[[39m^[[31mhead-coach transfer reversal needs review refund=r-old-31 purchase=p-old-31 code=REFUND_TRANSFER_REVERSAL_REVIEW^[[39m
targeted	Targeted jest	2026-10-04T02:33:34.9239345Z ^[[31m[Nest] 2846  - ^[[39m10/04/2026, 2:33:34 AM ^[[31m  ERROR^[[39m ^[[38;5;3m[RefundDisputeHandlerService] ^[[39m^[[31mhead-coach transfer reversal needs review refund=r-old-32 purchase=p-old-32 code=REFUND_TRANSFER_REVERSAL_REVIEW^[[39m
targeted	Targeted jest	2026-10-04T02:33:34.9274402Z ^[[31m[Nest] 2846  - ^[[39m10/04/2026, 2:33:34 AM ^[[31m  ERROR^[[39m ^[[38;5;3m[RefundDisputeHandlerService] ^[[39m^[[31mhead-coach transfer reversal needs review refund=r-old-33 purchase=p-old-33 code=REFUND_TRANSFER_REVERSAL_REVIEW^[[39m
targeted	Targeted jest	2026-10-04T02:33:34.9276198Z ^[[31m[Nest] 2846  - ^[[39m10/04/2026, 2:33:34 AM ^[[31m  ERROR^[[39m ^[[38;5;3m[RefundDisputeHandlerService] ^[[39m^[[31mhead-coach transfer reversal needs review refund=r-old-34 purchase=p-old-34 code=REFUND_TRANSFER_REVERSAL_REVIEW^[[39m
targeted	Targeted jest	2026-10-04T02:33:34.9277819Z ^[[31m[Nest] 2846  - ^[[39m10/04/2026, 2:33:34 AM ^[[31m  ERROR^[[39m ^[[38;5;3m[RefundDisputeHandlerService] ^[[39m^[[31mhead-coach transfer reversal needs review refund=r-old-35 purchase=p-old-35 code=REFUND_TRANSFER_REVERSAL_REVIEW^[[39m
targeted	Targeted jest	2026-10-04T02:33:34.9279507Z ^[[31m[Nest] 2846  - ^[[39m10/04/2026, 2:33:34 AM ^[[31m  ERROR^[[39m ^[[38;5;3m[RefundDisputeHandlerService] ^[[39m^[[31mhead-coach transfer reversal needs review refund=r-old-36 purchase=p-old-36 code=REFUND_TRANSFER_REVERSAL_REVIEW^[[39m
targeted	Targeted jest	2026-10-04T02:33:34.9281161Z ^[[31m[Nest] 2846  - ^[[39m10/04/2026, 2:33:34 AM ^[[31m  ERROR^[[39m ^[[38;5;3m[RefundDisputeHandlerService] ^[[39m^[[31mhead-coach transfer reversal needs review refund=r-old-37 purchase=p-old-37 code=REFUND_TRANSFER_REVERSAL_REVIEW^[[39m
targeted	Targeted jest	2026-10-04T02:33:34.9282686Z ^[[31m[Nest] 2846  - ^[[39m10/04/2026, 2:33:34 AM ^[[31m  ERROR^[[39m ^[[38;5;3m[RefundDisputeHandlerService] ^[[39m^[[31mhead-coach transfer reversal needs review refund=r-old-38 purchase=p-old-38 code=REFUND_TRANSFER_REVERSAL_REVIEW^[[39m
targeted	Targeted jest	2026-10-04T02:33:34.9284396Z ^[[31m[Nest] 2846  - ^[[39m10/04/2026, 2:33:34 AM ^[[31m  ERROR^[[39m ^[[38;5;3m[RefundDisputeHandlerService] ^[[39m^[[31mhead-coach transfer reversal needs review refund=r-old-39 purchase=p-old-39 code=REFUND_TRANSFER_REVERSAL_REVIEW^[[39m
targeted	Targeted jest	2026-10-04T02:33:34.9285957Z ^[[31m[Nest] 2846  - ^[[39m10/04/2026, 2:33:34 AM ^[[31m  ERROR^[[39m ^[[38;5;3m[RefundDisputeHandlerService] ^[[39m^[[31mhead-coach transfer reversal needs review refund=r-old-40 purchase=p-old-40 code=REFUND_TRANSFER_REVERSAL_REVIEW^[[39m
targeted	Targeted jest	2026-10-04T02:33:34.9287543Z ^[[31m[Nest] 2846  - ^[[39m10/04/2026, 2:33:34 AM ^[[31m  ERROR^[[39m ^[[38;5;3m[RefundDisputeHandlerService] ^[[39m^[[31mhead-coach transfer reversal needs review refund=r-old-41 purchase=p-old-41 code=REFUND_TRANSFER_REVERSAL_REVIEW^[[39m
targeted	Targeted jest	2026-10-04T02:33:34.9289048Z ^[[31m[Nest] 2846  - ^[[39m10/04/2026, 2:33:34 AM ^[[31m  ERROR^[[39m ^[[38;5;3m[RefundDisputeHandlerService] ^[[39m^[[31mhead-coach transfer reversal needs review refund=r-old-42 purchase=p-old-42 code=REFUND_TRANSFER_REVERSAL_REVIEW^[[39m
targeted	Targeted jest	2026-10-04T02:33:34.9290645Z ^[[31m[Nest] 2846  - ^[[39m10/04/2026, 2:33:34 AM ^[[31m  ERROR^[[39m ^[[38;5;3m[RefundDisputeHandlerService] ^[[39m^[[31mhead-coach transfer reversal needs review refund=r-old-43 purchase=p-old-43 code=REFUND_TRANSFER_REVERSAL_REVIEW^[[39m
targeted	Targeted jest	2026-10-04T02:33:34.9292260Z ^[[31m[Nest] 2846  - ^[[39m10/04/2026, 2:33:34 AM ^[[31m  ERROR^[[39m ^[[38;5;3m[RefundDisputeHandlerService] ^[[39m^[[31mhead-coach transfer reversal needs review refund=r-old-44 purchase=p-old-44 code=REFUND_TRANSFER_REVERSAL_REVIEW^[[39m
targeted	Targeted jest	2026-10-04T02:33:34.9293778Z ^[[31m[Nest] 2846  - ^[[39m10/04/2026, 2:33:34 AM ^[[31m  ERROR^[[39m ^[[38;5;3m[RefundDisputeHandlerService] ^[[39m^[[31mhead-coach transfer reversal needs review refund=r-old-45 purchase=p-old-45 code=REFUND_TRANSFER_REVERSAL_REVIEW^[[39m
targeted	Targeted jest	2026-10-04T02:33:34.9295298Z ^[[31m[Nest] 2846  - ^[[39m10/04/2026, 2:33:34 AM ^[[31m  ERROR^[[39m ^[[38;5;3m[RefundDisputeHandlerService] ^[[39m^[[31mhead-coach transfer reversal needs review refund=r-old-46 purchase=p-old-46 code=REFUND_TRANSFER_REVERSAL_REVIEW^[[39m
targeted	Targeted jest	2026-10-04T02:33:34.9296916Z ^[[31m[Nest] 2846  - ^[[39m10/04/2026, 2:33:34 AM ^[[31m  ERROR^[[39m ^[[38;5;3m[RefundDisputeHandlerService] ^[[39m^[[31mhead-coach transfer reversal needs review refund=r-old-47 purchase=p-old-47 code=REFUND_TRANSFER_REVERSAL_REVIEW^[[39m
targeted	Targeted jest	2026-10-04T02:33:34.9298550Z ^[[31m[Nest] 2846  - ^[[39m10/04/2026, 2:33:34 AM ^[[31m  ERROR^[[39m ^[[38;5;3m[RefundDisputeHandlerService] ^[[39m^[[31mhead-coach transfer reversal needs review refund=r-old-48 purchase=p-old-48 code=REFUND_TRANSFER_REVERSAL_REVIEW^[[39m
targeted	Targeted jest	2026-10-04T02:33:34.9300119Z ^[[31m[Nest] 2846  - ^[[39m10/04/2026, 2:33:34 AM ^[[31m  ERROR^[[39m ^[[38;5;3m[RefundDisputeHandlerService] ^[[39m^[[31mhead-coach transfer reversal needs review refund=r-old-49 purchase=p-old-49 code=REFUND_TRANSFER_REVERSAL_REVIEW^[[39m
targeted	Targeted jest	2026-10-04T02:33:34.9301754Z ^[[31m[Nest] 2846  - ^[[39m10/04/2026, 2:33:34 AM ^[[31m  ERROR^[[39m ^[[38;5;3m[RefundDisputeHandlerService] ^[[39m^[[31mhead-coach transfer reversal needs review refund=r-old-50 purchase=p-old-50 code=REFUND_TRANSFER_REVERSAL_REVIEW^[[39m
targeted	Targeted jest	2026-10-04T02:33:34.9303592Z ^[[31m[Nest] 2846  - ^[[39m10/04/2026, 2:33:34 AM ^[[31m  ERROR^[[39m ^[[38;5;3m[RefundDisputeHandlerService] ^[[39m^[[31mhead-coach transfer reversal needs review refund=r-old-51 purchase=p-old-51 code=REFUND_TRANSFER_REVERSAL_REVIEW^[[39m
targeted	Targeted jest	2026-10-04T02:33:34.9305197Z ^[[31m[Nest] 2846  - ^[[39m10/04/2026, 2:33:34 AM ^[[31m  ERROR^[[39m ^[[38;5;3m[RefundDisputeHandlerService] ^[[39m^[[31mhead-coach transfer reversal needs review refund=r-old-52 purchase=p-old-52 code=REFUND_TRANSFER_REVERSAL_REVIEW^[[39m
targeted	Targeted jest	2026-10-04T02:33:34.9306408Z ^[[31m[Nest] 2846  - ^[[39m10/04/2026, 2:33:34 AM ^[[31m  ERROR^[[39m ^[[38;5;3m[RefundDisputeHandlerService] ^[[39m^[[31mhead-coach transfer reversal needs review refund=r-old-53 purchase=p-old-53 code=REFUND_TRANSFER_REVERSAL_REVIEW^[[39m
targeted	Targeted jest	2026-10-04T02:33:34.9307656Z ^[[31m[Nest] 2846  - ^[[39m10/04/2026, 2:33:34 AM ^[[31m  ERROR^[[39m ^[[38;5;3m[RefundDisputeHandlerService] ^[[39m^[[31mhead-coach transfer reversal needs review refund=r-old-54 purchase=p-old-54 code=REFUND_TRANSFER_REVERSAL_REVIEW^[[39m
targeted	Targeted jest	2026-10-04T02:33:34.9308869Z ^[[31m[Nest] 2846  - ^[[39m10/04/2026, 2:33:34 AM ^[[31m  ERROR^[[39m ^[[38;5;3m[RefundDisputeHandlerService] ^[[39m^[[31mhead-coach transfer reversal needs review refund=r-old-55 purchase=p-old-55 code=REFUND_TRANSFER_REVERSAL_REVIEW^[[39m
targeted	Targeted jest	2026-10-04T02:33:34.9310052Z ^[[31m[Nest] 2846  - ^[[39m10/04/2026, 2:33:34 AM ^[[31m  ERROR^[[39m ^[[38;5;3m[RefundDisputeHandlerService] ^[[39m^[[31mhead-coach transfer reversal needs review refund=r-old-56 purchase=p-old-56 code=REFUND_TRANSFER_REVERSAL_REVIEW^[[39m
targeted	Targeted jest	2026-10-04T02:33:34.9311347Z ^[[31m[Nest] 2846  - ^[[39m10/04/2026, 2:33:34 AM ^[[31m  ERROR^[[39m ^[[38;5;3m[RefundDisputeHandlerService] ^[[39m^[[31mhead-coach transfer reversal needs review refund=r-old-57 purchase=p-old-57 code=REFUND_TRANSFER_REVERSAL_REVIEW^[[39m
targeted	Targeted jest	2026-10-04T02:33:34.9312557Z ^[[31m[Nest] 2846  - ^[[39m10/04/2026, 2:33:34 AM ^[[31m  ERROR^[[39m ^[[38;5;3m[RefundDisputeHandlerService] ^[[39m^[[31mhead-coach transfer reversal needs review refund=r-old-58 purchase=p-old-58 code=REFUND_TRANSFER_REVERSAL_REVIEW^[[39m
targeted	Targeted jest	2026-10-04T02:33:34.9313958Z ^[[31m[Nest] 2846  - ^[[39m10/04/2026, 2:33:34 AM ^[[31m  ERROR^[[39m ^[[38;5;3m[RefundDisputeHandlerService] ^[[39m^[[31mhead-coach transfer reversal needs review refund=r-old-59 purchase=p-old-59 code=REFUND_TRANSFER_REVERSAL_REVIEW^[[39m
targeted	Targeted jest	2026-10-04T02:33:35.8893462Z ^[[33m[Nest] 2846  - ^[[39m10/04/2026, 2:33:35 AM ^[[33m   WARN^[[39m ^[[38;5;3m[RefundDisputeHandlerService] ^[[39m^[[33mhead-coach transfer reverse pending purchase=p-m-002 refund=r-m-002 code=error^[[39m
targeted	Targeted jest	2026-10-04T02:33:35.8894898Z ^[[33m[Nest] 2846  - ^[[39m10/04/2026, 2:33:35 AM ^[[33m   WARN^[[39m ^[[38;5;3m[RefundDisputeHandlerService] ^[[39m^[[33mhead-coach transfer reverse pending purchase=p-m-005 refund=r-m-005 code=error^[[39m
targeted	Targeted jest	2026-10-04T02:33:35.8895961Z ^[[33m[Nest] 2846  - ^[[39m10/04/2026, 2:33:35 AM ^[[33m   WARN^[[39m ^[[38;5;3m[RefundDisputeHandlerService] ^[[39m^[[33mhead-coach transfer reverse pending purchase=p-m-008 refund=r-m-008 code=error^[[39m
targeted	Targeted jest	2026-10-04T02:33:35.8897003Z ^[[33m[Nest] 2846  - ^[[39m10/04/2026, 2:33:35 AM ^[[33m   WARN^[[39m ^[[38;5;3m[RefundDisputeHandlerService] ^[[39m^[[33mhead-coach transfer reverse pending purchase=p-m-011 refund=r-m-011 code=error^[[39m
targeted	Targeted jest	2026-10-04T02:33:35.8898038Z ^[[33m[Nest] 2846  - ^[[39m10/04/2026, 2:33:35 AM ^[[33m   WARN^[[39m ^[[38;5;3m[RefundDisputeHandlerService] ^[[39m^[[33mhead-coach transfer reverse pending purchase=p-m-014 refund=r-m-014 code=error^[[39m
targeted	Targeted jest	2026-10-04T02:33:35.8899100Z ^[[33m[Nest] 2846  - ^[[39m10/04/2026, 2:33:35 AM ^[[33m   WARN^[[39m ^[[38;5;3m[RefundDisputeHandlerService] ^[[39m^[[33mhead-coach transfer reverse pending purchase=p-m-017 refund=r-m-017 code=error^[[39m
targeted	Targeted jest	2026-10-04T02:33:35.8900132Z ^[[33m[Nest] 2846  - ^[[39m10/04/2026, 2:33:35 AM ^[[33m   WARN^[[39m ^[[38;5;3m[RefundDisputeHandlerService] ^[[39m^[[33mhead-coach transfer reverse pending purchase=p-m-020 refund=r-m-020 code=error^[[39m
targeted	Targeted jest	2026-10-04T02:33:35.8900844Z PASS test/refund-reversal-review.spec.ts
targeted	Targeted jest	2026-10-04T02:33:35.8901952Z ^[[33m[Nest] 2846  - ^[[39m10/04/2026, 2:33:35 AM ^[[33m   WARN^[[39m ^[[38;5;3m[RefundDisputeHandlerService] ^[[39m^[[33mhead-coach transfer reverse pending purchase=p-m-023 refund=r-m-023 code=error^[[39m
targeted	Targeted jest	2026-10-04T02:33:35.8903193Z ^[[33m[Nest] 2846  - ^[[39m10/04/2026, 2:33:35 AM ^[[33m   WARN^[[39m ^[[38;5;3m[RefundDisputeHandlerService] ^[[39m^[[33mhead-coach transfer reverse pending purchase=p-m-026 refund=r-m-026 code=error^[[39m
targeted	Targeted jest	2026-10-04T02:33:35.8904303Z ^[[33m[Nest] 2846  - ^[[39m10/04/2026, 2:33:35 AM ^[[33m   WARN^[[39m ^[[38;5;3m[RefundDisputeHandlerService] ^[[39m^[[33mhead-coach transfer reverse pending purchase=p-m-029 refund=r-m-029 code=error^[[39m
targeted	Targeted jest	2026-10-04T02:33:35.8905398Z ^[[33m[Nest] 2846  - ^[[39m10/04/2026, 2:33:35 AM ^[[33m   WARN^[[39m ^[[38;5;3m[RefundDisputeHandlerService] ^[[39m^[[33mhead-coach transfer reverse pending purchase=p-m-032 refund=r-m-032 code=error^[[39m
targeted	Targeted jest	2026-10-04T02:33:35.8906401Z ^[[33m[Nest] 2846  - ^[[39m10/04/2026, 2:33:35 AM ^[[33m   WARN^[[39m ^[[38;5;3m[RefundDisputeHandlerService] ^[[39m^[[33mhead-coach transfer reverse pending purchase=p-m-035 refund=r-m-035 code=error^[[39m
targeted	Targeted jest	2026-10-04T02:33:35.8907888Z ^[[33m[Nest] 2846  - ^[[39m10/04/2026, 2:33:35 AM ^[[33m   WARN^[[39m ^[[38;5;3m[RefundDisputeHandlerService] ^[[39m^[[33mhead-coach transfer reverse pending purchase=p-m-038 refund=r-m-038 code=error^[[39m
targeted	Targeted jest	2026-10-04T02:33:35.8908899Z ^[[33m[Nest] 2846  - ^[[39m10/04/2026, 2:33:35 AM ^[[33m   WARN^[[39m ^[[38;5;3m[RefundDisputeHandlerService] ^[[39m^[[33mhead-coach transfer reverse pending purchase=p-m-041 refund=r-m-041 code=error^[[39m
targeted	Targeted jest	2026-10-04T02:33:35.8910021Z ^[[33m[Nest] 2846  - ^[[39m10/04/2026, 2:33:35 AM ^[[33m   WARN^[[39m ^[[38;5;3m[RefundDisputeHandlerService] ^[[39m^[[33mhead-coach transfer reverse pending purchase=p-m-044 refund=r-m-044 code=error^[[39m
targeted	Targeted jest	2026-10-04T02:33:35.8911069Z ^[[33m[Nest] 2846  - ^[[39m10/04/2026, 2:33:35 AM ^[[33m   WARN^[[39m ^[[38;5;3m[RefundDisputeHandlerService] ^[[39m^[[33mhead-coach transfer reverse pending purchase=p-m-047 refund=r-m-047 code=error^[[39m
targeted	Targeted jest	2026-10-04T02:33:35.8912109Z ^[[33m[Nest] 2846  - ^[[39m10/04/2026, 2:33:35 AM ^[[33m   WARN^[[39m ^[[38;5;3m[RefundDisputeHandlerService] ^[[39m^[[33mhead-coach transfer reverse pending purchase=p-m-050 refund=r-m-050 code=error^[[39m
targeted	Targeted jest	2026-10-04T02:33:35.8913364Z ^[[33m[Nest] 2846  - ^[[39m10/04/2026, 2:33:35 AM ^[[33m   WARN^[[39m ^[[38;5;3m[RefundDisputeHandlerService] ^[[39m^[[33mhead-coach transfer reverse pending purchase=p-m-053 refund=r-m-053 code=error^[[39m
targeted	Targeted jest	2026-10-04T02:33:35.8914397Z ^[[33m[Nest] 2846  - ^[[39m10/04/2026, 2:33:35 AM ^[[33m   WARN^[[39m ^[[38;5;3m[RefundDisputeHandlerService] ^[[39m^[[33mhead-coach transfer reverse pending purchase=p-m-056 refund=r-m-056 code=error^[[39m
targeted	Targeted jest	2026-10-04T02:33:35.8915454Z ^[[33m[Nest] 2846  - ^[[39m10/04/2026, 2:33:35 AM ^[[33m   WARN^[[39m ^[[38;5;3m[RefundDisputeHandlerService] ^[[39m^[[33mhead-coach transfer reverse pending purchase=p-m-059 refund=r-m-059 code=error^[[39m
targeted	Targeted jest	2026-10-04T02:33:35.8916465Z ^[[33m[Nest] 2846  - ^[[39m10/04/2026, 2:33:35 AM ^[[33m   WARN^[[39m ^[[38;5;3m[RefundDisputeHandlerService] ^[[39m^[[33mhead-coach transfer reverse pending purchase=p-m-062 refund=r-m-062 code=error^[[39m
targeted	Targeted jest	2026-10-04T02:33:35.8917545Z ^[[33m[Nest] 2846  - ^[[39m10/04/2026, 2:33:35 AM ^[[33m   WARN^[[39m ^[[38;5;3m[RefundDisputeHandlerService] ^[[39m^[[33mhead-coach transfer reverse pending purchase=p-m-065 refund=r-m-065 code=error^[[39m
targeted	Targeted jest	2026-10-04T02:33:35.8918549Z ^[[33m[Nest] 2846  - ^[[39m10/04/2026, 2:33:35 AM ^[[33m   WARN^[[39m ^[[38;5;3m[RefundDisputeHandlerService] ^[[39m^[[33mhead-coach transfer reverse pending purchase=p-m-068 refund=r-m-068 code=error^[[39m
targeted	Targeted jest	2026-10-04T02:33:35.8919544Z ^[[33m[Nest] 2846  - ^[[39m10/04/2026, 2:33:35 AM ^[[33m   WARN^[[39m ^[[38;5;3m[RefundDisputeHandlerService] ^[[39m^[[33mhead-coach transfer reverse pending purchase=p-m-071 refund=r-m-071 code=error^[[39m
targeted	Targeted jest	2026-10-04T02:33:35.8920600Z ^[[33m[Nest] 2846  - ^[[39m10/04/2026, 2:33:35 AM ^[[33m   WARN^[[39m ^[[38;5;3m[RefundDisputeHandlerService] ^[[39m^[[33mhead-coach transfer reverse pending purchase=p-m-074 refund=r-m-074 code=error^[[39m
targeted	Targeted jest	2026-10-04T02:33:35.8921688Z ^[[33m[Nest] 2846  - ^[[39m10/04/2026, 2:33:35 AM ^[[33m   WARN^[[39m ^[[38;5;3m[RefundDisputeHandlerService] ^[[39m^[[33mhead-coach transfer reverse pending purchase=p-m-077 refund=r-m-077 code=error^[[39m
targeted	Targeted jest	2026-10-04T02:33:35.8922807Z ^[[33m[Nest] 2846  - ^[[39m10/04/2026, 2:33:35 AM ^[[33m   WARN^[[39m ^[[38;5;3m[RefundDisputeHandlerService] ^[[39m^[[33mhead-coach transfer reverse pending purchase=p-m-080 refund=r-m-080 code=error^[[39m
targeted	Targeted jest	2026-10-04T02:33:35.8923968Z ^[[33m[Nest] 2846  - ^[[39m10/04/2026, 2:33:35 AM ^[[33m   WARN^[[39m ^[[38;5;3m[RefundDisputeHandlerService] ^[[39m^[[33mhead-coach transfer reverse pending purchase=p-m-083 refund=r-m-083 code=error^[[39m
targeted	Targeted jest	2026-10-04T02:33:35.8925051Z ^[[33m[Nest] 2846  - ^[[39m10/04/2026, 2:33:35 AM ^[[33m   WARN^[[39m ^[[38;5;3m[RefundDisputeHandlerService] ^[[39m^[[33mhead-coach transfer reverse pending purchase=p-m-086 refund=r-m-086 code=error^[[39m
targeted	Targeted jest	2026-10-04T02:33:35.8926076Z ^[[33m[Nest] 2846  - ^[[39m10/04/2026, 2:33:35 AM ^[[33m   WARN^[[39m ^[[38;5;3m[RefundDisputeHandlerService] ^[[39m^[[33mhead-coach transfer reverse pending purchase=p-m-089 refund=r-m-089 code=error^[[39m
targeted	Targeted jest	2026-10-04T02:33:35.8927091Z ^[[33m[Nest] 2846  - ^[[39m10/04/2026, 2:33:35 AM ^[[33m   WARN^[[39m ^[[38;5;3m[RefundDisputeHandlerService] ^[[39m^[[33mhead-coach transfer reverse pending purchase=p-m-092 refund=r-m-092 code=error^[[39m
targeted	Targeted jest	2026-10-04T02:33:35.8928149Z ^[[33m[Nest] 2846  - ^[[39m10/04/2026, 2:33:35 AM ^[[33m   WARN^[[39m ^[[38;5;3m[RefundDisputeHandlerService] ^[[39m^[[33mhead-coach transfer reverse pending purchase=p-m-095 refund=r-m-095 code=error^[[39m
targeted	Targeted jest	2026-10-04T02:33:35.8929231Z ^[[33m[Nest] 2846  - ^[[39m10/04/2026, 2:33:35 AM ^[[33m   WARN^[[39m ^[[38;5;3m[RefundDisputeHandlerService] ^[[39m^[[33mhead-coach transfer reverse pending purchase=p-m-098 refund=r-m-098 code=error^[[39m
targeted	Targeted jest	2026-10-04T02:33:35.8930312Z ^[[33m[Nest] 2846  - ^[[39m10/04/2026, 2:33:35 AM ^[[33m   WARN^[[39m ^[[38;5;3m[RefundDisputeHandlerService] ^[[39m^[[33mhead-coach transfer reverse pending purchase=p-m-101 refund=r-m-101 code=error^[[39m
targeted	Targeted jest	2026-10-04T02:33:35.8931352Z ^[[33m[Nest] 2846  - ^[[39m10/04/2026, 2:33:35 AM ^[[33m   WARN^[[39m ^[[38;5;3m[RefundDisputeHandlerService] ^[[39m^[[33mhead-coach transfer reverse pending purchase=p-m-104 refund=r-m-104 code=error^[[39m
targeted	Targeted jest	2026-10-04T02:33:35.8932410Z ^[[33m[Nest] 2846  - ^[[39m10/04/2026, 2:33:35 AM ^[[33m   WARN^[[39m ^[[38;5;3m[RefundDisputeHandlerService] ^[[39m^[[33mhead-coach transfer reverse pending purchase=p-m-107 refund=r-m-107 code=error^[[39m
targeted	Targeted jest	2026-10-04T02:33:35.8933613Z ^[[33m[Nest] 2846  - ^[[39m10/04/2026, 2:33:35 AM ^[[33m   WARN^[[39m ^[[38;5;3m[RefundDisputeHandlerService] ^[[39m^[[33mhead-coach transfer reverse pending purchase=p-m-110 refund=r-m-110 code=error^[[39m
targeted	Targeted jest	2026-10-04T02:33:35.8934646Z ^[[33m[Nest] 2846  - ^[[39m10/04/2026, 2:33:35 AM ^[[33m   WARN^[[39m ^[[38;5;3m[RefundDisputeHandlerService] ^[[39m^[[33mhead-coach transfer reverse pending purchase=p-m-113 refund=r-m-113 code=error^[[39m
targeted	Targeted jest	2026-10-04T02:33:35.8935738Z ^[[33m[Nest] 2846  - ^[[39m10/04/2026, 2:33:35 AM ^[[33m   WARN^[[39m ^[[38;5;3m[RefundDisputeHandlerService] ^[[39m^[[33mhead-coach transfer reverse pending purchase=p-m-116 refund=r-m-116 code=error^[[39m
targeted	Targeted jest	2026-10-04T02:33:35.8936769Z ^[[33m[Nest] 2846  - ^[[39m10/04/2026, 2:33:35 AM ^[[33m   WARN^[[39m ^[[38;5;3m[RefundDisputeHandlerService] ^[[39m^[[33mhead-coach transfer reverse pending purchase=p-m-119 refund=r-m-119 code=error^[[39m
targeted	Targeted jest	2026-10-04T02:33:35.8937840Z ^[[33m[Nest] 2846  - ^[[39m10/04/2026, 2:33:35 AM ^[[33m   WARN^[[39m ^[[38;5;3m[RefundDisputeHandlerService] ^[[39m^[[33mhead-coach transfer reverse pending purchase=p-a-00 refund=r-a-00 code=error^[[39m
targeted	Targeted jest	2026-10-04T02:33:35.8938864Z ^[[33m[Nest] 2846  - ^[[39m10/04/2026, 2:33:35 AM ^[[33m   WARN^[[39m ^[[38;5;3m[RefundDisputeHandlerService] ^[[39m^[[33mhead-coach transfer reverse pending purchase=p-a-01 refund=r-a-01 code=error^[[39m
targeted	Targeted jest	2026-10-04T02:33:35.8939979Z ^[[33m[Nest] 2846  - ^[[39m10/04/2026, 2:33:35 AM ^[[33m   WARN^[[39m ^[[38;5;3m[RefundDisputeHandlerService] ^[[39m^[[33mhead-coach transfer reverse pending purchase=p-a-02 refund=r-a-02 code=error^[[39m
targeted	Targeted jest	2026-10-04T02:33:35.8941092Z ^[[33m[Nest] 2846  - ^[[39m10/04/2026, 2:33:35 AM ^[[33m   WARN^[[39m ^[[38;5;3m[RefundDisputeHandlerService] ^[[39m^[[33mhead-coach transfer reverse pending purchase=p-a-03 refund=r-a-03 code=error^[[39m
targeted	Targeted jest	2026-10-04T02:33:35.8942130Z ^[[33m[Nest] 2846  - ^[[39m10/04/2026, 2:33:35 AM ^[[33m   WARN^[[39m ^[[38;5;3m[RefundDisputeHandlerService] ^[[39m^[[33mhead-coach transfer reverse pending purchase=p-a-04 refund=r-a-04 code=error^[[39m
targeted	Targeted jest	2026-10-04T02:33:35.8943306Z ^[[33m[Nest] 2846  - ^[[39m10/04/2026, 2:33:35 AM ^[[33m   WARN^[[39m ^[[38;5;3m[RefundDisputeHandlerService] ^[[39m^[[33mhead-coach transfer reverse pending purchase=p-a-05 refund=r-a-05 code=error^[[39m
targeted	Targeted jest	2026-10-04T02:33:35.8944336Z ^[[33m[Nest] 2846  - ^[[39m10/04/2026, 2:33:35 AM ^[[33m   WARN^[[39m ^[[38;5;3m[RefundDisputeHandlerService] ^[[39m^[[33mhead-coach transfer reverse pending purchase=p-a-06 refund=r-a-06 code=error^[[39m
targeted	Targeted jest	2026-10-04T02:33:35.8945397Z ^[[33m[Nest] 2846  - ^[[39m10/04/2026, 2:33:35 AM ^[[33m   WARN^[[39m ^[[38;5;3m[RefundDisputeHandlerService] ^[[39m^[[33mhead-coach transfer reverse pending purchase=p-a-07 refund=r-a-07 code=error^[[39m
targeted	Targeted jest	2026-10-04T02:33:35.8946413Z ^[[33m[Nest] 2846  - ^[[39m10/04/2026, 2:33:35 AM ^[[33m   WARN^[[39m ^[[38;5;3m[RefundDisputeHandlerService] ^[[39m^[[33mhead-coach transfer reverse pending purchase=p-a-08 refund=r-a-08 code=error^[[39m
targeted	Targeted jest	2026-10-04T02:33:35.8947461Z ^[[33m[Nest] 2846  - ^[[39m10/04/2026, 2:33:35 AM ^[[33m   WARN^[[39m ^[[38;5;3m[RefundDisputeHandlerService] ^[[39m^[[33mhead-coach transfer reverse pending purchase=p-a-09 refund=r-a-09 code=error^[[39m
targeted	Targeted jest	2026-10-04T02:33:35.8948792Z ^[[33m[Nest] 2846  - ^[[39m10/04/2026, 2:33:35 AM ^[[33m   WARN^[[39m ^[[38;5;3m[RefundDisputeHandlerService] ^[[39m^[[33mhead-coach transfer reverse pending purchase=p-a-10 refund=r-a-10 code=error^[[39m
targeted	Targeted jest	2026-10-04T02:33:35.8950011Z ^[[33m[Nest] 2846  - ^[[39m10/04/2026, 2:33:35 AM ^[[33m   WARN^[[39m ^[[38;5;3m[RefundDisputeHandlerService] ^[[39m^[[33mhead-coach transfer reverse pending purchase=p-a-11 refund=r-a-11 code=error^[[39m
targeted	Targeted jest	2026-10-04T02:33:35.8951337Z ^[[33m[Nest] 2846  - ^[[39m10/04/2026, 2:33:35 AM ^[[33m   WARN^[[39m ^[[38;5;3m[RefundDisputeHandlerService] ^[[39m^[[33mhead-coach transfer reverse pending purchase=p-a-12 refund=r-a-12 code=error^[[39m
targeted	Targeted jest	2026-10-04T02:33:35.8952626Z ^[[33m[Nest] 2846  - ^[[39m10/04/2026, 2:33:35 AM ^[[33m   WARN^[[39m ^[[38;5;3m[RefundDisputeHandlerService] ^[[39m^[[33mhead-coach transfer reverse pending purchase=p-a-13 refund=r-a-13 code=error^[[39m
targeted	Targeted jest	2026-10-04T02:33:35.8954154Z ^[[33m[Nest] 2846  - ^[[39m10/04/2026, 2:33:35 AM ^[[33m   WARN^[[39m ^[[38;5;3m[RefundDisputeHandlerService] ^[[39m^[[33mhead-coach transfer reverse pending purchase=p-a-14 refund=r-a-14 code=error^[[39m
targeted	Targeted jest	2026-10-04T02:33:35.8955459Z ^[[33m[Nest] 2846  - ^[[39m10/04/2026, 2:33:35 AM ^[[33m   WARN^[[39m ^[[38;5;3m[RefundDisputeHandlerService] ^[[39m^[[33mhead-coach transfer reverse pending purchase=p-a-15 refund=r-a-15 code=error^[[39m
targeted	Targeted jest	2026-10-04T02:33:35.8956564Z ^[[33m[Nest] 2846  - ^[[39m10/04/2026, 2:33:35 AM ^[[33m   WARN^[[39m ^[[38;5;3m[RefundDisputeHandlerService] ^[[39m^[[33mhead-coach transfer reverse pending purchase=p-a-16 refund=r-a-16 code=error^[[39m
targeted	Targeted jest	2026-10-04T02:33:35.8957723Z ^[[33m[Nest] 2846  - ^[[39m10/04/2026, 2:33:35 AM ^[[33m   WARN^[[39m ^[[38;5;3m[RefundDisputeHandlerService] ^[[39m^[[33mhead-coach transfer reverse pending purchase=p-a-17 refund=r-a-17 code=error^[[39m
targeted	Targeted jest	2026-10-04T02:33:35.8958908Z ^[[33m[Nest] 2846  - ^[[39m10/04/2026, 2:33:35 AM ^[[33m   WARN^[[39m ^[[38;5;3m[RefundDisputeHandlerService] ^[[39m^[[33mhead-coach transfer reverse pending purchase=p-a-18 refund=r-a-18 code=error^[[39m
targeted	Targeted jest	2026-10-04T02:33:35.8959966Z ^[[33m[Nest] 2846  - ^[[39m10/04/2026, 2:33:35 AM ^[[33m   WARN^[[39m ^[[38;5;3m[RefundDisputeHandlerService] ^[[39m^[[33mhead-coach transfer reverse pending purchase=p-a-19 refund=r-a-19 code=error^[[39m
targeted	Targeted jest	2026-10-04T02:33:35.8960990Z ^[[33m[Nest] 2846  - ^[[39m10/04/2026, 2:33:35 AM ^[[33m   WARN^[[39m ^[[38;5;3m[RefundDisputeHandlerService] ^[[39m^[[33mhead-coach transfer reverse pending purchase=p-a-00 refund=r-a-00 code=error^[[39m
targeted	Targeted jest	2026-10-04T02:33:35.8962014Z ^[[33m[Nest] 2846  - ^[[39m10/04/2026, 2:33:35 AM ^[[33m   WARN^[[39m ^[[38;5;3m[RefundDisputeHandlerService] ^[[39m^[[33mhead-coach transfer reverse pending purchase=p-a-01 refund=r-a-01 code=error^[[39m
targeted	Targeted jest	2026-10-04T02:33:35.8963245Z ^[[33m[Nest] 2846  - ^[[39m10/04/2026, 2:33:35 AM ^[[33m   WARN^[[39m ^[[38;5;3m[RefundDisputeHandlerService] ^[[39m^[[33mhead-coach transfer reverse pending purchase=p-a-02 refund=r-a-02 code=error^[[39m
targeted	Targeted jest	2026-10-04T02:33:35.8964296Z ^[[33m[Nest] 2846  - ^[[39m10/04/2026, 2:33:35 AM ^[[33m   WARN^[[39m ^[[38;5;3m[RefundDisputeHandlerService] ^[[39m^[[33mhead-coach transfer reverse pending purchase=p-a-03 refund=r-a-03 code=error^[[39m
targeted	Targeted jest	2026-10-04T02:33:35.8965421Z ^[[33m[Nest] 2846  - ^[[39m10/04/2026, 2:33:35 AM ^[[33m   WARN^[[39m ^[[38;5;3m[RefundDisputeHandlerService] ^[[39m^[[33mhead-coach transfer reverse pending purchase=p-a-04 refund=r-a-04 code=error^[[39m
targeted	Targeted jest	2026-10-04T02:33:35.8966470Z ^[[33m[Nest] 2846  - ^[[39m10/04/2026, 2:33:35 AM ^[[33m   WARN^[[39m ^[[38;5;3m[RefundDisputeHandlerService] ^[[39m^[[33mhead-coach transfer reverse pending purchase=p-a-05 refund=r-a-05 code=error^[[39m
targeted	Targeted jest	2026-10-04T02:33:35.8967485Z ^[[33m[Nest] 2846  - ^[[39m10/04/2026, 2:33:35 AM ^[[33m   WARN^[[39m ^[[38;5;3m[RefundDisputeHandlerService] ^[[39m^[[33mhead-coach transfer reverse pending purchase=p-a-06 refund=r-a-06 code=error^[[39m
targeted	Targeted jest	2026-10-04T02:33:35.8968496Z ^[[33m[Nest] 2846  - ^[[39m10/04/2026, 2:33:35 AM ^[[33m   WARN^[[39m ^[[38;5;3m[RefundDisputeHandlerService] ^[[39m^[[33mhead-coach transfer reverse pending purchase=p-a-07 refund=r-a-07 code=error^[[39m
targeted	Targeted jest	2026-10-04T02:33:35.8969520Z ^[[33m[Nest] 2846  - ^[[39m10/04/2026, 2:33:35 AM ^[[33m   WARN^[[39m ^[[38;5;3m[RefundDisputeHandlerService] ^[[39m^[[33mhead-coach transfer reverse pending purchase=p-a-08 refund=r-a-08 code=error^[[39m
targeted	Targeted jest	2026-10-04T02:33:35.8970627Z ^[[33m[Nest] 2846  - ^[[39m10/04/2026, 2:33:35 AM ^[[33m   WARN^[[39m ^[[38;5;3m[RefundDisputeHandlerService] ^[[39m^[[33mhead-coach transfer reverse pending purchase=p-a-09 refund=r-a-09 code=error^[[39m
targeted	Targeted jest	2026-10-04T02:33:35.8971632Z ^[[33m[Nest] 2846  - ^[[39m10/04/2026, 2:33:35 AM ^[[33m   WARN^[[39m ^[[38;5;3m[RefundDisputeHandlerService] ^[[39m^[[33mhead-coach transfer reverse pending purchase=p-a-10 refund=r-a-10 code=error^[[39m
targeted	Targeted jest	2026-10-04T02:33:35.8972972Z ^[[33m[Nest] 2846  - ^[[39m10/04/2026, 2:33:35 AM ^[[33m   WARN^[[39m ^[[38;5;3m[RefundDisputeHandlerService] ^[[39m^[[33mhead-coach transfer reverse pending purchase=p-a-11 refund=r-a-11 code=error^[[39m
targeted	Targeted jest	2026-10-04T02:33:35.8974555Z ^[[33m[Nest] 2846  - ^[[39m10/04/2026, 2:33:35 AM ^[[33m   WARN^[[39m ^[[38;5;3m[RefundDisputeHandlerService] ^[[39m^[[33mhead-coach transfer reverse pending purchase=p-a-12 refund=r-a-12 code=error^[[39m
targeted	Targeted jest	2026-10-04T02:33:35.8976146Z ^[[33m[Nest] 2846  - ^[[39m10/04/2026, 2:33:35 AM ^[[33m   WARN^[[39m ^[[38;5;3m[RefundDisputeHandlerService] ^[[39m^[[33mhead-coach transfer reverse pending purchase=p-a-13 refund=r-a-13 code=error^[[39m
targeted	Targeted jest	2026-10-04T02:33:35.8977774Z ^[[33m[Nest] 2846  - ^[[39m10/04/2026, 2:33:35 AM ^[[33m   WARN^[[39m ^[[38;5;3m[RefundDisputeHandlerService] ^[[39m^[[33mhead-coach transfer reverse pending purchase=p-a-14 refund=r-a-14 code=error^[[39m
targeted	Targeted jest	2026-10-04T02:33:35.8979368Z ^[[33m[Nest] 2846  - ^[[39m10/04/2026, 2:33:35 AM ^[[33m   WARN^[[39m ^[[38;5;3m[RefundDisputeHandlerService] ^[[39m^[[33mhead-coach transfer reverse pending purchase=p-a-15 refund=r-a-15 code=error^[[39m
targeted	Targeted jest	2026-10-04T02:33:35.8980965Z ^[[33m[Nest] 2846  - ^[[39m10/04/2026, 2:33:35 AM ^[[33m   WARN^[[39m ^[[38;5;3m[RefundDisputeHandlerService] ^[[39m^[[33mhead-coach transfer reverse pending purchase=p-a-16 refund=r-a-16 code=error^[[39m
targeted	Targeted jest	2026-10-04T02:33:35.8982327Z ^[[33m[Nest] 2846  - ^[[39m10/04/2026, 2:33:35 AM ^[[33m   WARN^[[39m ^[[38;5;3m[RefundDisputeHandlerService] ^[[39m^[[33mhead-coach transfer reverse pending purchase=p-a-17 refund=r-a-17 code=error^[[39m
targeted	Targeted jest	2026-10-04T02:33:35.8983604Z ^[[33m[Nest] 2846  - ^[[39m10/04/2026, 2:33:35 AM ^[[33m   WARN^[[39m ^[[38;5;3m[RefundDisputeHandlerService] ^[[39m^[[33mhead-coach transfer reverse pending purchase=p-a-18 refund=r-a-18 code=error^[[39m
targeted	Targeted jest	2026-10-04T02:33:35.8984637Z ^[[33m[Nest] 2846  - ^[[39m10/04/2026, 2:33:35 AM ^[[33m   WARN^[[39m ^[[38;5;3m[RefundDisputeHandlerService] ^[[39m^[[33mhead-coach transfer reverse pending purchase=p-a-00 refund=r-a-00 code=error^[[39m
targeted	Targeted jest	2026-10-04T02:33:35.8985824Z ^[[33m[Nest] 2846  - ^[[39m10/04/2026, 2:33:35 AM ^[[33m   WARN^[[39m ^[[38;5;3m[RefundDisputeHandlerService] ^[[39m^[[33mhead-coach transfer reverse pending purchase=p-a-01 refund=r-a-01 code=error^[[39m
targeted	Targeted jest	2026-10-04T02:33:35.8986849Z ^[[33m[Nest] 2846  - ^[[39m10/04/2026, 2:33:35 AM ^[[33m   WARN^[[39m ^[[38;5;3m[RefundDisputeHandlerService] ^[[39m^[[33mhead-coach transfer reverse pending purchase=p-a-02 refund=r-a-02 code=error^[[39m
targeted	Targeted jest	2026-10-04T02:33:35.8987898Z ^[[33m[Nest] 2846  - ^[[39m10/04/2026, 2:33:35 AM ^[[33m   WARN^[[39m ^[[38;5;3m[RefundDisputeHandlerService] ^[[39m^[[33mhead-coach transfer reverse pending purchase=p-a-03 refund=r-a-03 code=error^[[39m
targeted	Targeted jest	2026-10-04T02:33:35.8988926Z ^[[33m[Nest] 2846  - ^[[39m10/04/2026, 2:33:35 AM ^[[33m   WARN^[[39m ^[[38;5;3m[RefundDisputeHandlerService] ^[[39m^[[33mhead-coach transfer reverse pending purchase=p-a-04 refund=r-a-04 code=error^[[39m
targeted	Targeted jest	2026-10-04T02:33:35.8989946Z ^[[33m[Nest] 2846  - ^[[39m10/04/2026, 2:33:35 AM ^[[33m   WARN^[[39m ^[[38;5;3m[RefundDisputeHandlerService] ^[[39m^[[33mhead-coach transfer reverse pending purchase=p-a-05 refund=r-a-05 code=error^[[39m
targeted	Targeted jest	2026-10-04T02:33:35.8990976Z ^[[33m[Nest] 2846  - ^[[39m10/04/2026, 2:33:35 AM ^[[33m   WARN^[[39m ^[[38;5;3m[RefundDisputeHandlerService] ^[[39m^[[33mhead-coach transfer reverse pending purchase=p-a-06 refund=r-a-06 code=error^[[39m
targeted	Targeted jest	2026-10-04T02:33:35.8991997Z ^[[33m[Nest] 2846  - ^[[39m10/04/2026, 2:33:35 AM ^[[33m   WARN^[[39m ^[[38;5;3m[RefundDisputeHandlerService] ^[[39m^[[33mhead-coach transfer reverse pending purchase=p-a-07 refund=r-a-07 code=error^[[39m
targeted	Targeted jest	2026-10-04T02:33:35.8993228Z ^[[33m[Nest] 2846  - ^[[39m10/04/2026, 2:33:35 AM ^[[33m   WARN^[[39m ^[[38;5;3m[RefundDisputeHandlerService] ^[[39m^[[33mhead-coach transfer reverse pending purchase=p-a-08 refund=r-a-08 code=error^[[39m
targeted	Targeted jest	2026-10-04T02:33:35.8994277Z ^[[33m[Nest] 2846  - ^[[39m10/04/2026, 2:33:35 AM ^[[33m   WARN^[[39m ^[[38;5;3m[RefundDisputeHandlerService] ^[[39m^[[33mhead-coach transfer reverse pending purchase=p-a-09 refund=r-a-09 code=error^[[39m
targeted	Targeted jest	2026-10-04T02:33:35.8995309Z ^[[33m[Nest] 2846  - ^[[39m10/04/2026, 2:33:35 AM ^[[33m   WARN^[[39m ^[[38;5;3m[RefundDisputeHandlerService] ^[[39m^[[33mhead-coach transfer reverse pending purchase=p-a-10 refund=r-a-10 code=error^[[39m
targeted	Targeted jest	2026-10-04T02:33:35.8996389Z ^[[33m[Nest] 2846  - ^[[39m10/04/2026, 2:33:35 AM ^[[33m   WARN^[[39m ^[[38;5;3m[RefundDisputeHandlerService] ^[[39m^[[33mhead-coach transfer reverse pending purchase=p-a-11 refund=r-a-11 code=error^[[39m
targeted	Targeted jest	2026-10-04T02:33:35.8997460Z ^[[33m[Nest] 2846  - ^[[39m10/04/2026, 2:33:35 AM ^[[33m   WARN^[[39m ^[[38;5;3m[RefundDisputeHandlerService] ^[[39m^[[33mhead-coach transfer reverse pending purchase=p-a-12 refund=r-a-12 code=error^[[39m
targeted	Targeted jest	2026-10-04T02:33:35.8998507Z ^[[33m[Nest] 2846  - ^[[39m10/04/2026, 2:33:35 AM ^[[33m   WARN^[[39m ^[[38;5;3m[RefundDisputeHandlerService] ^[[39m^[[33mhead-coach transfer reverse pending purchase=p-a-13 refund=r-a-13 code=error^[[39m
targeted	Targeted jest	2026-10-04T02:33:35.8999526Z ^[[33m[Nest] 2846  - ^[[39m10/04/2026, 2:33:35 AM ^[[33m   WARN^[[39m ^[[38;5;3m[RefundDisputeHandlerService] ^[[39m^[[33mhead-coach transfer reverse pending purchase=p-a-14 refund=r-a-14 code=error^[[39m
targeted	Targeted jest	2026-10-04T02:33:35.9000555Z ^[[33m[Nest] 2846  - ^[[39m10/04/2026, 2:33:35 AM ^[[33m   WARN^[[39m ^[[38;5;3m[RefundDisputeHandlerService] ^[[39m^[[33mhead-coach transfer reverse pending purchase=p-a-15 refund=r-a-15 code=error^[[39m
targeted	Targeted jest	2026-10-04T02:33:35.9001688Z ^[[33m[Nest] 2846  - ^[[39m10/04/2026, 2:33:35 AM ^[[33m   WARN^[[39m ^[[38;5;3m[RefundDisputeHandlerService] ^[[39m^[[33mhead-coach transfer reverse pending purchase=p-a-16 refund=r-a-16 code=error^[[39m
targeted	Targeted jest	2026-10-04T02:33:35.9003262Z ^[[33m[Nest] 2846  - ^[[39m10/04/2026, 2:33:35 AM ^[[33m   WARN^[[39m ^[[38;5;3m[RefundDisputeHandlerService] ^[[39m^[[33mhead-coach transfer reverse pending purchase=p-a-17 refund=r-a-17 code=error^[[39m
targeted	Targeted jest	2026-10-04T02:33:35.9004820Z ^[[33m[Nest] 2846  - ^[[39m10/04/2026, 2:33:35 AM ^[[33m   WARN^[[39m ^[[38;5;3m[RefundDisputeHandlerService] ^[[39m^[[33mhead-coach transfer reverse pending purchase=p-a-18 refund=r-a-18 code=error^[[39m
targeted	Targeted jest	2026-10-04T02:33:35.9006224Z ^[[33m[Nest] 2846  - ^[[39m10/04/2026, 2:33:35 AM ^[[33m   WARN^[[39m ^[[38;5;3m[RefundDisputeHandlerService] ^[[39m^[[33mhead-coach transfer reverse pending purchase=p-a-19 refund=r-a-19 code=error^[[39m
targeted	Targeted jest	2026-10-04T02:33:35.9007266Z ^[[33m[Nest] 2846  - ^[[39m10/04/2026, 2:33:35 AM ^[[33m   WARN^[[39m ^[[38;5;3m[RefundDisputeHandlerService] ^[[39m^[[33mhead-coach transfer reverse pending purchase=p-a-20 refund=r-a-20 code=error^[[39m
targeted	Targeted jest	2026-10-04T02:33:35.9008272Z ^[[33m[Nest] 2846  - ^[[39m10/04/2026, 2:33:35 AM ^[[33m   WARN^[[39m ^[[38;5;3m[RefundDisputeHandlerService] ^[[39m^[[33mhead-coach transfer reverse pending purchase=p-a-21 refund=r-a-21 code=error^[[39m
targeted	Targeted jest	2026-10-04T02:33:35.9009281Z ^[[33m[Nest] 2846  - ^[[39m10/04/2026, 2:33:35 AM ^[[33m   WARN^[[39m ^[[38;5;3m[RefundDisputeHandlerService] ^[[39m^[[33mhead-coach transfer reverse pending purchase=p-a-22 refund=r-a-22 code=error^[[39m
targeted	Targeted jest	2026-10-04T02:33:35.9010307Z ^[[33m[Nest] 2846  - ^[[39m10/04/2026, 2:33:35 AM ^[[33m   WARN^[[39m ^[[38;5;3m[RefundDisputeHandlerService] ^[[39m^[[33mhead-coach transfer reverse pending purchase=p-a-23 refund=r-a-23 code=error^[[39m
targeted	Targeted jest	2026-10-04T02:33:35.9011327Z ^[[33m[Nest] 2846  - ^[[39m10/04/2026, 2:33:35 AM ^[[33m   WARN^[[39m ^[[38;5;3m[RefundDisputeHandlerService] ^[[39m^[[33mhead-coach transfer reverse pending purchase=p-a-24 refund=r-a-24 code=error^[[39m
targeted	Targeted jest	2026-10-04T02:33:35.9012373Z ^[[33m[Nest] 2846  - ^[[39m10/04/2026, 2:33:35 AM ^[[33m   WARN^[[39m ^[[38;5;3m[RefundDisputeHandlerService] ^[[39m^[[33mhead-coach transfer reverse pending purchase=p-a-25 refund=r-a-25 code=error^[[39m
targeted	Targeted jest	2026-10-04T02:33:35.9013552Z ^[[33m[Nest] 2846  - ^[[39m10/04/2026, 2:33:35 AM ^[[33m   WARN^[[39m ^[[38;5;3m[RefundDisputeHandlerService] ^[[39m^[[33mhead-coach transfer reverse pending purchase=p-a-26 refund=r-a-26 code=error^[[39m
targeted	Targeted jest	2026-10-04T02:33:35.9014574Z ^[[33m[Nest] 2846  - ^[[39m10/04/2026, 2:33:35 AM ^[[33m   WARN^[[39m ^[[38;5;3m[RefundDisputeHandlerService] ^[[39m^[[33mhead-coach transfer reverse pending purchase=p-a-27 refund=r-a-27 code=error^[[39m
targeted	Targeted jest	2026-10-04T02:33:35.9015579Z ^[[33m[Nest] 2846  - ^[[39m10/04/2026, 2:33:35 AM ^[[33m   WARN^[[39m ^[[38;5;3m[RefundDisputeHandlerService] ^[[39m^[[33mhead-coach transfer reverse pending purchase=p-a-28 refund=r-a-28 code=error^[[39m
targeted	Targeted jest	2026-10-04T02:33:35.9016677Z ^[[33m[Nest] 2846  - ^[[39m10/04/2026, 2:33:35 AM ^[[33m   WARN^[[39m ^[[38;5;3m[RefundDisputeHandlerService] ^[[39m^[[33mhead-coach transfer reverse pending purchase=p-a-29 refund=r-a-29 code=error^[[39m
targeted	Targeted jest	2026-10-04T02:33:35.9017690Z ^[[33m[Nest] 2846  - ^[[39m10/04/2026, 2:33:35 AM ^[[33m   WARN^[[39m ^[[38;5;3m[RefundDisputeHandlerService] ^[[39m^[[33mhead-coach transfer reverse pending purchase=p-a-30 refund=r-a-30 code=error^[[39m
targeted	Targeted jest	2026-10-04T02:33:35.9018750Z ^[[33m[Nest] 2846  - ^[[39m10/04/2026, 2:33:35 AM ^[[33m   WARN^[[39m ^[[38;5;3m[RefundDisputeHandlerService] ^[[39m^[[33mhead-coach transfer reverse pending purchase=p-a-31 refund=r-a-31 code=error^[[39m
targeted	Targeted jest	2026-10-04T02:33:35.9019809Z ^[[33m[Nest] 2846  - ^[[39m10/04/2026, 2:33:35 AM ^[[33m   WARN^[[39m ^[[38;5;3m[RefundDisputeHandlerService] ^[[39m^[[33mhead-coach transfer reverse pending purchase=p-a-32 refund=r-a-32 code=error^[[39m
targeted	Targeted jest	2026-10-04T02:33:35.9020837Z ^[[33m[Nest] 2846  - ^[[39m10/04/2026, 2:33:35 AM ^[[33m   WARN^[[39m ^[[38;5;3m[RefundDisputeHandlerService] ^[[39m^[[33mhead-coach transfer reverse pending purchase=p-a-33 refund=r-a-33 code=error^[[39m
targeted	Targeted jest	2026-10-04T02:33:35.9021903Z ^[[33m[Nest] 2846  - ^[[39m10/04/2026, 2:33:35 AM ^[[33m   WARN^[[39m ^[[38;5;3m[RefundDisputeHandlerService] ^[[39m^[[33mhead-coach transfer reverse pending purchase=p-a-34 refund=r-a-34 code=error^[[39m
targeted	Targeted jest	2026-10-04T02:33:35.9023011Z ^[[33m[Nest] 2846  - ^[[39m10/04/2026, 2:33:35 AM ^[[33m   WARN^[[39m ^[[38;5;3m[RefundDisputeHandlerService] ^[[39m^[[33mhead-coach transfer reverse pending purchase=p-a-35 refund=r-a-35 code=error^[[39m
targeted	Targeted jest	2026-10-04T02:33:35.9024091Z ^[[33m[Nest] 2846  - ^[[39m10/04/2026, 2:33:35 AM ^[[33m   WARN^[[39m ^[[38;5;3m[RefundDisputeHandlerService] ^[[39m^[[33mhead-coach transfer reverse pending purchase=p-a-36 refund=r-a-36 code=error^[[39m
targeted	Targeted jest	2026-10-04T02:33:35.9025158Z ^[[33m[Nest] 2846  - ^[[39m10/04/2026, 2:33:35 AM ^[[33m   WARN^[[39m ^[[38;5;3m[RefundDisputeHandlerService] ^[[39m^[[33mhead-coach transfer reverse pending purchase=p-a-37 refund=r-a-37 code=error^[[39m
targeted	Targeted jest	2026-10-04T02:33:35.9026231Z ^[[33m[Nest] 2846  - ^[[39m10/04/2026, 2:33:35 AM ^[[33m   WARN^[[39m ^[[38;5;3m[RefundDisputeHandlerService] ^[[39m^[[33mhead-coach transfer reverse pending purchase=p-a-38 refund=r-a-38 code=error^[[39m
targeted	Targeted jest	2026-10-04T02:33:35.9027293Z ^[[33m[Nest] 2846  - ^[[39m10/04/2026, 2:33:35 AM ^[[33m   WARN^[[39m ^[[38;5;3m[RefundDisputeHandlerService] ^[[39m^[[33mhead-coach transfer reverse pending purchase=p-a-39 refund=r-a-39 code=error^[[39m
targeted	Targeted jest	2026-10-04T02:33:35.9028333Z ^[[33m[Nest] 2846  - ^[[39m10/04/2026, 2:33:35 AM ^[[33m   WARN^[[39m ^[[38;5;3m[RefundDisputeHandlerService] ^[[39m^[[33mhead-coach transfer reverse pending purchase=p-a-40 refund=r-a-40 code=error^[[39m
targeted	Targeted jest	2026-10-04T02:33:35.9029393Z ^[[33m[Nest] 2846  - ^[[39m10/04/2026, 2:33:35 AM ^[[33m   WARN^[[39m ^[[38;5;3m[RefundDisputeHandlerService] ^[[39m^[[33mhead-coach transfer reverse pending purchase=p-a-41 refund=r-a-41 code=error^[[39m
targeted	Targeted jest	2026-10-04T02:33:35.9030416Z ^[[33m[Nest] 2846  - ^[[39m10/04/2026, 2:33:35 AM ^[[33m   WARN^[[39m ^[[38;5;3m[RefundDisputeHandlerService] ^[[39m^[[33mhead-coach transfer reverse pending purchase=p-a-42 refund=r-a-42 code=error^[[39m
targeted	Targeted jest	2026-10-04T02:33:35.9031505Z ^[[33m[Nest] 2846  - ^[[39m10/04/2026, 2:33:35 AM ^[[33m   WARN^[[39m ^[[38;5;3m[RefundDisputeHandlerService] ^[[39m^[[33mhead-coach transfer reverse pending purchase=p-a-43 refund=r-a-43 code=error^[[39m
targeted	Targeted jest	2026-10-04T02:33:35.9032557Z ^[[33m[Nest] 2846  - ^[[39m10/04/2026, 2:33:35 AM ^[[33m   WARN^[[39m ^[[38;5;3m[RefundDisputeHandlerService] ^[[39m^[[33mhead-coach transfer reverse pending purchase=p-a-44 refund=r-a-44 code=error^[[39m
targeted	Targeted jest	2026-10-04T02:33:35.9033761Z ^[[33m[Nest] 2846  - ^[[39m10/04/2026, 2:33:35 AM ^[[33m   WARN^[[39m ^[[38;5;3m[RefundDisputeHandlerService] ^[[39m^[[33mhead-coach transfer reverse pending purchase=p-a-00 refund=r-a-00 code=error^[[39m
targeted	Targeted jest	2026-10-04T02:33:35.9034823Z ^[[33m[Nest] 2846  - ^[[39m10/04/2026, 2:33:35 AM ^[[33m   WARN^[[39m ^[[38;5;3m[RefundDisputeHandlerService] ^[[39m^[[33mhead-coach transfer reverse pending purchase=p-a-01 refund=r-a-01 code=error^[[39m
targeted	Targeted jest	2026-10-04T02:33:35.9035881Z ^[[33m[Nest] 2846  - ^[[39m10/04/2026, 2:33:35 AM ^[[33m   WARN^[[39m ^[[38;5;3m[RefundDisputeHandlerService] ^[[39m^[[33mhead-coach transfer reverse pending purchase=p-a-02 refund=r-a-02 code=error^[[39m
targeted	Targeted jest	2026-10-04T02:33:35.9036939Z ^[[33m[Nest] 2846  - ^[[39m10/04/2026, 2:33:35 AM ^[[33m   WARN^[[39m ^[[38;5;3m[RefundDisputeHandlerService] ^[[39m^[[33mhead-coach transfer reverse pending purchase=p-a-03 refund=r-a-03 code=error^[[39m
targeted	Targeted jest	2026-10-04T02:33:35.9037955Z ^[[33m[Nest] 2846  - ^[[39m10/04/2026, 2:33:35 AM ^[[33m   WARN^[[39m ^[[38;5;3m[RefundDisputeHandlerService] ^[[39m^[[33mhead-coach transfer reverse pending purchase=p-a-04 refund=r-a-04 code=error^[[39m
targeted	Targeted jest	2026-10-04T02:33:35.9039030Z ^[[33m[Nest] 2846  - ^[[39m10/04/2026, 2:33:35 AM ^[[33m   WARN^[[39m ^[[38;5;3m[RefundDisputeHandlerService] ^[[39m^[[33mhead-coach transfer reverse pending purchase=p-a-05 refund=r-a-05 code=error^[[39m
targeted	Targeted jest	2026-10-04T02:33:35.9040097Z ^[[33m[Nest] 2846  - ^[[39m10/04/2026, 2:33:35 AM ^[[33m   WARN^[[39m ^[[38;5;3m[RefundDisputeHandlerService] ^[[39m^[[33mhead-coach transfer reverse pending purchase=p-a-06 refund=r-a-06 code=error^[[39m
targeted	Targeted jest	2026-10-04T02:33:35.9041158Z ^[[33m[Nest] 2846  - ^[[39m10/04/2026, 2:33:35 AM ^[[33m   WARN^[[39m ^[[38;5;3m[RefundDisputeHandlerService] ^[[39m^[[33mhead-coach transfer reverse pending purchase=p-a-07 refund=r-a-07 code=error^[[39m
targeted	Targeted jest	2026-10-04T02:33:35.9042219Z ^[[33m[Nest] 2846  - ^[[39m10/04/2026, 2:33:35 AM ^[[33m   WARN^[[39m ^[[38;5;3m[RefundDisputeHandlerService] ^[[39m^[[33mhead-coach transfer reverse pending purchase=p-a-08 refund=r-a-08 code=error^[[39m
targeted	Targeted jest	2026-10-04T02:33:35.9043386Z ^[[33m[Nest] 2846  - ^[[39m10/04/2026, 2:33:35 AM ^[[33m   WARN^[[39m ^[[38;5;3m[RefundDisputeHandlerService] ^[[39m^[[33mhead-coach transfer reverse pending purchase=p-a-09 refund=r-a-09 code=error^[[39m
targeted	Targeted jest	2026-10-04T02:33:35.9044549Z ^[[33m[Nest] 2846  - ^[[39m10/04/2026, 2:33:35 AM ^[[33m   WARN^[[39m ^[[38;5;3m[RefundDisputeHandlerService] ^[[39m^[[33mhead-coach transfer reverse pending purchase=p-a-10 refund=r-a-10 code=error^[[39m
targeted	Targeted jest	2026-10-04T02:33:35.9045586Z ^[[33m[Nest] 2846  - ^[[39m10/04/2026, 2:33:35 AM ^[[33m   WARN^[[39m ^[[38;5;3m[RefundDisputeHandlerService] ^[[39m^[[33mhead-coach transfer reverse pending purchase=p-a-11 refund=r-a-11 code=error^[[39m
targeted	Targeted jest	2026-10-04T02:33:35.9046658Z ^[[33m[Nest] 2846  - ^[[39m10/04/2026, 2:33:35 AM ^[[33m   WARN^[[39m ^[[38;5;3m[RefundDisputeHandlerService] ^[[39m^[[33mhead-coach transfer reverse pending purchase=p-a-12 refund=r-a-12 code=error^[[39m
targeted	Targeted jest	2026-10-04T02:33:35.9047668Z ^[[33m[Nest] 2846  - ^[[39m10/04/2026, 2:33:35 AM ^[[33m   WARN^[[39m ^[[38;5;3m[RefundDisputeHandlerService] ^[[39m^[[33mhead-coach transfer reverse pending purchase=p-a-13 refund=r-a-13 code=error^[[39m
targeted	Targeted jest	2026-10-04T02:33:36.2128293Z ^[[31m[Nest] 2846  - ^[[39m10/04/2026, 2:33:36 AM ^[[31m  ERROR^[[39m ^[[38;5;3m[RefundDisputeHandlerService] ^[[39m^[[31mhead-coach transfer reversal needs review refund=refund-1 purchase=p-1 code=REFUND_TRANSFER_REVERSAL_REVIEW^[[39m
targeted	Targeted jest	2026-10-04T02:33:36.2180177Z PASS test/refund-reversal-once.spec.ts
targeted	Targeted jest	2026-10-04T02:33:36.3017852Z FAIL test/audit-sol-cm1-674-boundaries.spec.ts
targeted	Targeted jest	2026-10-04T02:33:36.3019013Z   ● Test suite failed to run
targeted	Targeted jest	2026-10-04T02:33:36.3019537Z 
targeted	Targeted jest	2026-10-04T02:33:36.3020712Z     ^[[96mtest/audit-sol-cm1-674-boundaries.spec.ts^[[0m:^[[93m5^[[0m:^[[93m21^[[0m - ^[[91merror^[[0m^[[90m TS2307: ^[[0mCannot find module 'supertest' or its corresponding type declarations.
targeted	Targeted jest	2026-10-04T02:33:36.3021747Z 
targeted	Targeted jest	2026-10-04T02:33:36.3022145Z     ^[[7m5^[[0m import request from 'supertest';
targeted	Targeted jest	2026-10-04T02:33:36.3022813Z     ^[[7m ^[[0m ^[[91m                    ~~~~~~~~~~~^[[0m
targeted	Targeted jest	2026-10-04T02:33:36.3023347Z 
targeted	Targeted jest	2026-10-04T02:33:36.3036359Z Test Suites: 1 failed, 3 passed, 4 total
targeted	Targeted jest	2026-10-04T02:33:36.3036807Z Tests:       35 passed, 35 total
targeted	Targeted jest	2026-10-04T02:33:36.3037122Z Snapshots:   0 total
targeted	Targeted jest	2026-10-04T02:33:36.3037466Z Time:        10.059 s
targeted	Targeted jest	2026-10-04T02:33:36.3038274Z Ran all test suites matching test/audit-sol-cm1-674-boundaries.spec.ts|test/refund-reversal-once.spec.ts|test/refund-reversal-review.spec.ts|test/refund-reversal-reconcile.spec.ts.
targeted	Targeted jest	2026-10-04T02:33:36.3043055Z ^[[33m[Nest] 2846  - ^[[39m10/04/2026, 2:33:36 AM ^[[33m   WARN^[[39m ^[[38;5;3m[RefundDisputeHandlerService] ^[[39m^[[33mhead-coach transfer reverse pending purchase=p-1 refund=refund-1 code=error^[[39m
targeted	Targeted jest	2026-10-04T02:33:36.3044358Z ^[[33m[Nest] 2846  - ^[[39m10/04/2026, 2:33:36 AM ^[[33m   WARN^[[39m ^[[38;5;3m[RefundDisputeHandlerService] ^[[39m^[[33mhead-coach transfer reverse pending purchase=p-1 refund=refund-1 code=error^[[39m
targeted	Targeted jest	2026-10-04T02:33:36.3045905Z ^[[33m[Nest] 2846  - ^[[39m10/04/2026, 2:33:36 AM ^[[33m   WARN^[[39m ^[[38;5;3m[RefundDisputeHandlerService] ^[[39m^[[33mhead-coach transfer reverse pending purchase=p-1 refund=refund-1 code=error^[[39m
targeted	Targeted jest	2026-10-04T02:33:36.4313100Z ##[error]Process completed with exit code 1.
