Refreshing run status every 60 seconds. Press Ctrl+C to quit.

* ci/AUD-SOL-PUSH4-121-candidate-1 ci-lane · 37365169919
Triggered via push less than a minute ago

JOBS
* targeted (ID 111948456519)
Refreshing run status every 60 seconds. Press Ctrl+C to quit.

* ci/AUD-SOL-PUSH4-121-candidate-1 ci-lane · 37365169919
Triggered via push about 1 minute ago

JOBS
* targeted (ID 111948456519)
Refreshing run status every 60 seconds. Press Ctrl+C to quit.

* ci/AUD-SOL-PUSH4-121-candidate-1 ci-lane · 37365169919
Triggered via push about 2 minutes ago

JOBS
* targeted (ID 111948456519)
Refreshing run status every 60 seconds. Press Ctrl+C to quit.

* ci/AUD-SOL-PUSH4-121-candidate-1 ci-lane · 37365169919
Triggered via push about 3 minutes ago

JOBS
* targeted (ID 111948456519)
Refreshing run status every 60 seconds. Press Ctrl+C to quit.

* ci/AUD-SOL-PUSH4-121-candidate-1 ci-lane · 37365169919
Triggered via push about 4 minutes ago

JOBS
* targeted (ID 111948456519)
Refreshing run status every 60 seconds. Press Ctrl+C to quit.

* ci/AUD-SOL-PUSH4-121-candidate-1 ci-lane · 37365169919
Triggered via push about 5 minutes ago

JOBS
* targeted (ID 111948456519)
failed to get jobs: HTTP 403: API rate limit exceeded for 23.22.183.111. (But here's the good news: Authenticated requests get a higher rate limit. Check out the documentation for more details.) (https://api.github.com/repos/BradleyGleavePortfolio/growth-project-backend/actions/runs/37365169919/jobs?per_page=100)
