2026-10-04T20:36:08.2110559Z Current runner version: '2.337.0'
2026-10-04T20:36:08.2136541Z ##[group]Runner Image Provisioner
2026-10-04T20:36:08.2137473Z Hosted Compute Agent
2026-10-04T20:36:08.2138061Z Version: 20260901.588
2026-10-04T20:36:08.2138672Z Commit: f88ec8081b781fac6c440065ac7ff9e710ce3d0b
2026-10-04T20:36:08.2139459Z Build Date: 2026-09-01T19:56:44Z
2026-10-04T20:36:08.2140144Z Worker ID: {e248a3da-1872-4c7e-b904-00a1abdad5f2}
2026-10-04T20:36:08.2140918Z Azure Region: eastus2
2026-10-04T20:36:08.2141515Z ##[endgroup]
2026-10-04T20:36:08.2144041Z ##[group]Operating System
2026-10-04T20:36:08.2144805Z Ubuntu
2026-10-04T20:36:08.2145351Z 24.04.5
2026-10-04T20:36:08.2145937Z LTS
2026-10-04T20:36:08.2146508Z ##[endgroup]
2026-10-04T20:36:08.2147082Z ##[group]Runner Image
2026-10-04T20:36:08.2148178Z Image: ubuntu-24.04
2026-10-04T20:36:08.2148750Z Version: 20260927.320.1
2026-10-04T20:36:08.2150090Z Included Software: https://github.com/actions/runner-images/blob/ubuntu24/20260927.320/images/ubuntu/Ubuntu2404-Readme.md
2026-10-04T20:36:08.2151823Z Image Release: https://github.com/actions/runner-images/releases/tag/ubuntu24%2F20260927.320
2026-10-04T20:36:08.2152881Z ##[endgroup]
2026-10-04T20:36:08.2154170Z ##[group]GITHUB_TOKEN Permissions
2026-10-04T20:36:08.2156412Z Contents: read
2026-10-04T20:36:08.2157014Z Metadata: read
2026-10-04T20:36:08.2157651Z Packages: read
2026-10-04T20:36:08.2158254Z ##[endgroup]
2026-10-04T20:36:08.2160611Z Secret source: Actions
2026-10-04T20:36:08.2161965Z Cache mode: write
2026-10-04T20:36:08.2163040Z Prepare workflow directory
2026-10-04T20:36:08.2489328Z Prepare all required actions
2026-10-04T20:36:08.2537254Z Getting action download info
2026-10-04T20:36:08.4782065Z Download action repository 'actions/checkout@v6' (SHA:d23441a48e516b6c34aea4fa41551a30e30af803)
2026-10-04T20:36:08.5734133Z Download action repository 'actions/setup-node@v6' (SHA:249970729cb0ef3589644e2896645e5dc5ba9c38)
2026-10-04T20:36:08.7592271Z Complete job name: targeted
2026-10-04T20:36:08.8350408Z ##[group]Run actions/checkout@v6
2026-10-04T20:36:08.8351344Z with:
2026-10-04T20:36:08.8352174Z   repository: BradleyGleavePortfolio/growth-project-mobile
2026-10-04T20:36:08.8356034Z   token: ***
2026-10-04T20:36:08.8356473Z   ssh-strict: true
2026-10-04T20:36:08.8356905Z   ssh-user: git
2026-10-04T20:36:08.8357352Z   persist-credentials: true
2026-10-04T20:36:08.8357834Z   clean: true
2026-10-04T20:36:08.8358275Z   sparse-checkout-cone-mode: true
2026-10-04T20:36:08.8358792Z   fetch-depth: 1
2026-10-04T20:36:08.8359220Z   fetch-tags: false
2026-10-04T20:36:08.8359659Z   show-progress: true
2026-10-04T20:36:08.8360101Z   lfs: false
2026-10-04T20:36:08.8360508Z   submodules: false
2026-10-04T20:36:08.8360960Z   set-safe-directory: true
2026-10-04T20:36:08.8361470Z   allow-unsafe-pr-checkout: false
2026-10-04T20:36:08.8362411Z ##[endgroup]
2026-10-04T20:36:08.9329974Z Syncing repository: BradleyGleavePortfolio/growth-project-mobile
2026-10-04T20:36:08.9332320Z ##[group]Getting Git version info
2026-10-04T20:36:08.9333239Z Working directory is '/home/runner/work/growth-project-mobile/growth-project-mobile'
2026-10-04T20:36:08.9334467Z [command]/usr/bin/git version
2026-10-04T20:36:08.9426651Z git version 2.55.0
2026-10-04T20:36:08.9448871Z ##[endgroup]
2026-10-04T20:36:08.9462773Z Temporarily overriding HOME='/home/runner/work/_temp/6b26d6a7-e725-4fab-baa2-d615982b08be' before making global git config changes
2026-10-04T20:36:08.9464542Z Adding repository directory to the temporary git global config as a safe directory
2026-10-04T20:36:08.9468630Z [command]/usr/bin/git config --global --add safe.directory /home/runner/work/growth-project-mobile/growth-project-mobile
2026-10-04T20:36:08.9519165Z Deleting the contents of '/home/runner/work/growth-project-mobile/growth-project-mobile'
2026-10-04T20:36:08.9523676Z ##[group]Determining repository object format
2026-10-04T20:36:08.9525748Z ##[endgroup]
2026-10-04T20:36:08.9526974Z ##[group]Initializing the repository
2026-10-04T20:36:08.9530124Z [command]/usr/bin/git init /home/runner/work/growth-project-mobile/growth-project-mobile
2026-10-04T20:36:08.9656134Z hint: Using 'master' as the name for the initial branch. This default branch name
2026-10-04T20:36:08.9657388Z hint: will change to "main" in Git 3.0. To configure the initial branch name
2026-10-04T20:36:08.9658534Z hint: to use in all of your new repositories, which will suppress this warning,
2026-10-04T20:36:08.9659403Z hint: call:
2026-10-04T20:36:08.9660225Z hint:
2026-10-04T20:36:08.9660890Z hint: 	git config --global init.defaultBranch <name>
2026-10-04T20:36:08.9662017Z hint:
2026-10-04T20:36:08.9663137Z hint: Names commonly chosen instead of 'master' are 'main', 'trunk' and
2026-10-04T20:36:08.9664932Z hint: 'development'. The just-created branch can be renamed via this command:
2026-10-04T20:36:08.9666370Z hint:
2026-10-04T20:36:08.9667200Z hint: 	git branch -m <name>
2026-10-04T20:36:08.9668126Z hint:
2026-10-04T20:36:08.9669274Z hint: Disable this message with "git config set advice.defaultBranchName false"
2026-10-04T20:36:08.9671488Z Initialized empty Git repository in /home/runner/work/growth-project-mobile/growth-project-mobile/.git/
2026-10-04T20:36:08.9674334Z [command]/usr/bin/git remote add origin https://github.com/BradleyGleavePortfolio/growth-project-mobile
2026-10-04T20:36:08.9720920Z ##[endgroup]
2026-10-04T20:36:08.9721992Z ##[group]Disabling automatic garbage collection
2026-10-04T20:36:08.9724849Z [command]/usr/bin/git config --local gc.auto 0
2026-10-04T20:36:08.9753122Z ##[endgroup]
2026-10-04T20:36:08.9753927Z ##[group]Setting up auth
2026-10-04T20:36:08.9754693Z Removing SSH command configuration
2026-10-04T20:36:08.9760733Z [command]/usr/bin/git config --local --name-only --get-regexp core\.sshCommand
2026-10-04T20:36:08.9792306Z [command]/usr/bin/git submodule foreach --recursive sh -c "git config --local --name-only --get-regexp 'core\.sshCommand' && git config --local --unset-all 'core.sshCommand' || :"
2026-10-04T20:36:09.0146837Z Removing HTTP extra header
2026-10-04T20:36:09.0151318Z [command]/usr/bin/git config --local --name-only --get-regexp http\.https\:\/\/github\.com\/\.extraheader
2026-10-04T20:36:09.0181044Z [command]/usr/bin/git submodule foreach --recursive sh -c "git config --local --name-only --get-regexp 'http\.https\:\/\/github\.com\/\.extraheader' && git config --local --unset-all 'http.https://github.com/.extraheader' || :"
2026-10-04T20:36:09.0392130Z Removing includeIf entries pointing to credentials config files
2026-10-04T20:36:09.0397550Z [command]/usr/bin/git config --local --name-only --get-regexp ^includeIf\.gitdir:
2026-10-04T20:36:09.0426967Z [command]/usr/bin/git submodule foreach --recursive git config --local --show-origin --name-only --get-regexp remote.origin.url
2026-10-04T20:36:09.0644777Z [command]/usr/bin/git config --file /home/runner/work/_temp/git-credentials-4eecdfd6-2802-4c26-8b5a-2f37c2a0fc8c.config http.https://github.com/.extraheader AUTHORIZATION: basic ***
2026-10-04T20:36:09.0680147Z [command]/usr/bin/git config --local includeIf.gitdir:/home/runner/work/growth-project-mobile/growth-project-mobile/.git.path /home/runner/work/_temp/git-credentials-4eecdfd6-2802-4c26-8b5a-2f37c2a0fc8c.config
2026-10-04T20:36:09.0710020Z [command]/usr/bin/git config --local includeIf.gitdir:/home/runner/work/growth-project-mobile/growth-project-mobile/.git/worktrees/*.path /home/runner/work/_temp/git-credentials-4eecdfd6-2802-4c26-8b5a-2f37c2a0fc8c.config
2026-10-04T20:36:09.0744799Z [command]/usr/bin/git config --local includeIf.gitdir:/github/workspace/.git.path /github/runner_temp/git-credentials-4eecdfd6-2802-4c26-8b5a-2f37c2a0fc8c.config
2026-10-04T20:36:09.0780782Z [command]/usr/bin/git config --local includeIf.gitdir:/github/workspace/.git/worktrees/*.path /github/runner_temp/git-credentials-4eecdfd6-2802-4c26-8b5a-2f37c2a0fc8c.config
2026-10-04T20:36:09.0807595Z ##[endgroup]
2026-10-04T20:36:09.0808342Z ##[group]Fetching the repository
2026-10-04T20:36:09.0815541Z [command]/usr/bin/git -c protocol.version=2 fetch --no-tags --prune --no-recurse-submodules --depth=1 origin +b1dce0a476afb30b74615d6b9235ff050579f906:refs/remotes/origin/ci/B-SHEET4-119-342-after
2026-10-04T20:36:09.8570250Z From https://github.com/BradleyGleavePortfolio/growth-project-mobile
2026-10-04T20:36:09.8572943Z  * [new ref]         b1dce0a476afb30b74615d6b9235ff050579f906 -> origin/ci/B-SHEET4-119-342-after
2026-10-04T20:36:09.8583726Z [command]/usr/bin/git branch --list --remote origin/ci/B-SHEET4-119-342-after
2026-10-04T20:36:09.8608794Z   origin/ci/B-SHEET4-119-342-after
2026-10-04T20:36:09.8622254Z [command]/usr/bin/git rev-parse refs/remotes/origin/ci/B-SHEET4-119-342-after
2026-10-04T20:36:09.8643354Z b1dce0a476afb30b74615d6b9235ff050579f906
2026-10-04T20:36:09.8648143Z ##[endgroup]
2026-10-04T20:36:09.8649416Z ##[group]Determining the checkout info
2026-10-04T20:36:09.8650647Z ##[endgroup]
2026-10-04T20:36:09.8655202Z [command]/usr/bin/git sparse-checkout disable
2026-10-04T20:36:09.8709787Z [command]/usr/bin/git config --local --unset-all extensions.worktreeConfig
2026-10-04T20:36:09.8739355Z ##[group]Checking out the ref
2026-10-04T20:36:09.8744092Z [command]/usr/bin/git checkout --progress --force -B ci/B-SHEET4-119-342-after refs/remotes/origin/ci/B-SHEET4-119-342-after
2026-10-04T20:36:09.9806372Z Switched to a new branch 'ci/B-SHEET4-119-342-after'
2026-10-04T20:36:09.9812643Z branch 'ci/B-SHEET4-119-342-after' set up to track 'origin/ci/B-SHEET4-119-342-after'.
2026-10-04T20:36:09.9821967Z ##[endgroup]
2026-10-04T20:36:09.9864178Z [command]/usr/bin/git log -1 --format=%H
2026-10-04T20:36:09.9887679Z b1dce0a476afb30b74615d6b9235ff050579f906
2026-10-04T20:36:10.0268821Z ##[group]Run actions/setup-node@v6
2026-10-04T20:36:10.0270094Z with:
2026-10-04T20:36:10.0271037Z   node-version: 22.13
2026-10-04T20:36:10.0272430Z   cache: npm
2026-10-04T20:36:10.0273407Z   check-latest: false
2026-10-04T20:36:10.0282073Z   token: ***
2026-10-04T20:36:10.0283092Z   package-manager-cache: true
2026-10-04T20:36:10.0284228Z ##[endgroup]
2026-10-04T20:36:10.1676414Z Attempting to download 22.13...
2026-10-04T20:36:10.5728731Z Acquiring 22.13.1 - x64 from https://github.com/actions/node-versions/releases/download/22.13.1-12900459766/node-22.13.1-linux-x64.tar.gz
2026-10-04T20:36:11.1320807Z Extracting ...
2026-10-04T20:36:11.1443194Z [command]/usr/bin/tar xz --strip 1 --warning=no-unknown-keyword --overwrite -C /home/runner/work/_temp/1fa753db-916f-4891-83e9-8787b3c9ff3d -f /home/runner/work/_temp/00975e4f-32d6-4da6-b8cf-0aa4e7efa926
2026-10-04T20:36:12.3254397Z Adding to the cache ...
2026-10-04T20:36:14.4203835Z ##[group]Environment details
2026-10-04T20:36:14.6349188Z node: v22.13.1
2026-10-04T20:36:14.6349821Z npm: 10.9.2
2026-10-04T20:36:14.6350315Z yarn: 1.22.22
2026-10-04T20:36:14.6351107Z ##[endgroup]
2026-10-04T20:36:14.6374856Z [command]/opt/hostedtoolcache/node/22.13.1/x64/bin/npm config get cache
2026-10-04T20:36:14.7276440Z /home/runner/.npm
2026-10-04T20:36:14.8169023Z Cache hit for: node-cache-Linux-x64-npm-d337c1813e25f31cc43e8d80f8de0d0cb6af6de1f93566771485fa27a2bebc06
2026-10-04T20:36:15.7743071Z Received 241027159 of 241027159 (100.0%), 250.9 MBs/sec
2026-10-04T20:36:15.7743938Z Cache Size: ~230 MB (241027159 B)
2026-10-04T20:36:15.7808480Z [command]/usr/bin/tar -xf /home/runner/work/_temp/2a96d079-3dba-4a83-9553-0f024b3b3416/cache.tzst -P -C /home/runner/work/growth-project-mobile/growth-project-mobile --use-compress-program unzstd
2026-10-04T20:36:16.4074466Z Cache restored successfully
2026-10-04T20:36:16.4193914Z Cache restored from key: node-cache-Linux-x64-npm-d337c1813e25f31cc43e8d80f8de0d0cb6af6de1f93566771485fa27a2bebc06
2026-10-04T20:36:16.4410967Z ##[group]Run npm ci
2026-10-04T20:36:16.4411327Z npm ci
2026-10-04T20:36:16.4699958Z shell: /usr/bin/bash -e {0}
2026-10-04T20:36:16.4700282Z ##[endgroup]
2026-10-04T20:36:21.4185842Z npm warn deprecated inflight@1.0.6: This module is not supported, and leaks memory. Do not use it. Check out lru-cache if you want a good and tested way to coalesce async requests by a key value, which is much more comprehensive and powerful.
2026-10-04T20:36:21.6443236Z npm warn deprecated @humanwhocodes/config-array@0.13.0: Use @eslint/config-array instead
2026-10-04T20:36:21.6606586Z npm warn deprecated whatwg-encoding@2.0.0: Use @exodus/bytes instead for a more spec-conformant and faster implementation
2026-10-04T20:36:21.6653977Z npm warn deprecated rimraf@3.0.2: Rimraf versions prior to v4 are no longer supported
2026-10-04T20:36:21.6889070Z npm warn deprecated abab@2.0.6: Use your platform's native atob() and btoa() methods instead
2026-10-04T20:36:21.8332889Z npm warn deprecated @humanwhocodes/object-schema@2.0.3: Use @eslint/object-schema instead
2026-10-04T20:36:21.8387622Z npm warn deprecated glob@7.2.3: Old versions of glob are not supported, and contain widely publicized security vulnerabilities, which have been fixed in the current version. Please update. Support for old versions may be purchased (at exorbitant rates) by contacting i@izs.me
2026-10-04T20:36:21.8399615Z npm warn deprecated glob@7.2.3: Old versions of glob are not supported, and contain widely publicized security vulnerabilities, which have been fixed in the current version. Please update. Support for old versions may be purchased (at exorbitant rates) by contacting i@izs.me
2026-10-04T20:36:21.8419045Z npm warn deprecated glob@7.2.3: Old versions of glob are not supported, and contain widely publicized security vulnerabilities, which have been fixed in the current version. Please update. Support for old versions may be purchased (at exorbitant rates) by contacting i@izs.me
2026-10-04T20:36:21.8422652Z npm warn deprecated glob@7.2.3: Old versions of glob are not supported, and contain widely publicized security vulnerabilities, which have been fixed in the current version. Please update. Support for old versions may be purchased (at exorbitant rates) by contacting i@izs.me
2026-10-04T20:36:21.8444543Z npm warn deprecated glob@7.2.3: Old versions of glob are not supported, and contain widely publicized security vulnerabilities, which have been fixed in the current version. Please update. Support for old versions may be purchased (at exorbitant rates) by contacting i@izs.me
2026-10-04T20:36:21.8809647Z npm warn deprecated glob@7.1.6: Old versions of glob are not supported, and contain widely publicized security vulnerabilities, which have been fixed in the current version. Please update. Support for old versions may be purchased (at exorbitant rates) by contacting i@izs.me
2026-10-04T20:36:21.9338085Z npm warn deprecated domexception@4.0.0: Use your platform's native DOMException instead
2026-10-04T20:36:22.3778974Z npm warn deprecated @xmldom/xmldom@0.7.13: this version has critical issues, please update to the latest version
2026-10-04T20:36:23.1069722Z npm warn deprecated uuid@7.0.3: uuid@10 and below is no longer supported.  For ESM codebases, update to uuid@latest.  For CommonJS codebases, use uuid@11 (but be aware this version will likely be deprecated in 2028).
2026-10-04T20:36:26.6822148Z npm warn deprecated eslint@8.57.1: This version is no longer supported. Please see https://eslint.org/version-support for other options.
2026-10-04T20:37:16.9129071Z 
2026-10-04T20:37:16.9134141Z added 1108 packages, and audited 1109 packages in 1m
2026-10-04T20:37:16.9134700Z 
2026-10-04T20:37:16.9135025Z 187 packages are looking for funding
2026-10-04T20:37:16.9135552Z   run `npm fund` for details
2026-10-04T20:37:17.2807012Z 
2026-10-04T20:37:17.2807897Z 88 vulnerabilities (1 low, 16 moderate, 71 high)
2026-10-04T20:37:17.2808238Z 
2026-10-04T20:37:17.2808514Z To address issues that do not require attention, run:
2026-10-04T20:37:17.2809482Z   npm audit fix
2026-10-04T20:37:17.2809657Z 
2026-10-04T20:37:17.2809952Z To address all issues (including breaking changes), run:
2026-10-04T20:37:17.2810384Z   npm audit fix --force
2026-10-04T20:37:17.2810791Z 
2026-10-04T20:37:17.2811071Z Run `npm audit` for details.
2026-10-04T20:37:17.4817717Z ##[group]Run npx tsc --noEmit
2026-10-04T20:37:17.4818039Z npx tsc --noEmit
2026-10-04T20:37:17.4882237Z shell: /usr/bin/bash -e {0}
2026-10-04T20:37:17.4882500Z ##[endgroup]
2026-10-04T20:37:44.2327232Z ##[group]Run set -euo pipefail
2026-10-04T20:37:44.2327565Z set -euo pipefail
2026-10-04T20:37:44.2327949Z test -s .ci-lane-specs || { echo "missing .ci-lane-specs"; exit 2; }
2026-10-04T20:37:44.2328436Z mapfile -t SPECS < <(grep -vE '^\s*(#|$)' .ci-lane-specs)
2026-10-04T20:37:44.2328797Z echo "specs: ${SPECS[*]}"
2026-10-04T20:37:44.2329061Z npx jest --ci "${SPECS[@]}"
2026-10-04T20:37:44.2392676Z shell: /usr/bin/bash --noprofile --norc -e -o pipefail {0}
2026-10-04T20:37:44.2393029Z ##[endgroup]
2026-10-04T20:37:44.2490237Z specs: src/lib/__tests__/packagePayment.replyCodes.test.ts src/lib/__tests__/audSolS12119.replayRefusal.test.ts src/lib/__tests__/audOpusS12119.probe342.test.ts src/lib/__tests__/packagePayment.sheet2.test.ts
2026-10-04T20:37:49.6483966Z PASS src/lib/__tests__/packagePayment.sheet2.test.ts
2026-10-04T20:37:49.6485033Z PASS src/lib/__tests__/audOpusS12119.probe342.test.ts
2026-10-04T20:37:49.6556827Z PASS src/lib/__tests__/packagePayment.replyCodes.test.ts
2026-10-04T20:37:49.7455781Z PASS src/lib/__tests__/audSolS12119.replayRefusal.test.ts
2026-10-04T20:37:49.7803034Z 
2026-10-04T20:37:49.7809612Z Test Suites: 4 passed, 4 total
2026-10-04T20:37:49.7810222Z Tests:       165 passed, 165 total
2026-10-04T20:37:49.7810802Z Snapshots:   0 total
2026-10-04T20:37:49.7811200Z Time:        4.385 s
2026-10-04T20:37:49.7813589Z Ran all test suites matching /src\/lib\/__tests__\/packagePayment.replyCodes.test.ts|src\/lib\/__tests__\/audSolS12119.replayRefusal.test.ts|src\/lib\/__tests__\/audOpusS12119.probe342.test.ts|src\/lib\/__tests__\/packagePayment.sheet2.test.ts/i.
2026-10-04T20:37:49.8724625Z Post job cleanup.
2026-10-04T20:37:49.9865539Z Cache hit occurred on the primary key node-cache-Linux-x64-npm-d337c1813e25f31cc43e8d80f8de0d0cb6af6de1f93566771485fa27a2bebc06, not saving cache.
2026-10-04T20:37:50.0011116Z Post job cleanup.
2026-10-04T20:37:50.0854421Z [command]/usr/bin/git version
2026-10-04T20:37:50.0890650Z git version 2.55.0
2026-10-04T20:37:50.0929776Z Temporarily overriding HOME='/home/runner/work/_temp/390091d9-6b95-45df-9f41-5777aef5e87f' before making global git config changes
2026-10-04T20:37:50.0931251Z Adding repository directory to the temporary git global config as a safe directory
2026-10-04T20:37:50.0935315Z [command]/usr/bin/git config --global --add safe.directory /home/runner/work/growth-project-mobile/growth-project-mobile
2026-10-04T20:37:50.0966624Z Removing SSH command configuration
2026-10-04T20:37:50.0973609Z [command]/usr/bin/git config --local --name-only --get-regexp core\.sshCommand
2026-10-04T20:37:50.1007305Z [command]/usr/bin/git submodule foreach --recursive sh -c "git config --local --name-only --get-regexp 'core\.sshCommand' && git config --local --unset-all 'core.sshCommand' || :"
2026-10-04T20:37:50.1225970Z Removing HTTP extra header
2026-10-04T20:37:50.1231124Z [command]/usr/bin/git config --local --name-only --get-regexp http\.https\:\/\/github\.com\/\.extraheader
2026-10-04T20:37:50.1263732Z [command]/usr/bin/git submodule foreach --recursive sh -c "git config --local --name-only --get-regexp 'http\.https\:\/\/github\.com\/\.extraheader' && git config --local --unset-all 'http.https://github.com/.extraheader' || :"
2026-10-04T20:37:50.1476500Z Removing includeIf entries pointing to credentials config files
2026-10-04T20:37:50.1482637Z [command]/usr/bin/git config --local --name-only --get-regexp ^includeIf\.gitdir:
2026-10-04T20:37:50.1510494Z includeif.gitdir:/home/runner/work/growth-project-mobile/growth-project-mobile/.git.path
2026-10-04T20:37:50.1512240Z includeif.gitdir:/home/runner/work/growth-project-mobile/growth-project-mobile/.git/worktrees/*.path
2026-10-04T20:37:50.1513406Z includeif.gitdir:/github/workspace/.git.path
2026-10-04T20:37:50.1514249Z includeif.gitdir:/github/workspace/.git/worktrees/*.path
2026-10-04T20:37:50.1520788Z [command]/usr/bin/git config --local --get-all includeif.gitdir:/home/runner/work/growth-project-mobile/growth-project-mobile/.git.path
2026-10-04T20:37:50.1542993Z /home/runner/work/_temp/git-credentials-4eecdfd6-2802-4c26-8b5a-2f37c2a0fc8c.config
2026-10-04T20:37:50.1553311Z [command]/usr/bin/git config --local --unset includeif.gitdir:/home/runner/work/growth-project-mobile/growth-project-mobile/.git.path /home/runner/work/_temp/git-credentials-4eecdfd6-2802-4c26-8b5a-2f37c2a0fc8c.config
2026-10-04T20:37:50.1587949Z [command]/usr/bin/git config --local --get-all includeif.gitdir:/home/runner/work/growth-project-mobile/growth-project-mobile/.git/worktrees/*.path
2026-10-04T20:37:50.1608537Z /home/runner/work/_temp/git-credentials-4eecdfd6-2802-4c26-8b5a-2f37c2a0fc8c.config
2026-10-04T20:37:50.1618154Z [command]/usr/bin/git config --local --unset includeif.gitdir:/home/runner/work/growth-project-mobile/growth-project-mobile/.git/worktrees/*.path /home/runner/work/_temp/git-credentials-4eecdfd6-2802-4c26-8b5a-2f37c2a0fc8c.config
2026-10-04T20:37:50.1652835Z [command]/usr/bin/git config --local --get-all includeif.gitdir:/github/workspace/.git.path
2026-10-04T20:37:50.1682864Z /github/runner_temp/git-credentials-4eecdfd6-2802-4c26-8b5a-2f37c2a0fc8c.config
2026-10-04T20:37:50.1685321Z [command]/usr/bin/git config --local --unset includeif.gitdir:/github/workspace/.git.path /github/runner_temp/git-credentials-4eecdfd6-2802-4c26-8b5a-2f37c2a0fc8c.config
2026-10-04T20:37:50.1722138Z [command]/usr/bin/git config --local --get-all includeif.gitdir:/github/workspace/.git/worktrees/*.path
2026-10-04T20:37:50.1744636Z /github/runner_temp/git-credentials-4eecdfd6-2802-4c26-8b5a-2f37c2a0fc8c.config
2026-10-04T20:37:50.1754871Z [command]/usr/bin/git config --local --unset includeif.gitdir:/github/workspace/.git/worktrees/*.path /github/runner_temp/git-credentials-4eecdfd6-2802-4c26-8b5a-2f37c2a0fc8c.config
2026-10-04T20:37:50.1792710Z [command]/usr/bin/git submodule foreach --recursive git config --local --show-origin --name-only --get-regexp remote.origin.url
2026-10-04T20:37:50.2030818Z Removing credentials config '/home/runner/work/_temp/git-credentials-4eecdfd6-2802-4c26-8b5a-2f37c2a0fc8c.config'
2026-10-04T20:37:50.2194288Z Cleaning up orphan processes
