2026-10-04T20:35:01.8425878Z Current runner version: '2.337.0'
2026-10-04T20:35:01.8446898Z ##[group]Runner Image Provisioner
2026-10-04T20:35:01.8447664Z Hosted Compute Agent
2026-10-04T20:35:01.8448145Z Version: 20260901.588
2026-10-04T20:35:01.8448650Z Commit: f88ec8081b781fac6c440065ac7ff9e710ce3d0b
2026-10-04T20:35:01.8449297Z Build Date: 2026-09-01T19:56:44Z
2026-10-04T20:35:01.8449840Z Worker ID: {64185bae-fc35-4596-a2c9-870eb830e74e}
2026-10-04T20:35:01.8450461Z Azure Region: westus3
2026-10-04T20:35:01.8450943Z ##[endgroup]
2026-10-04T20:35:01.8452080Z ##[group]Operating System
2026-10-04T20:35:01.8452670Z Ubuntu
2026-10-04T20:35:01.8453125Z 24.04.5
2026-10-04T20:35:01.8453570Z LTS
2026-10-04T20:35:01.8454003Z ##[endgroup]
2026-10-04T20:35:01.8454456Z ##[group]Runner Image
2026-10-04T20:35:01.8455057Z Image: ubuntu-24.04
2026-10-04T20:35:01.8455545Z Version: 20260927.320.1
2026-10-04T20:35:01.8456786Z Included Software: https://github.com/actions/runner-images/blob/ubuntu24/20260927.320/images/ubuntu/Ubuntu2404-Readme.md
2026-10-04T20:35:01.8458014Z Image Release: https://github.com/actions/runner-images/releases/tag/ubuntu24%2F20260927.320
2026-10-04T20:35:01.8459141Z ##[endgroup]
2026-10-04T20:35:01.8460160Z ##[group]GITHUB_TOKEN Permissions
2026-10-04T20:35:01.8461882Z Contents: read
2026-10-04T20:35:01.8462367Z Metadata: read
2026-10-04T20:35:01.8462813Z Packages: read
2026-10-04T20:35:01.8463338Z ##[endgroup]
2026-10-04T20:35:01.8465093Z Secret source: Actions
2026-10-04T20:35:01.8466138Z Cache mode: write
2026-10-04T20:35:01.8466873Z Prepare workflow directory
2026-10-04T20:35:01.9688906Z Prepare all required actions
2026-10-04T20:35:01.9728295Z Getting action download info
2026-10-04T20:35:02.2507798Z Download action repository 'actions/checkout@v6' (SHA:d23441a48e516b6c34aea4fa41551a30e30af803)
2026-10-04T20:35:02.5356209Z Download action repository 'actions/setup-node@v6' (SHA:249970729cb0ef3589644e2896645e5dc5ba9c38)
2026-10-04T20:35:02.9675379Z Complete job name: targeted
2026-10-04T20:35:03.0292652Z ##[group]Run actions/checkout@v6
2026-10-04T20:35:03.0293385Z with:
2026-10-04T20:35:03.0293875Z   repository: BradleyGleavePortfolio/growth-project-mobile
2026-10-04T20:35:03.0297870Z   token: ***
2026-10-04T20:35:03.0298257Z   ssh-strict: true
2026-10-04T20:35:03.0298653Z   ssh-user: git
2026-10-04T20:35:03.0299042Z   persist-credentials: true
2026-10-04T20:35:03.0299462Z   clean: true
2026-10-04T20:35:03.0299852Z   sparse-checkout-cone-mode: true
2026-10-04T20:35:03.0300323Z   fetch-depth: 1
2026-10-04T20:35:03.0300698Z   fetch-tags: false
2026-10-04T20:35:03.0301090Z   show-progress: true
2026-10-04T20:35:03.0301486Z   lfs: false
2026-10-04T20:35:03.0301854Z   submodules: false
2026-10-04T20:35:03.0302251Z   set-safe-directory: true
2026-10-04T20:35:03.0302687Z   allow-unsafe-pr-checkout: false
2026-10-04T20:35:03.0303356Z ##[endgroup]
2026-10-04T20:35:03.1098699Z Syncing repository: BradleyGleavePortfolio/growth-project-mobile
2026-10-04T20:35:03.1100382Z ##[group]Getting Git version info
2026-10-04T20:35:03.1101109Z Working directory is '/home/runner/work/growth-project-mobile/growth-project-mobile'
2026-10-04T20:35:03.1102127Z [command]/usr/bin/git version
2026-10-04T20:35:03.1726771Z git version 2.55.0
2026-10-04T20:35:03.1744283Z ##[endgroup]
2026-10-04T20:35:03.1756109Z Temporarily overriding HOME='/home/runner/work/_temp/1ae9c9d1-ee06-4ff3-9a11-bd020dd2601d' before making global git config changes
2026-10-04T20:35:03.1757312Z Adding repository directory to the temporary git global config as a safe directory
2026-10-04T20:35:03.1760495Z [command]/usr/bin/git config --global --add safe.directory /home/runner/work/growth-project-mobile/growth-project-mobile
2026-10-04T20:35:03.1881976Z Deleting the contents of '/home/runner/work/growth-project-mobile/growth-project-mobile'
2026-10-04T20:35:03.1887254Z ##[group]Determining repository object format
2026-10-04T20:35:03.1888934Z ##[endgroup]
2026-10-04T20:35:03.1890039Z ##[group]Initializing the repository
2026-10-04T20:35:03.1893540Z [command]/usr/bin/git init /home/runner/work/growth-project-mobile/growth-project-mobile
2026-10-04T20:35:03.2099339Z hint: Using 'master' as the name for the initial branch. This default branch name
2026-10-04T20:35:03.2100641Z hint: will change to "main" in Git 3.0. To configure the initial branch name
2026-10-04T20:35:03.2101695Z hint: to use in all of your new repositories, which will suppress this warning,
2026-10-04T20:35:03.2102752Z hint: call:
2026-10-04T20:35:03.2103325Z hint:
2026-10-04T20:35:03.2104076Z hint: 	git config --global init.defaultBranch <name>
2026-10-04T20:35:03.2104972Z hint:
2026-10-04T20:35:03.2105958Z hint: Names commonly chosen instead of 'master' are 'main', 'trunk' and
2026-10-04T20:35:03.2107316Z hint: 'development'. The just-created branch can be renamed via this command:
2026-10-04T20:35:03.2108361Z hint:
2026-10-04T20:35:03.2108950Z hint: 	git branch -m <name>
2026-10-04T20:35:03.2109665Z hint:
2026-10-04T20:35:03.2110614Z hint: Disable this message with "git config set advice.defaultBranchName false"
2026-10-04T20:35:03.2112408Z Initialized empty Git repository in /home/runner/work/growth-project-mobile/growth-project-mobile/.git/
2026-10-04T20:35:03.2115267Z [command]/usr/bin/git remote add origin https://github.com/BradleyGleavePortfolio/growth-project-mobile
2026-10-04T20:35:03.2297557Z ##[endgroup]
2026-10-04T20:35:03.2298249Z ##[group]Disabling automatic garbage collection
2026-10-04T20:35:03.2300414Z [command]/usr/bin/git config --local gc.auto 0
2026-10-04T20:35:03.2345269Z ##[endgroup]
2026-10-04T20:35:03.2346411Z ##[group]Setting up auth
2026-10-04T20:35:03.2346950Z Removing SSH command configuration
2026-10-04T20:35:03.2351190Z [command]/usr/bin/git config --local --name-only --get-regexp core\.sshCommand
2026-10-04T20:35:03.2376637Z [command]/usr/bin/git submodule foreach --recursive sh -c "git config --local --name-only --get-regexp 'core\.sshCommand' && git config --local --unset-all 'core.sshCommand' || :"
2026-10-04T20:35:03.2649049Z Removing HTTP extra header
2026-10-04T20:35:03.2654084Z [command]/usr/bin/git config --local --name-only --get-regexp http\.https\:\/\/github\.com\/\.extraheader
2026-10-04T20:35:03.2680139Z [command]/usr/bin/git submodule foreach --recursive sh -c "git config --local --name-only --get-regexp 'http\.https\:\/\/github\.com\/\.extraheader' && git config --local --unset-all 'http.https://github.com/.extraheader' || :"
2026-10-04T20:35:03.2864617Z Removing includeIf entries pointing to credentials config files
2026-10-04T20:35:03.2869366Z [command]/usr/bin/git config --local --name-only --get-regexp ^includeIf\.gitdir:
2026-10-04T20:35:03.2896185Z [command]/usr/bin/git submodule foreach --recursive git config --local --show-origin --name-only --get-regexp remote.origin.url
2026-10-04T20:35:03.3098932Z [command]/usr/bin/git config --file /home/runner/work/_temp/git-credentials-fbc461e6-af6d-4a15-8df1-fd53a7cb9a69.config http.https://github.com/.extraheader AUTHORIZATION: basic ***
2026-10-04T20:35:03.3135197Z [command]/usr/bin/git config --local includeIf.gitdir:/home/runner/work/growth-project-mobile/growth-project-mobile/.git.path /home/runner/work/_temp/git-credentials-fbc461e6-af6d-4a15-8df1-fd53a7cb9a69.config
2026-10-04T20:35:03.3320484Z [command]/usr/bin/git config --local includeIf.gitdir:/home/runner/work/growth-project-mobile/growth-project-mobile/.git/worktrees/*.path /home/runner/work/_temp/git-credentials-fbc461e6-af6d-4a15-8df1-fd53a7cb9a69.config
2026-10-04T20:35:03.3388238Z [command]/usr/bin/git config --local includeIf.gitdir:/github/workspace/.git.path /github/runner_temp/git-credentials-fbc461e6-af6d-4a15-8df1-fd53a7cb9a69.config
2026-10-04T20:35:03.3649937Z [command]/usr/bin/git config --local includeIf.gitdir:/github/workspace/.git/worktrees/*.path /github/runner_temp/git-credentials-fbc461e6-af6d-4a15-8df1-fd53a7cb9a69.config
2026-10-04T20:35:03.3958938Z ##[endgroup]
2026-10-04T20:35:03.3960018Z ##[group]Fetching the repository
2026-10-04T20:35:03.3967346Z [command]/usr/bin/git -c protocol.version=2 fetch --no-tags --prune --no-recurse-submodules --depth=1 origin +08808d677b6b5e45e4bfad4871ff6ee16cfea5e1:refs/remotes/origin/ci/B-SHEET4-119-342-before
2026-10-04T20:35:04.9417971Z From https://github.com/BradleyGleavePortfolio/growth-project-mobile
2026-10-04T20:35:04.9419815Z  * [new ref]         08808d677b6b5e45e4bfad4871ff6ee16cfea5e1 -> origin/ci/B-SHEET4-119-342-before
2026-10-04T20:35:04.9426792Z [command]/usr/bin/git branch --list --remote origin/ci/B-SHEET4-119-342-before
2026-10-04T20:35:04.9447488Z   origin/ci/B-SHEET4-119-342-before
2026-10-04T20:35:04.9454893Z [command]/usr/bin/git rev-parse refs/remotes/origin/ci/B-SHEET4-119-342-before
2026-10-04T20:35:04.9472313Z 08808d677b6b5e45e4bfad4871ff6ee16cfea5e1
2026-10-04T20:35:04.9475341Z ##[endgroup]
2026-10-04T20:35:04.9475916Z ##[group]Determining the checkout info
2026-10-04T20:35:04.9476566Z ##[endgroup]
2026-10-04T20:35:04.9479853Z [command]/usr/bin/git sparse-checkout disable
2026-10-04T20:35:04.9518543Z [command]/usr/bin/git config --local --unset-all extensions.worktreeConfig
2026-10-04T20:35:04.9541014Z ##[group]Checking out the ref
2026-10-04T20:35:04.9543891Z [command]/usr/bin/git checkout --progress --force -B ci/B-SHEET4-119-342-before refs/remotes/origin/ci/B-SHEET4-119-342-before
2026-10-04T20:35:05.0377142Z Switched to a new branch 'ci/B-SHEET4-119-342-before'
2026-10-04T20:35:05.0378131Z branch 'ci/B-SHEET4-119-342-before' set up to track 'origin/ci/B-SHEET4-119-342-before'.
2026-10-04T20:35:05.0385940Z ##[endgroup]
2026-10-04T20:35:05.0422646Z [command]/usr/bin/git log -1 --format=%H
2026-10-04T20:35:05.0442023Z 08808d677b6b5e45e4bfad4871ff6ee16cfea5e1
2026-10-04T20:35:05.0667983Z ##[group]Run actions/setup-node@v6
2026-10-04T20:35:05.0668277Z with:
2026-10-04T20:35:05.0668489Z   node-version: 22.13
2026-10-04T20:35:05.0668710Z   cache: npm
2026-10-04T20:35:05.0668919Z   check-latest: false
2026-10-04T20:35:05.0671381Z   token: ***
2026-10-04T20:35:05.0671613Z   package-manager-cache: true
2026-10-04T20:35:05.0671877Z ##[endgroup]
2026-10-04T20:35:05.1812023Z Attempting to download 22.13...
2026-10-04T20:35:06.1614454Z Acquiring 22.13.1 - x64 from https://github.com/actions/node-versions/releases/download/22.13.1-12900459766/node-22.13.1-linux-x64.tar.gz
2026-10-04T20:35:06.6804024Z Extracting ...
2026-10-04T20:35:06.6898863Z [command]/usr/bin/tar xz --strip 1 --warning=no-unknown-keyword --overwrite -C /home/runner/work/_temp/de485014-721a-48d6-b5a9-f30e35e5b83a -f /home/runner/work/_temp/f41de68c-ab52-4b27-ae14-a9e578d8e02c
2026-10-04T20:35:07.6571248Z Adding to the cache ...
2026-10-04T20:35:09.6500115Z ##[group]Environment details
2026-10-04T20:35:09.8241988Z node: v22.13.1
2026-10-04T20:35:09.8242281Z npm: 10.9.2
2026-10-04T20:35:09.8242446Z yarn: 1.22.22
2026-10-04T20:35:09.8242994Z ##[endgroup]
2026-10-04T20:35:09.8258062Z [command]/opt/hostedtoolcache/node/22.13.1/x64/bin/npm config get cache
2026-10-04T20:35:09.9006436Z /home/runner/.npm
2026-10-04T20:35:10.1071403Z Cache hit for: node-cache-Linux-x64-npm-d337c1813e25f31cc43e8d80f8de0d0cb6af6de1f93566771485fa27a2bebc06
2026-10-04T20:35:11.3236485Z Received 41943040 of 241027159 (17.4%), 40.0 MBs/sec
2026-10-04T20:35:12.3279690Z Received 236832855 of 241027159 (98.3%), 112.8 MBs/sec
2026-10-04T20:35:12.3671316Z Received 241027159 of 241027159 (100.0%), 112.4 MBs/sec
2026-10-04T20:35:12.3672079Z Cache Size: ~230 MB (241027159 B)
2026-10-04T20:35:12.3697231Z [command]/usr/bin/tar -xf /home/runner/work/_temp/f5f118b2-dfa0-4898-abc8-452e6b054142/cache.tzst -P -C /home/runner/work/growth-project-mobile/growth-project-mobile --use-compress-program unzstd
2026-10-04T20:35:13.1404136Z Cache restored successfully
2026-10-04T20:35:13.1504757Z Cache restored from key: node-cache-Linux-x64-npm-d337c1813e25f31cc43e8d80f8de0d0cb6af6de1f93566771485fa27a2bebc06
2026-10-04T20:35:13.1869825Z ##[group]Run npm ci
2026-10-04T20:35:13.1870068Z npm ci
2026-10-04T20:35:13.2951609Z shell: /usr/bin/bash -e {0}
2026-10-04T20:35:13.2951878Z ##[endgroup]
2026-10-04T20:35:17.2092466Z npm warn deprecated inflight@1.0.6: This module is not supported, and leaks memory. Do not use it. Check out lru-cache if you want a good and tested way to coalesce async requests by a key value, which is much more comprehensive and powerful.
2026-10-04T20:35:17.3547489Z npm warn deprecated @humanwhocodes/config-array@0.13.0: Use @eslint/config-array instead
2026-10-04T20:35:17.3664175Z npm warn deprecated whatwg-encoding@2.0.0: Use @exodus/bytes instead for a more spec-conformant and faster implementation
2026-10-04T20:35:17.3698147Z npm warn deprecated rimraf@3.0.2: Rimraf versions prior to v4 are no longer supported
2026-10-04T20:35:17.4479484Z npm warn deprecated abab@2.0.6: Use your platform's native atob() and btoa() methods instead
2026-10-04T20:35:17.5552198Z npm warn deprecated @humanwhocodes/object-schema@2.0.3: Use @eslint/object-schema instead
2026-10-04T20:35:17.5588703Z npm warn deprecated glob@7.2.3: Old versions of glob are not supported, and contain widely publicized security vulnerabilities, which have been fixed in the current version. Please update. Support for old versions may be purchased (at exorbitant rates) by contacting i@izs.me
2026-10-04T20:35:17.5593743Z npm warn deprecated glob@7.2.3: Old versions of glob are not supported, and contain widely publicized security vulnerabilities, which have been fixed in the current version. Please update. Support for old versions may be purchased (at exorbitant rates) by contacting i@izs.me
2026-10-04T20:35:17.5606863Z npm warn deprecated glob@7.2.3: Old versions of glob are not supported, and contain widely publicized security vulnerabilities, which have been fixed in the current version. Please update. Support for old versions may be purchased (at exorbitant rates) by contacting i@izs.me
2026-10-04T20:35:17.5611437Z npm warn deprecated glob@7.2.3: Old versions of glob are not supported, and contain widely publicized security vulnerabilities, which have been fixed in the current version. Please update. Support for old versions may be purchased (at exorbitant rates) by contacting i@izs.me
2026-10-04T20:35:17.5627438Z npm warn deprecated glob@7.2.3: Old versions of glob are not supported, and contain widely publicized security vulnerabilities, which have been fixed in the current version. Please update. Support for old versions may be purchased (at exorbitant rates) by contacting i@izs.me
2026-10-04T20:35:17.5911851Z npm warn deprecated glob@7.1.6: Old versions of glob are not supported, and contain widely publicized security vulnerabilities, which have been fixed in the current version. Please update. Support for old versions may be purchased (at exorbitant rates) by contacting i@izs.me
2026-10-04T20:35:17.6187183Z npm warn deprecated domexception@4.0.0: Use your platform's native DOMException instead
2026-10-04T20:35:18.0182059Z npm warn deprecated @xmldom/xmldom@0.7.13: this version has critical issues, please update to the latest version
2026-10-04T20:35:18.7520639Z npm warn deprecated uuid@7.0.3: uuid@10 and below is no longer supported.  For ESM codebases, update to uuid@latest.  For CommonJS codebases, use uuid@11 (but be aware this version will likely be deprecated in 2028).
2026-10-04T20:35:21.6939796Z npm warn deprecated eslint@8.57.1: This version is no longer supported. Please see https://eslint.org/version-support for other options.
2026-10-04T20:36:04.0291125Z 
2026-10-04T20:36:04.0291915Z added 1108 packages, and audited 1109 packages in 51s
2026-10-04T20:36:04.0292321Z 
2026-10-04T20:36:04.0292536Z 187 packages are looking for funding
2026-10-04T20:36:04.0292935Z   run `npm fund` for details
2026-10-04T20:36:04.3361098Z 
2026-10-04T20:36:04.3362324Z 88 vulnerabilities (1 low, 16 moderate, 71 high)
2026-10-04T20:36:04.3362641Z 
2026-10-04T20:36:04.3362893Z To address issues that do not require attention, run:
2026-10-04T20:36:04.3363854Z   npm audit fix
2026-10-04T20:36:04.3364025Z 
2026-10-04T20:36:04.3364265Z To address all issues (including breaking changes), run:
2026-10-04T20:36:04.3364640Z   npm audit fix --force
2026-10-04T20:36:04.3364795Z 
2026-10-04T20:36:04.3364941Z Run `npm audit` for details.
2026-10-04T20:36:04.4951474Z ##[group]Run set -euo pipefail
2026-10-04T20:36:04.4951747Z set -euo pipefail
2026-10-04T20:36:04.4952060Z test -s .ci-lane-specs || { echo "missing .ci-lane-specs"; exit 2; }
2026-10-04T20:36:04.4952445Z mapfile -t SPECS < <(grep -vE '^\s*(#|$)' .ci-lane-specs)
2026-10-04T20:36:04.4952729Z echo "specs: ${SPECS[*]}"
2026-10-04T20:36:04.4952945Z npx jest --ci "${SPECS[@]}"
2026-10-04T20:36:04.5009201Z shell: /usr/bin/bash --noprofile --norc -e -o pipefail {0}
2026-10-04T20:36:04.5009491Z ##[endgroup]
2026-10-04T20:36:04.5096619Z specs: src/lib/__tests__/packagePayment.replyCodes.test.ts src/lib/__tests__/audSolS12119.replayRefusal.test.ts src/lib/__tests__/audOpusS12119.probe342.test.ts src/lib/__tests__/packagePayment.sheet2.test.ts
2026-10-04T20:36:08.6803206Z PASS src/lib/__tests__/packagePayment.sheet2.test.ts
2026-10-04T20:36:08.6804270Z FAIL src/lib/__tests__/packagePayment.replyCodes.test.ts
2026-10-04T20:36:08.6806316Z   ● B-342-1 (Sol, 119) a package refusal proves nothing about an earlier same-key attempt › payment_intent: no charge claim; key kept; plan, support and the attempt reference offered
2026-10-04T20:36:08.6807317Z 
2026-10-04T20:36:08.6807688Z     expect(received).toMatch(expected)
2026-10-04T20:36:08.6808027Z 
2026-10-04T20:36:08.6808543Z     Expected pattern: /^This plan is no longer offered, so it cannot be started from here\./
2026-10-04T20:36:08.6810258Z     Received string:  "This plan is no longer offered, so nothing was charged. Pull down to see your coach’s current plans, or message your coach."
2026-10-04T20:36:08.6811100Z 
2026-10-04T20:36:08.6812250Z       197 |       const n = describeBackendFailure(refusal({ request_id: 'ffee0011-2233' }), step, 'def01234');
2026-10-04T20:36:08.6813848Z       198 |       expect(n.cause).toBe('package_unavailable');
2026-10-04T20:36:08.6815416Z     > 199 |       expect(n.message).toMatch(/^This plan is no longer offered, so it cannot be started from here\./);
2026-10-04T20:36:08.6816752Z           |                         ^
2026-10-04T20:36:08.6817772Z       200 |       expect(n.message).not.toMatch(NO_CHARGE);
2026-10-04T20:36:08.6818983Z       201 |       expect(n.message).toContain('quote reference def01234');
2026-10-04T20:36:08.6821119Z       202 |       expect(n).toEqual(expect.objectContaining({ support: true, openPlan: true, reference: 'def01234', reload: true }));
2026-10-04T20:36:08.6822350Z 
2026-10-04T20:36:08.6822834Z       at toMatch (src/lib/__tests__/packagePayment.replyCodes.test.ts:199:25)
2026-10-04T20:36:08.6823341Z 
2026-10-04T20:36:08.6824536Z   ● B-342-1 (Sol, 119) a package refusal proves nothing about an earlier same-key attempt › subscription_intent: no charge claim; key kept; plan, support and the attempt reference offered
2026-10-04T20:36:08.6825532Z 
2026-10-04T20:36:08.6826019Z     expect(received).toMatch(expected)
2026-10-04T20:36:08.6826305Z 
2026-10-04T20:36:08.6826724Z     Expected pattern: /^This plan is no longer offered, so it cannot be started from here\./
2026-10-04T20:36:08.6828030Z     Received string:  "This plan is no longer offered, so nothing was charged. Pull down to see your coach’s current plans, or message your coach."
2026-10-04T20:36:08.6828728Z 
2026-10-04T20:36:08.6829785Z       197 |       const n = describeBackendFailure(refusal({ request_id: 'ffee0011-2233' }), step, 'def01234');
2026-10-04T20:36:08.6831488Z       198 |       expect(n.cause).toBe('package_unavailable');
2026-10-04T20:36:08.6833032Z     > 199 |       expect(n.message).toMatch(/^This plan is no longer offered, so it cannot be started from here\./);
2026-10-04T20:36:08.6833991Z           |                         ^
2026-10-04T20:36:08.6834771Z       200 |       expect(n.message).not.toMatch(NO_CHARGE);
2026-10-04T20:36:08.6836033Z       201 |       expect(n.message).toContain('quote reference def01234');
2026-10-04T20:36:08.6837979Z       202 |       expect(n).toEqual(expect.objectContaining({ support: true, openPlan: true, reference: 'def01234', reload: true }));
2026-10-04T20:36:08.6839079Z 
2026-10-04T20:36:08.6839455Z       at toMatch (src/lib/__tests__/packagePayment.replyCodes.test.ts:199:25)
2026-10-04T20:36:08.6839852Z 
2026-10-04T20:36:08.6840712Z   ● B-342-1 (Sol, 119) a package refusal proves nothing about an earlier same-key attempt › share link: the same truth, its own wording, no reload
2026-10-04T20:36:08.6841386Z 
2026-10-04T20:36:08.6841596Z     expect(received).not.toMatch(expected)
2026-10-04T20:36:08.6841848Z 
2026-10-04T20:36:08.6842196Z     Expected pattern: not /nothing was charged|not charged|did not go through/i
2026-10-04T20:36:08.6843565Z     Received string:      "This plan cannot be bought from this account. It is either no longer offered or it belongs to a coach you are not connected with. Nothing was charged. Message the coach who shared the link."
2026-10-04T20:36:08.6844500Z 
2026-10-04T20:36:08.6845866Z       210 |     const n = describeBackendFailure(refusal(), 'payment_intent', 'def01234', { surface: 'share_link' });
2026-10-04T20:36:08.6847525Z       211 |     expect(n.message).toMatch(/^This plan cannot be bought from this account\./);
2026-10-04T20:36:08.6848775Z     > 212 |     expect(n.message).not.toMatch(NO_CHARGE);
2026-10-04T20:36:08.6849643Z           |                           ^
2026-10-04T20:36:08.6851127Z       213 |     expect(n).toEqual(expect.objectContaining({ support: true, openPlan: true, reference: 'def01234' }));
2026-10-04T20:36:08.6852506Z       214 |     expect(n.reload).toBeUndefined();
2026-10-04T20:36:08.6853389Z       215 |     expect(n.retireKey).toBeUndefined();
2026-10-04T20:36:08.6853801Z 
2026-10-04T20:36:08.6854189Z       at Object.toMatch (src/lib/__tests__/packagePayment.replyCodes.test.ts:212:27)
2026-10-04T20:36:08.6854635Z 
2026-10-04T20:36:08.6855660Z   ● B-342-1 (Sol, 119) a package refusal proves nothing about an earlier same-key attempt › without an attempt key the server reference is used, and none at all still reads cleanly
2026-10-04T20:36:08.6856710Z 
2026-10-04T20:36:08.6856982Z     expect(received).toBe(expected) // Object.is equality
2026-10-04T20:36:08.6857297Z 
2026-10-04T20:36:08.6857431Z     Expected: "ffee0011"
2026-10-04T20:36:08.6857746Z     Received: null
2026-10-04T20:36:08.6857909Z 
2026-10-04T20:36:08.6858106Z       217 |
2026-10-04T20:36:08.6859045Z       218 |   it('without an attempt key the server reference is used, and none at all still reads cleanly', () => {
2026-10-04T20:36:08.6861260Z     > 219 |     expect(describeBackendFailure(refusal({ request_id: 'ffee0011-2233' }), 'payment_intent', null).reference).toBe('ffee0011');
2026-10-04T20:36:08.6863057Z           |                                                                                                                ^
2026-10-04T20:36:08.6864352Z       220 |     const bare = describeBackendFailure(refusal(), 'payment_intent', null);
2026-10-04T20:36:08.6865490Z       221 |     expect(bare.reference).toBeNull();
2026-10-04T20:36:08.6866938Z       222 |     expect(bare.message).toBe(PACKAGE_PAYMENT_COPY.packageUnavailable(null));
2026-10-04T20:36:08.6867625Z 
2026-10-04T20:36:08.6868020Z       at Object.toBe (src/lib/__tests__/packagePayment.replyCodes.test.ts:219:112)
2026-10-04T20:36:08.6868454Z 
2026-10-04T20:36:08.6868742Z PASS src/lib/__tests__/audOpusS12119.probe342.test.ts
2026-10-04T20:36:08.7732561Z FAIL src/lib/__tests__/audSolS12119.replayRefusal.test.ts
2026-10-04T20:36:08.7733947Z   ● AUD-SOL-S12-119 refusal after an unresolved payment › an archived package refusal says nothing about the earlier same-key charge
2026-10-04T20:36:08.7734587Z 
2026-10-04T20:36:08.7734782Z     expect(received).not.toMatch(expected)
2026-10-04T20:36:08.7735021Z 
2026-10-04T20:36:08.7735355Z     Expected pattern: not /nothing was charged|not charged|did not go through/i
2026-10-04T20:36:08.7736686Z     Received string:      "This plan is no longer offered, so nothing was charged. Pull down to see your coach’s current plans, or message your coach."
2026-10-04T20:36:08.7737317Z 
2026-10-04T20:36:08.7737535Z       16 |     );
2026-10-04T20:36:08.7738253Z       17 |     expect(n.message).toMatch(/no longer offered/i);
2026-10-04T20:36:08.7739319Z     > 18 |     expect(n.message).not.toMatch(unpaidClaim);
2026-10-04T20:36:08.7740107Z          |                           ^
2026-10-04T20:36:08.7740584Z       19 |   });
2026-10-04T20:36:08.7740921Z       20 |
2026-10-04T20:36:08.7741699Z       21 |   it('share-link package availability also cannot prove an earlier attempt unpaid', () => {
2026-10-04T20:36:08.7742311Z 
2026-10-04T20:36:08.7742653Z       at Object.toMatch (src/lib/__tests__/audSolS12119.replayRefusal.test.ts:18:27)
2026-10-04T20:36:08.7743054Z 
2026-10-04T20:36:08.7743725Z   ● AUD-SOL-S12-119 refusal after an unresolved payment › share-link package availability also cannot prove an earlier attempt unpaid
2026-10-04T20:36:08.7744342Z 
2026-10-04T20:36:08.7744532Z     expect(received).not.toMatch(expected)
2026-10-04T20:36:08.7744909Z 
2026-10-04T20:36:08.7745248Z     Expected pattern: not /nothing was charged|not charged|did not go through/i
2026-10-04T20:36:08.7746691Z     Received string:      "This plan cannot be bought from this account. It is either no longer offered or it belongs to a coach you are not connected with. Nothing was charged. Message the coach who shared the link."
2026-10-04T20:36:08.7747639Z 
2026-10-04T20:36:08.7748501Z       24 |       'payment_intent', 'def01234', { surface: 'share_link' },
2026-10-04T20:36:08.7749350Z       25 |     );
2026-10-04T20:36:08.7750179Z     > 26 |     expect(n.message).not.toMatch(unpaidClaim);
2026-10-04T20:36:08.7751013Z          |                           ^
2026-10-04T20:36:08.7751467Z       27 |   });
2026-10-04T20:36:08.7751839Z       28 |
2026-10-04T20:36:08.7753069Z       29 |   it('control: unknown transport keeps the repaired uncertainty and reference', () => {
2026-10-04T20:36:08.7753936Z 
2026-10-04T20:36:08.7754376Z       at Object.toMatch (src/lib/__tests__/audSolS12119.replayRefusal.test.ts:26:27)
2026-10-04T20:36:08.7754852Z 
2026-10-04T20:36:08.8030298Z Test Suites: 2 failed, 2 passed, 4 total
2026-10-04T20:36:08.8030866Z Tests:       6 failed, 157 passed, 163 total
2026-10-04T20:36:08.8031277Z Snapshots:   0 total
2026-10-04T20:36:08.8031584Z Time:        3.386 s
2026-10-04T20:36:08.8033026Z Ran all test suites matching /src\/lib\/__tests__\/packagePayment.replyCodes.test.ts|src\/lib\/__tests__\/audSolS12119.replayRefusal.test.ts|src\/lib\/__tests__\/audOpusS12119.probe342.test.ts|src\/lib\/__tests__\/packagePayment.sheet2.test.ts/i.
2026-10-04T20:36:08.8194440Z ##[error]Process completed with exit code 1.
2026-10-04T20:36:08.8304414Z Post job cleanup.
2026-10-04T20:36:08.8977221Z [command]/usr/bin/git version
2026-10-04T20:36:08.9007297Z git version 2.55.0
2026-10-04T20:36:08.9035543Z Temporarily overriding HOME='/home/runner/work/_temp/3a40a21c-21d8-43f9-b952-310c35f08c85' before making global git config changes
2026-10-04T20:36:08.9036786Z Adding repository directory to the temporary git global config as a safe directory
2026-10-04T20:36:08.9039871Z [command]/usr/bin/git config --global --add safe.directory /home/runner/work/growth-project-mobile/growth-project-mobile
2026-10-04T20:36:08.9065271Z Removing SSH command configuration
2026-10-04T20:36:08.9070259Z [command]/usr/bin/git config --local --name-only --get-regexp core\.sshCommand
2026-10-04T20:36:08.9100280Z [command]/usr/bin/git submodule foreach --recursive sh -c "git config --local --name-only --get-regexp 'core\.sshCommand' && git config --local --unset-all 'core.sshCommand' || :"
2026-10-04T20:36:08.9287564Z Removing HTTP extra header
2026-10-04T20:36:08.9291102Z [command]/usr/bin/git config --local --name-only --get-regexp http\.https\:\/\/github\.com\/\.extraheader
2026-10-04T20:36:08.9319126Z [command]/usr/bin/git submodule foreach --recursive sh -c "git config --local --name-only --get-regexp 'http\.https\:\/\/github\.com\/\.extraheader' && git config --local --unset-all 'http.https://github.com/.extraheader' || :"
2026-10-04T20:36:08.9497545Z Removing includeIf entries pointing to credentials config files
2026-10-04T20:36:08.9502469Z [command]/usr/bin/git config --local --name-only --get-regexp ^includeIf\.gitdir:
2026-10-04T20:36:08.9524057Z includeif.gitdir:/home/runner/work/growth-project-mobile/growth-project-mobile/.git.path
2026-10-04T20:36:08.9524791Z includeif.gitdir:/home/runner/work/growth-project-mobile/growth-project-mobile/.git/worktrees/*.path
2026-10-04T20:36:08.9525280Z includeif.gitdir:/github/workspace/.git.path
2026-10-04T20:36:08.9525631Z includeif.gitdir:/github/workspace/.git/worktrees/*.path
2026-10-04T20:36:08.9530854Z [command]/usr/bin/git config --local --get-all includeif.gitdir:/home/runner/work/growth-project-mobile/growth-project-mobile/.git.path
2026-10-04T20:36:08.9548882Z /home/runner/work/_temp/git-credentials-fbc461e6-af6d-4a15-8df1-fd53a7cb9a69.config
2026-10-04T20:36:08.9557552Z [command]/usr/bin/git config --local --unset includeif.gitdir:/home/runner/work/growth-project-mobile/growth-project-mobile/.git.path /home/runner/work/_temp/git-credentials-fbc461e6-af6d-4a15-8df1-fd53a7cb9a69.config
2026-10-04T20:36:08.9587451Z [command]/usr/bin/git config --local --get-all includeif.gitdir:/home/runner/work/growth-project-mobile/growth-project-mobile/.git/worktrees/*.path
2026-10-04T20:36:08.9604726Z /home/runner/work/_temp/git-credentials-fbc461e6-af6d-4a15-8df1-fd53a7cb9a69.config
2026-10-04T20:36:08.9612229Z [command]/usr/bin/git config --local --unset includeif.gitdir:/home/runner/work/growth-project-mobile/growth-project-mobile/.git/worktrees/*.path /home/runner/work/_temp/git-credentials-fbc461e6-af6d-4a15-8df1-fd53a7cb9a69.config
2026-10-04T20:36:08.9638720Z [command]/usr/bin/git config --local --get-all includeif.gitdir:/github/workspace/.git.path
2026-10-04T20:36:08.9656024Z /github/runner_temp/git-credentials-fbc461e6-af6d-4a15-8df1-fd53a7cb9a69.config
2026-10-04T20:36:08.9662587Z [command]/usr/bin/git config --local --unset includeif.gitdir:/github/workspace/.git.path /github/runner_temp/git-credentials-fbc461e6-af6d-4a15-8df1-fd53a7cb9a69.config
2026-10-04T20:36:08.9689260Z [command]/usr/bin/git config --local --get-all includeif.gitdir:/github/workspace/.git/worktrees/*.path
2026-10-04T20:36:08.9706917Z /github/runner_temp/git-credentials-fbc461e6-af6d-4a15-8df1-fd53a7cb9a69.config
2026-10-04T20:36:08.9713768Z [command]/usr/bin/git config --local --unset includeif.gitdir:/github/workspace/.git/worktrees/*.path /github/runner_temp/git-credentials-fbc461e6-af6d-4a15-8df1-fd53a7cb9a69.config
2026-10-04T20:36:08.9741556Z [command]/usr/bin/git submodule foreach --recursive git config --local --show-origin --name-only --get-regexp remote.origin.url
2026-10-04T20:36:08.9930163Z Removing credentials config '/home/runner/work/_temp/git-credentials-fbc461e6-af6d-4a15-8df1-fd53a7cb9a69.config'
2026-10-04T20:36:09.0085253Z Cleaning up orphan processes
