2026-10-04T20:50:12.7979368Z Current runner version: '2.337.0'
2026-10-04T20:50:12.8003223Z ##[group]Runner Image Provisioner
2026-10-04T20:50:12.8004098Z Hosted Compute Agent
2026-10-04T20:50:12.8004696Z Version: 20260901.588
2026-10-04T20:50:12.8005426Z Commit: f88ec8081b781fac6c440065ac7ff9e710ce3d0b
2026-10-04T20:50:12.8006160Z Build Date: 2026-09-01T19:56:44Z
2026-10-04T20:50:12.8006827Z Worker ID: {dfec4348-d9b2-449a-8799-0864357546f8}
2026-10-04T20:50:12.8007616Z Azure Region: westcentralus
2026-10-04T20:50:12.8008284Z ##[endgroup]
2026-10-04T20:50:12.8009938Z ##[group]Operating System
2026-10-04T20:50:12.8010582Z Ubuntu
2026-10-04T20:50:12.8011086Z 24.04.5
2026-10-04T20:50:12.8011887Z LTS
2026-10-04T20:50:12.8012411Z ##[endgroup]
2026-10-04T20:50:12.8013033Z ##[group]Runner Image
2026-10-04T20:50:12.8013642Z Image: ubuntu-24.04
2026-10-04T20:50:12.8014215Z Version: 20260927.320.1
2026-10-04T20:50:12.8015525Z Included Software: https://github.com/actions/runner-images/blob/ubuntu24/20260927.320/images/ubuntu/Ubuntu2404-Readme.md
2026-10-04T20:50:12.8017166Z Image Release: https://github.com/actions/runner-images/releases/tag/ubuntu24%2F20260927.320
2026-10-04T20:50:12.8018210Z ##[endgroup]
2026-10-04T20:50:12.8019435Z ##[group]GITHUB_TOKEN Permissions
2026-10-04T20:50:12.8021725Z Contents: read
2026-10-04T20:50:12.8022394Z Metadata: read
2026-10-04T20:50:12.8023375Z Packages: read
2026-10-04T20:50:12.8023995Z ##[endgroup]
2026-10-04T20:50:12.8026055Z Secret source: Actions
2026-10-04T20:50:12.8026998Z Cache mode: write
2026-10-04T20:50:12.8027990Z Prepare workflow directory
2026-10-04T20:50:12.8367002Z Prepare all required actions
2026-10-04T20:50:12.8413300Z Getting action download info
2026-10-04T20:50:13.1531880Z Download action repository 'actions/checkout@v6' (SHA:d23441a48e516b6c34aea4fa41551a30e30af803)
2026-10-04T20:50:13.2618434Z Download action repository 'actions/setup-node@v6' (SHA:249970729cb0ef3589644e2896645e5dc5ba9c38)
2026-10-04T20:50:13.4470236Z Complete job name: targeted
2026-10-04T20:50:13.5211314Z ##[group]Run actions/checkout@v6
2026-10-04T20:50:13.5212510Z with:
2026-10-04T20:50:13.5213080Z   repository: BradleyGleavePortfolio/growth-project-mobile
2026-10-04T20:50:13.5216911Z   token: ***
2026-10-04T20:50:13.5217381Z   ssh-strict: true
2026-10-04T20:50:13.5217830Z   ssh-user: git
2026-10-04T20:50:13.5218280Z   persist-credentials: true
2026-10-04T20:50:13.5218779Z   clean: true
2026-10-04T20:50:13.5219228Z   sparse-checkout-cone-mode: true
2026-10-04T20:50:13.5219752Z   fetch-depth: 1
2026-10-04T20:50:13.5220186Z   fetch-tags: false
2026-10-04T20:50:13.5220642Z   show-progress: true
2026-10-04T20:50:13.5221107Z   lfs: false
2026-10-04T20:50:13.5221670Z   submodules: false
2026-10-04T20:50:13.5222140Z   set-safe-directory: true
2026-10-04T20:50:13.5222650Z   allow-unsafe-pr-checkout: false
2026-10-04T20:50:13.5223431Z ##[endgroup]
2026-10-04T20:50:13.6223363Z Syncing repository: BradleyGleavePortfolio/growth-project-mobile
2026-10-04T20:50:13.6225302Z ##[group]Getting Git version info
2026-10-04T20:50:13.6226188Z Working directory is '/home/runner/work/growth-project-mobile/growth-project-mobile'
2026-10-04T20:50:13.6227393Z [command]/usr/bin/git version
2026-10-04T20:50:13.6282714Z git version 2.55.0
2026-10-04T20:50:13.6305184Z ##[endgroup]
2026-10-04T20:50:13.6320653Z Temporarily overriding HOME='/home/runner/work/_temp/98e75698-57a4-4cae-be4a-077264702da7' before making global git config changes
2026-10-04T20:50:13.6323399Z Adding repository directory to the temporary git global config as a safe directory
2026-10-04T20:50:13.6326672Z [command]/usr/bin/git config --global --add safe.directory /home/runner/work/growth-project-mobile/growth-project-mobile
2026-10-04T20:50:13.6372151Z Deleting the contents of '/home/runner/work/growth-project-mobile/growth-project-mobile'
2026-10-04T20:50:13.6375865Z ##[group]Determining repository object format
2026-10-04T20:50:13.6378572Z ##[endgroup]
2026-10-04T20:50:13.6379907Z ##[group]Initializing the repository
2026-10-04T20:50:13.6384661Z [command]/usr/bin/git init /home/runner/work/growth-project-mobile/growth-project-mobile
2026-10-04T20:50:13.6480310Z hint: Using 'master' as the name for the initial branch. This default branch name
2026-10-04T20:50:13.6481731Z hint: will change to "main" in Git 3.0. To configure the initial branch name
2026-10-04T20:50:13.6482986Z hint: to use in all of your new repositories, which will suppress this warning,
2026-10-04T20:50:13.6484377Z hint: call:
2026-10-04T20:50:13.6484970Z hint:
2026-10-04T20:50:13.6485492Z hint: 	git config --global init.defaultBranch <name>
2026-10-04T20:50:13.6486109Z hint:
2026-10-04T20:50:13.6486692Z hint: Names commonly chosen instead of 'master' are 'main', 'trunk' and
2026-10-04T20:50:13.6487614Z hint: 'development'. The just-created branch can be renamed via this command:
2026-10-04T20:50:13.6488337Z hint:
2026-10-04T20:50:13.6488753Z hint: 	git branch -m <name>
2026-10-04T20:50:13.6489226Z hint:
2026-10-04T20:50:13.6489861Z hint: Disable this message with "git config set advice.defaultBranchName false"
2026-10-04T20:50:13.6491032Z Initialized empty Git repository in /home/runner/work/growth-project-mobile/growth-project-mobile/.git/
2026-10-04T20:50:13.6494589Z [command]/usr/bin/git remote add origin https://github.com/BradleyGleavePortfolio/growth-project-mobile
2026-10-04T20:50:13.6539235Z ##[endgroup]
2026-10-04T20:50:13.6540015Z ##[group]Disabling automatic garbage collection
2026-10-04T20:50:13.6543179Z [command]/usr/bin/git config --local gc.auto 0
2026-10-04T20:50:13.6570601Z ##[endgroup]
2026-10-04T20:50:13.6571931Z ##[group]Setting up auth
2026-10-04T20:50:13.6572741Z Removing SSH command configuration
2026-10-04T20:50:13.6578036Z [command]/usr/bin/git config --local --name-only --get-regexp core\.sshCommand
2026-10-04T20:50:13.6608760Z [command]/usr/bin/git submodule foreach --recursive sh -c "git config --local --name-only --get-regexp 'core\.sshCommand' && git config --local --unset-all 'core.sshCommand' || :"
2026-10-04T20:50:13.6923334Z Removing HTTP extra header
2026-10-04T20:50:13.6928990Z [command]/usr/bin/git config --local --name-only --get-regexp http\.https\:\/\/github\.com\/\.extraheader
2026-10-04T20:50:13.6960485Z [command]/usr/bin/git submodule foreach --recursive sh -c "git config --local --name-only --get-regexp 'http\.https\:\/\/github\.com\/\.extraheader' && git config --local --unset-all 'http.https://github.com/.extraheader' || :"
2026-10-04T20:50:13.7167994Z Removing includeIf entries pointing to credentials config files
2026-10-04T20:50:13.7173407Z [command]/usr/bin/git config --local --name-only --get-regexp ^includeIf\.gitdir:
2026-10-04T20:50:13.7201407Z [command]/usr/bin/git submodule foreach --recursive git config --local --show-origin --name-only --get-regexp remote.origin.url
2026-10-04T20:50:13.7414360Z [command]/usr/bin/git config --file /home/runner/work/_temp/git-credentials-1906b337-6cd8-4f1b-aacf-fd0cb7e3d848.config http.https://github.com/.extraheader AUTHORIZATION: basic ***
2026-10-04T20:50:13.7448555Z [command]/usr/bin/git config --local includeIf.gitdir:/home/runner/work/growth-project-mobile/growth-project-mobile/.git.path /home/runner/work/_temp/git-credentials-1906b337-6cd8-4f1b-aacf-fd0cb7e3d848.config
2026-10-04T20:50:13.7474997Z [command]/usr/bin/git config --local includeIf.gitdir:/home/runner/work/growth-project-mobile/growth-project-mobile/.git/worktrees/*.path /home/runner/work/_temp/git-credentials-1906b337-6cd8-4f1b-aacf-fd0cb7e3d848.config
2026-10-04T20:50:13.7507030Z [command]/usr/bin/git config --local includeIf.gitdir:/github/workspace/.git.path /github/runner_temp/git-credentials-1906b337-6cd8-4f1b-aacf-fd0cb7e3d848.config
2026-10-04T20:50:13.7536155Z [command]/usr/bin/git config --local includeIf.gitdir:/github/workspace/.git/worktrees/*.path /github/runner_temp/git-credentials-1906b337-6cd8-4f1b-aacf-fd0cb7e3d848.config
2026-10-04T20:50:13.7563609Z ##[endgroup]
2026-10-04T20:50:13.7564354Z ##[group]Fetching the repository
2026-10-04T20:50:13.7571504Z [command]/usr/bin/git -c protocol.version=2 fetch --no-tags --prune --no-recurse-submodules --depth=1 origin +fd7659204ff476b27c060ad3f334ead41b524a3f:refs/remotes/origin/ci/B-SHEET4-119-344-prior
2026-10-04T20:50:15.1264656Z From https://github.com/BradleyGleavePortfolio/growth-project-mobile
2026-10-04T20:50:15.1267024Z  * [new ref]         fd7659204ff476b27c060ad3f334ead41b524a3f -> origin/ci/B-SHEET4-119-344-prior
2026-10-04T20:50:15.1277978Z [command]/usr/bin/git branch --list --remote origin/ci/B-SHEET4-119-344-prior
2026-10-04T20:50:15.1301967Z   origin/ci/B-SHEET4-119-344-prior
2026-10-04T20:50:15.1313962Z [command]/usr/bin/git rev-parse refs/remotes/origin/ci/B-SHEET4-119-344-prior
2026-10-04T20:50:15.1336169Z fd7659204ff476b27c060ad3f334ead41b524a3f
2026-10-04T20:50:15.1348532Z ##[endgroup]
2026-10-04T20:50:15.1349826Z ##[group]Determining the checkout info
2026-10-04T20:50:15.1351258Z ##[endgroup]
2026-10-04T20:50:15.1353983Z [command]/usr/bin/git sparse-checkout disable
2026-10-04T20:50:15.1402157Z [command]/usr/bin/git config --local --unset-all extensions.worktreeConfig
2026-10-04T20:50:15.1429386Z ##[group]Checking out the ref
2026-10-04T20:50:15.1434072Z [command]/usr/bin/git checkout --progress --force -B ci/B-SHEET4-119-344-prior refs/remotes/origin/ci/B-SHEET4-119-344-prior
2026-10-04T20:50:15.2496723Z Switched to a new branch 'ci/B-SHEET4-119-344-prior'
2026-10-04T20:50:15.2501978Z branch 'ci/B-SHEET4-119-344-prior' set up to track 'origin/ci/B-SHEET4-119-344-prior'.
2026-10-04T20:50:15.2511347Z ##[endgroup]
2026-10-04T20:50:15.2549746Z [command]/usr/bin/git log -1 --format=%H
2026-10-04T20:50:15.2572688Z fd7659204ff476b27c060ad3f334ead41b524a3f
2026-10-04T20:50:15.2948743Z ##[group]Run actions/setup-node@v6
2026-10-04T20:50:15.2950089Z with:
2026-10-04T20:50:15.2951078Z   node-version: 22.13
2026-10-04T20:50:15.2952589Z   cache: npm
2026-10-04T20:50:15.2953641Z   check-latest: false
2026-10-04T20:50:15.2963866Z   token: ***
2026-10-04T20:50:15.2964868Z   package-manager-cache: true
2026-10-04T20:50:15.2966028Z ##[endgroup]
2026-10-04T20:50:15.4310698Z Attempting to download 22.13...
2026-10-04T20:50:16.4289814Z Acquiring 22.13.1 - x64 from https://github.com/actions/node-versions/releases/download/22.13.1-12900459766/node-22.13.1-linux-x64.tar.gz
2026-10-04T20:50:17.0886237Z Extracting ...
2026-10-04T20:50:17.1033858Z [command]/usr/bin/tar xz --strip 1 --warning=no-unknown-keyword --overwrite -C /home/runner/work/_temp/9993bb3f-2c9d-49fe-aba7-18b2f01e9d43 -f /home/runner/work/_temp/3ccee509-bd30-4ca5-a4cf-c6fa792afa26
2026-10-04T20:50:18.2460539Z Adding to the cache ...
2026-10-04T20:50:20.4986095Z ##[group]Environment details
2026-10-04T20:50:20.7064180Z node: v22.13.1
2026-10-04T20:50:20.7065168Z npm: 10.9.2
2026-10-04T20:50:20.7065681Z yarn: 1.22.22
2026-10-04T20:50:20.7066444Z ##[endgroup]
2026-10-04T20:50:20.7087232Z [command]/opt/hostedtoolcache/node/22.13.1/x64/bin/npm config get cache
2026-10-04T20:50:20.8014515Z /home/runner/.npm
2026-10-04T20:50:20.9777739Z Cache hit for: node-cache-Linux-x64-npm-d337c1813e25f31cc43e8d80f8de0d0cb6af6de1f93566771485fa27a2bebc06
2026-10-04T20:50:22.1957430Z Received 37748736 of 241027159 (15.7%), 36.0 MBs/sec
2026-10-04T20:50:23.1966454Z Received 205520896 of 241027159 (85.3%), 97.9 MBs/sec
2026-10-04T20:50:23.3602345Z Received 241027159 of 241027159 (100.0%), 106.2 MBs/sec
2026-10-04T20:50:23.3603542Z Cache Size: ~230 MB (241027159 B)
2026-10-04T20:50:23.3663568Z [command]/usr/bin/tar -xf /home/runner/work/_temp/8a59e98a-498e-4832-9b85-bf30130506ed/cache.tzst -P -C /home/runner/work/growth-project-mobile/growth-project-mobile --use-compress-program unzstd
2026-10-04T20:50:24.1565404Z Cache restored successfully
2026-10-04T20:50:24.1974469Z Cache restored from key: node-cache-Linux-x64-npm-d337c1813e25f31cc43e8d80f8de0d0cb6af6de1f93566771485fa27a2bebc06
2026-10-04T20:50:24.2215143Z ##[group]Run npm ci
2026-10-04T20:50:24.2215464Z npm ci
2026-10-04T20:50:24.2947000Z shell: /usr/bin/bash -e {0}
2026-10-04T20:50:24.2947300Z ##[endgroup]
2026-10-04T20:50:29.3988814Z npm warn deprecated inflight@1.0.6: This module is not supported, and leaks memory. Do not use it. Check out lru-cache if you want a good and tested way to coalesce async requests by a key value, which is much more comprehensive and powerful.
2026-10-04T20:50:29.6311743Z npm warn deprecated @humanwhocodes/config-array@0.13.0: Use @eslint/config-array instead
2026-10-04T20:50:29.6437974Z npm warn deprecated whatwg-encoding@2.0.0: Use @exodus/bytes instead for a more spec-conformant and faster implementation
2026-10-04T20:50:29.6490596Z npm warn deprecated rimraf@3.0.2: Rimraf versions prior to v4 are no longer supported
2026-10-04T20:50:29.6726118Z npm warn deprecated abab@2.0.6: Use your platform's native atob() and btoa() methods instead
2026-10-04T20:50:29.8018351Z npm warn deprecated @humanwhocodes/object-schema@2.0.3: Use @eslint/object-schema instead
2026-10-04T20:50:29.8058021Z npm warn deprecated glob@7.2.3: Old versions of glob are not supported, and contain widely publicized security vulnerabilities, which have been fixed in the current version. Please update. Support for old versions may be purchased (at exorbitant rates) by contacting i@izs.me
2026-10-04T20:50:29.8062308Z npm warn deprecated glob@7.2.3: Old versions of glob are not supported, and contain widely publicized security vulnerabilities, which have been fixed in the current version. Please update. Support for old versions may be purchased (at exorbitant rates) by contacting i@izs.me
2026-10-04T20:50:29.8082600Z npm warn deprecated glob@7.2.3: Old versions of glob are not supported, and contain widely publicized security vulnerabilities, which have been fixed in the current version. Please update. Support for old versions may be purchased (at exorbitant rates) by contacting i@izs.me
2026-10-04T20:50:29.8098521Z npm warn deprecated glob@7.2.3: Old versions of glob are not supported, and contain widely publicized security vulnerabilities, which have been fixed in the current version. Please update. Support for old versions may be purchased (at exorbitant rates) by contacting i@izs.me
2026-10-04T20:50:29.8135887Z npm warn deprecated glob@7.2.3: Old versions of glob are not supported, and contain widely publicized security vulnerabilities, which have been fixed in the current version. Please update. Support for old versions may be purchased (at exorbitant rates) by contacting i@izs.me
2026-10-04T20:50:29.8337751Z npm warn deprecated glob@7.1.6: Old versions of glob are not supported, and contain widely publicized security vulnerabilities, which have been fixed in the current version. Please update. Support for old versions may be purchased (at exorbitant rates) by contacting i@izs.me
2026-10-04T20:50:29.8921314Z npm warn deprecated domexception@4.0.0: Use your platform's native DOMException instead
2026-10-04T20:50:30.3419267Z npm warn deprecated @xmldom/xmldom@0.7.13: this version has critical issues, please update to the latest version
2026-10-04T20:50:31.0475031Z npm warn deprecated uuid@7.0.3: uuid@10 and below is no longer supported.  For ESM codebases, update to uuid@latest.  For CommonJS codebases, use uuid@11 (but be aware this version will likely be deprecated in 2028).
2026-10-04T20:50:34.4176805Z npm warn deprecated eslint@8.57.1: This version is no longer supported. Please see https://eslint.org/version-support for other options.
2026-10-04T20:51:23.3890496Z 
2026-10-04T20:51:23.3895559Z added 1108 packages, and audited 1109 packages in 59s
2026-10-04T20:51:23.3896098Z 
2026-10-04T20:51:23.3896432Z 187 packages are looking for funding
2026-10-04T20:51:23.3896995Z   run `npm fund` for details
2026-10-04T20:51:23.7521460Z 
2026-10-04T20:51:23.7522690Z 88 vulnerabilities (1 low, 16 moderate, 71 high)
2026-10-04T20:51:23.7523036Z 
2026-10-04T20:51:23.7523332Z To address issues that do not require attention, run:
2026-10-04T20:51:23.7524218Z   npm audit fix
2026-10-04T20:51:23.7524427Z 
2026-10-04T20:51:23.7524721Z To address all issues (including breaking changes), run:
2026-10-04T20:51:23.7525152Z   npm audit fix --force
2026-10-04T20:51:23.7525339Z 
2026-10-04T20:51:23.7525489Z Run `npm audit` for details.
2026-10-04T20:51:23.9432463Z ##[group]Run set -euo pipefail
2026-10-04T20:51:23.9433011Z set -euo pipefail
2026-10-04T20:51:23.9433413Z test -s .ci-lane-specs || { echo "missing .ci-lane-specs"; exit 2; }
2026-10-04T20:51:23.9433903Z mapfile -t SPECS < <(grep -vE '^\s*(#|$)' .ci-lane-specs)
2026-10-04T20:51:23.9434271Z echo "specs: ${SPECS[*]}"
2026-10-04T20:51:23.9434537Z npx jest --ci "${SPECS[@]}"
2026-10-04T20:51:23.9498593Z shell: /usr/bin/bash --noprofile --norc -e -o pipefail {0}
2026-10-04T20:51:23.9498941Z ##[endgroup]
2026-10-04T20:51:23.9599309Z specs: src/lib/__tests__/audSolSh118.transportUnknown.test.ts src/lib/__tests__/audSolSh118.minorUnits.test.ts src/lib/__tests__/audOpusSh118.probe342.test.ts src/lib/__tests__/audOpusP12117.probe342.test.ts src/lib/__tests__/audSolP12117.paymentContract.test.ts src/hooks/__tests__/audSolSh118.remainingBoundary.test.tsx src/hooks/__tests__/audSolSh118.endedIsNotUnpaid.test.tsx src/components/__tests__/audSolSh118.openPlanAction.test.tsx src/components/__tests__/audOpusSh118.probe343.test.tsx src/components/__tests__/audOpusP12117.probe343.test.tsx src/hooks/__tests__/audSolP12117.purchaseBoundary.test.tsx src/components/__tests__/audSolP12117.paymentTheme.test.tsx src/utils/__tests__/currency.test.ts
2026-10-04T20:51:29.6924335Z PASS src/hooks/__tests__/audSolSh118.remainingBoundary.test.tsx
2026-10-04T20:51:30.0396447Z PASS src/hooks/__tests__/audSolP12117.purchaseBoundary.test.tsx
2026-10-04T20:51:30.2123337Z PASS src/lib/__tests__/audOpusSh118.probe342.test.ts
2026-10-04T20:51:37.0993174Z PASS src/components/__tests__/audOpusP12117.probe343.test.tsx (6.86 s)
2026-10-04T20:51:37.2515431Z FAIL src/lib/__tests__/audOpusP12117.probe342.test.ts
2026-10-04T20:51:37.2517675Z   ● C-342-1 sale routing mirrors backend isRecurringPackage() › a one-time package whose recurring part is $0 is a one-time sale (payment-intent), not a $0 subscription
2026-10-04T20:51:37.2519496Z 
2026-10-04T20:51:37.2528985Z     expect(received).toBe(expected) // Object.is equality
2026-10-04T20:51:37.2529851Z 
2026-10-04T20:51:37.2530255Z     Expected: false
2026-10-04T20:51:37.2531020Z     Received: true
2026-10-04T20:51:37.2531828Z 
2026-10-04T20:51:37.2535541Z       82 |       recurring_interval: 'month',
2026-10-04T20:51:37.2536697Z       83 |     });
2026-10-04T20:51:37.2538177Z     > 84 |     expect(p?.renewing).toBe(false);
2026-10-04T20:51:37.2539643Z          |                         ^
2026-10-04T20:51:37.2541195Z       85 |     expect(p?.amountCents).toBe(20000);
2026-10-04T20:51:37.2542739Z       86 |   });
2026-10-04T20:51:37.2543614Z       87 | });
2026-10-04T20:51:37.2544203Z 
2026-10-04T20:51:37.2545036Z       at Object.toBe (src/lib/__tests__/audOpusP12117.probe342.test.ts:84:25)
2026-10-04T20:51:37.2550796Z 
2026-10-04T20:51:37.3933272Z PASS src/components/__tests__/audOpusSh118.probe343.test.tsx (11.537 s)
2026-10-04T20:51:37.4653244Z PASS src/hooks/__tests__/audSolSh118.endedIsNotUnpaid.test.tsx
2026-10-04T20:51:37.6870017Z PASS src/lib/__tests__/audSolP12117.paymentContract.test.ts
2026-10-04T20:51:37.8222930Z PASS src/utils/__tests__/currency.test.ts
2026-10-04T20:51:37.9705518Z PASS src/lib/__tests__/audSolSh118.transportUnknown.test.ts
2026-10-04T20:51:37.9838848Z FAIL src/components/__tests__/audSolSh118.openPlanAction.test.tsx (12.042 s)
2026-10-04T20:51:37.9865023Z   ● specific copy per cause › offline (no response): connection copy, nothing charged, no Stripe call
2026-10-04T20:51:37.9865726Z 
2026-10-04T20:51:37.9866094Z     expect(received).toBe(expected) // Object.is equality
2026-10-04T20:51:37.9866499Z 
2026-10-04T20:51:37.9867529Z     Expected: "This phone is offline, so the payment did not start and nothing was charged. Check your connection, then start again."
2026-10-04T20:51:37.9869285Z     Received: "The app could not reach the server, so this step is not confirmed. Check your connection, then open your plan in Membership to see where it stands before you start again. If it is still unclear, email support and quote reference 6f22c610."
2026-10-04T20:51:37.9870324Z 
2026-10-04T20:51:37.9871340Z       307 |       mockPost.mockRejectedValueOnce(Object.assign(new Error('Network Error'), { config: {} })),
2026-10-04T20:51:37.9873203Z       308 |     );
2026-10-04T20:51:37.9873933Z     > 309 |     expect(text).toBe(
2026-10-04T20:51:37.9874753Z           |                  ^
2026-10-04T20:51:37.9876189Z       310 |       'This phone is offline, so the payment did not start and nothing was charged. Check your connection, then start again.',
2026-10-04T20:51:37.9877533Z       311 |     );
2026-10-04T20:51:37.9878690Z       312 |     expect(mockInitPaymentSheet).not.toHaveBeenCalled();
2026-10-04T20:51:37.9879427Z 
2026-10-04T20:51:37.9880007Z       at Object.toBe (src/components/__tests__/audSolSh118.openPlanAction.test.tsx:309:18)
2026-10-04T20:51:37.9881350Z       at asyncGeneratorStep (node_modules/@babel/runtime/helpers/asyncToGenerator.js:3:17)
2026-10-04T20:51:37.9882861Z       at _next (node_modules/@babel/runtime/helpers/asyncToGenerator.js:17:9)
2026-10-04T20:51:37.9883421Z 
2026-10-04T20:51:37.9884106Z   ● specific copy per cause › package no longer offered (404 PACKAGE_NOT_FOUND)
2026-10-04T20:51:37.9884672Z 
2026-10-04T20:51:37.9885017Z     expect(received).toBe(expected) // Object.is equality
2026-10-04T20:51:37.9885453Z 
2026-10-04T20:51:37.9886806Z     Expected: "This plan is no longer offered, so nothing was charged. Pull down to see your coach’s current plans, or message your coach."
2026-10-04T20:51:37.9890103Z     Received: "This plan is no longer offered, so it cannot be started from here. If an earlier payment for it did not show a clear result, open your plan in Membership to check it, or email support and quote reference 25950f46. Pull down to see your coach’s current plans, or message your coach."
2026-10-04T20:51:37.9891426Z 
2026-10-04T20:51:37.9892684Z       343 |       mockPost.mockRejectedValueOnce(httpError(404, { error: 'PACKAGE_NOT_FOUND', message: 'Package not available' })),
2026-10-04T20:51:37.9893593Z       344 |     );
2026-10-04T20:51:37.9894705Z     > 345 |     expect(text).toBe('This plan is no longer offered, so nothing was charged. Pull down to see your coach’s current plans, or message your coach.');
2026-10-04T20:51:37.9895657Z           |                  ^
2026-10-04T20:51:37.9896270Z       346 |     expect(mockCapture).not.toHaveBeenCalled();
2026-10-04T20:51:37.9896777Z       347 |   });
2026-10-04T20:51:37.9897078Z       348 |
2026-10-04T20:51:37.9897219Z 
2026-10-04T20:51:37.9897534Z       at Object.toBe (src/components/__tests__/audSolSh118.openPlanAction.test.tsx:345:18)
2026-10-04T20:51:37.9898216Z       at asyncGeneratorStep (node_modules/@babel/runtime/helpers/asyncToGenerator.js:3:17)
2026-10-04T20:51:37.9898811Z       at _next (node_modules/@babel/runtime/helpers/asyncToGenerator.js:17:9)
2026-10-04T20:51:37.9899117Z 
2026-10-04T20:51:38.0802068Z PASS src/lib/__tests__/audSolSh118.minorUnits.test.ts
2026-10-04T20:51:39.5593899Z PASS src/components/__tests__/audSolP12117.paymentTheme.test.tsx
2026-10-04T20:51:40.0966182Z A worker process has failed to exit gracefully and has been force exited. This is likely caused by tests leaking due to improper teardown. Try running with --detectOpenHandles to find leaks. Active timers can also cause this, ensure that .unref() was called on them.
2026-10-04T20:51:40.0987507Z 
2026-10-04T20:51:40.0993104Z Test Suites: 2 failed, 11 passed, 13 total
2026-10-04T20:51:40.0993732Z Tests:       3 failed, 96 passed, 99 total
2026-10-04T20:51:40.0994052Z Snapshots:   0 total
2026-10-04T20:51:40.0994315Z Time:        14.971 s
2026-10-04T20:51:40.0997800Z Ran all test suites matching /src\/lib\/__tests__\/audSolSh118.transportUnknown.test.ts|src\/lib\/__tests__\/audSolSh118.minorUnits.test.ts|src\/lib\/__tests__\/audOpusSh118.probe342.test.ts|src\/lib\/__tests__\/audOpusP12117.probe342.test.ts|src\/lib\/__tests__\/audSolP12117.paymentContract.test.ts|src\/hooks\/__tests__\/audSolSh118.remainingBoundary.test.tsx|src\/hooks\/__tests__\/audSolSh118.endedIsNotUnpaid.test.tsx|src\/components\/__tests__\/audSolSh118.openPlanAction.test.tsx|src\/components\/__tests__\/audOpusSh118.probe343.test.tsx|src\/components\/__tests__\/audOpusP12117.probe343.test.tsx|src\/hooks\/__tests__\/audSolP12117.purchaseBoundary.test.tsx|src\/components\/__tests__\/audSolP12117.paymentTheme.test.tsx|src\/utils\/__tests__\/currency.test.ts/i.
2026-10-04T20:51:40.1147015Z ##[error]Process completed with exit code 1.
2026-10-04T20:51:40.1286606Z Post job cleanup.
2026-10-04T20:51:40.2120833Z [command]/usr/bin/git version
2026-10-04T20:51:40.2155962Z git version 2.55.0
2026-10-04T20:51:40.2196560Z Temporarily overriding HOME='/home/runner/work/_temp/563cbdb1-14b4-44d0-80cd-20106de3c20c' before making global git config changes
2026-10-04T20:51:40.2198631Z Adding repository directory to the temporary git global config as a safe directory
2026-10-04T20:51:40.2202873Z [command]/usr/bin/git config --global --add safe.directory /home/runner/work/growth-project-mobile/growth-project-mobile
2026-10-04T20:51:40.2231719Z Removing SSH command configuration
2026-10-04T20:51:40.2238245Z [command]/usr/bin/git config --local --name-only --get-regexp core\.sshCommand
2026-10-04T20:51:40.2272999Z [command]/usr/bin/git submodule foreach --recursive sh -c "git config --local --name-only --get-regexp 'core\.sshCommand' && git config --local --unset-all 'core.sshCommand' || :"
2026-10-04T20:51:40.2492025Z Removing HTTP extra header
2026-10-04T20:51:40.2496341Z [command]/usr/bin/git config --local --name-only --get-regexp http\.https\:\/\/github\.com\/\.extraheader
2026-10-04T20:51:40.2527980Z [command]/usr/bin/git submodule foreach --recursive sh -c "git config --local --name-only --get-regexp 'http\.https\:\/\/github\.com\/\.extraheader' && git config --local --unset-all 'http.https://github.com/.extraheader' || :"
2026-10-04T20:51:40.2738599Z Removing includeIf entries pointing to credentials config files
2026-10-04T20:51:40.2744576Z [command]/usr/bin/git config --local --name-only --get-regexp ^includeIf\.gitdir:
2026-10-04T20:51:40.2771957Z includeif.gitdir:/home/runner/work/growth-project-mobile/growth-project-mobile/.git.path
2026-10-04T20:51:40.2772964Z includeif.gitdir:/home/runner/work/growth-project-mobile/growth-project-mobile/.git/worktrees/*.path
2026-10-04T20:51:40.2773585Z includeif.gitdir:/github/workspace/.git.path
2026-10-04T20:51:40.2774031Z includeif.gitdir:/github/workspace/.git/worktrees/*.path
2026-10-04T20:51:40.2780517Z [command]/usr/bin/git config --local --get-all includeif.gitdir:/home/runner/work/growth-project-mobile/growth-project-mobile/.git.path
2026-10-04T20:51:40.2802004Z /home/runner/work/_temp/git-credentials-1906b337-6cd8-4f1b-aacf-fd0cb7e3d848.config
2026-10-04T20:51:40.2813155Z [command]/usr/bin/git config --local --unset includeif.gitdir:/home/runner/work/growth-project-mobile/growth-project-mobile/.git.path /home/runner/work/_temp/git-credentials-1906b337-6cd8-4f1b-aacf-fd0cb7e3d848.config
2026-10-04T20:51:40.2847552Z [command]/usr/bin/git config --local --get-all includeif.gitdir:/home/runner/work/growth-project-mobile/growth-project-mobile/.git/worktrees/*.path
2026-10-04T20:51:40.2868886Z /home/runner/work/_temp/git-credentials-1906b337-6cd8-4f1b-aacf-fd0cb7e3d848.config
2026-10-04T20:51:40.2879442Z [command]/usr/bin/git config --local --unset includeif.gitdir:/home/runner/work/growth-project-mobile/growth-project-mobile/.git/worktrees/*.path /home/runner/work/_temp/git-credentials-1906b337-6cd8-4f1b-aacf-fd0cb7e3d848.config
2026-10-04T20:51:40.2911476Z [command]/usr/bin/git config --local --get-all includeif.gitdir:/github/workspace/.git.path
2026-10-04T20:51:40.2932036Z /github/runner_temp/git-credentials-1906b337-6cd8-4f1b-aacf-fd0cb7e3d848.config
2026-10-04T20:51:40.2939304Z [command]/usr/bin/git config --local --unset includeif.gitdir:/github/workspace/.git.path /github/runner_temp/git-credentials-1906b337-6cd8-4f1b-aacf-fd0cb7e3d848.config
2026-10-04T20:51:40.2969825Z [command]/usr/bin/git config --local --get-all includeif.gitdir:/github/workspace/.git/worktrees/*.path
2026-10-04T20:51:40.2989552Z /github/runner_temp/git-credentials-1906b337-6cd8-4f1b-aacf-fd0cb7e3d848.config
2026-10-04T20:51:40.3000619Z [command]/usr/bin/git config --local --unset includeif.gitdir:/github/workspace/.git/worktrees/*.path /github/runner_temp/git-credentials-1906b337-6cd8-4f1b-aacf-fd0cb7e3d848.config
2026-10-04T20:51:40.3031849Z [command]/usr/bin/git submodule foreach --recursive git config --local --show-origin --name-only --get-regexp remote.origin.url
2026-10-04T20:51:40.3241019Z Removing credentials config '/home/runner/work/_temp/git-credentials-1906b337-6cd8-4f1b-aacf-fd0cb7e3d848.config'
2026-10-04T20:51:40.3384100Z Cleaning up orphan processes
