2026-10-05T22:58:19.2947666Z Current runner version: '2.337.0'
2026-10-05T22:58:19.2983138Z ##[group]Runner Image Provisioner
2026-10-05T22:58:19.2984542Z Hosted Compute Agent
2026-10-05T22:58:19.2985524Z Version: 20260901.588
2026-10-05T22:58:19.2986615Z Commit: f88ec8081b781fac6c440065ac7ff9e710ce3d0b
2026-10-05T22:58:19.2988144Z Build Date: 2026-09-01T19:56:44Z
2026-10-05T22:58:19.2989241Z Worker ID: {ea1249bd-24fc-4160-a882-1dee49b92ecd}
2026-10-05T22:58:19.2990605Z Azure Region: eastus
2026-10-05T22:58:19.2991597Z ##[endgroup]
2026-10-05T22:58:19.2993785Z ##[group]Operating System
2026-10-05T22:58:19.2994843Z Ubuntu
2026-10-05T22:58:19.2995648Z 24.04.5
2026-10-05T22:58:19.2996548Z LTS
2026-10-05T22:58:19.2997386Z ##[endgroup]
2026-10-05T22:58:19.2998784Z ##[group]Runner Image
2026-10-05T22:58:19.2999757Z Image: ubuntu-24.04
2026-10-05T22:58:19.3000647Z Version: 20260927.320.1
2026-10-05T22:58:19.3002880Z Included Software: https://github.com/actions/runner-images/blob/ubuntu24/20260927.320/images/ubuntu/Ubuntu2404-Readme.md
2026-10-05T22:58:19.3005734Z Image Release: https://github.com/actions/runner-images/releases/tag/ubuntu24%2F20260927.320
2026-10-05T22:58:19.3007495Z ##[endgroup]
2026-10-05T22:58:19.3009877Z ##[group]GITHUB_TOKEN Permissions
2026-10-05T22:58:19.3012580Z Contents: read
2026-10-05T22:58:19.3013598Z Metadata: read
2026-10-05T22:58:19.3014477Z Packages: read
2026-10-05T22:58:19.3015399Z ##[endgroup]
2026-10-05T22:58:19.3018811Z Secret source: Actions
2026-10-05T22:58:19.3020437Z Cache mode: write
2026-10-05T22:58:19.3021549Z Prepare workflow directory
2026-10-05T22:58:19.3636342Z Prepare all required actions
2026-10-05T22:58:19.3706747Z Getting action download info
2026-10-05T22:58:19.5684959Z Download action repository 'actions/checkout@v6' (SHA:d23441a48e516b6c34aea4fa41551a30e30af803)
2026-10-05T22:58:19.6926364Z Download action repository 'actions/setup-node@v6' (SHA:249970729cb0ef3589644e2896645e5dc5ba9c38)
2026-10-05T22:58:19.8835559Z Complete job name: targeted
2026-10-05T22:58:19.9356583Z ##[group]Checking docker version
2026-10-05T22:58:19.9369989Z ##[command]/usr/bin/docker version --format '{{.Server.APIVersion}}'
2026-10-05T22:58:20.0728510Z '1.48'
2026-10-05T22:58:20.0739028Z Docker daemon API version: '1.48'
2026-10-05T22:58:20.0739927Z ##[command]/usr/bin/docker version --format '{{.Client.APIVersion}}'
2026-10-05T22:58:20.0906370Z '1.48'
2026-10-05T22:58:20.0919751Z Docker client API version: '1.48'
2026-10-05T22:58:20.0925613Z ##[endgroup]
2026-10-05T22:58:20.0929184Z ##[group]Clean up resources from previous jobs
2026-10-05T22:58:20.0934532Z ##[command]/usr/bin/docker ps --all --quiet --no-trunc --filter "label=96cb26"
2026-10-05T22:58:20.1076524Z ##[command]/usr/bin/docker network prune --force --filter "label=96cb26"
2026-10-05T22:58:20.1255127Z ##[endgroup]
2026-10-05T22:58:20.1255727Z ##[group]Create local container network
2026-10-05T22:58:20.1265294Z ##[command]/usr/bin/docker network create --label 96cb26 github_network_057b2cc12bd743f29daaa1accfb8a7ab
2026-10-05T22:58:20.1784343Z 56de9026c235c50b2c67d871f5db18c210617c0ad3e96246d310221b9c78ec2c
2026-10-05T22:58:20.1804239Z ##[endgroup]
2026-10-05T22:58:20.1829909Z ##[group]Starting redis service container
2026-10-05T22:58:20.1852022Z ##[command]/usr/bin/docker pull redis:7-alpine
2026-10-05T22:58:20.4466773Z 7-alpine: Pulling from library/redis
2026-10-05T22:58:20.5219177Z 16333ee0c00f: Pulling fs layer
2026-10-05T22:58:20.5220219Z 83234986c742: Pulling fs layer
2026-10-05T22:58:20.5221057Z 7eb50503c2b0: Pulling fs layer
2026-10-05T22:58:20.5221890Z 1522f9c6f453: Pulling fs layer
2026-10-05T22:58:20.5222496Z 9928009b15c8: Pulling fs layer
2026-10-05T22:58:20.5223228Z 4f4fb700ef54: Pulling fs layer
2026-10-05T22:58:20.5223813Z 4eb14bae0e1d: Pulling fs layer
2026-10-05T22:58:20.5224730Z 1522f9c6f453: Waiting
2026-10-05T22:58:20.5225692Z 9928009b15c8: Waiting
2026-10-05T22:58:20.5226243Z 4f4fb700ef54: Waiting
2026-10-05T22:58:20.5226741Z 4eb14bae0e1d: Waiting
2026-10-05T22:58:20.5521936Z 83234986c742: Verifying Checksum
2026-10-05T22:58:20.5523387Z 83234986c742: Download complete
2026-10-05T22:58:20.5558724Z 7eb50503c2b0: Download complete
2026-10-05T22:58:20.5758475Z 16333ee0c00f: Verifying Checksum
2026-10-05T22:58:20.5761962Z 16333ee0c00f: Download complete
2026-10-05T22:58:20.5841814Z 9928009b15c8: Verifying Checksum
2026-10-05T22:58:20.5843491Z 9928009b15c8: Download complete
2026-10-05T22:58:20.6041806Z 4f4fb700ef54: Verifying Checksum
2026-10-05T22:58:20.6043055Z 4f4fb700ef54: Download complete
2026-10-05T22:58:20.6087379Z 4eb14bae0e1d: Verifying Checksum
2026-10-05T22:58:20.6436572Z 4eb14bae0e1d: Download complete
2026-10-05T22:58:20.6437314Z 1522f9c6f453: Verifying Checksum
2026-10-05T22:58:20.6440407Z 1522f9c6f453: Download complete
2026-10-05T22:58:20.6934666Z 16333ee0c00f: Pull complete
2026-10-05T22:58:20.7239132Z 83234986c742: Pull complete
2026-10-05T22:58:20.8788484Z 7eb50503c2b0: Pull complete
2026-10-05T22:58:21.0741143Z 1522f9c6f453: Pull complete
2026-10-05T22:58:21.0825212Z 9928009b15c8: Pull complete
2026-10-05T22:58:21.0942319Z 4f4fb700ef54: Pull complete
2026-10-05T22:58:21.1042303Z 4eb14bae0e1d: Pull complete
2026-10-05T22:58:21.1142463Z Digest: sha256:858f009f9709ce576febc734aa78b8f6d624b82571f9ddb6bda4377c833b3499
2026-10-05T22:58:21.1156850Z Status: Downloaded newer image for redis:7-alpine
2026-10-05T22:58:21.1165852Z docker.io/library/redis:7-alpine
2026-10-05T22:58:21.1203814Z ##[command]/usr/bin/docker create --name 59f9156423b94d86bc16692502fdadaf_redis7alpine_911789 --label 96cb26 --network github_network_057b2cc12bd743f29daaa1accfb8a7ab --network-alias redis -p 6379:6379 --health-cmd "redis-cli ping" --health-interval 5s --health-timeout 3s --health-retries 10 -e GITHUB_ACTIONS=true -e CI=true redis:7-alpine
2026-10-05T22:58:21.1474002Z f6a8ec5de79e2b372e544672b9b5ddc9470e92a88140baa3c7a358e80da50c8f
2026-10-05T22:58:21.1499632Z ##[command]/usr/bin/docker start f6a8ec5de79e2b372e544672b9b5ddc9470e92a88140baa3c7a358e80da50c8f
2026-10-05T22:58:21.5362139Z f6a8ec5de79e2b372e544672b9b5ddc9470e92a88140baa3c7a358e80da50c8f
2026-10-05T22:58:21.5388755Z ##[command]/usr/bin/docker ps --all --filter id=f6a8ec5de79e2b372e544672b9b5ddc9470e92a88140baa3c7a358e80da50c8f --filter status=running --no-trunc --format "{{.ID}} {{.Status}}"
2026-10-05T22:58:21.5505552Z f6a8ec5de79e2b372e544672b9b5ddc9470e92a88140baa3c7a358e80da50c8f Up Less than a second (health: starting)
2026-10-05T22:58:21.5523725Z ##[command]/usr/bin/docker port f6a8ec5de79e2b372e544672b9b5ddc9470e92a88140baa3c7a358e80da50c8f
2026-10-05T22:58:21.5634174Z 6379/tcp -> 0.0.0.0:6379
2026-10-05T22:58:21.5634468Z 6379/tcp -> [::]:6379
2026-10-05T22:58:21.5677069Z ##[endgroup]
2026-10-05T22:58:21.5685911Z ##[group]Waiting for all services to be ready
2026-10-05T22:58:21.5699212Z ##[command]/usr/bin/docker inspect --format="{{if .Config.Healthcheck}}{{print .State.Health.Status}}{{end}}" f6a8ec5de79e2b372e544672b9b5ddc9470e92a88140baa3c7a358e80da50c8f
2026-10-05T22:58:21.5809652Z starting
2026-10-05T22:58:21.5829195Z redis service is starting, waiting 2 seconds before checking again.
2026-10-05T22:58:23.5830421Z ##[command]/usr/bin/docker inspect --format="{{if .Config.Healthcheck}}{{print .State.Health.Status}}{{end}}" f6a8ec5de79e2b372e544672b9b5ddc9470e92a88140baa3c7a358e80da50c8f
2026-10-05T22:58:23.5959089Z starting
2026-10-05T22:58:23.5972190Z redis service is starting, waiting 3 seconds before checking again.
2026-10-05T22:58:27.3333122Z ##[command]/usr/bin/docker inspect --format="{{if .Config.Healthcheck}}{{print .State.Health.Status}}{{end}}" f6a8ec5de79e2b372e544672b9b5ddc9470e92a88140baa3c7a358e80da50c8f
2026-10-05T22:58:27.3455413Z healthy
2026-10-05T22:58:27.3471130Z redis service is healthy.
2026-10-05T22:58:27.3471586Z ##[endgroup]
2026-10-05T22:58:27.3759722Z ##[group]Run actions/checkout@v6
2026-10-05T22:58:27.3760329Z with:
2026-10-05T22:58:27.3760631Z   repository: BradleyGleavePortfolio/growth-project-backend
2026-10-05T22:58:27.3763120Z   token: ***
2026-10-05T22:58:27.3763330Z   ssh-strict: true
2026-10-05T22:58:27.3763542Z   ssh-user: git
2026-10-05T22:58:27.3763765Z   persist-credentials: true
2026-10-05T22:58:27.3764224Z   clean: true
2026-10-05T22:58:27.3764441Z   sparse-checkout-cone-mode: true
2026-10-05T22:58:27.3764695Z   fetch-depth: 1
2026-10-05T22:58:27.3764893Z   fetch-tags: false
2026-10-05T22:58:27.3765127Z   show-progress: true
2026-10-05T22:58:27.3765373Z   lfs: false
2026-10-05T22:58:27.3765564Z   submodules: false
2026-10-05T22:58:27.3765772Z   set-safe-directory: true
2026-10-05T22:58:27.3766019Z   allow-unsafe-pr-checkout: false
2026-10-05T22:58:27.3766529Z ##[endgroup]
2026-10-05T22:58:27.4868278Z Syncing repository: BradleyGleavePortfolio/growth-project-backend
2026-10-05T22:58:27.4869865Z ##[group]Getting Git version info
2026-10-05T22:58:27.4870383Z Working directory is '/home/runner/work/growth-project-backend/growth-project-backend'
2026-10-05T22:58:27.4871070Z [command]/usr/bin/git version
2026-10-05T22:58:27.4951096Z git version 2.55.0
2026-10-05T22:58:27.4973965Z ##[endgroup]
2026-10-05T22:58:27.4987655Z Temporarily overriding HOME='/home/runner/work/_temp/21774c0c-73a9-46cc-8a15-aa4236ee14cb' before making global git config changes
2026-10-05T22:58:27.4989538Z Adding repository directory to the temporary git global config as a safe directory
2026-10-05T22:58:27.4992823Z [command]/usr/bin/git config --global --add safe.directory /home/runner/work/growth-project-backend/growth-project-backend
2026-10-05T22:58:27.5043030Z Deleting the contents of '/home/runner/work/growth-project-backend/growth-project-backend'
2026-10-05T22:58:27.5047278Z ##[group]Determining repository object format
2026-10-05T22:58:27.5050245Z ##[endgroup]
2026-10-05T22:58:27.5050854Z ##[group]Initializing the repository
2026-10-05T22:58:27.5054815Z [command]/usr/bin/git init /home/runner/work/growth-project-backend/growth-project-backend
2026-10-05T22:58:27.5164276Z hint: Using 'master' as the name for the initial branch. This default branch name
2026-10-05T22:58:27.5165280Z hint: will change to "main" in Git 3.0. To configure the initial branch name
2026-10-05T22:58:27.5166180Z hint: to use in all of your new repositories, which will suppress this warning,
2026-10-05T22:58:27.5166889Z hint: call:
2026-10-05T22:58:27.5167224Z hint:
2026-10-05T22:58:27.5167856Z hint: 	git config --global init.defaultBranch <name>
2026-10-05T22:58:27.5168469Z hint:
2026-10-05T22:58:27.5168839Z hint: Names commonly chosen instead of 'master' are 'main', 'trunk' and
2026-10-05T22:58:27.5169775Z hint: 'development'. The just-created branch can be renamed via this command:
2026-10-05T22:58:27.5170485Z hint:
2026-10-05T22:58:27.5170835Z hint: 	git branch -m <name>
2026-10-05T22:58:27.5171240Z hint:
2026-10-05T22:58:27.5171850Z hint: Disable this message with "git config set advice.defaultBranchName false"
2026-10-05T22:58:27.5173057Z Initialized empty Git repository in /home/runner/work/growth-project-backend/growth-project-backend/.git/
2026-10-05T22:58:27.5180955Z [command]/usr/bin/git remote add origin https://github.com/BradleyGleavePortfolio/growth-project-backend
2026-10-05T22:58:27.5234484Z ##[endgroup]
2026-10-05T22:58:27.5235162Z ##[group]Disabling automatic garbage collection
2026-10-05T22:58:27.5238983Z [command]/usr/bin/git config --local gc.auto 0
2026-10-05T22:58:27.5268148Z ##[endgroup]
2026-10-05T22:58:27.5268592Z ##[group]Setting up auth
2026-10-05T22:58:27.5269450Z Removing SSH command configuration
2026-10-05T22:58:27.5275621Z [command]/usr/bin/git config --local --name-only --get-regexp core\.sshCommand
2026-10-05T22:58:27.5306491Z [command]/usr/bin/git submodule foreach --recursive sh -c "git config --local --name-only --get-regexp 'core\.sshCommand' && git config --local --unset-all 'core.sshCommand' || :"
2026-10-05T22:58:27.5658297Z Removing HTTP extra header
2026-10-05T22:58:27.5664824Z [command]/usr/bin/git config --local --name-only --get-regexp http\.https\:\/\/github\.com\/\.extraheader
2026-10-05T22:58:27.5698484Z [command]/usr/bin/git submodule foreach --recursive sh -c "git config --local --name-only --get-regexp 'http\.https\:\/\/github\.com\/\.extraheader' && git config --local --unset-all 'http.https://github.com/.extraheader' || :"
2026-10-05T22:58:27.5911014Z Removing includeIf entries pointing to credentials config files
2026-10-05T22:58:27.5916843Z [command]/usr/bin/git config --local --name-only --get-regexp ^includeIf\.gitdir:
2026-10-05T22:58:27.5948508Z [command]/usr/bin/git submodule foreach --recursive git config --local --show-origin --name-only --get-regexp remote.origin.url
2026-10-05T22:58:27.6167878Z [command]/usr/bin/git config --file /home/runner/work/_temp/git-credentials-fa71ecae-766c-406f-b540-7d70a9666064.config http.https://github.com/.extraheader AUTHORIZATION: basic ***
2026-10-05T22:58:27.6203713Z [command]/usr/bin/git config --local includeIf.gitdir:/home/runner/work/growth-project-backend/growth-project-backend/.git.path /home/runner/work/_temp/git-credentials-fa71ecae-766c-406f-b540-7d70a9666064.config
2026-10-05T22:58:27.6234032Z [command]/usr/bin/git config --local includeIf.gitdir:/home/runner/work/growth-project-backend/growth-project-backend/.git/worktrees/*.path /home/runner/work/_temp/git-credentials-fa71ecae-766c-406f-b540-7d70a9666064.config
2026-10-05T22:58:27.6266774Z [command]/usr/bin/git config --local includeIf.gitdir:/github/workspace/.git.path /github/runner_temp/git-credentials-fa71ecae-766c-406f-b540-7d70a9666064.config
2026-10-05T22:58:27.6297000Z [command]/usr/bin/git config --local includeIf.gitdir:/github/workspace/.git/worktrees/*.path /github/runner_temp/git-credentials-fa71ecae-766c-406f-b540-7d70a9666064.config
2026-10-05T22:58:27.6331063Z ##[endgroup]
2026-10-05T22:58:27.6331698Z ##[group]Fetching the repository
2026-10-05T22:58:27.6339443Z [command]/usr/bin/git -c protocol.version=2 fetch --no-tags --prune --no-recurse-submodules --depth=1 origin +78340da7d535b2bc3699d3828f5eadf3325fb732:refs/remotes/origin/ci/B-TR11-122-1
2026-10-05T22:58:28.8085097Z From https://github.com/BradleyGleavePortfolio/growth-project-backend
2026-10-05T22:58:28.8085877Z  * [new ref]         78340da7d535b2bc3699d3828f5eadf3325fb732 -> origin/ci/B-TR11-122-1
2026-10-05T22:58:28.8096974Z [command]/usr/bin/git branch --list --remote origin/ci/B-TR11-122-1
2026-10-05T22:58:28.8121147Z   origin/ci/B-TR11-122-1
2026-10-05T22:58:28.8130072Z [command]/usr/bin/git rev-parse refs/remotes/origin/ci/B-TR11-122-1
2026-10-05T22:58:28.8152274Z 78340da7d535b2bc3699d3828f5eadf3325fb732
2026-10-05T22:58:28.8156902Z ##[endgroup]
2026-10-05T22:58:28.8157616Z ##[group]Determining the checkout info
2026-10-05T22:58:28.8158717Z ##[endgroup]
2026-10-05T22:58:28.8186846Z [command]/usr/bin/git sparse-checkout disable
2026-10-05T22:58:28.8218422Z [command]/usr/bin/git config --local --unset-all extensions.worktreeConfig
2026-10-05T22:58:28.8245440Z ##[group]Checking out the ref
2026-10-05T22:58:28.8249975Z [command]/usr/bin/git checkout --progress --force -B ci/B-TR11-122-1 refs/remotes/origin/ci/B-TR11-122-1
2026-10-05T22:58:29.0584599Z Switched to a new branch 'ci/B-TR11-122-1'
2026-10-05T22:58:29.0592112Z branch 'ci/B-TR11-122-1' set up to track 'origin/ci/B-TR11-122-1'.
2026-10-05T22:58:29.0601772Z ##[endgroup]
2026-10-05T22:58:29.0647377Z [command]/usr/bin/git log -1 --format=%H
2026-10-05T22:58:29.0671588Z 78340da7d535b2bc3699d3828f5eadf3325fb732
2026-10-05T22:58:29.0917132Z ##[group]Run actions/setup-node@v6
2026-10-05T22:58:29.0917436Z with:
2026-10-05T22:58:29.0917638Z   node-version: 20
2026-10-05T22:58:29.0918110Z   cache: npm
2026-10-05T22:58:29.0918308Z   check-latest: false
2026-10-05T22:58:29.0920616Z   token: ***
2026-10-05T22:58:29.0920837Z   package-manager-cache: true
2026-10-05T22:58:29.0921089Z ##[endgroup]
2026-10-05T22:58:29.2292370Z Attempting to download 20...
2026-10-05T22:58:29.6972901Z Acquiring 20.20.2 - x64 from https://github.com/actions/node-versions/releases/download/20.20.2-23521894959/node-20.20.2-linux-x64.tar.gz
2026-10-05T22:58:30.0209521Z Extracting ...
2026-10-05T22:58:30.0327599Z [command]/usr/bin/tar xz --strip 1 --warning=no-unknown-keyword --overwrite -C /home/runner/work/_temp/94bc6f5f-2dc5-47eb-93a6-79b5b6ce7428 -f /home/runner/work/_temp/4466db2c-4737-4a00-8bc4-e9195917e61f
2026-10-05T22:58:31.0301990Z Adding to the cache ...
2026-10-05T22:58:32.7889736Z ##[group]Environment details
2026-10-05T22:58:33.0131113Z node: v20.20.2
2026-10-05T22:58:33.0131516Z npm: 10.8.2
2026-10-05T22:58:33.0131850Z yarn: 1.22.22
2026-10-05T22:58:33.0132592Z ##[endgroup]
2026-10-05T22:58:33.0160570Z [command]/opt/hostedtoolcache/node/20.20.2/x64/bin/npm config get cache
2026-10-05T22:58:33.1191302Z /home/runner/.npm
2026-10-05T22:58:33.1854128Z Cache hit for: node-cache-Linux-x64-npm-07f78abbac5e2cbfcef112b8b919e298f8da38fa5e6aaf98a3625ef672bd5b12
2026-10-05T22:58:33.7062569Z Received 86828135 of 86828135 (100.0%), 181.6 MBs/sec
2026-10-05T22:58:33.7063301Z Cache Size: ~83 MB (86828135 B)
2026-10-05T22:58:33.7097098Z [command]/usr/bin/tar -xf /home/runner/work/_temp/b669df47-ce04-4ec5-94b8-4efb2c406ede/cache.tzst -P -C /home/runner/work/growth-project-backend/growth-project-backend --use-compress-program unzstd
2026-10-05T22:58:33.8894531Z Cache restored successfully
2026-10-05T22:58:33.8940633Z Cache restored from key: node-cache-Linux-x64-npm-07f78abbac5e2cbfcef112b8b919e298f8da38fa5e6aaf98a3625ef672bd5b12
2026-10-05T22:58:33.9144406Z ##[group]Run npm ci
2026-10-05T22:58:33.9144728Z npm ci
2026-10-05T22:58:33.9364767Z shell: /usr/bin/bash -e {0}
2026-10-05T22:58:33.9365091Z ##[endgroup]
2026-10-05T22:58:39.6819332Z npm warn deprecated inflight@1.0.6: This module is not supported, and leaks memory. Do not use it. Check out lru-cache if you want a good and tested way to coalesce async requests by a key value, which is much more comprehensive and powerful.
2026-10-05T22:58:40.7144973Z npm warn deprecated jpeg-exif@1.1.4: Package no longer supported. Contact Support at https://www.npmjs.com/support for more info.
2026-10-05T22:58:41.6834315Z npm warn deprecated glob@7.2.3: Old versions of glob are not supported, and contain widely publicized security vulnerabilities, which have been fixed in the current version. Please update. Support for old versions may be purchased (at exorbitant rates) by contacting i@izs.me
2026-10-05T22:58:42.9661151Z npm warn deprecated glob@10.5.0: Old versions of glob are not supported, and contain widely publicized security vulnerabilities, which have been fixed in the current version. Please update. Support for old versions may be purchased (at exorbitant rates) by contacting i@izs.me
2026-10-05T22:58:42.9960253Z npm warn deprecated glob@10.5.0: Old versions of glob are not supported, and contain widely publicized security vulnerabilities, which have been fixed in the current version. Please update. Support for old versions may be purchased (at exorbitant rates) by contacting i@izs.me
2026-10-05T22:58:43.0370765Z npm warn deprecated glob@10.5.0: Old versions of glob are not supported, and contain widely publicized security vulnerabilities, which have been fixed in the current version. Please update. Support for old versions may be purchased (at exorbitant rates) by contacting i@izs.me
2026-10-05T22:58:56.0499700Z 
2026-10-05T22:58:56.0500491Z > growth-project-backend@1.0.0 postinstall
2026-10-05T22:58:56.0500918Z > prisma generate
2026-10-05T22:58:56.0501079Z 
2026-10-05T22:58:56.9946867Z Prisma schema loaded from prisma/schema.prisma
2026-10-05T22:59:01.0457578Z ┌─────────────────────────────────────────────────────────┐
2026-10-05T22:59:01.0459465Z │  Update available 6.19.3 -> 8.0.0-rc.20                 │
2026-10-05T22:59:01.0460765Z │                                                         │
2026-10-05T22:59:01.0461903Z │  This is a major update - please follow the guide at    │
2026-10-05T22:59:01.0463161Z │  https://pris.ly/d/major-version-upgrade                │
2026-10-05T22:59:01.0464203Z │                                                         │
2026-10-05T22:59:01.0465162Z │  Run the following to update                            │
2026-10-05T22:59:01.0466182Z │    npm i --save-dev prisma@latest                       │
2026-10-05T22:59:01.0467181Z │    npm i @prisma/client@latest                          │
2026-10-05T22:59:01.0468870Z └─────────────────────────────────────────────────────────┘
2026-10-05T22:59:01.0469358Z 
2026-10-05T22:59:01.0470144Z ✔ Generated Prisma Client (v6.19.3) to ./node_modules/@prisma/client in 2.22s
2026-10-05T22:59:01.0470591Z 
2026-10-05T22:59:01.0471069Z Start by importing your Prisma Client (See: https://pris.ly/d/importing-client)
2026-10-05T22:59:01.0471526Z 
2026-10-05T22:59:01.0472177Z Tip: Interested in query caching in just a few lines of code? Try Accelerate today! https://pris.ly/tip-3-accelerate
2026-10-05T22:59:01.0472775Z 
2026-10-05T22:59:01.1040247Z 
2026-10-05T22:59:01.1041155Z > growth-project-backend@1.0.0 prepare
2026-10-05T22:59:01.1041890Z > lefthook install
2026-10-05T22:59:01.1042194Z 
2026-10-05T22:59:01.1545974Z sync hooks: ✔️(pre-commit, commit-msg)
2026-10-05T22:59:01.1727562Z 
2026-10-05T22:59:01.1728396Z added 1115 packages, and audited 1116 packages in 27s
2026-10-05T22:59:01.1728924Z 
2026-10-05T22:59:01.1729183Z 202 packages are looking for funding
2026-10-05T22:59:01.1729573Z   run `npm fund` for details
2026-10-05T22:59:01.1780450Z 
2026-10-05T22:59:01.1781013Z 3 high severity vulnerabilities
2026-10-05T22:59:01.1781714Z 
2026-10-05T22:59:01.1782278Z To address all issues (including breaking changes), run:
2026-10-05T22:59:01.1782996Z   npm audit fix --force
2026-10-05T22:59:01.1783275Z 
2026-10-05T22:59:01.1783501Z Run `npm audit` for details.
2026-10-05T22:59:01.2418484Z ##[group]Run npx prisma generate
2026-10-05T22:59:01.2419001Z npx prisma generate
2026-10-05T22:59:01.2484893Z shell: /usr/bin/bash -e {0}
2026-10-05T22:59:01.2485166Z ##[endgroup]
2026-10-05T22:59:02.5085227Z Prisma schema loaded from prisma/schema.prisma
2026-10-05T22:59:06.4998020Z 
2026-10-05T22:59:06.4999618Z ✔ Generated Prisma Client (v6.19.3) to ./node_modules/@prisma/client in 2.17s
2026-10-05T22:59:06.5000106Z 
2026-10-05T22:59:06.5000586Z Start by importing your Prisma Client (See: https://pris.ly/d/importing-client)
2026-10-05T22:59:06.5001068Z 
2026-10-05T22:59:06.5001731Z Tip: Interested in query caching in just a few lines of code? Try Accelerate today! https://pris.ly/tip-3-accelerate
2026-10-05T22:59:06.5002370Z 
2026-10-05T22:59:06.6220871Z ##[group]Run npx tsc --noEmit
2026-10-05T22:59:06.6221203Z npx tsc --noEmit
2026-10-05T22:59:06.6282773Z shell: /usr/bin/bash -e {0}
2026-10-05T22:59:06.6283040Z env:
2026-10-05T22:59:06.6283268Z   NODE_OPTIONS: --max-old-space-size=4096
2026-10-05T22:59:06.6283572Z ##[endgroup]
2026-10-05T22:59:59.9460325Z ##[error]test/b-trials-trial-ending-push-prefs.spec.ts(24,83): error TS2345: Argument of type '{ status: string; }[]' is not assignable to parameter of type 'never'.
2026-10-05T23:00:00.2116522Z ##[error]Process completed with exit code 2.
2026-10-05T23:00:00.2240484Z Post job cleanup.
2026-10-05T23:00:00.3097882Z [command]/usr/bin/git version
2026-10-05T23:00:00.3133527Z git version 2.55.0
2026-10-05T23:00:00.3173245Z Temporarily overriding HOME='/home/runner/work/_temp/fd59fafa-2914-48a7-be1d-50b6de12bceb' before making global git config changes
2026-10-05T23:00:00.3174954Z Adding repository directory to the temporary git global config as a safe directory
2026-10-05T23:00:00.3180528Z [command]/usr/bin/git config --global --add safe.directory /home/runner/work/growth-project-backend/growth-project-backend
2026-10-05T23:00:00.3210692Z Removing SSH command configuration
2026-10-05T23:00:00.3217024Z [command]/usr/bin/git config --local --name-only --get-regexp core\.sshCommand
2026-10-05T23:00:00.3253371Z [command]/usr/bin/git submodule foreach --recursive sh -c "git config --local --name-only --get-regexp 'core\.sshCommand' && git config --local --unset-all 'core.sshCommand' || :"
2026-10-05T23:00:00.3485428Z Removing HTTP extra header
2026-10-05T23:00:00.3488241Z [command]/usr/bin/git config --local --name-only --get-regexp http\.https\:\/\/github\.com\/\.extraheader
2026-10-05T23:00:00.3524320Z [command]/usr/bin/git submodule foreach --recursive sh -c "git config --local --name-only --get-regexp 'http\.https\:\/\/github\.com\/\.extraheader' && git config --local --unset-all 'http.https://github.com/.extraheader' || :"
2026-10-05T23:00:00.3764161Z Removing includeIf entries pointing to credentials config files
2026-10-05T23:00:00.3773402Z [command]/usr/bin/git config --local --name-only --get-regexp ^includeIf\.gitdir:
2026-10-05T23:00:00.3801974Z includeif.gitdir:/home/runner/work/growth-project-backend/growth-project-backend/.git.path
2026-10-05T23:00:00.3803493Z includeif.gitdir:/home/runner/work/growth-project-backend/growth-project-backend/.git/worktrees/*.path
2026-10-05T23:00:00.3804636Z includeif.gitdir:/github/workspace/.git.path
2026-10-05T23:00:00.3805638Z includeif.gitdir:/github/workspace/.git/worktrees/*.path
2026-10-05T23:00:00.3813784Z [command]/usr/bin/git config --local --get-all includeif.gitdir:/home/runner/work/growth-project-backend/growth-project-backend/.git.path
2026-10-05T23:00:00.3837060Z /home/runner/work/_temp/git-credentials-fa71ecae-766c-406f-b540-7d70a9666064.config
2026-10-05T23:00:00.3850828Z [command]/usr/bin/git config --local --unset includeif.gitdir:/home/runner/work/growth-project-backend/growth-project-backend/.git.path /home/runner/work/_temp/git-credentials-fa71ecae-766c-406f-b540-7d70a9666064.config
2026-10-05T23:00:00.3890231Z [command]/usr/bin/git config --local --get-all includeif.gitdir:/home/runner/work/growth-project-backend/growth-project-backend/.git/worktrees/*.path
2026-10-05T23:00:00.3913393Z /home/runner/work/_temp/git-credentials-fa71ecae-766c-406f-b540-7d70a9666064.config
2026-10-05T23:00:00.3926784Z [command]/usr/bin/git config --local --unset includeif.gitdir:/home/runner/work/growth-project-backend/growth-project-backend/.git/worktrees/*.path /home/runner/work/_temp/git-credentials-fa71ecae-766c-406f-b540-7d70a9666064.config
2026-10-05T23:00:00.3961881Z [command]/usr/bin/git config --local --get-all includeif.gitdir:/github/workspace/.git.path
2026-10-05T23:00:00.3985169Z /github/runner_temp/git-credentials-fa71ecae-766c-406f-b540-7d70a9666064.config
2026-10-05T23:00:00.4000492Z [command]/usr/bin/git config --local --unset includeif.gitdir:/github/workspace/.git.path /github/runner_temp/git-credentials-fa71ecae-766c-406f-b540-7d70a9666064.config
2026-10-05T23:00:00.4030766Z [command]/usr/bin/git config --local --get-all includeif.gitdir:/github/workspace/.git/worktrees/*.path
2026-10-05T23:00:00.4054269Z /github/runner_temp/git-credentials-fa71ecae-766c-406f-b540-7d70a9666064.config
2026-10-05T23:00:00.4066797Z [command]/usr/bin/git config --local --unset includeif.gitdir:/github/workspace/.git/worktrees/*.path /github/runner_temp/git-credentials-fa71ecae-766c-406f-b540-7d70a9666064.config
2026-10-05T23:00:00.4104456Z [command]/usr/bin/git submodule foreach --recursive git config --local --show-origin --name-only --get-regexp remote.origin.url
2026-10-05T23:00:00.4343957Z Removing credentials config '/home/runner/work/_temp/git-credentials-fa71ecae-766c-406f-b540-7d70a9666064.config'
2026-10-05T23:00:00.4463200Z Print service container logs: 59f9156423b94d86bc16692502fdadaf_redis7alpine_911789
2026-10-05T23:00:00.4467576Z ##[command]/usr/bin/docker logs --details f6a8ec5de79e2b372e544672b9b5ddc9470e92a88140baa3c7a358e80da50c8f
2026-10-05T23:00:00.4592405Z  1:C 05 Oct 2026 22:58:21.536 # WARNING Memory overcommit must be enabled! Without it, a background save or replication may fail under low memory condition. Being disabled, it can also cause failures without low memory condition, see https://github.com/jemalloc/jemalloc/issues/1328. To fix this issue add 'vm.overcommit_memory = 1' to /etc/sysctl.conf and then reboot or run the command 'sysctl vm.overcommit_memory=1' for this to take effect.
2026-10-05T23:00:00.4595525Z  1:C 05 Oct 2026 22:58:21.536 * oO0OoO0OoO0Oo Redis is starting oO0OoO0OoO0Oo
2026-10-05T23:00:00.4596603Z  1:C 05 Oct 2026 22:58:21.536 * Redis version=7.4.11, bits=64, commit=00000000, modified=0, pid=1, just started
2026-10-05T23:00:00.4598324Z  1:C 05 Oct 2026 22:58:21.536 # Warning: no config file specified, using the default config. In order to specify a config file use redis-server /path/to/redis.conf
2026-10-05T23:00:00.4599963Z  1:M 05 Oct 2026 22:58:21.537 * monotonic clock: POSIX clock_gettime
2026-10-05T23:00:00.4600653Z  1:M 05 Oct 2026 22:58:21.537 * Running mode=standalone, port=6379.
2026-10-05T23:00:00.4601267Z  1:M 05 Oct 2026 22:58:21.537 * Server initialized
2026-10-05T23:00:00.4601864Z  1:M 05 Oct 2026 22:58:21.537 * Ready to accept connections tcp
2026-10-05T23:00:00.4610824Z Stop and remove container: 59f9156423b94d86bc16692502fdadaf_redis7alpine_911789
2026-10-05T23:00:00.4615765Z ##[command]/usr/bin/docker rm --force f6a8ec5de79e2b372e544672b9b5ddc9470e92a88140baa3c7a358e80da50c8f
2026-10-05T23:00:00.5909537Z f6a8ec5de79e2b372e544672b9b5ddc9470e92a88140baa3c7a358e80da50c8f
2026-10-05T23:00:00.5944008Z Remove container network: github_network_057b2cc12bd743f29daaa1accfb8a7ab
2026-10-05T23:00:00.5948917Z ##[command]/usr/bin/docker network rm github_network_057b2cc12bd743f29daaa1accfb8a7ab
2026-10-05T23:00:00.6930588Z github_network_057b2cc12bd743f29daaa1accfb8a7ab
2026-10-05T23:00:00.7003205Z Cleaning up orphan processes
