2026-10-04T17:09:39.6191400Z Current runner version: '2.337.0'
2026-10-04T17:09:39.6218213Z ##[group]Runner Image Provisioner
2026-10-04T17:09:39.6219109Z Hosted Compute Agent
2026-10-04T17:09:39.6219769Z Version: 20260901.588
2026-10-04T17:09:39.6220393Z Commit: f88ec8081b781fac6c440065ac7ff9e710ce3d0b
2026-10-04T17:09:39.6221123Z Build Date: 2026-09-01T19:56:44Z
2026-10-04T17:09:39.6221875Z Worker ID: {51a9ec08-0a06-4ac7-ab3a-79c522c43ec9}
2026-10-04T17:09:39.6222604Z Azure Region: eastus2
2026-10-04T17:09:39.6223222Z ##[endgroup]
2026-10-04T17:09:39.6225349Z ##[group]Operating System
2026-10-04T17:09:39.6226052Z Ubuntu
2026-10-04T17:09:39.6226580Z 24.04.5
2026-10-04T17:09:39.6227110Z LTS
2026-10-04T17:09:39.6227681Z ##[endgroup]
2026-10-04T17:09:39.6228233Z ##[group]Runner Image
2026-10-04T17:09:39.6228807Z Image: ubuntu-24.04
2026-10-04T17:09:39.6229431Z Version: 20260927.320.1
2026-10-04T17:09:39.6230696Z Included Software: https://github.com/actions/runner-images/blob/ubuntu24/20260927.320/images/ubuntu/Ubuntu2404-Readme.md
2026-10-04T17:09:39.6232329Z Image Release: https://github.com/actions/runner-images/releases/tag/ubuntu24%2F20260927.320
2026-10-04T17:09:39.6233285Z ##[endgroup]
2026-10-04T17:09:39.6234839Z ##[group]GITHUB_TOKEN Permissions
2026-10-04T17:09:39.6237127Z Contents: read
2026-10-04T17:09:39.6237868Z Metadata: read
2026-10-04T17:09:39.6238467Z Packages: read
2026-10-04T17:09:39.6239056Z ##[endgroup]
2026-10-04T17:09:39.6241295Z Secret source: Actions
2026-10-04T17:09:39.6242272Z Cache mode: write
2026-10-04T17:09:39.6243204Z Prepare workflow directory
2026-10-04T17:09:39.6698572Z Prepare all required actions
2026-10-04T17:09:39.6748057Z Getting action download info
2026-10-04T17:09:39.9347639Z Download action repository 'actions/checkout@v6' (SHA:d23441a48e516b6c34aea4fa41551a30e30af803)
2026-10-04T17:09:40.0348496Z Download action repository 'actions/setup-node@v6' (SHA:249970729cb0ef3589644e2896645e5dc5ba9c38)
2026-10-04T17:09:40.2300277Z Complete job name: mwb-3-live-tests
2026-10-04T17:09:40.2851303Z ##[group]Checking docker version
2026-10-04T17:09:40.2864826Z ##[command]/usr/bin/docker version --format '{{.Server.APIVersion}}'
2026-10-04T17:09:40.3886598Z '1.48'
2026-10-04T17:09:40.3897676Z Docker daemon API version: '1.48'
2026-10-04T17:09:40.3898449Z ##[command]/usr/bin/docker version --format '{{.Client.APIVersion}}'
2026-10-04T17:09:40.4063075Z '1.48'
2026-10-04T17:09:40.4075721Z Docker client API version: '1.48'
2026-10-04T17:09:40.4080965Z ##[endgroup]
2026-10-04T17:09:40.4084178Z ##[group]Clean up resources from previous jobs
2026-10-04T17:09:40.4089382Z ##[command]/usr/bin/docker ps --all --quiet --no-trunc --filter "label=7e0393"
2026-10-04T17:09:40.4233074Z ##[command]/usr/bin/docker network prune --force --filter "label=7e0393"
2026-10-04T17:09:40.4362727Z ##[endgroup]
2026-10-04T17:09:40.4363265Z ##[group]Create local container network
2026-10-04T17:09:40.4373835Z ##[command]/usr/bin/docker network create --label 7e0393 github_network_1d8b0036ecd14463bef493f8a80e22f1
2026-10-04T17:09:40.4881892Z 5547c359114718d4005c21fdac091f7c8734177c6412434a822743675e48891a
2026-10-04T17:09:40.4901232Z ##[endgroup]
2026-10-04T17:09:40.4926467Z ##[group]Starting postgres service container
2026-10-04T17:09:40.4947997Z ##[command]/usr/bin/docker pull postgres:15
2026-10-04T17:09:40.8009207Z 15: Pulling from library/postgres
2026-10-04T17:09:40.8803512Z 6b37362b3da7: Pulling fs layer
2026-10-04T17:09:40.8805119Z 0d791b2b75ae: Pulling fs layer
2026-10-04T17:09:40.8805907Z 0d39881c83f7: Pulling fs layer
2026-10-04T17:09:40.8807620Z c95afe7c234f: Pulling fs layer
2026-10-04T17:09:40.8808247Z bc176b99a33a: Pulling fs layer
2026-10-04T17:09:40.8808836Z 08a5cd487deb: Pulling fs layer
2026-10-04T17:09:40.8809402Z eb4d92aaee0a: Pulling fs layer
2026-10-04T17:09:40.8809966Z 75a4dff090e8: Pulling fs layer
2026-10-04T17:09:40.8810542Z afe9a40fb214: Pulling fs layer
2026-10-04T17:09:40.8811092Z ca5e97c0cd7d: Pulling fs layer
2026-10-04T17:09:40.8811672Z 53fa82bdba52: Pulling fs layer
2026-10-04T17:09:40.8812289Z 7b9c6b8e5e6e: Pulling fs layer
2026-10-04T17:09:40.8813168Z b65147f15943: Pulling fs layer
2026-10-04T17:09:40.8814038Z 170d9ea1cd85: Pulling fs layer
2026-10-04T17:09:40.8814614Z ca5e97c0cd7d: Waiting
2026-10-04T17:09:40.8815127Z 53fa82bdba52: Waiting
2026-10-04T17:09:40.8815600Z bc176b99a33a: Waiting
2026-10-04T17:09:40.8816063Z 08a5cd487deb: Waiting
2026-10-04T17:09:40.8816535Z eb4d92aaee0a: Waiting
2026-10-04T17:09:40.8817021Z 7b9c6b8e5e6e: Waiting
2026-10-04T17:09:40.8817484Z b65147f15943: Waiting
2026-10-04T17:09:40.8817953Z 75a4dff090e8: Waiting
2026-10-04T17:09:40.8818413Z 170d9ea1cd85: Waiting
2026-10-04T17:09:40.8818886Z afe9a40fb214: Waiting
2026-10-04T17:09:40.8819365Z c95afe7c234f: Waiting
2026-10-04T17:09:40.9974030Z 0d791b2b75ae: Verifying Checksum
2026-10-04T17:09:40.9975260Z 0d791b2b75ae: Download complete
2026-10-04T17:09:41.0604474Z 0d39881c83f7: Verifying Checksum
2026-10-04T17:09:41.0605682Z 0d39881c83f7: Download complete
2026-10-04T17:09:41.0827243Z c95afe7c234f: Verifying Checksum
2026-10-04T17:09:41.0831763Z c95afe7c234f: Download complete
2026-10-04T17:09:41.1291903Z 6b37362b3da7: Download complete
2026-10-04T17:09:41.1703393Z 08a5cd487deb: Verifying Checksum
2026-10-04T17:09:41.1706979Z 08a5cd487deb: Download complete
2026-10-04T17:09:41.1761297Z bc176b99a33a: Verifying Checksum
2026-10-04T17:09:41.1762746Z bc176b99a33a: Download complete
2026-10-04T17:09:41.1795255Z eb4d92aaee0a: Verifying Checksum
2026-10-04T17:09:41.1796775Z eb4d92aaee0a: Download complete
2026-10-04T17:09:41.2204835Z 75a4dff090e8: Verifying Checksum
2026-10-04T17:09:41.2206349Z 75a4dff090e8: Download complete
2026-10-04T17:09:41.2284157Z ca5e97c0cd7d: Download complete
2026-10-04T17:09:41.2755584Z 53fa82bdba52: Download complete
2026-10-04T17:09:41.2765648Z 7b9c6b8e5e6e: Verifying Checksum
2026-10-04T17:09:41.2784002Z 7b9c6b8e5e6e: Download complete
2026-10-04T17:09:41.3285760Z b65147f15943: Verifying Checksum
2026-10-04T17:09:41.3288739Z b65147f15943: Download complete
2026-10-04T17:09:41.3290397Z 170d9ea1cd85: Verifying Checksum
2026-10-04T17:09:41.3291718Z 170d9ea1cd85: Download complete
2026-10-04T17:09:41.6322955Z afe9a40fb214: Verifying Checksum
2026-10-04T17:09:41.6324640Z afe9a40fb214: Download complete
2026-10-04T17:09:42.2426935Z 6b37362b3da7: Pull complete
2026-10-04T17:09:45.1536014Z 0d791b2b75ae: Pull complete
2026-10-04T17:09:45.3266854Z 0d39881c83f7: Pull complete
2026-10-04T17:09:45.3661634Z c95afe7c234f: Pull complete
2026-10-04T17:09:45.6687281Z bc176b99a33a: Pull complete
2026-10-04T17:09:45.7468221Z 08a5cd487deb: Pull complete
2026-10-04T17:09:45.7548134Z eb4d92aaee0a: Pull complete
2026-10-04T17:09:45.7636636Z 75a4dff090e8: Pull complete
2026-10-04T17:09:48.7569756Z afe9a40fb214: Pull complete
2026-10-04T17:09:48.7727542Z ca5e97c0cd7d: Pull complete
2026-10-04T17:09:48.7874167Z 53fa82bdba52: Pull complete
2026-10-04T17:09:48.7955591Z 7b9c6b8e5e6e: Pull complete
2026-10-04T17:09:48.8057251Z b65147f15943: Pull complete
2026-10-04T17:09:48.8140401Z 170d9ea1cd85: Pull complete
2026-10-04T17:09:48.8190739Z Digest: sha256:724292da1f2e50bdccfc3302ce75bbba7f4a6076701b588cc795fcac65683550
2026-10-04T17:09:48.8193908Z Status: Downloaded newer image for postgres:15
2026-10-04T17:09:48.8205537Z docker.io/library/postgres:15
2026-10-04T17:09:48.8276161Z ##[command]/usr/bin/docker create --name 930c988072ae402383f06509babc2d22_postgres15_1fcb4d --label 7e0393 --network github_network_1d8b0036ecd14463bef493f8a80e22f1 --network-alias postgres -p 5432:5432 --health-cmd "pg_isready -U postgres" --health-interval 10s --health-timeout 5s --health-retries 10 -e "POSTGRES_USER=postgres" -e "POSTGRES_PASSWORD=postgres" -e "POSTGRES_DB=postgres" -e GITHUB_ACTIONS=true -e CI=true postgres:15
2026-10-04T17:09:48.8534899Z 175c961a3dd4ae631b36a1c8538cdac61cfa03723f3543a8a189a2ca507090d3
2026-10-04T17:09:48.8558361Z ##[command]/usr/bin/docker start 175c961a3dd4ae631b36a1c8538cdac61cfa03723f3543a8a189a2ca507090d3
2026-10-04T17:09:49.0986773Z 175c961a3dd4ae631b36a1c8538cdac61cfa03723f3543a8a189a2ca507090d3
2026-10-04T17:09:49.1011005Z ##[command]/usr/bin/docker ps --all --filter id=175c961a3dd4ae631b36a1c8538cdac61cfa03723f3543a8a189a2ca507090d3 --filter status=running --no-trunc --format "{{.ID}} {{.Status}}"
2026-10-04T17:09:49.1160214Z 175c961a3dd4ae631b36a1c8538cdac61cfa03723f3543a8a189a2ca507090d3 Up Less than a second (health: starting)
2026-10-04T17:09:49.1182300Z ##[command]/usr/bin/docker port 175c961a3dd4ae631b36a1c8538cdac61cfa03723f3543a8a189a2ca507090d3
2026-10-04T17:09:49.1329166Z 5432/tcp -> 0.0.0.0:5432
2026-10-04T17:09:49.1329941Z 5432/tcp -> [::]:5432
2026-10-04T17:09:49.1380034Z ##[endgroup]
2026-10-04T17:09:49.1389705Z ##[group]Waiting for all services to be ready
2026-10-04T17:09:49.1407245Z ##[command]/usr/bin/docker inspect --format="{{if .Config.Healthcheck}}{{print .State.Health.Status}}{{end}}" 175c961a3dd4ae631b36a1c8538cdac61cfa03723f3543a8a189a2ca507090d3
2026-10-04T17:09:49.1573687Z starting
2026-10-04T17:09:49.1601453Z postgres service is starting, waiting 2 seconds before checking again.
2026-10-04T17:09:51.1596200Z ##[command]/usr/bin/docker inspect --format="{{if .Config.Healthcheck}}{{print .State.Health.Status}}{{end}}" 175c961a3dd4ae631b36a1c8538cdac61cfa03723f3543a8a189a2ca507090d3
2026-10-04T17:09:51.1721128Z starting
2026-10-04T17:09:51.1736274Z postgres service is starting, waiting 3 seconds before checking again.
2026-10-04T17:09:54.9547017Z ##[command]/usr/bin/docker inspect --format="{{if .Config.Healthcheck}}{{print .State.Health.Status}}{{end}}" 175c961a3dd4ae631b36a1c8538cdac61cfa03723f3543a8a189a2ca507090d3
2026-10-04T17:09:54.9674457Z starting
2026-10-04T17:09:54.9697114Z postgres service is starting, waiting 9 seconds before checking again.
2026-10-04T17:10:03.9753966Z ##[command]/usr/bin/docker inspect --format="{{if .Config.Healthcheck}}{{print .State.Health.Status}}{{end}}" 175c961a3dd4ae631b36a1c8538cdac61cfa03723f3543a8a189a2ca507090d3
2026-10-04T17:10:03.9875976Z healthy
2026-10-04T17:10:03.9891691Z postgres service is healthy.
2026-10-04T17:10:03.9892425Z ##[endgroup]
2026-10-04T17:10:04.0265173Z ##[group]Run actions/checkout@v6
2026-10-04T17:10:04.0265764Z with:
2026-10-04T17:10:04.0266059Z   repository: BradleyGleavePortfolio/growth-project-backend
2026-10-04T17:10:04.0268604Z   token: ***
2026-10-04T17:10:04.0268806Z   ssh-strict: true
2026-10-04T17:10:04.0269002Z   ssh-user: git
2026-10-04T17:10:04.0269206Z   persist-credentials: true
2026-10-04T17:10:04.0269433Z   clean: true
2026-10-04T17:10:04.0269644Z   sparse-checkout-cone-mode: true
2026-10-04T17:10:04.0269891Z   fetch-depth: 1
2026-10-04T17:10:04.0270082Z   fetch-tags: false
2026-10-04T17:10:04.0270281Z   show-progress: true
2026-10-04T17:10:04.0270481Z   lfs: false
2026-10-04T17:10:04.0270661Z   submodules: false
2026-10-04T17:10:04.0270859Z   set-safe-directory: true
2026-10-04T17:10:04.0271093Z   allow-unsafe-pr-checkout: false
2026-10-04T17:10:04.0271532Z env:
2026-10-04T17:10:04.0271946Z   DATABASE_URL: ***localhost:5432/postgres
2026-10-04T17:10:04.0272376Z   DIRECT_URL: ***localhost:5432/postgres
2026-10-04T17:10:04.0272854Z   MWB3_TEST_DATABASE_URL: ***localhost:5432/postgres
2026-10-04T17:10:04.0273152Z ##[endgroup]
2026-10-04T17:10:04.1326499Z Syncing repository: BradleyGleavePortfolio/growth-project-backend
2026-10-04T17:10:04.1328843Z ##[group]Getting Git version info
2026-10-04T17:10:04.1329681Z Working directory is '/home/runner/work/growth-project-backend/growth-project-backend'
2026-10-04T17:10:04.1330847Z [command]/usr/bin/git version
2026-10-04T17:10:04.1427925Z git version 2.55.0
2026-10-04T17:10:04.1453615Z ##[endgroup]
2026-10-04T17:10:04.1468891Z Temporarily overriding HOME='/home/runner/work/_temp/c0cc23dc-4023-4ebe-bdea-28b24d8d6f14' before making global git config changes
2026-10-04T17:10:04.1469668Z Adding repository directory to the temporary git global config as a safe directory
2026-10-04T17:10:04.1475832Z [command]/usr/bin/git config --global --add safe.directory /home/runner/work/growth-project-backend/growth-project-backend
2026-10-04T17:10:04.1536266Z Deleting the contents of '/home/runner/work/growth-project-backend/growth-project-backend'
2026-10-04T17:10:04.1546826Z ##[group]Determining repository object format
2026-10-04T17:10:04.1547696Z ##[endgroup]
2026-10-04T17:10:04.1548087Z ##[group]Initializing the repository
2026-10-04T17:10:04.1548579Z [command]/usr/bin/git init /home/runner/work/growth-project-backend/growth-project-backend
2026-10-04T17:10:04.1716785Z hint: Using 'master' as the name for the initial branch. This default branch name
2026-10-04T17:10:04.1717776Z hint: will change to "main" in Git 3.0. To configure the initial branch name
2026-10-04T17:10:04.1718632Z hint: to use in all of your new repositories, which will suppress this warning,
2026-10-04T17:10:04.1719252Z hint: call:
2026-10-04T17:10:04.1719540Z hint:
2026-10-04T17:10:04.1720020Z hint: 	git config --global init.defaultBranch <name>
2026-10-04T17:10:04.1720574Z hint:
2026-10-04T17:10:04.1721084Z hint: Names commonly chosen instead of 'master' are 'main', 'trunk' and
2026-10-04T17:10:04.1721857Z hint: 'development'. The just-created branch can be renamed via this command:
2026-10-04T17:10:04.1722291Z hint:
2026-10-04T17:10:04.1722501Z hint: 	git branch -m <name>
2026-10-04T17:10:04.1722733Z hint:
2026-10-04T17:10:04.1723059Z hint: Disable this message with "git config set advice.defaultBranchName false"
2026-10-04T17:10:04.1724081Z Initialized empty Git repository in /home/runner/work/growth-project-backend/growth-project-backend/.git/
2026-10-04T17:10:04.1733334Z [command]/usr/bin/git remote add origin https://github.com/BradleyGleavePortfolio/growth-project-backend
2026-10-04T17:10:04.1787723Z ##[endgroup]
2026-10-04T17:10:04.1788120Z ##[group]Disabling automatic garbage collection
2026-10-04T17:10:04.1792280Z [command]/usr/bin/git config --local gc.auto 0
2026-10-04T17:10:04.1825161Z ##[endgroup]
2026-10-04T17:10:04.1826027Z ##[group]Setting up auth
2026-10-04T17:10:04.1826846Z Removing SSH command configuration
2026-10-04T17:10:04.1834803Z [command]/usr/bin/git config --local --name-only --get-regexp core\.sshCommand
2026-10-04T17:10:04.1869786Z [command]/usr/bin/git submodule foreach --recursive sh -c "git config --local --name-only --get-regexp 'core\.sshCommand' && git config --local --unset-all 'core.sshCommand' || :"
2026-10-04T17:10:04.2267947Z Removing HTTP extra header
2026-10-04T17:10:04.2274425Z [command]/usr/bin/git config --local --name-only --get-regexp http\.https\:\/\/github\.com\/\.extraheader
2026-10-04T17:10:04.2308358Z [command]/usr/bin/git submodule foreach --recursive sh -c "git config --local --name-only --get-regexp 'http\.https\:\/\/github\.com\/\.extraheader' && git config --local --unset-all 'http.https://github.com/.extraheader' || :"
2026-10-04T17:10:04.2534754Z Removing includeIf entries pointing to credentials config files
2026-10-04T17:10:04.2535324Z [command]/usr/bin/git config --local --name-only --get-regexp ^includeIf\.gitdir:
2026-10-04T17:10:04.2567920Z [command]/usr/bin/git submodule foreach --recursive git config --local --show-origin --name-only --get-regexp remote.origin.url
2026-10-04T17:10:04.2799197Z [command]/usr/bin/git config --file /home/runner/work/_temp/git-credentials-6f40714a-67a3-40ea-bc89-2b9ee5238694.config http.https://github.com/.extraheader AUTHORIZATION: basic ***
2026-10-04T17:10:04.2839355Z [command]/usr/bin/git config --local includeIf.gitdir:/home/runner/work/growth-project-backend/growth-project-backend/.git.path /home/runner/work/_temp/git-credentials-6f40714a-67a3-40ea-bc89-2b9ee5238694.config
2026-10-04T17:10:04.2871926Z [command]/usr/bin/git config --local includeIf.gitdir:/home/runner/work/growth-project-backend/growth-project-backend/.git/worktrees/*.path /home/runner/work/_temp/git-credentials-6f40714a-67a3-40ea-bc89-2b9ee5238694.config
2026-10-04T17:10:04.2908635Z [command]/usr/bin/git config --local includeIf.gitdir:/github/workspace/.git.path /github/runner_temp/git-credentials-6f40714a-67a3-40ea-bc89-2b9ee5238694.config
2026-10-04T17:10:04.2948920Z [command]/usr/bin/git config --local includeIf.gitdir:/github/workspace/.git/worktrees/*.path /github/runner_temp/git-credentials-6f40714a-67a3-40ea-bc89-2b9ee5238694.config
2026-10-04T17:10:04.2977884Z ##[endgroup]
2026-10-04T17:10:04.2978280Z ##[group]Fetching the repository
2026-10-04T17:10:04.2987036Z [command]/usr/bin/git -c protocol.version=2 fetch --no-tags --prune --no-recurse-submodules --depth=1 origin +29c84bd90f81481c37db89725be32505e1d20e81:refs/remotes/pull/674/merge
2026-10-04T17:10:05.5398324Z From https://github.com/BradleyGleavePortfolio/growth-project-backend
2026-10-04T17:10:05.5399296Z  * [new ref]         29c84bd90f81481c37db89725be32505e1d20e81 -> pull/674/merge
2026-10-04T17:10:05.5405233Z ##[endgroup]
2026-10-04T17:10:05.5405902Z ##[group]Determining the checkout info
2026-10-04T17:10:05.5406669Z ##[endgroup]
2026-10-04T17:10:05.5412569Z [command]/usr/bin/git sparse-checkout disable
2026-10-04T17:10:05.5470887Z [command]/usr/bin/git config --local --unset-all extensions.worktreeConfig
2026-10-04T17:10:05.5500353Z ##[group]Checking out the ref
2026-10-04T17:10:05.5505933Z [command]/usr/bin/git checkout --progress --force refs/remotes/pull/674/merge
2026-10-04T17:10:05.7668954Z Note: switching to 'refs/remotes/pull/674/merge'.
2026-10-04T17:10:05.7669421Z 
2026-10-04T17:10:05.7669664Z You are in 'detached HEAD' state. You can look around, make experimental
2026-10-04T17:10:05.7670159Z changes and commit them, and you can discard any commits you make in this
2026-10-04T17:10:05.7670641Z state without impacting any branches by switching back to a branch.
2026-10-04T17:10:05.7670943Z 
2026-10-04T17:10:05.7671134Z If you want to create a new branch to retain commits you create, you may
2026-10-04T17:10:05.7671570Z do so (now or later) by using -c with the switch command. Example:
2026-10-04T17:10:05.7671815Z 
2026-10-04T17:10:05.7671927Z   git switch -c <new-branch-name>
2026-10-04T17:10:05.7672101Z 
2026-10-04T17:10:05.7672197Z Or undo this operation with:
2026-10-04T17:10:05.7672355Z 
2026-10-04T17:10:05.7672437Z   git switch -
2026-10-04T17:10:05.7672576Z 
2026-10-04T17:10:05.7673042Z Turn off this advice by setting config variable advice.detachedHead to false
2026-10-04T17:10:05.7673645Z 
2026-10-04T17:10:05.7674025Z HEAD is now at 29c84bd Merge f9e21a87bf47502458a6ae21c2393010a1279198 into b7ff3c738945583392b918460477f92a4428a1a2
2026-10-04T17:10:05.7684052Z ##[endgroup]
2026-10-04T17:10:05.7727400Z [command]/usr/bin/git log -1 --format=%H
2026-10-04T17:10:05.7750181Z 29c84bd90f81481c37db89725be32505e1d20e81
2026-10-04T17:10:05.8006784Z ##[group]Run actions/setup-node@v6
2026-10-04T17:10:05.8007064Z with:
2026-10-04T17:10:05.8007255Z   node-version: 20
2026-10-04T17:10:05.8007457Z   cache: npm
2026-10-04T17:10:05.8007649Z   check-latest: false
2026-10-04T17:10:05.8009940Z   token: ***
2026-10-04T17:10:05.8010145Z   package-manager-cache: true
2026-10-04T17:10:05.8010376Z env:
2026-10-04T17:10:05.8010743Z   DATABASE_URL: ***localhost:5432/postgres
2026-10-04T17:10:05.8011166Z   DIRECT_URL: ***localhost:5432/postgres
2026-10-04T17:10:05.8011592Z   MWB3_TEST_DATABASE_URL: ***localhost:5432/postgres
2026-10-04T17:10:05.8011881Z ##[endgroup]
2026-10-04T17:10:05.9451080Z Attempting to download 20...
2026-10-04T17:10:06.4600642Z Acquiring 20.20.2 - x64 from https://github.com/actions/node-versions/releases/download/20.20.2-23521894959/node-20.20.2-linux-x64.tar.gz
2026-10-04T17:10:06.8330570Z Extracting ...
2026-10-04T17:10:06.8449265Z [command]/usr/bin/tar xz --strip 1 --warning=no-unknown-keyword --overwrite -C /home/runner/work/_temp/45cdbee5-d78e-4e5e-b90e-8a01514429bf -f /home/runner/work/_temp/53a620dc-1b04-4ea4-afab-90afc1631da0
2026-10-04T17:10:07.8500157Z Adding to the cache ...
2026-10-04T17:10:09.6349104Z ##[group]Environment details
2026-10-04T17:10:09.8620542Z node: v20.20.2
2026-10-04T17:10:09.8620944Z npm: 10.8.2
2026-10-04T17:10:09.8621249Z yarn: 1.22.22
2026-10-04T17:10:09.8621907Z ##[endgroup]
2026-10-04T17:10:09.8642475Z [command]/opt/hostedtoolcache/node/20.20.2/x64/bin/npm config get cache
2026-10-04T17:10:09.9684723Z /home/runner/.npm
2026-10-04T17:10:10.0440011Z Cache hit for: node-cache-Linux-x64-npm-07f78abbac5e2cbfcef112b8b919e298f8da38fa5e6aaf98a3625ef672bd5b12
2026-10-04T17:10:10.5597476Z Received 86828135 of 86828135 (100.0%), 178.1 MBs/sec
2026-10-04T17:10:10.5598285Z Cache Size: ~83 MB (86828135 B)
2026-10-04T17:10:10.5632223Z [command]/usr/bin/tar -xf /home/runner/work/_temp/52d1b161-3998-4cbe-86d6-3600ade1c8a8/cache.tzst -P -C /home/runner/work/growth-project-backend/growth-project-backend --use-compress-program unzstd
2026-10-04T17:10:10.7590801Z Cache restored successfully
2026-10-04T17:10:10.7636094Z Cache restored from key: node-cache-Linux-x64-npm-07f78abbac5e2cbfcef112b8b919e298f8da38fa5e6aaf98a3625ef672bd5b12
2026-10-04T17:10:10.7819703Z ##[group]Run npm ci
2026-10-04T17:10:10.7819990Z [36;1mnpm ci[0m
2026-10-04T17:10:10.8037542Z shell: /usr/bin/bash -e {0}
2026-10-04T17:10:10.8037844Z env:
2026-10-04T17:10:10.8038338Z   DATABASE_URL: ***localhost:5432/postgres
2026-10-04T17:10:10.8038809Z   DIRECT_URL: ***localhost:5432/postgres
2026-10-04T17:10:10.8039292Z   MWB3_TEST_DATABASE_URL: ***localhost:5432/postgres
2026-10-04T17:10:10.8039645Z ##[endgroup]
2026-10-04T17:10:16.6242001Z npm warn deprecated inflight@1.0.6: This module is not supported, and leaks memory. Do not use it. Check out lru-cache if you want a good and tested way to coalesce async requests by a key value, which is much more comprehensive and powerful.
2026-10-04T17:10:17.6415895Z npm warn deprecated jpeg-exif@1.1.4: Package no longer supported. Contact Support at https://www.npmjs.com/support for more info.
2026-10-04T17:10:18.9282847Z npm warn deprecated glob@7.2.3: Old versions of glob are not supported, and contain widely publicized security vulnerabilities, which have been fixed in the current version. Please update. Support for old versions may be purchased (at exorbitant rates) by contacting i@izs.me
2026-10-04T17:10:20.3847651Z npm warn deprecated glob@10.5.0: Old versions of glob are not supported, and contain widely publicized security vulnerabilities, which have been fixed in the current version. Please update. Support for old versions may be purchased (at exorbitant rates) by contacting i@izs.me
2026-10-04T17:10:20.4035859Z npm warn deprecated glob@10.5.0: Old versions of glob are not supported, and contain widely publicized security vulnerabilities, which have been fixed in the current version. Please update. Support for old versions may be purchased (at exorbitant rates) by contacting i@izs.me
2026-10-04T17:10:20.4741481Z npm warn deprecated glob@10.5.0: Old versions of glob are not supported, and contain widely publicized security vulnerabilities, which have been fixed in the current version. Please update. Support for old versions may be purchased (at exorbitant rates) by contacting i@izs.me
2026-10-04T17:10:33.1765504Z 
2026-10-04T17:10:33.1766231Z > growth-project-backend@1.0.0 postinstall
2026-10-04T17:10:33.1766887Z > prisma generate
2026-10-04T17:10:33.1767143Z 
2026-10-04T17:10:34.1105731Z Prisma schema loaded from prisma/schema.prisma
2026-10-04T17:10:37.9019489Z ┌─────────────────────────────────────────────────────────┐
2026-10-04T17:10:37.9020308Z │  Update available 6.19.3 -> 8.0.0-rc.19                 │
2026-10-04T17:10:37.9020916Z │                                                         │
2026-10-04T17:10:37.9021515Z │  This is a major update - please follow the guide at    │
2026-10-04T17:10:37.9022181Z │  https://pris.ly/d/major-version-upgrade                │
2026-10-04T17:10:37.9022807Z │                                                         │
2026-10-04T17:10:37.9023580Z │  Run the following to update                            │
2026-10-04T17:10:37.9024247Z │    npm i --save-dev prisma@latest                       │
2026-10-04T17:10:37.9024910Z │    npm i @prisma/client@latest                          │
2026-10-04T17:10:37.9025507Z └─────────────────────────────────────────────────────────┘
2026-10-04T17:10:37.9026192Z 
2026-10-04T17:10:37.9027144Z ✔ Generated Prisma Client (v6.19.3) to ./node_modules/@prisma/client in 2.10s
2026-10-04T17:10:37.9027712Z 
2026-10-04T17:10:37.9028308Z Start by importing your Prisma Client (See: https://pris.ly/d/importing-client)
2026-10-04T17:10:37.9029349Z 
2026-10-04T17:10:37.9029856Z Tip: Want to turn off tips and other hints? https://pris.ly/tip-4-nohints
2026-10-04T17:10:37.9030354Z 
2026-10-04T17:10:37.9577178Z 
2026-10-04T17:10:37.9577899Z > growth-project-backend@1.0.0 prepare
2026-10-04T17:10:37.9578487Z > lefthook install
2026-10-04T17:10:37.9578731Z 
2026-10-04T17:10:38.0079804Z sync hooks: ✔️(pre-commit, commit-msg)
2026-10-04T17:10:38.0252475Z 
2026-10-04T17:10:38.0253270Z added 1115 packages, and audited 1116 packages in 27s
2026-10-04T17:10:38.0253911Z 
2026-10-04T17:10:38.0254649Z 202 packages are looking for funding
2026-10-04T17:10:38.0255029Z   run `npm fund` for details
2026-10-04T17:10:38.0286372Z 
2026-10-04T17:10:38.0286658Z 3 high severity vulnerabilities
2026-10-04T17:10:38.0286961Z 
2026-10-04T17:10:38.0287336Z To address all issues (including breaking changes), run:
2026-10-04T17:10:38.0288008Z   npm audit fix --force
2026-10-04T17:10:38.0288247Z 
2026-10-04T17:10:38.0288445Z Run `npm audit` for details.
2026-10-04T17:10:38.0925206Z ##[group]Run npx prisma generate
2026-10-04T17:10:38.0925557Z [36;1mnpx prisma generate[0m
2026-10-04T17:10:38.0997639Z shell: /usr/bin/bash -e {0}
2026-10-04T17:10:38.0997905Z env:
2026-10-04T17:10:38.0998364Z   DATABASE_URL: ***localhost:5432/postgres
2026-10-04T17:10:38.0998786Z   DIRECT_URL: ***localhost:5432/postgres
2026-10-04T17:10:38.0999234Z   MWB3_TEST_DATABASE_URL: ***localhost:5432/postgres
2026-10-04T17:10:38.0999538Z ##[endgroup]
2026-10-04T17:10:39.3349030Z Prisma schema loaded from prisma/schema.prisma
2026-10-04T17:10:43.1485606Z 
2026-10-04T17:10:43.1487112Z ✔ Generated Prisma Client (v6.19.3) to ./node_modules/@prisma/client in 2.07s
2026-10-04T17:10:43.1487591Z 
2026-10-04T17:10:43.1488042Z Start by importing your Prisma Client (See: https://pris.ly/d/importing-client)
2026-10-04T17:10:43.1488483Z 
2026-10-04T17:10:43.1489105Z Tip: Interested in query caching in just a few lines of code? Try Accelerate today! https://pris.ly/tip-3-accelerate
2026-10-04T17:10:43.1489749Z 
2026-10-04T17:10:43.2106414Z ##[group]Run sudo apt-get update && sudo apt-get install -y postgresql-client
2026-10-04T17:10:43.2107023Z [36;1msudo apt-get update && sudo apt-get install -y postgresql-client[0m
2026-10-04T17:10:43.2168532Z shell: /usr/bin/bash -e {0}
2026-10-04T17:10:43.2168781Z env:
2026-10-04T17:10:43.2169240Z   DATABASE_URL: ***localhost:5432/postgres
2026-10-04T17:10:43.2169682Z   DIRECT_URL: ***localhost:5432/postgres
2026-10-04T17:10:43.2170136Z   MWB3_TEST_DATABASE_URL: ***localhost:5432/postgres
2026-10-04T17:10:43.2170440Z ##[endgroup]
2026-10-04T17:10:43.3106594Z Get:1 file:/etc/apt/apt-mirrors.txt Mirrorlist [144 B]
2026-10-04T17:10:43.3442792Z Hit:2 http://azure.archive.ubuntu.com/ubuntu noble InRelease
2026-10-04T17:10:43.3444719Z Get:6 https://packages.microsoft.com/ubuntu/24.04/prod noble InRelease [3600 B]
2026-10-04T17:10:43.3472303Z Get:3 http://azure.archive.ubuntu.com/ubuntu noble-updates InRelease [126 kB]
2026-10-04T17:10:43.3488436Z Get:4 http://azure.archive.ubuntu.com/ubuntu noble-backports InRelease [126 kB]
2026-10-04T17:10:43.3519459Z Get:5 http://azure.archive.ubuntu.com/ubuntu noble-security InRelease [126 kB]
2026-10-04T17:10:43.4782922Z Get:7 https://packages.microsoft.com/ubuntu/24.04/prod noble/main armhf Packages [12.6 kB]
2026-10-04T17:10:43.4885317Z Get:8 https://packages.microsoft.com/ubuntu/24.04/prod noble/main amd64 Packages [511 kB]
2026-10-04T17:10:43.4988365Z Get:9 https://packages.microsoft.com/ubuntu/24.04/prod noble/main arm64 Packages [458 kB]
2026-10-04T17:10:43.5283988Z Get:10 http://azure.archive.ubuntu.com/ubuntu noble-updates/main amd64 Packages [1364 kB]
2026-10-04T17:10:43.5347488Z Get:11 http://azure.archive.ubuntu.com/ubuntu noble-updates/main Translation-en [304 kB]
2026-10-04T17:10:43.5366756Z Get:12 http://azure.archive.ubuntu.com/ubuntu noble-updates/main amd64 Components [181 kB]
2026-10-04T17:10:43.5381804Z Get:13 http://azure.archive.ubuntu.com/ubuntu noble-updates/universe amd64 Packages [1699 kB]
2026-10-04T17:10:43.5495020Z Get:14 http://azure.archive.ubuntu.com/ubuntu noble-updates/universe Translation-en [341 kB]
2026-10-04T17:10:43.5514788Z Get:15 http://azure.archive.ubuntu.com/ubuntu noble-updates/universe amd64 Components [388 kB]
2026-10-04T17:10:43.5535944Z Get:16 http://azure.archive.ubuntu.com/ubuntu noble-updates/restricted amd64 Packages [1720 kB]
2026-10-04T17:10:43.5622884Z Get:17 http://azure.archive.ubuntu.com/ubuntu noble-updates/restricted Translation-en [394 kB]
2026-10-04T17:10:43.5646933Z Get:18 http://azure.archive.ubuntu.com/ubuntu noble-updates/multiverse amd64 Components [940 B]
2026-10-04T17:10:43.5932496Z Get:19 http://azure.archive.ubuntu.com/ubuntu noble-backports/main amd64 Components [5776 B]
2026-10-04T17:10:43.6386476Z Get:20 http://azure.archive.ubuntu.com/ubuntu noble-backports/universe amd64 Components [12.6 kB]
2026-10-04T17:10:43.6434969Z Get:21 http://azure.archive.ubuntu.com/ubuntu noble-security/main amd64 Packages [1069 kB]
2026-10-04T17:10:43.6490904Z Get:22 http://azure.archive.ubuntu.com/ubuntu noble-security/main Translation-en [221 kB]
2026-10-04T17:10:43.6505959Z Get:23 http://azure.archive.ubuntu.com/ubuntu noble-security/main amd64 Components [46.4 kB]
2026-10-04T17:10:43.6513273Z Get:24 http://azure.archive.ubuntu.com/ubuntu noble-security/universe amd64 Packages [1216 kB]
2026-10-04T17:10:43.6574292Z Get:25 http://azure.archive.ubuntu.com/ubuntu noble-security/universe Translation-en [244 kB]
2026-10-04T17:10:43.6590955Z Get:26 http://azure.archive.ubuntu.com/ubuntu noble-security/universe amd64 Components [76.4 kB]
2026-10-04T17:10:43.6600356Z Get:27 http://azure.archive.ubuntu.com/ubuntu noble-security/restricted amd64 Packages [1566 kB]
2026-10-04T17:10:43.6685325Z Get:28 http://azure.archive.ubuntu.com/ubuntu noble-security/restricted Translation-en [361 kB]
2026-10-04T17:10:48.1323867Z Fetched 12.6 MB in 1s (9267 kB/s)
2026-10-04T17:10:49.0054097Z Reading package lists...
2026-10-04T17:10:49.0366044Z Reading package lists...
2026-10-04T17:10:49.2382766Z Building dependency tree...
2026-10-04T17:10:49.2392275Z Reading state information...
2026-10-04T17:10:49.4207032Z The following NEW packages will be installed:
2026-10-04T17:10:49.4207731Z   postgresql-client
2026-10-04T17:10:49.4393992Z 0 upgraded, 1 newly installed, 0 to remove and 25 not upgraded.
2026-10-04T17:10:49.4394781Z Need to get 11.6 kB of archives.
2026-10-04T17:10:49.4395557Z After this operation, 17.4 kB of additional disk space will be used.
2026-10-04T17:10:49.4396451Z Get:1 file:/etc/apt/apt-mirrors.txt Mirrorlist [144 B]
2026-10-04T17:10:49.7221782Z Get:2 http://azure.archive.ubuntu.com/ubuntu noble-updates/main amd64 postgresql-client all 16+257build1.1 [11.6 kB]
2026-10-04T17:10:49.9773950Z Fetched 11.6 kB in 0s (39.5 kB/s)
2026-10-04T17:10:49.9983627Z Selecting previously unselected package postgresql-client.
2026-10-04T17:10:50.0340126Z (Reading database ... 
2026-10-04T17:10:50.0340639Z (Reading database ... 5%
2026-10-04T17:10:50.0341097Z (Reading database ... 10%
2026-10-04T17:10:50.0341449Z (Reading database ... 15%
2026-10-04T17:10:50.0341756Z (Reading database ... 20%
2026-10-04T17:10:50.0342049Z (Reading database ... 25%
2026-10-04T17:10:50.0342341Z (Reading database ... 30%
2026-10-04T17:10:50.0342643Z (Reading database ... 35%
2026-10-04T17:10:50.0342930Z (Reading database ... 40%
2026-10-04T17:10:50.0343600Z (Reading database ... 45%
2026-10-04T17:10:50.0343903Z (Reading database ... 50%
2026-10-04T17:10:50.0388325Z (Reading database ... 55%
2026-10-04T17:10:50.1619365Z (Reading database ... 60%
2026-10-04T17:10:50.3534918Z (Reading database ... 65%
2026-10-04T17:10:50.5548499Z (Reading database ... 70%
2026-10-04T17:10:50.7105079Z (Reading database ... 75%
2026-10-04T17:10:50.9011159Z (Reading database ... 80%
2026-10-04T17:10:51.0686255Z (Reading database ... 85%
2026-10-04T17:10:51.2172315Z (Reading database ... 90%
2026-10-04T17:10:51.3636729Z (Reading database ... 95%
2026-10-04T17:10:51.3637238Z (Reading database ... 100%
2026-10-04T17:10:51.3638390Z (Reading database ... 202296 files and directories currently installed.)
2026-10-04T17:10:51.3681455Z Preparing to unpack .../postgresql-client_16+257build1.1_all.deb ...
2026-10-04T17:10:51.3705735Z Unpacking postgresql-client (16+257build1.1) ...
2026-10-04T17:10:51.4052273Z Setting up postgresql-client (16+257build1.1) ...
2026-10-04T17:10:52.0808877Z 
2026-10-04T17:10:52.0809670Z Running kernel seems to be up-to-date.
2026-10-04T17:10:52.0810042Z 
2026-10-04T17:10:52.0810265Z No services need to be restarted.
2026-10-04T17:10:52.0810521Z 
2026-10-04T17:10:52.0810734Z No containers need to be restarted.
2026-10-04T17:10:52.0810997Z 
2026-10-04T17:10:52.0811252Z No user sessions are running outdated binaries.
2026-10-04T17:10:52.0811553Z 
2026-10-04T17:10:52.0811959Z No VM guests are running outdated hypervisor (qemu) binaries on this host.
2026-10-04T17:10:53.0469797Z ##[group]Run psql "$DATABASE_URL" -v ON_ERROR_STOP=1 -c \
2026-10-04T17:10:53.0470258Z [36;1mpsql "$DATABASE_URL" -v ON_ERROR_STOP=1 -c \[0m
2026-10-04T17:10:53.0471082Z [36;1m  "DO \$do\$ BEGIN IF NOT EXISTS (SELECT 1 FROM pg_roles WHERE rolname = 'app_authenticated') THEN CREATE ROLE app_authenticated NOLOGIN NOINHERIT NOBYPASSRLS; END IF; END \$do\$;"[0m
2026-10-04T17:10:53.0534062Z shell: /usr/bin/bash -e {0}
2026-10-04T17:10:53.0534315Z env:
2026-10-04T17:10:53.0534964Z   DATABASE_URL: ***localhost:5432/postgres
2026-10-04T17:10:53.0535412Z   DIRECT_URL: ***localhost:5432/postgres
2026-10-04T17:10:53.0535845Z   MWB3_TEST_DATABASE_URL: ***localhost:5432/postgres
2026-10-04T17:10:53.0536155Z ##[endgroup]
2026-10-04T17:10:53.1526158Z DO
2026-10-04T17:10:53.1571229Z ##[group]Run npx jest \
2026-10-04T17:10:53.1571512Z [36;1mnpx jest \[0m
2026-10-04T17:10:53.1571754Z [36;1m  test/mwb-3-lock-token.spec.ts \[0m
2026-10-04T17:10:53.1572098Z [36;1m  test/mwb-3-autosave.controller.spec.ts \[0m
2026-10-04T17:10:53.1572452Z [36;1m  test/mwb-3-autosave.service.spec.ts \[0m
2026-10-04T17:10:53.1572767Z [36;1m  test/mwb-3-undo.spec.ts \[0m
2026-10-04T17:10:53.1573090Z [36;1m  test/mwb-3-revision-prune.cron.spec.ts \[0m
2026-10-04T17:10:53.1573721Z [36;1m  test/profile-put-concurrency.live.spec.ts \[0m
2026-10-04T17:10:53.1574109Z [36;1m  test/onboarding-tenancy-fence.live.spec.ts \[0m
2026-10-04T17:10:53.1574448Z [36;1m  --runInBand --testTimeout=120000[0m
2026-10-04T17:10:53.1636894Z shell: /usr/bin/bash -e {0}
2026-10-04T17:10:53.1637154Z env:
2026-10-04T17:10:53.1637593Z   DATABASE_URL: ***localhost:5432/postgres
2026-10-04T17:10:53.1638021Z   DIRECT_URL: ***localhost:5432/postgres
2026-10-04T17:10:53.1638558Z   MWB3_TEST_DATABASE_URL: ***localhost:5432/postgres
2026-10-04T17:10:53.1638898Z   NODE_OPTIONS: --max-old-space-size=4096
2026-10-04T17:10:53.1639179Z ##[endgroup]
2026-10-04T17:10:57.4212451Z [33m[Nest] 3541  - [39m10/04/2026, 5:10:55 PM [33m   WARN[39m [38;5;3m[AnalyticsService] [39m[33mPOSTHOG_KEY not set — analytics are disabled (no-op mode).[39m
2026-10-04T17:10:57.4215139Z [33m[Nest] 3541  - [39m10/04/2026, 5:10:55 PM [33m   WARN[39m [38;5;3m[AnalyticsService] [39m[33mPOSTHOG_KEY not set — analytics are disabled (no-op mode).[39m
2026-10-04T17:10:57.4222684Z [33m[Nest] 3541  - [39m10/04/2026, 5:10:55 PM [33m   WARN[39m [38;5;3m[AnalyticsService] [39m[33mPOSTHOG_KEY not set — analytics are disabled (no-op mode).[39m
2026-10-04T17:10:59.2465142Z [33m[Nest] 3541  - [39m10/04/2026, 5:10:59 PM [33m   WARN[39m [38;5;3m[AnalyticsService] [39m[33mPOSTHOG_KEY not set — analytics are disabled (no-op mode).[39m
2026-10-04T17:10:59.5220646Z PASS test/mwb-3-lock-token.spec.ts (5.251 s, 134 MB heap size)
2026-10-04T17:11:04.0032636Z [33m[Nest] 3541  - [39m10/04/2026, 5:11:03 PM [33m   WARN[39m [38;5;3m[AnalyticsService] [39m[33mPOSTHOG_KEY not set — analytics are disabled (no-op mode).[39m
2026-10-04T17:11:04.0823319Z PASS test/mwb-3-autosave.controller.spec.ts (170 MB heap size)
2026-10-04T17:11:08.0222435Z [33m[Nest] 3541  - [39m10/04/2026, 5:11:07 PM [33m   WARN[39m [38;5;3m[AnalyticsService] [39m[33mPOSTHOG_KEY not set — analytics are disabled (no-op mode).[39m
2026-10-04T17:11:08.2225180Z PASS test/mwb-3-autosave.service.spec.ts (124 MB heap size)
2026-10-04T17:11:08.6478421Z [31m[Nest] 3541  - [39m10/04/2026, 5:11:08 PM [31m  ERROR[39m [38;5;3m[WorkoutBuilderRevisionPruneCron] [39m[31mRevision prune failed for plan B: boom[39m
2026-10-04T17:11:08.6479309Z Error: boom
2026-10-04T17:11:08.6480175Z     at Object.<anonymous> (/home/runner/work/growth-project-backend/growth-project-backend/test/mwb-3-revision-prune.cron.spec.ts:81:30)
2026-10-04T17:11:08.6481642Z     at Promise.finally.completed (/home/runner/work/growth-project-backend/growth-project-backend/node_modules/jest-circus/build/jestAdapterInit.js:1561:28)
2026-10-04T17:11:08.6482554Z     at new Promise (<anonymous>)
2026-10-04T17:11:08.6483322Z     at callAsyncCircusFn (/home/runner/work/growth-project-backend/growth-project-backend/node_modules/jest-circus/build/jestAdapterInit.js:1501:10)
2026-10-04T17:11:08.6484699Z     at _callCircusTest (/home/runner/work/growth-project-backend/growth-project-backend/node_modules/jest-circus/build/jestAdapterInit.js:1011:40)
2026-10-04T17:11:08.6485765Z     at _runTest (/home/runner/work/growth-project-backend/growth-project-backend/node_modules/jest-circus/build/jestAdapterInit.js:951:3)
2026-10-04T17:11:08.6486747Z     at /home/runner/work/growth-project-backend/growth-project-backend/node_modules/jest-circus/build/jestAdapterInit.js:853:7
2026-10-04T17:11:08.6488267Z     at _runTestsForDescribeBlock (/home/runner/work/growth-project-backend/growth-project-backend/node_modules/jest-circus/build/jestAdapterInit.js:866:11)
2026-10-04T17:11:08.6489474Z     at _runTestsForDescribeBlock (/home/runner/work/growth-project-backend/growth-project-backend/node_modules/jest-circus/build/jestAdapterInit.js:861:11)
2026-10-04T17:11:08.6490575Z     at run (/home/runner/work/growth-project-backend/growth-project-backend/node_modules/jest-circus/build/jestAdapterInit.js:765:3)
2026-10-04T17:11:08.6491720Z     at runAndTransformResultsToJestFormat (/home/runner/work/growth-project-backend/growth-project-backend/node_modules/jest-circus/build/jestAdapterInit.js:1993:21)
2026-10-04T17:11:08.6492859Z     at jestAdapter (/home/runner/work/growth-project-backend/growth-project-backend/node_modules/jest-circus/build/runner.js:111:19)
2026-10-04T17:11:08.6493997Z     at runTestInternal (/home/runner/work/growth-project-backend/growth-project-backend/node_modules/jest-runner/build/index.js:276:16)
2026-10-04T17:11:08.6494964Z     at runTest (/home/runner/work/growth-project-backend/growth-project-backend/node_modules/jest-runner/build/index.js:344:7)
2026-10-04T17:11:08.6503156Z [31m[Nest] 3541  - [39m10/04/2026, 5:11:08 PM [31m  ERROR[39m [38;5;3m[WorkoutBuilderRevisionPruneCron] [39m[31mRevision prune sweep failed to enumerate plans: db down[39m
2026-10-04T17:11:08.6504075Z Error: db down
2026-10-04T17:11:08.6504748Z     at Object.<anonymous> (/home/runner/work/growth-project-backend/growth-project-backend/test/mwb-3-revision-prune.cron.spec.ts:103:28)
2026-10-04T17:11:08.6505894Z     at Promise.finally.completed (/home/runner/work/growth-project-backend/growth-project-backend/node_modules/jest-circus/build/jestAdapterInit.js:1561:28)
2026-10-04T17:11:08.6506623Z     at new Promise (<anonymous>)
2026-10-04T17:11:08.6507357Z     at callAsyncCircusFn (/home/runner/work/growth-project-backend/growth-project-backend/node_modules/jest-circus/build/jestAdapterInit.js:1501:10)
2026-10-04T17:11:08.6508469Z     at _callCircusTest (/home/runner/work/growth-project-backend/growth-project-backend/node_modules/jest-circus/build/jestAdapterInit.js:1011:40)
2026-10-04T17:11:08.6509546Z     at _runTest (/home/runner/work/growth-project-backend/growth-project-backend/node_modules/jest-circus/build/jestAdapterInit.js:951:3)
2026-10-04T17:11:08.6510528Z     at /home/runner/work/growth-project-backend/growth-project-backend/node_modules/jest-circus/build/jestAdapterInit.js:853:7
2026-10-04T17:11:08.6511592Z     at _runTestsForDescribeBlock (/home/runner/work/growth-project-backend/growth-project-backend/node_modules/jest-circus/build/jestAdapterInit.js:866:11)
2026-10-04T17:11:08.6515956Z     at _runTestsForDescribeBlock (/home/runner/work/growth-project-backend/growth-project-backend/node_modules/jest-circus/build/jestAdapterInit.js:861:11)
2026-10-04T17:11:08.6517719Z     at run (/home/runner/work/growth-project-backend/growth-project-backend/node_modules/jest-circus/build/jestAdapterInit.js:765:3)
2026-10-04T17:11:08.6519037Z     at runAndTransformResultsToJestFormat (/home/runner/work/growth-project-backend/growth-project-backend/node_modules/jest-circus/build/jestAdapterInit.js:1993:21)
2026-10-04T17:11:08.6520225Z     at jestAdapter (/home/runner/work/growth-project-backend/growth-project-backend/node_modules/jest-circus/build/runner.js:111:19)
2026-10-04T17:11:08.6521230Z     at runTestInternal (/home/runner/work/growth-project-backend/growth-project-backend/node_modules/jest-runner/build/index.js:276:16)
2026-10-04T17:11:08.6522204Z     at runTest (/home/runner/work/growth-project-backend/growth-project-backend/node_modules/jest-runner/build/index.js:344:7)
2026-10-04T17:11:08.7334231Z [95m[Nest] 3541  - [39m10/04/2026, 5:11:08 PM [95m  DEBUG[39m [38;5;3m[WorkoutBuilderRevisionPruneCron] [39m[95mFEATURE_MWB_AUTOSAVE_UNDO off — revision prune skipped[39m
2026-10-04T17:11:08.7336040Z [32m[Nest] 3541  - [39m10/04/2026, 5:11:08 PM [32m    LOG[39m [38;5;3m[WorkoutBuilderRevisionPruneCron] [39m[32mStarting MWB-3 revision prune sweep[39m
2026-10-04T17:11:08.7338404Z [32m[Nest] 3541  - [39m10/04/2026, 5:11:08 PM [32m    LOG[39m [38;5;3m[WorkoutBuilderRevisionPruneCron] [39m[32mMWB-3 revision prune sweep complete: 2 plan(s) pruned, 8 revision(s) deleted[39m
2026-10-04T17:11:08.7340178Z [32m[Nest] 3541  - [39m10/04/2026, 5:11:08 PM [32m    LOG[39m [38;5;3m[WorkoutBuilderRevisionPruneCron] [39m[32mStarting MWB-3 revision prune sweep[39m
2026-10-04T17:11:12.2242786Z [33m[Nest] 3541  - [39m10/04/2026, 5:11:12 PM [33m   WARN[39m [38;5;3m[AnalyticsService] [39m[33mPOSTHOG_KEY not set — analytics are disabled (no-op mode).[39m
2026-10-04T17:11:12.3434599Z [32m[Nest] 3541  - [39m10/04/2026, 5:11:12 PM [32m    LOG[39m [38;5;3m[WorkoutBuilderRevisionPruneCron] [39m[32mStarting MWB-3 revision prune sweep[39m
2026-10-04T17:11:12.3437360Z [32m[Nest] 3541  - [39m10/04/2026, 5:11:12 PM [32m    LOG[39m [38;5;3m[WorkoutBuilderRevisionPruneCron] [39m[32mMWB-3 revision prune sweep complete: 1 plan(s) pruned, 10 revision(s) deleted[39m
2026-10-04T17:11:12.4479784Z PASS test/mwb-3-revision-prune.cron.spec.ts (149 MB heap size)
2026-10-04T17:11:16.3259851Z [33m[Nest] 3541  - [39m10/04/2026, 5:11:16 PM [33m   WARN[39m [38;5;3m[AnalyticsService] [39m[33mPOSTHOG_KEY not set — analytics are disabled (no-op mode).[39m
2026-10-04T17:11:16.5253142Z PASS test/mwb-3-undo.spec.ts (138 MB heap size)
2026-10-04T17:11:20.7519254Z PASS test/onboarding-tenancy-fence.live.spec.ts (135 MB heap size)
2026-10-04T17:11:24.5902888Z PASS test/profile-put-concurrency.live.spec.ts (170 MB heap size)
2026-10-04T17:11:24.5929489Z 
2026-10-04T17:11:24.5940387Z Test Suites: 7 passed, 7 total
2026-10-04T17:11:24.5940976Z Tests:       62 passed, 62 total
2026-10-04T17:11:24.5941582Z Snapshots:   0 total
2026-10-04T17:11:24.5942218Z Time:        30.57 s
2026-10-04T17:11:24.5944470Z Ran all test suites matching test/mwb-3-lock-token.spec.ts|test/mwb-3-autosave.controller.spec.ts|test/mwb-3-autosave.service.spec.ts|test/mwb-3-undo.spec.ts|test/mwb-3-revision-prune.cron.spec.ts|test/profile-put-concurrency.live.spec.ts|test/onboarding-tenancy-fence.live.spec.ts.
2026-10-04T17:11:24.7442200Z ##[group]Run npx jest --config jest.rls.config.js test/rls-mwb3-autosave-undo.spec.ts --runInBand --testTimeout=120000
2026-10-04T17:11:24.7443129Z [36;1mnpx jest --config jest.rls.config.js test/rls-mwb3-autosave-undo.spec.ts --runInBand --testTimeout=120000[0m
2026-10-04T17:11:24.7504363Z shell: /usr/bin/bash -e {0}
2026-10-04T17:11:24.7504995Z env:
2026-10-04T17:11:24.7505505Z   DATABASE_URL: ***localhost:5432/postgres
2026-10-04T17:11:24.7505945Z   DIRECT_URL: ***localhost:5432/postgres
2026-10-04T17:11:24.7506409Z   MWB3_TEST_DATABASE_URL: ***localhost:5432/postgres
2026-10-04T17:11:24.7506745Z   NODE_OPTIONS: --max-old-space-size=4096
2026-10-04T17:11:24.7507019Z ##[endgroup]
2026-10-04T17:11:31.1070201Z [33m[Nest] 3945  - [39m10/04/2026, 5:11:31 PM [33m   WARN[39m [38;5;3m[AnalyticsService] [39m[33mPOSTHOG_KEY not set — analytics are disabled (no-op mode).[39m
2026-10-04T17:11:31.2435275Z PASS rls-live test/rls-mwb3-autosave-undo.spec.ts (5.421 s, 142 MB heap size)
2026-10-04T17:11:31.2442529Z   MWB-3 #13 — WorkoutPlanRevision RLS (sub-coach cross-tenant)
2026-10-04T17:11:31.2464695Z     ✓ a sub-coach on the team CAN read its head coach plan revision (19 ms)
2026-10-04T17:11:31.2478803Z     ✓ a sub-coach CANNOT read another tenant (foreign coach) revision (13 ms)
2026-10-04T17:11:31.2479813Z     ✓ the head coach cannot read the foreign tenant revision either (14 ms)
2026-10-04T17:11:31.2480419Z     ✓ the foreign coach cannot read the head coach revision (11 ms)
2026-10-04T17:11:31.2480925Z     ✓ service_role bypasses RLS and sees both revisions (11 ms)
2026-10-04T17:11:31.2481406Z     ✓ the head coach CAN read its own plan revision (10 ms)
2026-10-04T17:11:31.2481880Z   MWB-3 #1/#8 — autosave concurrency (real service, live DB)
2026-10-04T17:11:31.2482546Z     ✓ #1/#8 two parallel autosaves at base 0: exactly one commits, the other gets a typed 409 (130 ms)
2026-10-04T17:11:31.2482935Z 
2026-10-04T17:11:31.2483091Z Test Suites: 1 passed, 1 total
2026-10-04T17:11:31.2483711Z Tests:       7 passed, 7 total
2026-10-04T17:11:31.2484015Z Snapshots:   0 total
2026-10-04T17:11:31.2484256Z Time:        5.668 s
2026-10-04T17:11:31.2484653Z Ran all test suites matching test/rls-mwb3-autosave-undo.spec.ts.
2026-10-04T17:11:31.3872042Z ##[group]Run npx jest test/roman/roman-session-erase.live.spec.ts --runInBand --testTimeout=120000
2026-10-04T17:11:31.3872867Z [36;1mnpx jest test/roman/roman-session-erase.live.spec.ts --runInBand --testTimeout=120000[0m
2026-10-04T17:11:31.3934720Z shell: /usr/bin/bash -e {0}
2026-10-04T17:11:31.3934980Z env:
2026-10-04T17:11:31.3935420Z   DATABASE_URL: ***localhost:5432/postgres
2026-10-04T17:11:31.3935837Z   DIRECT_URL: ***localhost:5432/postgres
2026-10-04T17:11:31.3936281Z   MWB3_TEST_DATABASE_URL: ***localhost:5432/postgres
2026-10-04T17:11:31.3936621Z   NODE_OPTIONS: --max-old-space-size=4096
2026-10-04T17:11:31.3936895Z ##[endgroup]
2026-10-04T17:11:37.5050647Z [31m[Nest] 4042  - [39m10/04/2026, 5:11:37 PM [31m  ERROR[39m [38;5;3m[RomanService] [39m[31mroman.erase_incomplete session=cmuu2vkeu005l1o4aj0mybffa messages_left=1[39m
2026-10-04T17:11:37.5265075Z PASS test/roman/roman-session-erase.live.spec.ts (5.182 s, 100 MB heap size)
2026-10-04T17:11:37.5274865Z   B-635-1 / C-635-1 live: Roman delete erases and frees the day key (Postgres)
2026-10-04T17:11:37.5276476Z     ✓ negative control: Postgres rejects a second row on a day key a deleted row still holds (114 ms)
2026-10-04T17:11:37.5277992Z     ✓ open -> append -> delete -> open the same day gives a fresh empty session that takes turns (33 ms)
2026-10-04T17:11:37.5279178Z     ✓ concurrent opens after a delete converge on one fresh session (36 ms)
2026-10-04T17:11:37.5280337Z     ✓ the old deleted session stays deleted: a late append to it is a 404 and stores nothing (17 ms)
2026-10-04T17:11:37.5281456Z     ✓ a delete racing an append leaves no transcript behind (72 ms)
2026-10-04T17:11:37.5282217Z     ✓ delete + reopen never resets the daily cap (21 ms)
2026-10-04T17:11:37.5283218Z     ✓ C-635-1: a legacy tombstone holding today's key is erased on open and a fresh session opens (23 ms)
2026-10-04T17:11:37.5284685Z     ✓ C-635-1: the sweep erases every legacy tombstone, is idempotent, and leaves live chats alone (26 ms)
2026-10-04T17:11:37.5286275Z     ✓ B-635-2: the list pages every live chat newest first; delete-all erases prior days and today on both surfaces, nobody else, cap kept (64 ms)
2026-10-04T17:11:37.5288396Z     ✓ B-635-2 / C-635-2: a prior-day chat is erased by id; a repeat delete is a 204; a foreign id is the coded 404 (15 ms)
2026-10-04T17:11:37.5289787Z     ✓ C-635-3: under a role that RLS stops from deleting, delete is a coded 503 and the chat is left whole (109 ms)
2026-10-04T17:11:37.5290440Z 
2026-10-04T17:11:37.5305423Z Test Suites: 1 passed, 1 total
2026-10-04T17:11:37.5305770Z Tests:       11 passed, 11 total
2026-10-04T17:11:37.5306049Z Snapshots:   0 total
2026-10-04T17:11:37.5306293Z Time:        5.43 s
2026-10-04T17:11:37.5306721Z Ran all test suites matching test/roman/roman-session-erase.live.spec.ts.
2026-10-04T17:11:37.6649159Z ##[group]Run npx jest test/refund-reversal-concurrency.live.spec.ts --runInBand --testTimeout=120000
2026-10-04T17:11:37.6650504Z [36;1mnpx jest test/refund-reversal-concurrency.live.spec.ts --runInBand --testTimeout=120000[0m
2026-10-04T17:11:37.6733251Z shell: /usr/bin/bash -e {0}
2026-10-04T17:11:37.6734223Z env:
2026-10-04T17:11:37.6734742Z   DATABASE_URL: ***localhost:5432/postgres
2026-10-04T17:11:37.6735240Z   DIRECT_URL: ***localhost:5432/postgres
2026-10-04T17:11:37.6735738Z   MWB3_TEST_DATABASE_URL: ***localhost:5432/postgres
2026-10-04T17:11:37.6736109Z   NODE_OPTIONS: --max-old-space-size=4096
2026-10-04T17:11:37.6736430Z ##[endgroup]
2026-10-04T17:11:44.1272815Z [33m[Nest] 4124  - [39m10/04/2026, 5:11:44 PM [33m   WARN[39m [38;5;3m[RefundDisputeHandlerService] [39m[33mhead-coach transfer reverse pending purchase=pd dispute=pd-cd code=error[39m
2026-10-04T17:11:44.2570022Z PASS test/refund-reversal-concurrency.live.spec.ts (5.625 s, 129 MB heap size)
2026-10-04T17:11:44.2571299Z   B-674-1 live: concurrent reversals of different refunds both count
2026-10-04T17:11:44.2572895Z     ✓ ledger slices: refunds of 2,000 and 1,000 behind held slice locks reverse 200 + 100 and 1,800 + 900 (99 ms)
2026-10-04T17:11:44.2575011Z     ✓ head-coach transfer: two refunds recording behind a held transfer lock reverse 100 + 50 (79 ms)
2026-10-04T17:11:44.2576587Z     ✓ chargeback first close: overlapping deliveries elect one closed_at, used by every posting (228 ms)
2026-10-04T17:11:44.2578224Z     ✓ refund first success: overlapping deliveries elect one posted_at, used by every posting (106 ms)
2026-10-04T17:11:44.2578983Z 
2026-10-04T17:11:44.2608324Z Test Suites: 1 passed, 1 total
2026-10-04T17:11:44.2608683Z Tests:       4 passed, 4 total
2026-10-04T17:11:44.2608962Z Snapshots:   0 total
2026-10-04T17:11:44.2609204Z Time:        5.875 s
2026-10-04T17:11:44.2609640Z Ran all test suites matching test/refund-reversal-concurrency.live.spec.ts.
2026-10-04T17:11:44.4020182Z Post job cleanup.
2026-10-04T17:11:44.5264676Z Cache hit occurred on the primary key node-cache-Linux-x64-npm-07f78abbac5e2cbfcef112b8b919e298f8da38fa5e6aaf98a3625ef672bd5b12, not saving cache.
2026-10-04T17:11:44.5391295Z Post job cleanup.
2026-10-04T17:11:44.6225147Z [command]/usr/bin/git version
2026-10-04T17:11:44.6262217Z git version 2.55.0
2026-10-04T17:11:44.6304488Z Temporarily overriding HOME='/home/runner/work/_temp/126f0b21-d872-40a2-9982-a23d478eda70' before making global git config changes
2026-10-04T17:11:44.6306048Z Adding repository directory to the temporary git global config as a safe directory
2026-10-04T17:11:44.6311079Z [command]/usr/bin/git config --global --add safe.directory /home/runner/work/growth-project-backend/growth-project-backend
2026-10-04T17:11:44.6341913Z Removing SSH command configuration
2026-10-04T17:11:44.6349238Z [command]/usr/bin/git config --local --name-only --get-regexp core\.sshCommand
2026-10-04T17:11:44.6386898Z [command]/usr/bin/git submodule foreach --recursive sh -c "git config --local --name-only --get-regexp 'core\.sshCommand' && git config --local --unset-all 'core.sshCommand' || :"
2026-10-04T17:11:44.6616311Z Removing HTTP extra header
2026-10-04T17:11:44.6621827Z [command]/usr/bin/git config --local --name-only --get-regexp http\.https\:\/\/github\.com\/\.extraheader
2026-10-04T17:11:44.6656882Z [command]/usr/bin/git submodule foreach --recursive sh -c "git config --local --name-only --get-regexp 'http\.https\:\/\/github\.com\/\.extraheader' && git config --local --unset-all 'http.https://github.com/.extraheader' || :"
2026-10-04T17:11:44.6889522Z Removing includeIf entries pointing to credentials config files
2026-10-04T17:11:44.6890686Z [command]/usr/bin/git config --local --name-only --get-regexp ^includeIf\.gitdir:
2026-10-04T17:11:44.6918707Z includeif.gitdir:/home/runner/work/growth-project-backend/growth-project-backend/.git.path
2026-10-04T17:11:44.6919757Z includeif.gitdir:/home/runner/work/growth-project-backend/growth-project-backend/.git/worktrees/*.path
2026-10-04T17:11:44.6920431Z includeif.gitdir:/github/workspace/.git.path
2026-10-04T17:11:44.6920922Z includeif.gitdir:/github/workspace/.git/worktrees/*.path
2026-10-04T17:11:44.6928844Z [command]/usr/bin/git config --local --get-all includeif.gitdir:/home/runner/work/growth-project-backend/growth-project-backend/.git.path
2026-10-04T17:11:44.6951861Z /home/runner/work/_temp/git-credentials-6f40714a-67a3-40ea-bc89-2b9ee5238694.config
2026-10-04T17:11:44.6963308Z [command]/usr/bin/git config --local --unset includeif.gitdir:/home/runner/work/growth-project-backend/growth-project-backend/.git.path /home/runner/work/_temp/git-credentials-6f40714a-67a3-40ea-bc89-2b9ee5238694.config
2026-10-04T17:11:44.6999202Z [command]/usr/bin/git config --local --get-all includeif.gitdir:/home/runner/work/growth-project-backend/growth-project-backend/.git/worktrees/*.path
2026-10-04T17:11:44.7021625Z /home/runner/work/_temp/git-credentials-6f40714a-67a3-40ea-bc89-2b9ee5238694.config
2026-10-04T17:11:44.7044594Z [command]/usr/bin/git config --local --unset includeif.gitdir:/home/runner/work/growth-project-backend/growth-project-backend/.git/worktrees/*.path /home/runner/work/_temp/git-credentials-6f40714a-67a3-40ea-bc89-2b9ee5238694.config
2026-10-04T17:11:44.7066052Z [command]/usr/bin/git config --local --get-all includeif.gitdir:/github/workspace/.git.path
2026-10-04T17:11:44.7087489Z /github/runner_temp/git-credentials-6f40714a-67a3-40ea-bc89-2b9ee5238694.config
2026-10-04T17:11:44.7095454Z [command]/usr/bin/git config --local --unset includeif.gitdir:/github/workspace/.git.path /github/runner_temp/git-credentials-6f40714a-67a3-40ea-bc89-2b9ee5238694.config
2026-10-04T17:11:44.7127125Z [command]/usr/bin/git config --local --get-all includeif.gitdir:/github/workspace/.git/worktrees/*.path
2026-10-04T17:11:44.7148141Z /github/runner_temp/git-credentials-6f40714a-67a3-40ea-bc89-2b9ee5238694.config
2026-10-04T17:11:44.7156388Z [command]/usr/bin/git config --local --unset includeif.gitdir:/github/workspace/.git/worktrees/*.path /github/runner_temp/git-credentials-6f40714a-67a3-40ea-bc89-2b9ee5238694.config
2026-10-04T17:11:44.7190391Z [command]/usr/bin/git submodule foreach --recursive git config --local --show-origin --name-only --get-regexp remote.origin.url
2026-10-04T17:11:44.7423045Z Removing credentials config '/home/runner/work/_temp/git-credentials-6f40714a-67a3-40ea-bc89-2b9ee5238694.config'
2026-10-04T17:11:44.7540571Z Print service container logs: 930c988072ae402383f06509babc2d22_postgres15_1fcb4d
2026-10-04T17:11:44.7545658Z ##[command]/usr/bin/docker logs --details 175c961a3dd4ae631b36a1c8538cdac61cfa03723f3543a8a189a2ca507090d3
2026-10-04T17:11:44.7672038Z  The files belonging to this database system will be owned by user "postgres".
2026-10-04T17:11:44.7674864Z  initdb: warning: enabling "trust" authentication for local connections
2026-10-04T17:11:44.7676192Z  initdb: hint: You can change this by editing pg_hba.conf or using the option -A, or --auth-local and --auth-host, the next time you run initdb.
2026-10-04T17:11:44.7677564Z  2026-10-04 17:09:49.978 UTC [1] LOG:  starting PostgreSQL 15.19 (Debian 15.19-1.pgdg13+2) on x86_64-pc-linux-gnu, compiled by gcc (Debian 14.2.0-19) 14.2.0, 64-bit
2026-10-04T17:11:44.7678343Z  2026-10-04 17:09:49.978 UTC [1] LOG:  listening on IPv4 address "0.0.0.0", port 5432
2026-10-04T17:11:44.7678897Z  2026-10-04 17:09:49.978 UTC [1] LOG:  listening on IPv6 address "::", port 5432
2026-10-04T17:11:44.7679729Z  2026-10-04 17:09:49.979 UTC [1] LOG:  listening on Unix socket "/var/run/postgresql/.s.PGSQL.5432"
2026-10-04T17:11:44.7680309Z  2026-10-04 17:09:49.981 UTC [62] LOG:  database system was shut down at 2026-10-04 17:09:49 UTC
2026-10-04T17:11:44.7680838Z  2026-10-04 17:09:49.985 UTC [1] LOG:  database system is ready to accept connections
2026-10-04T17:11:44.7681439Z  2026-10-04 17:11:24.467 UTC [151] ERROR:  duplicate key value violates unique constraint "UserProfile_user_id_key"
2026-10-04T17:11:44.7682069Z  2026-10-04 17:11:24.467 UTC [151] DETAIL:  Key (user_id)=(b606-3-live-new-client) already exists.
2026-10-04T17:11:44.7689828Z  2026-10-04 17:11:24.467 UTC [151] STATEMENT:  INSERT INTO "public"."UserProfile" ("id","user_id","height_cm","current_weight_lbs","target_weight_lbs","date_of_birth","sex","activity_level","goal_type","workout_experience","has_gym_membership","macro_target_calories","macro_target_protein_g","macro_target_carbs_g","macro_target_fat_g","weight_unit","calorie_display","onboardingCompleted","injuries","updated_at") VALUES ($1,$2,$3,$4,$5,$6,CAST($7::text AS "public"."Sex"),CAST($8::text AS "public"."ActivityLevel"),CAST($9::text AS "public"."GoalType"),CAST($10::text AS "public"."WorkoutExperience"),$11,$12,$13,$14,$15,$16,$17,$18,$19,$20) RETURNING "public"."UserProfile"."id", "public"."UserProfile"."user_id", "public"."UserProfile"."height_cm", "public"."UserProfile"."current_weight_lbs", "public"."UserProfile"."target_weight_lbs", "public"."UserProfile"."date_of_birth", "public"."UserProfile"."sex"::text, "public"."UserProfile"."activity_level"::text, "public"."UserProfile"."goal_type"::text, "public"."UserProfile"."workout_experience"::text, "public"."UserProfile"."has_gym_membership", "public"."UserProfile"."preferred_snacks", "public"."UserProfile"."dietary_pattern", "public"."UserProfile"."dietary_restrictions", "public"."UserProfile"."workout_days_per_week", "public"."UserProfile"."equipment_access", "public"."UserProfile"."macro_target_calories", "public"."UserProfile"."macro_target_protein_g", "public"."UserProfile"."macro_target_carbs_g", "public"."UserProfile"."macro_target_fat_g", "public"."UserProfile"."avatar_url", "public"."UserProfile"."bio", "public"."UserProfile"."weight_unit", "public"."UserProfile"."meals_per_day", "public"."UserProfile"."water_goal_oz", "public"."UserProfile"."calorie_display", "public"."UserProfile"."onboardingCompleted", "public"."UserProfile"."injuries", "public"."UserProfile"."food_preferences", "public"."UserProfile"."preferred_training_time", "public"."UserProfile"."updated_at"
2026-10-04T17:11:44.7697683Z  2026-10-04 17:11:31.144 UTC [164] ERROR:  could not serialize access due to concurrent update
2026-10-04T17:11:44.7698150Z  2026-10-04 17:11:31.144 UTC [164] STATEMENT:  
2026-10-04T17:11:44.7698588Z  	      SELECT "head_revision_id", "version" FROM "WorkoutPlan" WHERE "id" = $1 FOR UPDATE
2026-10-04T17:11:44.7698992Z  	    
2026-10-04T17:11:44.7699705Z  2026-10-04 17:11:36.990 UTC [165] ERROR:  duplicate key value violates unique constraint "RomanSession_user_id_surface_day_key_key"
2026-10-04T17:11:44.7700509Z  2026-10-04 17:11:36.990 UTC [165] DETAIL:  Key (user_id, surface, day_key)=(b635-live-me, client, 2026-10-04) already exists.
2026-10-04T17:11:44.7701046Z  This user must also own the server process.
2026-10-04T17:11:44.7704033Z  2026-10-04 17:11:36.990 UTC [165] STATEMENT:  INSERT INTO "public"."RomanSession" ("id","user_id","surface","day_key","message_count","started_at","last_activity_at","quips_in_session","exclamation_used","created_at","updated_at") VALUES ($1,$2,CAST($3::text AS "public"."RomanSurface"),$4,$5,$6,$7,$8,$9,$10,$11) RETURNING "public"."RomanSession"."id", "public"."RomanSession"."user_id", "public"."RomanSession"."surface"::text, "public"."RomanSession"."day_key", "public"."RomanSession"."message_count", "public"."RomanSession"."started_at", "public"."RomanSession"."last_activity_at", "public"."RomanSession"."quips_in_session", "public"."RomanSession"."exclamation_used", "public"."RomanSession"."subject_context_json", "public"."RomanSession"."created_at", "public"."RomanSession"."updated_at", "public"."RomanSession"."deleted_at"
2026-10-04T17:11:44.7707225Z  2026-10-04 17:11:37.285 UTC [170] ERROR:  duplicate key value violates unique constraint "RomanSession_user_id_surface_day_key_key"
2026-10-04T17:11:44.7708003Z  2026-10-04 17:11:37.285 UTC [170] DETAIL:  Key (user_id, surface, day_key)=(b635-live-me, client, 2026-10-04) already exists.
2026-10-04T17:11:44.7710884Z  2026-10-04 17:11:37.285 UTC [170] STATEMENT:  INSERT INTO "public"."RomanSession" ("id","user_id","surface","day_key","message_count","started_at","last_activity_at","quips_in_session","exclamation_used","created_at","updated_at") VALUES ($1,$2,CAST($3::text AS "public"."RomanSurface"),$4,$5,$6,$7,$8,$9,$10,$11) RETURNING "public"."RomanSession"."id", "public"."RomanSession"."user_id", "public"."RomanSession"."surface"::text, "public"."RomanSession"."day_key", "public"."RomanSession"."message_count", "public"."RomanSession"."started_at", "public"."RomanSession"."last_activity_at", "public"."RomanSession"."quips_in_session", "public"."RomanSession"."exclamation_used", "public"."RomanSession"."subject_context_json", "public"."RomanSession"."created_at", "public"."RomanSession"."updated_at", "public"."RomanSession"."deleted_at"
2026-10-04T17:11:44.7713745Z  
2026-10-04T17:11:44.7714036Z  The database cluster will be initialized with locale "en_US.utf8".
2026-10-04T17:11:44.7714483Z  The default database encoding has accordingly been set to "UTF8".
2026-10-04T17:11:44.7714908Z  The default text search configuration will be set to "english".
2026-10-04T17:11:44.7715245Z  
2026-10-04T17:11:44.7715436Z  Data page checksums are disabled.
2026-10-04T17:11:44.7715677Z  
2026-10-04T17:11:44.7715990Z  fixing permissions on existing directory /var/lib/postgresql/data ... ok
2026-10-04T17:11:44.7716382Z  creating subdirectories ... ok
2026-10-04T17:11:44.7716701Z  selecting dynamic shared memory implementation ... posix
2026-10-04T17:11:44.7717053Z  selecting default max_connections ... 100
2026-10-04T17:11:44.7717358Z  selecting default shared_buffers ... 128MB
2026-10-04T17:11:44.7717647Z  selecting default time zone ... Etc/UTC
2026-10-04T17:11:44.7717929Z  creating configuration files ... ok
2026-10-04T17:11:44.7718210Z  running bootstrap script ... ok
2026-10-04T17:11:44.7718502Z  performing post-bootstrap initialization ... ok
2026-10-04T17:11:44.7718808Z  syncing data to disk ... ok
2026-10-04T17:11:44.7719037Z  
2026-10-04T17:11:44.7719203Z  
2026-10-04T17:11:44.7719433Z  Success. You can now start the database server using:
2026-10-04T17:11:44.7719730Z  
2026-10-04T17:11:44.7719967Z      pg_ctl -D /var/lib/postgresql/data -l logfile start
2026-10-04T17:11:44.7720269Z  
2026-10-04T17:11:44.7720909Z  waiting for server to start....2026-10-04 17:09:49.740 UTC [48] LOG:  starting PostgreSQL 15.19 (Debian 15.19-1.pgdg13+2) on x86_64-pc-linux-gnu, compiled by gcc (Debian 14.2.0-19) 14.2.0, 64-bit
2026-10-04T17:11:44.7721979Z  2026-10-04 17:09:49.741 UTC [48] LOG:  listening on Unix socket "/var/run/postgresql/.s.PGSQL.5432"
2026-10-04T17:11:44.7722555Z  2026-10-04 17:09:49.743 UTC [51] LOG:  database system was shut down at 2026-10-04 17:09:49 UTC
2026-10-04T17:11:44.7723066Z  2026-10-04 17:09:49.747 UTC [48] LOG:  database system is ready to accept connections
2026-10-04T17:11:44.7723670Z   done
2026-10-04T17:11:44.7723855Z  server started
2026-10-04T17:11:44.7724042Z  
2026-10-04T17:11:44.7724356Z  /usr/local/bin/docker-entrypoint.sh: ignoring /docker-entrypoint-initdb.d/*
2026-10-04T17:11:44.7724744Z  
2026-10-04T17:11:44.7724986Z  2026-10-04 17:09:49.859 UTC [48] LOG:  received fast shutdown request
2026-10-04T17:11:44.7725510Z  waiting for server to shut down....2026-10-04 17:09:49.859 UTC [48] LOG:  aborting any active transactions
2026-10-04T17:11:44.7726207Z  2026-10-04 17:09:49.861 UTC [48] LOG:  background worker "logical replication launcher" (PID 54) exited with exit code 1
2026-10-04T17:11:44.7726896Z  2026-10-04 17:09:49.862 UTC [49] LOG:  shutting down
2026-10-04T17:11:44.7727289Z  2026-10-04 17:09:49.862 UTC [49] LOG:  checkpoint starting: shutdown immediate
2026-10-04T17:11:44.7728254Z  2026-10-04 17:09:49.864 UTC [49] LOG:  checkpoint complete: wrote 3 buffers (0.0%); 0 WAL file(s) added, 0 removed, 0 recycled; write=0.001 s, sync=0.001 s, total=0.003 s; sync files=2, longest=0.001 s, average=0.001 s; distance=0 kB, estimate=0 kB
2026-10-04T17:11:44.7729182Z  2026-10-04 17:09:49.868 UTC [48] LOG:  database system is shut down
2026-10-04T17:11:44.7729574Z   done
2026-10-04T17:11:44.7729757Z  server stopped
2026-10-04T17:11:44.7729945Z  
2026-10-04T17:11:44.7730189Z  PostgreSQL init process complete; ready for start up.
2026-10-04T17:11:44.7730499Z  
2026-10-04T17:11:44.7737195Z Stop and remove container: 930c988072ae402383f06509babc2d22_postgres15_1fcb4d
2026-10-04T17:11:44.7742586Z ##[command]/usr/bin/docker rm --force 175c961a3dd4ae631b36a1c8538cdac61cfa03723f3543a8a189a2ca507090d3
2026-10-04T17:11:44.9112786Z 175c961a3dd4ae631b36a1c8538cdac61cfa03723f3543a8a189a2ca507090d3
2026-10-04T17:11:44.9145231Z Remove container network: github_network_1d8b0036ecd14463bef493f8a80e22f1
2026-10-04T17:11:44.9149926Z ##[command]/usr/bin/docker network rm github_network_1d8b0036ecd14463bef493f8a80e22f1
2026-10-04T17:11:45.0289456Z github_network_1d8b0036ecd14463bef493f8a80e22f1
2026-10-04T17:11:45.0367137Z Cleaning up orphan processes
