2026-10-04T03:31:54.3633393Z Current runner version: '2.337.0'
2026-10-04T03:31:54.3653545Z ##[group]Runner Image Provisioner
2026-10-04T03:31:54.3654126Z Hosted Compute Agent
2026-10-04T03:31:54.3654522Z Version: 20260901.588
2026-10-04T03:31:54.3654966Z Commit: f88ec8081b781fac6c440065ac7ff9e710ce3d0b
2026-10-04T03:31:54.3655424Z Build Date: 2026-09-01T19:56:44Z
2026-10-04T03:31:54.3655869Z Worker ID: {ef4613dd-9cda-4609-9524-7accc4338394}
2026-10-04T03:31:54.3656355Z Azure Region: centralus
2026-10-04T03:31:54.3656749Z ##[endgroup]
2026-10-04T03:31:54.3657706Z ##[group]Operating System
2026-10-04T03:31:54.3658084Z Ubuntu
2026-10-04T03:31:54.3658454Z 24.04.5
2026-10-04T03:31:54.3658802Z LTS
2026-10-04T03:31:54.3659162Z ##[endgroup]
2026-10-04T03:31:54.3659906Z ##[group]Runner Image
2026-10-04T03:31:54.3660432Z Image: ubuntu-24.04
2026-10-04T03:31:54.3660781Z Version: 20260927.320.1
2026-10-04T03:31:54.3661693Z Included Software: https://github.com/actions/runner-images/blob/ubuntu24/20260927.320/images/ubuntu/Ubuntu2404-Readme.md
2026-10-04T03:31:54.3662646Z Image Release: https://github.com/actions/runner-images/releases/tag/ubuntu24%2F20260927.320
2026-10-04T03:31:54.3663229Z ##[endgroup]
2026-10-04T03:31:54.3664025Z ##[group]GITHUB_TOKEN Permissions
2026-10-04T03:31:54.3665438Z Contents: read
2026-10-04T03:31:54.3665834Z Metadata: read
2026-10-04T03:31:54.3666198Z Packages: read
2026-10-04T03:31:54.3666577Z ##[endgroup]
2026-10-04T03:31:54.3668098Z Secret source: Actions
2026-10-04T03:31:54.3668730Z Cache mode: write
2026-10-04T03:31:54.3669218Z Prepare workflow directory
2026-10-04T03:31:54.3986750Z Prepare all required actions
2026-10-04T03:31:54.4021565Z Getting action download info
2026-10-04T03:31:54.6482599Z Download action repository 'actions/checkout@v6' (SHA:d23441a48e516b6c34aea4fa41551a30e30af803)
2026-10-04T03:31:54.7259150Z Download action repository 'actions/setup-node@v6' (SHA:249970729cb0ef3589644e2896645e5dc5ba9c38)
2026-10-04T03:31:54.9685557Z Complete job name: targeted
2026-10-04T03:31:55.0037818Z ##[group]Checking docker version
2026-10-04T03:31:55.0047235Z ##[command]/usr/bin/docker version --format '{{.Server.APIVersion}}'
2026-10-04T03:31:55.0915677Z '1.48'
2026-10-04T03:31:55.0931671Z Docker daemon API version: '1.48'
2026-10-04T03:31:55.0932135Z ##[command]/usr/bin/docker version --format '{{.Client.APIVersion}}'
2026-10-04T03:31:55.1073053Z '1.48'
2026-10-04T03:31:55.1086617Z Docker client API version: '1.48'
2026-10-04T03:31:55.1092211Z ##[endgroup]
2026-10-04T03:31:55.1093625Z ##[group]Clean up resources from previous jobs
2026-10-04T03:31:55.1098367Z ##[command]/usr/bin/docker ps --all --quiet --no-trunc --filter "label=f09499"
2026-10-04T03:31:55.1227108Z ##[command]/usr/bin/docker network prune --force --filter "label=f09499"
2026-10-04T03:31:55.1338194Z ##[endgroup]
2026-10-04T03:31:55.1338554Z ##[group]Create local container network
2026-10-04T03:31:55.1345674Z ##[command]/usr/bin/docker network create --label f09499 github_network_f6d7524dd24f43fa857bb6f64a942db1
2026-10-04T03:31:55.2701301Z d65a4c38cd4303e58a7d6adc28e44c763b0695abca8992a8d66225d587780a4c
2026-10-04T03:31:55.2720592Z ##[endgroup]
2026-10-04T03:31:55.2738250Z ##[group]Starting redis service container
2026-10-04T03:31:55.2753152Z ##[command]/usr/bin/docker pull redis:7-alpine
2026-10-04T03:31:56.0293879Z 7-alpine: Pulling from library/redis
2026-10-04T03:31:56.4218332Z 16333ee0c00f: Pulling fs layer
2026-10-04T03:31:56.4220037Z 83234986c742: Pulling fs layer
2026-10-04T03:31:56.4221290Z 7eb50503c2b0: Pulling fs layer
2026-10-04T03:31:56.4222174Z 1522f9c6f453: Pulling fs layer
2026-10-04T03:31:56.4223082Z 9928009b15c8: Pulling fs layer
2026-10-04T03:31:56.4223758Z 4f4fb700ef54: Pulling fs layer
2026-10-04T03:31:56.4224463Z 4eb14bae0e1d: Pulling fs layer
2026-10-04T03:31:56.4225132Z 9928009b15c8: Waiting
2026-10-04T03:31:56.4225717Z 1522f9c6f453: Waiting
2026-10-04T03:31:56.4226312Z 4f4fb700ef54: Waiting
2026-10-04T03:31:56.4226915Z 4eb14bae0e1d: Waiting
2026-10-04T03:31:56.5594403Z 83234986c742: Verifying Checksum
2026-10-04T03:31:56.5595634Z 83234986c742: Download complete
2026-10-04T03:31:56.5960943Z 7eb50503c2b0: Download complete
2026-10-04T03:31:56.6802877Z 16333ee0c00f: Download complete
2026-10-04T03:31:56.7259266Z 9928009b15c8: Verifying Checksum
2026-10-04T03:31:56.7259775Z 9928009b15c8: Download complete
2026-10-04T03:31:56.8320056Z 4f4fb700ef54: Download complete
2026-10-04T03:31:56.8696416Z 4eb14bae0e1d: Download complete
2026-10-04T03:31:56.9095976Z 16333ee0c00f: Pull complete
2026-10-04T03:31:56.9119586Z 1522f9c6f453: Verifying Checksum
2026-10-04T03:31:56.9119880Z 1522f9c6f453: Download complete
2026-10-04T03:32:03.9182116Z 83234986c742: Pull complete
2026-10-04T03:32:04.0146897Z 7eb50503c2b0: Pull complete
2026-10-04T03:32:04.3063097Z 1522f9c6f453: Pull complete
2026-10-04T03:32:04.3147388Z 9928009b15c8: Pull complete
2026-10-04T03:32:04.3210894Z 4f4fb700ef54: Pull complete
2026-10-04T03:32:04.3288653Z 4eb14bae0e1d: Pull complete
2026-10-04T03:32:04.3321102Z Digest: sha256:858f009f9709ce576febc734aa78b8f6d624b82571f9ddb6bda4377c833b3499
2026-10-04T03:32:04.3332741Z Status: Downloaded newer image for redis:7-alpine
2026-10-04T03:32:04.3339808Z docker.io/library/redis:7-alpine
2026-10-04T03:32:04.3366596Z ##[command]/usr/bin/docker create --name 4e53f5fe004443ceb5e58facf8519f14_redis7alpine_2b8fa2 --label f09499 --network github_network_f6d7524dd24f43fa857bb6f64a942db1 --network-alias redis -p 6379:6379 --health-cmd "redis-cli ping" --health-interval 5s --health-timeout 3s --health-retries 10 -e GITHUB_ACTIONS=true -e CI=true redis:7-alpine
2026-10-04T03:32:04.3618339Z 463f0f7337c84e14cb29c0c4065b3f7af79b71005e520a22e97549998014e153
2026-10-04T03:32:04.3643334Z ##[command]/usr/bin/docker start 463f0f7337c84e14cb29c0c4065b3f7af79b71005e520a22e97549998014e153
2026-10-04T03:32:04.5361903Z 463f0f7337c84e14cb29c0c4065b3f7af79b71005e520a22e97549998014e153
2026-10-04T03:32:04.5375967Z ##[command]/usr/bin/docker ps --all --filter id=463f0f7337c84e14cb29c0c4065b3f7af79b71005e520a22e97549998014e153 --filter status=running --no-trunc --format "{{.ID}} {{.Status}}"
2026-10-04T03:32:04.5474877Z 463f0f7337c84e14cb29c0c4065b3f7af79b71005e520a22e97549998014e153 Up Less than a second (health: starting)
2026-10-04T03:32:04.5496896Z ##[command]/usr/bin/docker port 463f0f7337c84e14cb29c0c4065b3f7af79b71005e520a22e97549998014e153
2026-10-04T03:32:04.5595548Z 6379/tcp -> 0.0.0.0:6379
2026-10-04T03:32:04.5595940Z 6379/tcp -> [::]:6379
2026-10-04T03:32:04.5637455Z ##[endgroup]
2026-10-04T03:32:04.5644504Z ##[group]Waiting for all services to be ready
2026-10-04T03:32:04.5654434Z ##[command]/usr/bin/docker inspect --format="{{if .Config.Healthcheck}}{{print .State.Health.Status}}{{end}}" 463f0f7337c84e14cb29c0c4065b3f7af79b71005e520a22e97549998014e153
2026-10-04T03:32:04.5760061Z starting
2026-10-04T03:32:04.5782857Z redis service is starting, waiting 2 seconds before checking again.
2026-10-04T03:32:06.5788738Z ##[command]/usr/bin/docker inspect --format="{{if .Config.Healthcheck}}{{print .State.Health.Status}}{{end}}" 463f0f7337c84e14cb29c0c4065b3f7af79b71005e520a22e97549998014e153
2026-10-04T03:32:06.5883772Z starting
2026-10-04T03:32:06.5895374Z redis service is starting, waiting 3 seconds before checking again.
2026-10-04T03:32:10.3935512Z ##[command]/usr/bin/docker inspect --format="{{if .Config.Healthcheck}}{{print .State.Health.Status}}{{end}}" 463f0f7337c84e14cb29c0c4065b3f7af79b71005e520a22e97549998014e153
2026-10-04T03:32:10.4036592Z healthy
2026-10-04T03:32:10.4052377Z redis service is healthy.
2026-10-04T03:32:10.4052978Z ##[endgroup]
2026-10-04T03:32:10.4233457Z ##[group]Run actions/checkout@v6
2026-10-04T03:32:10.4233725Z with:
2026-10-04T03:32:10.4233900Z   repository: BradleyGleavePortfolio/growth-project-backend
2026-10-04T03:32:10.4235654Z   token: ***
2026-10-04T03:32:10.4235771Z   ssh-strict: true
2026-10-04T03:32:10.4235893Z   ssh-user: git
2026-10-04T03:32:10.4236080Z   persist-credentials: true
2026-10-04T03:32:10.4236279Z   clean: true
2026-10-04T03:32:10.4236464Z   sparse-checkout-cone-mode: true
2026-10-04T03:32:10.4236669Z   fetch-depth: 1
2026-10-04T03:32:10.4237053Z   fetch-tags: false
2026-10-04T03:32:10.4237227Z   show-progress: true
2026-10-04T03:32:10.4237425Z   lfs: false
2026-10-04T03:32:10.4237590Z   submodules: false
2026-10-04T03:32:10.4237772Z   set-safe-directory: true
2026-10-04T03:32:10.4237988Z   allow-unsafe-pr-checkout: false
2026-10-04T03:32:10.4238321Z ##[endgroup]
2026-10-04T03:32:10.4939088Z Syncing repository: BradleyGleavePortfolio/growth-project-backend
2026-10-04T03:32:10.5002367Z ##[group]Getting Git version info
2026-10-04T03:32:10.5003052Z Working directory is '/home/runner/work/growth-project-backend/growth-project-backend'
2026-10-04T03:32:10.5003960Z [command]/usr/bin/git version
2026-10-04T03:32:10.5018244Z git version 2.55.0
2026-10-04T03:32:10.5035416Z ##[endgroup]
2026-10-04T03:32:10.5046581Z Temporarily overriding HOME='/home/runner/work/_temp/340341cd-7505-41e8-a792-24e6b54bbd10' before making global git config changes
2026-10-04T03:32:10.5047323Z Adding repository directory to the temporary git global config as a safe directory
2026-10-04T03:32:10.5051272Z [command]/usr/bin/git config --global --add safe.directory /home/runner/work/growth-project-backend/growth-project-backend
2026-10-04T03:32:10.5099365Z Deleting the contents of '/home/runner/work/growth-project-backend/growth-project-backend'
2026-10-04T03:32:10.5103154Z ##[group]Determining repository object format
2026-10-04T03:32:10.5104976Z ##[endgroup]
2026-10-04T03:32:10.5105559Z ##[group]Initializing the repository
2026-10-04T03:32:10.5108790Z [command]/usr/bin/git init /home/runner/work/growth-project-backend/growth-project-backend
2026-10-04T03:32:10.5220215Z hint: Using 'master' as the name for the initial branch. This default branch name
2026-10-04T03:32:10.5221403Z hint: will change to "main" in Git 3.0. To configure the initial branch name
2026-10-04T03:32:10.5222109Z hint: to use in all of your new repositories, which will suppress this warning,
2026-10-04T03:32:10.5222557Z hint: call:
2026-10-04T03:32:10.5222892Z hint:
2026-10-04T03:32:10.5223582Z hint: 	git config --global init.defaultBranch <name>
2026-10-04T03:32:10.5223987Z hint:
2026-10-04T03:32:10.5224322Z hint: Names commonly chosen instead of 'master' are 'main', 'trunk' and
2026-10-04T03:32:10.5224865Z hint: 'development'. The just-created branch can be renamed via this command:
2026-10-04T03:32:10.5225169Z hint:
2026-10-04T03:32:10.5225311Z hint: 	git branch -m <name>
2026-10-04T03:32:10.5225469Z hint:
2026-10-04T03:32:10.5225707Z hint: Disable this message with "git config set advice.defaultBranchName false"
2026-10-04T03:32:10.5226183Z Initialized empty Git repository in /home/runner/work/growth-project-backend/growth-project-backend/.git/
2026-10-04T03:32:10.5231578Z [command]/usr/bin/git remote add origin https://github.com/BradleyGleavePortfolio/growth-project-backend
2026-10-04T03:32:10.5281663Z ##[endgroup]
2026-10-04T03:32:10.5281960Z ##[group]Disabling automatic garbage collection
2026-10-04T03:32:10.5285097Z [command]/usr/bin/git config --local gc.auto 0
2026-10-04T03:32:10.5316105Z ##[endgroup]
2026-10-04T03:32:10.5316361Z ##[group]Setting up auth
2026-10-04T03:32:10.5317658Z Removing SSH command configuration
2026-10-04T03:32:10.5322811Z [command]/usr/bin/git config --local --name-only --get-regexp core\.sshCommand
2026-10-04T03:32:10.5352360Z [command]/usr/bin/git submodule foreach --recursive sh -c "git config --local --name-only --get-regexp 'core\.sshCommand' && git config --local --unset-all 'core.sshCommand' || :"
2026-10-04T03:32:10.5653186Z Removing HTTP extra header
2026-10-04T03:32:10.5657505Z [command]/usr/bin/git config --local --name-only --get-regexp http\.https\:\/\/github\.com\/\.extraheader
2026-10-04T03:32:10.5686916Z [command]/usr/bin/git submodule foreach --recursive sh -c "git config --local --name-only --get-regexp 'http\.https\:\/\/github\.com\/\.extraheader' && git config --local --unset-all 'http.https://github.com/.extraheader' || :"
2026-10-04T03:32:10.5872971Z Removing includeIf entries pointing to credentials config files
2026-10-04T03:32:10.5878435Z [command]/usr/bin/git config --local --name-only --get-regexp ^includeIf\.gitdir:
2026-10-04T03:32:10.5908272Z [command]/usr/bin/git submodule foreach --recursive git config --local --show-origin --name-only --get-regexp remote.origin.url
2026-10-04T03:32:10.6100705Z [command]/usr/bin/git config --file /home/runner/work/_temp/git-credentials-dc846f7c-d88d-42fc-811d-da0057c77c19.config http.https://github.com/.extraheader AUTHORIZATION: basic ***
2026-10-04T03:32:10.6133722Z [command]/usr/bin/git config --local includeIf.gitdir:/home/runner/work/growth-project-backend/growth-project-backend/.git.path /home/runner/work/_temp/git-credentials-dc846f7c-d88d-42fc-811d-da0057c77c19.config
2026-10-04T03:32:10.6162360Z [command]/usr/bin/git config --local includeIf.gitdir:/home/runner/work/growth-project-backend/growth-project-backend/.git/worktrees/*.path /home/runner/work/_temp/git-credentials-dc846f7c-d88d-42fc-811d-da0057c77c19.config
2026-10-04T03:32:10.6198588Z [command]/usr/bin/git config --local includeIf.gitdir:/github/workspace/.git.path /github/runner_temp/git-credentials-dc846f7c-d88d-42fc-811d-da0057c77c19.config
2026-10-04T03:32:10.6394396Z [command]/usr/bin/git config --local includeIf.gitdir:/github/workspace/.git/worktrees/*.path /github/runner_temp/git-credentials-dc846f7c-d88d-42fc-811d-da0057c77c19.config
2026-10-04T03:32:10.6431491Z ##[endgroup]
2026-10-04T03:32:10.6431747Z ##[group]Fetching the repository
2026-10-04T03:32:10.6438640Z [command]/usr/bin/git -c protocol.version=2 fetch --no-tags --prune --no-recurse-submodules --depth=1 origin +76d07c8e583ca88db1d9b01232f389fe004d1806:refs/remotes/origin/audit/AUD-SOL-R12-116/679-authority
2026-10-04T03:32:12.3221764Z From https://github.com/BradleyGleavePortfolio/growth-project-backend
2026-10-04T03:32:12.3222406Z  * [new ref]         76d07c8e583ca88db1d9b01232f389fe004d1806 -> origin/audit/AUD-SOL-R12-116/679-authority
2026-10-04T03:32:12.3231071Z [command]/usr/bin/git branch --list --remote origin/audit/AUD-SOL-R12-116/679-authority
2026-10-04T03:32:12.3254494Z   origin/audit/AUD-SOL-R12-116/679-authority
2026-10-04T03:32:12.3261771Z [command]/usr/bin/git rev-parse refs/remotes/origin/audit/AUD-SOL-R12-116/679-authority
2026-10-04T03:32:12.3283641Z 76d07c8e583ca88db1d9b01232f389fe004d1806
2026-10-04T03:32:12.3286967Z ##[endgroup]
2026-10-04T03:32:12.3287295Z ##[group]Determining the checkout info
2026-10-04T03:32:12.3288163Z ##[endgroup]
2026-10-04T03:32:12.3291682Z [command]/usr/bin/git sparse-checkout disable
2026-10-04T03:32:12.3341946Z [command]/usr/bin/git config --local --unset-all extensions.worktreeConfig
2026-10-04T03:32:12.3368713Z ##[group]Checking out the ref
2026-10-04T03:32:12.3372453Z [command]/usr/bin/git checkout --progress --force -B audit/AUD-SOL-R12-116/679-authority refs/remotes/origin/audit/AUD-SOL-R12-116/679-authority
2026-10-04T03:32:12.4975046Z Switched to a new branch 'audit/AUD-SOL-R12-116/679-authority'
2026-10-04T03:32:12.4978155Z branch 'audit/AUD-SOL-R12-116/679-authority' set up to track 'origin/audit/AUD-SOL-R12-116/679-authority'.
2026-10-04T03:32:12.4987396Z ##[endgroup]
2026-10-04T03:32:12.5034779Z [command]/usr/bin/git log -1 --format=%H
2026-10-04T03:32:12.5052463Z 76d07c8e583ca88db1d9b01232f389fe004d1806
2026-10-04T03:32:12.5237435Z ##[group]Run actions/setup-node@v6
2026-10-04T03:32:12.5237592Z with:
2026-10-04T03:32:12.5237702Z   node-version: 20
2026-10-04T03:32:12.5237818Z   cache: npm
2026-10-04T03:32:12.5237928Z   check-latest: false
2026-10-04T03:32:12.5239431Z   token: ***
2026-10-04T03:32:12.5239551Z   package-manager-cache: true
2026-10-04T03:32:12.5239691Z ##[endgroup]
2026-10-04T03:32:12.6246454Z Attempting to download 20...
2026-10-04T03:32:13.3656422Z Acquiring 20.20.2 - x64 from https://github.com/actions/node-versions/releases/download/20.20.2-23521894959/node-20.20.2-linux-x64.tar.gz
2026-10-04T03:32:13.7697447Z Extracting ...
2026-10-04T03:32:13.7783082Z [command]/usr/bin/tar xz --strip 1 --warning=no-unknown-keyword --overwrite -C /home/runner/work/_temp/7f61f3c3-29d2-449a-a171-8a2f18b1c89e -f /home/runner/work/_temp/44b49903-c563-4a42-a362-e38fc31bbb0c
2026-10-04T03:32:14.5516824Z Adding to the cache ...
2026-10-04T03:32:16.2018621Z ##[group]Environment details
2026-10-04T03:32:16.3797360Z node: v20.20.2
2026-10-04T03:32:16.3797629Z npm: 10.8.2
2026-10-04T03:32:16.3797816Z yarn: 1.22.22
2026-10-04T03:32:16.3798204Z ##[endgroup]
2026-10-04T03:32:16.3809874Z [command]/opt/hostedtoolcache/node/20.20.2/x64/bin/npm config get cache
2026-10-04T03:32:16.4519365Z /home/runner/.npm
2026-10-04T03:32:16.5932069Z Cache hit for: node-cache-Linux-x64-npm-1c658f1a35f7b309848c416454e12a0f8c258736d5e30a9676088e8641c298ba
2026-10-04T03:32:17.6369490Z Received 86861520 of 86861520 (100.0%), 93.8 MBs/sec
2026-10-04T03:32:17.6369891Z Cache Size: ~83 MB (86861520 B)
2026-10-04T03:32:17.6457604Z [command]/usr/bin/tar -xf /home/runner/work/_temp/580c23c0-3d09-4609-a681-169be446c1bb/cache.tzst -P -C /home/runner/work/growth-project-backend/growth-project-backend --use-compress-program unzstd
2026-10-04T03:32:17.7643174Z Cache restored successfully
2026-10-04T03:32:17.7684506Z Cache restored from key: node-cache-Linux-x64-npm-1c658f1a35f7b309848c416454e12a0f8c258736d5e30a9676088e8641c298ba
2026-10-04T03:32:17.7891594Z ##[group]Run npm ci
2026-10-04T03:32:17.7891795Z [36;1mnpm ci[0m
2026-10-04T03:32:17.8213789Z shell: /usr/bin/bash -e {0}
2026-10-04T03:32:17.8214015Z ##[endgroup]
2026-10-04T03:32:21.7781692Z npm warn deprecated inflight@1.0.6: This module is not supported, and leaks memory. Do not use it. Check out lru-cache if you want a good and tested way to coalesce async requests by a key value, which is much more comprehensive and powerful.
2026-10-04T03:32:22.3094997Z npm warn deprecated jpeg-exif@1.1.4: Package no longer supported. Contact Support at https://www.npmjs.com/support for more info.
2026-10-04T03:32:23.8769815Z npm warn deprecated glob@7.2.3: Old versions of glob are not supported, and contain widely publicized security vulnerabilities, which have been fixed in the current version. Please update. Support for old versions may be purchased (at exorbitant rates) by contacting i@izs.me
2026-10-04T03:32:24.7345844Z npm warn deprecated glob@10.5.0: Old versions of glob are not supported, and contain widely publicized security vulnerabilities, which have been fixed in the current version. Please update. Support for old versions may be purchased (at exorbitant rates) by contacting i@izs.me
2026-10-04T03:32:24.7380137Z npm warn deprecated glob@10.5.0: Old versions of glob are not supported, and contain widely publicized security vulnerabilities, which have been fixed in the current version. Please update. Support for old versions may be purchased (at exorbitant rates) by contacting i@izs.me
2026-10-04T03:32:24.7784250Z npm warn deprecated glob@10.5.0: Old versions of glob are not supported, and contain widely publicized security vulnerabilities, which have been fixed in the current version. Please update. Support for old versions may be purchased (at exorbitant rates) by contacting i@izs.me
2026-10-04T03:32:33.2683290Z 
2026-10-04T03:32:33.2684215Z > growth-project-backend@1.0.0 postinstall
2026-10-04T03:32:33.2684605Z > prisma generate
2026-10-04T03:32:33.2684739Z 
2026-10-04T03:32:33.8752947Z Prisma schema loaded from prisma/schema.prisma
2026-10-04T03:32:36.4151324Z ┌─────────────────────────────────────────────────────────┐
2026-10-04T03:32:36.4151995Z │  Update available 6.19.3 -> 8.0.0-rc.19                 │
2026-10-04T03:32:36.4152413Z │                                                         │
2026-10-04T03:32:36.4152826Z │  This is a major update - please follow the guide at    │
2026-10-04T03:32:36.4153268Z │  https://pris.ly/d/major-version-upgrade                │
2026-10-04T03:32:36.4153679Z │                                                         │
2026-10-04T03:32:36.4154049Z │  Run the following to update                            │
2026-10-04T03:32:36.4154433Z │    npm i --save-dev prisma@latest                       │
2026-10-04T03:32:36.4154816Z │    npm i @prisma/client@latest                          │
2026-10-04T03:32:36.4155822Z └─────────────────────────────────────────────────────────┘
2026-10-04T03:32:36.4156124Z 
2026-10-04T03:32:36.4162721Z ✔ Generated Prisma Client (v6.19.3) to ./node_modules/@prisma/client in 1.36s
2026-10-04T03:32:36.4163034Z 
2026-10-04T03:32:36.4163355Z Start by importing your Prisma Client (See: https://pris.ly/d/importing-client)
2026-10-04T03:32:36.4163651Z 
2026-10-04T03:32:36.4164092Z Tip: Interested in query caching in just a few lines of code? Try Accelerate today! https://pris.ly/tip-3-accelerate
2026-10-04T03:32:36.4164472Z 
2026-10-04T03:32:36.4646523Z 
2026-10-04T03:32:36.4647274Z > growth-project-backend@1.0.0 prepare
2026-10-04T03:32:36.4647662Z > lefthook install
2026-10-04T03:32:36.4647788Z 
2026-10-04T03:32:36.5068582Z sync hooks: ✔️(pre-commit, commit-msg)
2026-10-04T03:32:36.5197418Z 
2026-10-04T03:32:36.5198171Z added 1117 packages, and audited 1118 packages in 19s
2026-10-04T03:32:36.5198382Z 
2026-10-04T03:32:36.5198494Z 202 packages are looking for funding
2026-10-04T03:32:36.5198740Z   run `npm fund` for details
2026-10-04T03:32:36.5220379Z 
2026-10-04T03:32:36.5220538Z 4 vulnerabilities (1 moderate, 3 high)
2026-10-04T03:32:36.5221160Z 
2026-10-04T03:32:36.5221370Z To address issues that do not require attention, run:
2026-10-04T03:32:36.5221721Z   npm audit fix
2026-10-04T03:32:36.5221793Z 
2026-10-04T03:32:36.5221915Z To address all issues (including breaking changes), run:
2026-10-04T03:32:36.5222107Z   npm audit fix --force
2026-10-04T03:32:36.5222191Z 
2026-10-04T03:32:36.5222260Z Run `npm audit` for details.
2026-10-04T03:32:36.5795601Z ##[group]Run npx prisma generate
2026-10-04T03:32:36.5795794Z [36;1mnpx prisma generate[0m
2026-10-04T03:32:36.5862134Z shell: /usr/bin/bash -e {0}
2026-10-04T03:32:36.5862298Z ##[endgroup]
2026-10-04T03:32:37.3393007Z Prisma schema loaded from prisma/schema.prisma
2026-10-04T03:32:39.7187671Z 
2026-10-04T03:32:39.7189219Z ✔ Generated Prisma Client (v6.19.3) to ./node_modules/@prisma/client in 1.26s
2026-10-04T03:32:39.7189905Z 
2026-10-04T03:32:39.7190844Z Start by importing your Prisma Client (See: https://pris.ly/d/importing-client)
2026-10-04T03:32:39.7191165Z 
2026-10-04T03:32:39.7191424Z Tip: Want to turn off tips and other hints? https://pris.ly/tip-4-nohints
2026-10-04T03:32:39.7191669Z 
2026-10-04T03:32:39.8177143Z ##[group]Run set -euo pipefail
2026-10-04T03:32:39.8177346Z [36;1mset -euo pipefail[0m
2026-10-04T03:32:39.8177567Z [36;1mtest -s .ci-lane-specs || { echo "missing .ci-lane-specs"; exit 2; }[0m
2026-10-04T03:32:39.8177834Z [36;1mmapfile -t SPECS < <(grep -vE '^\s*(#|$)' .ci-lane-specs)[0m
2026-10-04T03:32:39.8178033Z [36;1mecho "specs: ${SPECS[*]}"[0m
2026-10-04T03:32:39.8178196Z [36;1mnpx jest --ci --runInBand "${SPECS[@]}"[0m
2026-10-04T03:32:39.8231602Z shell: /usr/bin/bash --noprofile --norc -e -o pipefail {0}
2026-10-04T03:32:39.8231800Z env:
2026-10-04T03:32:39.8231930Z   NODE_OPTIONS: --max-old-space-size=4096
2026-10-04T03:32:39.8232129Z   THROTTLER_LIVE_REDIS_URL: redis://localhost:6379/0
2026-10-04T03:32:39.8232317Z ##[endgroup]
2026-10-04T03:32:39.8316377Z specs: test/aud-sol-r12-116-authority.spec.ts test/b-recur-subscription-checkout.spec.ts test/b-recur-3-subscription-terms.spec.ts test/checkout.service.spec.ts test/dunning-v2-lockout-allowlist-route-table.spec.ts
2026-10-04T03:32:49.5493401Z PASS test/checkout.service.spec.ts (9.025 s)
2026-10-04T03:32:50.0228952Z PASS test/b-recur-subscription-checkout.spec.ts
2026-10-04T03:32:50.5611909Z [32m[Nest] 2821  - [39m10/04/2026, 3:32:50 AM [32m    LOG[39m [38;5;3m[SubscriptionCheckoutService] [39m[32mbilling.client_plan_resumed purchase=00000000-0000-4000-8000-000000000001[39m
2026-10-04T03:32:50.5613146Z PASS test/dunning-v2-lockout-allowlist-route-table.spec.ts
2026-10-04T03:32:50.7919287Z FAIL test/aud-sol-r12-116-authority.spec.ts
2026-10-04T03:32:50.7920505Z   ● adversarial: old attempts must still exclude a second create › a NEW key cannot bypass an old unbound uncertain trial
2026-10-04T03:32:50.7920877Z 
2026-10-04T03:32:50.7921509Z     expect(received).toBe(expected) // Object.is equality
2026-10-04T03:32:50.7921715Z 
2026-10-04T03:32:50.7921798Z     Expected: 1
2026-10-04T03:32:50.7921984Z     Received: 2
2026-10-04T03:32:50.7922081Z 
2026-10-04T03:32:50.7922282Z     [0m [90m 194 |[39m     age(f)[33m;[39m
2026-10-04T03:32:50.7922793Z      [90m 195 |[39m     [36mawait[39m resultOf(intent(f[33m.[39msvc[33m,[39m [33mKEY2[39m))[33m;[39m
2026-10-04T03:32:50.7923511Z     [31m[1m>[22m[39m[90m 196 |[39m     expect(f[33m.[39mstripe[33m.[39m_subs[33m.[39msize)[33m.[39mtoBe([35m1[39m)[33m;[39m
2026-10-04T03:32:50.7924261Z      [90m     |[39m                                 [31m[1m^[22m[39m
2026-10-04T03:32:50.7924824Z      [90m 197 |[39m     expect(f[33m.[39mprisma[33m.[39m_purchases)[33m.[39mtoHaveLength([35m1[39m)[33m;[39m
2026-10-04T03:32:50.7925610Z      [90m 198 |[39m     expect(f[33m.[39mstripe[33m.[39mlistSubscriptionsForCustomer)[33m.[39mtoHaveBeenCalled()[33m;[39m
2026-10-04T03:32:50.7926157Z      [90m 199 |[39m   })[33m;[39m[0m
2026-10-04T03:32:50.7926324Z 
2026-10-04T03:32:50.7926553Z       at Object.<anonymous> (test/aud-sol-r12-116-authority.spec.ts:196:33)
2026-10-04T03:32:50.7926807Z 
2026-10-04T03:32:50.7927311Z   ● adversarial: old attempts must still exclude a second create › an unreadable old bound trial cannot be bypassed with a NEW key
2026-10-04T03:32:50.7927718Z 
2026-10-04T03:32:50.7927879Z     expect(received).toBe(expected) // Object.is equality
2026-10-04T03:32:50.7928071Z 
2026-10-04T03:32:50.7928149Z     Expected: 1
2026-10-04T03:32:50.7928331Z     Received: 2
2026-10-04T03:32:50.7928437Z 
2026-10-04T03:32:50.7929103Z     [0m [90m 207 |[39m     f[33m.[39mstripe[33m.[39mretrieveSubscriptionForCheckout[33m.[39mmockRejectedValue([36mnew[39m [33mError[39m([32m'synthetic Stripe outage'[39m))[33m;[39m
2026-10-04T03:32:50.7930027Z      [90m 208 |[39m     [36mawait[39m resultOf(intent(f[33m.[39msvc[33m,[39m [33mKEY2[39m))[33m;[39m
2026-10-04T03:32:50.7930964Z     [31m[1m>[22m[39m[90m 209 |[39m     expect(f[33m.[39mstripe[33m.[39m_subs[33m.[39msize)[33m.[39mtoBe([35m1[39m)[33m;[39m
2026-10-04T03:32:50.7931951Z      [90m     |[39m                                 [31m[1m^[22m[39m
2026-10-04T03:32:50.7932546Z      [90m 210 |[39m     expect(f[33m.[39mprisma[33m.[39m_purchases)[33m.[39mtoHaveLength([35m1[39m)[33m;[39m
2026-10-04T03:32:50.7933008Z      [90m 211 |[39m   })[33m;[39m
2026-10-04T03:32:50.7933264Z      [90m 212 |[39m[0m
2026-10-04T03:32:50.7933386Z 
2026-10-04T03:32:50.7933596Z       at Object.<anonymous> (test/aud-sol-r12-116-authority.spec.ts:209:33)
2026-10-04T03:32:50.7933846Z 
2026-10-04T03:32:50.7934398Z   ● adversarial: old attempts must still exclude a second create › a stale trial whose cancel failed must hold its attempt and its one-trial reservation
2026-10-04T03:32:50.7934872Z 
2026-10-04T03:32:50.7935029Z     expect(received).toBe(expected) // Object.is equality
2026-10-04T03:32:50.7935243Z 
2026-10-04T03:32:50.7935321Z     Expected: 1
2026-10-04T03:32:50.7935499Z     Received: 2
2026-10-04T03:32:50.7935606Z 
2026-10-04T03:32:50.7936251Z     [0m [90m 217 |[39m     f[33m.[39mstripe[33m.[39mcancelSubscription[33m.[39mmockRejectedValue([36mnew[39m [33mError[39m([32m'synthetic cancel outage'[39m))[33m;[39m
2026-10-04T03:32:50.7937082Z      [90m 218 |[39m     [36mawait[39m resultOf(intent(f[33m.[39msvc[33m,[39m [33mKEY2[39m))[33m;[39m
2026-10-04T03:32:50.7937833Z     [31m[1m>[22m[39m[90m 219 |[39m     expect(f[33m.[39mstripe[33m.[39m_subs[33m.[39msize)[33m.[39mtoBe([35m1[39m)[33m;[39m
2026-10-04T03:32:50.7938404Z      [90m     |[39m                                 [31m[1m^[22m[39m
2026-10-04T03:32:50.7938991Z      [90m 220 |[39m     expect(f[33m.[39mprisma[33m.[39m_purchases)[33m.[39mtoHaveLength([35m1[39m)[33m;[39m
2026-10-04T03:32:50.7939453Z      [90m 221 |[39m   })[33m;[39m
2026-10-04T03:32:50.7939737Z      [90m 222 |[39m })[33m;[39m[0m
2026-10-04T03:32:50.7940044Z 
2026-10-04T03:32:50.7940465Z       at Object.<anonymous> (test/aud-sol-r12-116-authority.spec.ts:219:33)
2026-10-04T03:32:50.7940710Z 
2026-10-04T03:32:50.7941295Z   ● adversarial: immutable identity and lifecycle › an attempt retired while the pin write reply is delayed cannot subsequently create a billable orphan
2026-10-04T03:32:50.7941744Z 
2026-10-04T03:32:50.7941878Z     expect(jest.fn()).not.toHaveBeenCalled()
2026-10-04T03:32:50.7942063Z 
2026-10-04T03:32:50.7942170Z     Expected number of calls: 0
2026-10-04T03:32:50.7942403Z     Received number of calls: 1
2026-10-04T03:32:50.7942536Z 
2026-10-04T03:32:50.7944482Z     1: {"customer": "cus_1111", "idempotencyKey": "tgp-sub-11111111-1111-4111-8111-111111111111-aaaaaaaa-aaaa-4aaa-8aaa-aaaaaaaaaaaa", "metadata": {"tgp_checkout": "native_subscription", "tgp_client_user_id": "11111111-1111-4111-8111-111111111111", "tgp_coach_user_id": "22222222-2222-4222-8222-222222222222", "tgp_fee_mechanism": "separate_charge_transfer", "tgp_head_coach_user_id": "", "tgp_package_id": "33333333-3333-4333-8333-333333333333", "tgp_purchase_id": "00000000-0000-4000-8000-000000000001"}, "onBehalfOf": "acct_coach", "oneTimePriceId": undefined, "recurringPriceId": "price_A", "trialPeriodDays": undefined}
2026-10-04T03:32:50.7946265Z 
2026-10-04T03:32:50.7946452Z     [0m [90m 257 |[39m     release()[33m;[39m
2026-10-04T03:32:50.7946802Z      [90m 258 |[39m     [36mawait[39m pending[33m;[39m
2026-10-04T03:32:50.7947455Z     [31m[1m>[22m[39m[90m 259 |[39m     expect(f[33m.[39mstripe[33m.[39mcreateSubscription)[33m.[39mnot[33m.[39mtoHaveBeenCalled()[33m;[39m
2026-10-04T03:32:50.7948071Z      [90m     |[39m                                             [31m[1m^[22m[39m
2026-10-04T03:32:50.7949026Z      [90m 260 |[39m     expect([[33m...[39mf[33m.[39mstripe[33m.[39m_subs[33m.[39mvalues()][33m.[39mfilter((s[33m:[39m any) [33m=>[39m s[33m.[39mstatus [33m===[39m [32m'active'[39m))[33m.[39mtoHaveLength([35m0[39m)[33m;[39m
2026-10-04T03:32:50.7949744Z      [90m 261 |[39m   })[33m;[39m
2026-10-04T03:32:50.7949998Z      [90m 262 |[39m[0m
2026-10-04T03:32:50.7950125Z 
2026-10-04T03:32:50.7950693Z       at Object.<anonymous> (test/aud-sol-r12-116-authority.spec.ts:259:45)
2026-10-04T03:32:50.7950952Z 
2026-10-04T03:32:50.7951439Z   ● adversarial: immutable identity and lifecycle › same key cannot return Plan A credentials relabelled as equally priced Plan B
2026-10-04T03:32:50.7951836Z 
2026-10-04T03:32:50.7951997Z     expect(received).toBe(expected) // Object.is equality
2026-10-04T03:32:50.7952193Z 
2026-10-04T03:32:50.7952330Z     Expected: "33333333-3333-4333-8333-333333333333"
2026-10-04T03:32:50.7952628Z     Received: "44444444-4444-4444-8444-444444444444"
2026-10-04T03:32:50.7952789Z 
2026-10-04T03:32:50.7953224Z     [0m [90m 268 |[39m     [90m// Either reject cross-package key reuse or return the original attempt's identity.[39m
2026-10-04T03:32:50.7953782Z      [90m 269 |[39m     [36mif[39m (b[33m.[39mvalue) {
2026-10-04T03:32:50.7954459Z     [31m[1m>[22m[39m[90m 270 |[39m       expect(b[33m.[39mvalue[33m.[39mplan[33m.[39mpackage_id)[33m.[39mtoBe([33mPKG[39m)[33m;[39m
2026-10-04T03:32:50.7955087Z      [90m     |[39m                                       [31m[1m^[22m[39m
2026-10-04T03:32:50.7955739Z      [90m 271 |[39m       expect(b[33m.[39mvalue[33m.[39mplan[33m.[39mpackage_name)[33m.[39mtoBe([32m'Plan A'[39m)[33m;[39m
2026-10-04T03:32:50.7956478Z      [90m 272 |[39m       expect(b[33m.[39mvalue[33m.[39mpurchase_id)[33m.[39mtoBe(a[33m.[39mpurchase_id)[33m;[39m
2026-10-04T03:32:50.7956957Z      [90m 273 |[39m     } [36melse[39m {[0m
2026-10-04T03:32:50.7957125Z 
2026-10-04T03:32:50.7957330Z       at Object.<anonymous> (test/aud-sol-r12-116-authority.spec.ts:270:39)
2026-10-04T03:32:50.7957581Z 
2026-10-04T03:32:50.7958031Z   ● adversarial: immutable identity and lifecycle › a first-mint ephemeral await cannot resurrect credentials after active
2026-10-04T03:32:50.7958607Z 
2026-10-04T03:32:50.7958746Z     expect(received).toBeNull()
2026-10-04T03:32:50.7958892Z 
2026-10-04T03:32:50.7958984Z     Received: "pi_1_secret_x"
2026-10-04T03:32:50.7959219Z 
2026-10-04T03:32:50.7959373Z     [0m [90m 287 |[39m     })[33m;[39m
2026-10-04T03:32:50.7959884Z      [90m 288 |[39m     [36mconst[39m out [33m=[39m [36mawait[39m resultOf(intent(f[33m.[39msvc))[33m;[39m
2026-10-04T03:32:50.7960891Z     [31m[1m>[22m[39m[90m 289 |[39m     expect(f[33m.[39mprisma[33m.[39m_purchases[[35m0[39m][33m.[39mstripe_client_secret)[33m.[39mtoBeNull()[33m;[39m
2026-10-04T03:32:50.7961573Z      [90m     |[39m                                                         [31m[1m^[22m[39m
2026-10-04T03:32:50.7962347Z      [90m 290 |[39m     expect(f[33m.[39mprisma[33m.[39m_purchases[[35m0[39m][33m.[39mstripe_ephemeral_key)[33m.[39mtoBeNull()[33m;[39m
2026-10-04T03:32:50.7963188Z      [90m 291 |[39m     [36mif[39m (out[33m.[39mvalue) expect(out[33m.[39mvalue[33m.[39mclient_secret)[33m.[39mtoBe([32m''[39m)[33m;[39m
2026-10-04T03:32:50.7963695Z      [90m 292 |[39m   })[33m;[39m[0m
2026-10-04T03:32:50.7963836Z 
2026-10-04T03:32:50.7963983Z       at test/aud-sol-r12-116-authority.spec.ts:289:57
2026-10-04T03:32:50.7964162Z 
2026-10-04T03:32:50.7964627Z   ● adversarial: immutable identity and lifecycle › a first-mint ephemeral await cannot resurrect credentials after canceled
2026-10-04T03:32:50.7964996Z 
2026-10-04T03:32:50.7965098Z     expect(received).toBeNull()
2026-10-04T03:32:50.7965250Z 
2026-10-04T03:32:50.7965340Z     Received: "pi_1_secret_x"
2026-10-04T03:32:50.7965468Z 
2026-10-04T03:32:50.7965606Z     [0m [90m 287 |[39m     })[33m;[39m
2026-10-04T03:32:50.7966098Z      [90m 288 |[39m     [36mconst[39m out [33m=[39m [36mawait[39m resultOf(intent(f[33m.[39msvc))[33m;[39m
2026-10-04T03:32:50.7966900Z     [31m[1m>[22m[39m[90m 289 |[39m     expect(f[33m.[39mprisma[33m.[39m_purchases[[35m0[39m][33m.[39mstripe_client_secret)[33m.[39mtoBeNull()[33m;[39m
2026-10-04T03:32:50.7967578Z      [90m     |[39m                                                         [31m[1m^[22m[39m
2026-10-04T03:32:50.7968458Z      [90m 290 |[39m     expect(f[33m.[39mprisma[33m.[39m_purchases[[35m0[39m][33m.[39mstripe_ephemeral_key)[33m.[39mtoBeNull()[33m;[39m
2026-10-04T03:32:50.7969311Z      [90m 291 |[39m     [36mif[39m (out[33m.[39mvalue) expect(out[33m.[39mvalue[33m.[39mclient_secret)[33m.[39mtoBe([32m''[39m)[33m;[39m
2026-10-04T03:32:50.7969820Z      [90m 292 |[39m   })[33m;[39m[0m
2026-10-04T03:32:50.7969977Z 
2026-10-04T03:32:50.7970126Z       at test/aud-sol-r12-116-authority.spec.ts:289:57
2026-10-04T03:32:50.7970473Z 
2026-10-04T03:32:50.7970906Z   ● adversarial: immutable identity and lifecycle › a first-mint ephemeral await cannot resurrect credentials after expired
2026-10-04T03:32:50.7971292Z 
2026-10-04T03:32:50.7971406Z     expect(received).toBeNull()
2026-10-04T03:32:50.7971539Z 
2026-10-04T03:32:50.7971625Z     Received: "pi_1_secret_x"
2026-10-04T03:32:50.7971761Z 
2026-10-04T03:32:50.7971901Z     [0m [90m 287 |[39m     })[33m;[39m
2026-10-04T03:32:50.7972412Z      [90m 288 |[39m     [36mconst[39m out [33m=[39m [36mawait[39m resultOf(intent(f[33m.[39msvc))[33m;[39m
2026-10-04T03:32:50.7973226Z     [31m[1m>[22m[39m[90m 289 |[39m     expect(f[33m.[39mprisma[33m.[39m_purchases[[35m0[39m][33m.[39mstripe_client_secret)[33m.[39mtoBeNull()[33m;[39m
2026-10-04T03:32:50.7973900Z      [90m     |[39m                                                         [31m[1m^[22m[39m
2026-10-04T03:32:50.7974607Z      [90m 290 |[39m     expect(f[33m.[39mprisma[33m.[39m_purchases[[35m0[39m][33m.[39mstripe_ephemeral_key)[33m.[39mtoBeNull()[33m;[39m
2026-10-04T03:32:50.7975502Z      [90m 291 |[39m     [36mif[39m (out[33m.[39mvalue) expect(out[33m.[39mvalue[33m.[39mclient_secret)[33m.[39mtoBe([32m''[39m)[33m;[39m
2026-10-04T03:32:50.7976700Z      [90m 292 |[39m   })[33m;[39m[0m
2026-10-04T03:32:50.7976853Z 
2026-10-04T03:32:50.7977007Z       at test/aud-sol-r12-116-authority.spec.ts:289:57
2026-10-04T03:32:50.7977208Z 
2026-10-04T03:32:50.7977619Z   ● adversarial: immutable identity and lifecycle › a reuse ephemeral await cannot resurrect an expired attempt
2026-10-04T03:32:50.7977970Z 
2026-10-04T03:32:50.7978081Z     expect(received).toBeNull()
2026-10-04T03:32:50.7978223Z 
2026-10-04T03:32:50.7978306Z     Received: "pi_1_secret_x"
2026-10-04T03:32:50.7978449Z 
2026-10-04T03:32:50.7978606Z     [0m [90m 302 |[39m     })[33m;[39m
2026-10-04T03:32:50.7979128Z      [90m 303 |[39m     [36mawait[39m resultOf(intent(f[33m.[39msvc[33m,[39m [33mKEY2[39m))[33m;[39m
2026-10-04T03:32:50.7979983Z     [31m[1m>[22m[39m[90m 304 |[39m     expect(f[33m.[39mprisma[33m.[39m_purchases[[35m0[39m][33m.[39mstripe_client_secret)[33m.[39mtoBeNull()[33m;[39m
2026-10-04T03:32:50.7980842Z      [90m     |[39m                                                         [31m[1m^[22m[39m
2026-10-04T03:32:50.7981546Z      [90m 305 |[39m     expect(f[33m.[39mprisma[33m.[39m_purchases[[35m0[39m][33m.[39mstripe_ephemeral_key)[33m.[39mtoBeNull()[33m;[39m
2026-10-04T03:32:50.7982072Z      [90m 306 |[39m   })[33m;[39m
2026-10-04T03:32:50.7982332Z      [90m 307 |[39m[0m
2026-10-04T03:32:50.7982460Z 
2026-10-04T03:32:50.7982668Z       at Object.<anonymous> (test/aud-sol-r12-116-authority.spec.ts:304:57)
2026-10-04T03:32:50.7982921Z 
2026-10-04T03:32:50.7983427Z   ● adversarial: immutable identity and lifecycle › a resume response from BEFORE a later cancel cannot undo that cancel in the read model
2026-10-04T03:32:50.7983852Z 
2026-10-04T03:32:50.7984014Z     expect(received).toBe(expected) // Object.is equality
2026-10-04T03:32:50.7984217Z 
2026-10-04T03:32:50.7984300Z     Expected: true
2026-10-04T03:32:50.7984488Z     Received: false
2026-10-04T03:32:50.7984611Z 
2026-10-04T03:32:50.7984760Z     [0m [90m 322 |[39m     })[33m;[39m
2026-10-04T03:32:50.7985467Z      [90m 323 |[39m     [36mawait[39m f[33m.[39msvc[33m.[39mresumePlan([33mCLIENT[39m[33m,[39m out[33m.[39mpurchase_id[33m,[39m [33mKEY2[39m)[33m;[39m
2026-10-04T03:32:50.7986491Z     [31m[1m>[22m[39m[90m 324 |[39m     expect(row[33m.[39mcancel_at_period_end)[33m.[39mtoBe([36mtrue[39m)[33m;[39m
2026-10-04T03:32:50.7987054Z      [90m     |[39m                                      [31m[1m^[22m[39m
2026-10-04T03:32:50.7987398Z      [90m 325 |[39m   })[33m;[39m
2026-10-04T03:32:50.7987647Z      [90m 326 |[39m
2026-10-04T03:32:50.7988339Z      [90m 327 |[39m   it([32m'plan read preserves bought cadence after a permitted pending-checkout package edit'[39m[33m,[39m [36masync[39m () [33m=>[39m {[0m
2026-10-04T03:32:50.7988836Z 
2026-10-04T03:32:50.7989054Z       at Object.<anonymous> (test/aud-sol-r12-116-authority.spec.ts:324:38)
2026-10-04T03:32:50.7989320Z 
2026-10-04T03:32:50.7989814Z   ● adversarial: immutable identity and lifecycle › plan read preserves bought cadence after a permitted pending-checkout package edit
2026-10-04T03:32:50.7990434Z 
2026-10-04T03:32:50.7990611Z     expect(received).toBe(expected) // Object.is equality
2026-10-04T03:32:50.7990811Z 
2026-10-04T03:32:50.7990894Z     Expected: "month"
2026-10-04T03:32:50.7991081Z     Received: "year"
2026-10-04T03:32:50.7991191Z 
2026-10-04T03:32:50.7991748Z     [0m [90m 347 |[39m     [36mconst[39m view [33m=[39m [36mawait[39m f[33m.[39msvc[33m.[39mgetPlan([33mCLIENT[39m[33m,[39m out[33m.[39mpurchase_id)[33m;[39m
2026-10-04T03:32:50.7992533Z      [90m 348 |[39m     expect(view[33m.[39mamount_cents)[33m.[39mtoBe([35m4900[39m)[33m;[39m
2026-10-04T03:32:50.7993220Z     [31m[1m>[22m[39m[90m 349 |[39m     expect(view[33m.[39minterval)[33m.[39mtoBe([32m'month'[39m)[33m;[39m
2026-10-04T03:32:50.7993750Z      [90m     |[39m                           [31m[1m^[22m[39m
2026-10-04T03:32:50.7994411Z      [90m 350 |[39m     expect(view[33m.[39minterval_count)[33m.[39mtoBe([35m1[39m)[33m;[39m
2026-10-04T03:32:50.7994809Z      [90m 351 |[39m   })[33m;[39m
2026-10-04T03:32:50.7995089Z      [90m 352 |[39m })[33m;[39m[0m
2026-10-04T03:32:50.7995242Z 
2026-10-04T03:32:50.7995446Z       at Object.<anonymous> (test/aud-sol-r12-116-authority.spec.ts:349:27)
2026-10-04T03:32:50.7995698Z 
2026-10-04T03:32:50.7996207Z   ● adversarial: money error copy is not a no-charge receipt › a create that succeeded before timeout must not assert nothing was charged
2026-10-04T03:32:50.7996641Z 
2026-10-04T03:32:50.7996764Z     expect(received).not.toMatch(expected)
2026-10-04T03:32:50.7996939Z 
2026-10-04T03:32:50.7997080Z     Expected pattern: not /nothing was charged/i
2026-10-04T03:32:50.7997586Z     Received string:      "The payment service did not answer as expected. Nothing was charged. Try again in a minute."
2026-10-04T03:32:50.7997946Z 
2026-10-04T03:32:50.7998333Z     [0m [90m 366 |[39m     [36mconst[39m out [33m=[39m [36mawait[39m resultOf(intent(f[33m.[39msvc))[33m;[39m
2026-10-04T03:32:50.7998948Z      [90m 367 |[39m     expect(out[33m.[39mstatus)[33m.[39mtoBe([35m503[39m)[33m;[39m
2026-10-04T03:32:50.7999748Z     [31m[1m>[22m[39m[90m 368 |[39m     expect(out[33m.[39mbody[33m.[39mmessage)[33m.[39mnot[33m.[39mtoMatch([35m/nothing was charged/i[39m)[33m;[39m
2026-10-04T03:32:50.8000552Z      [90m     |[39m                                  [31m[1m^[22m[39m
2026-10-04T03:32:50.8000877Z      [90m 369 |[39m   })[33m;[39m
2026-10-04T03:32:50.8001147Z      [90m 370 |[39m })[33m;[39m
2026-10-04T03:32:50.8001394Z      [90m 371 |[39m[0m
2026-10-04T03:32:50.8001515Z 
2026-10-04T03:32:50.8001722Z       at Object.<anonymous> (test/aud-sol-r12-116-authority.spec.ts:368:34)
2026-10-04T03:32:50.8001979Z 
2026-10-04T03:32:50.8736293Z [32m[Nest] 2821  - [39m10/04/2026, 3:32:50 AM [32m    LOG[39m [38;5;3m[SubscriptionCheckoutService] [39m[32mbilling.subscription_attempt_resumed purchase=00000000-0000-4000-8000-000000000001 stale=false[39m
2026-10-04T03:32:50.8737624Z [32m[Nest] 2821  - [39m10/04/2026, 3:32:50 AM [32m    LOG[39m [38;5;3m[SubscriptionCheckoutService] [39m[32mbilling.subscription_attempt_resumed purchase=00000000-0000-4000-8000-000000000001 stale=false[39m
2026-10-04T03:32:50.8738472Z [32m[Nest] 2821  - [39m10/04/2026, 3:32:50 AM [32m    LOG[39m [38;5;3m[SubscriptionCheckoutService] [39m[32mbilling.subscription_attempt_resumed purchase=00000000-0000-4000-8000-000000000001 stale=false[39m
2026-10-04T03:32:50.8739305Z [32m[Nest] 2821  - [39m10/04/2026, 3:32:50 AM [32m    LOG[39m [38;5;3m[SubscriptionCheckoutService] [39m[32mbilling.subscription_attempt_resumed purchase=00000000-0000-4000-8000-000000000001 stale=false[39m
2026-10-04T03:32:50.8740142Z [33m[Nest] 2821  - [39m10/04/2026, 3:32:50 AM [33m   WARN[39m [38;5;3m[SubscriptionCheckoutService] [39m[33mattempt subscription lookup failed purchase=00000000-0000-4000-8000-000000000001 error=Error[39m
2026-10-04T03:32:50.8741106Z [33m[Nest] 2821  - [39m10/04/2026, 3:32:50 AM [33m   WARN[39m [38;5;3m[SubscriptionCheckoutService] [39m[33mcancel failed subscription=sub_1 error=Error[39m
2026-10-04T03:32:50.8741764Z [33m[Nest] 2821  - [39m10/04/2026, 3:32:50 AM [33m   WARN[39m [38;5;3m[SubscriptionCheckoutService] [39m[33mcancel failed subscription=sub_1 error=Error[39m
2026-10-04T03:32:50.8742557Z [32m[Nest] 2821  - [39m10/04/2026, 3:32:50 AM [32m    LOG[39m [38;5;3m[SubscriptionCheckoutService] [39m[32mbilling.subscription_attempt_retired purchase=00000000-0000-4000-8000-000000000001 reason=terms_changed[39m
2026-10-04T03:32:50.8743414Z [33m[Nest] 2821  - [39m10/04/2026, 3:32:50 AM [33m   WARN[39m [38;5;3m[SubscriptionCheckoutService] [39m[33mstale trial attempt kept purchase=00000000-0000-4000-8000-000000000001 error=Error[39m
2026-10-04T03:32:50.8744226Z [33m[Nest] 2821  - [39m10/04/2026, 3:32:50 AM [33m   WARN[39m [38;5;3m[SubscriptionCheckoutService] [39m[33mstale trial attempt kept purchase=00000000-0000-4000-8000-000000000001 error=Error[39m
2026-10-04T03:32:50.8745134Z [32m[Nest] 2821  - [39m10/04/2026, 3:32:50 AM [32m    LOG[39m [38;5;3m[SubscriptionCheckoutService] [39m[32mbilling.client_plan_resumed purchase=00000000-0000-4000-8000-000000000001[39m
2026-10-04T03:32:50.8745619Z PASS test/b-recur-3-subscription-terms.spec.ts
2026-10-04T03:32:50.8749043Z 
2026-10-04T03:32:50.8754335Z Test Suites: 1 failed, 4 passed, 5 total
2026-10-04T03:32:50.8754635Z Tests:       12 failed, 110 passed, 122 total
2026-10-04T03:32:50.8754878Z Snapshots:   0 total
2026-10-04T03:32:50.8755093Z Time:        10.515 s
2026-10-04T03:32:50.8755737Z Ran all test suites matching test/aud-sol-r12-116-authority.spec.ts|test/b-recur-subscription-checkout.spec.ts|test/b-recur-3-subscription-terms.spec.ts|test/checkout.service.spec.ts|test/dunning-v2-lockout-allowlist-route-table.spec.ts.
2026-10-04T03:32:51.0640625Z ##[error]Process completed with exit code 1.
2026-10-04T03:32:51.0717278Z Post job cleanup.
2026-10-04T03:32:51.1263975Z [command]/usr/bin/git version
2026-10-04T03:32:51.1291451Z git version 2.55.0
2026-10-04T03:32:51.1315023Z Temporarily overriding HOME='/home/runner/work/_temp/c9077522-7896-4a8d-9339-988a99bf7472' before making global git config changes
2026-10-04T03:32:51.1318262Z Adding repository directory to the temporary git global config as a safe directory
2026-10-04T03:32:51.1318876Z [command]/usr/bin/git config --global --add safe.directory /home/runner/work/growth-project-backend/growth-project-backend
2026-10-04T03:32:51.1345332Z Removing SSH command configuration
2026-10-04T03:32:51.1349532Z [command]/usr/bin/git config --local --name-only --get-regexp core\.sshCommand
2026-10-04T03:32:51.1401526Z [command]/usr/bin/git submodule foreach --recursive sh -c "git config --local --name-only --get-regexp 'core\.sshCommand' && git config --local --unset-all 'core.sshCommand' || :"
2026-10-04T03:32:51.1578161Z Removing HTTP extra header
2026-10-04T03:32:51.1582752Z [command]/usr/bin/git config --local --name-only --get-regexp http\.https\:\/\/github\.com\/\.extraheader
2026-10-04T03:32:51.1610062Z [command]/usr/bin/git submodule foreach --recursive sh -c "git config --local --name-only --get-regexp 'http\.https\:\/\/github\.com\/\.extraheader' && git config --local --unset-all 'http.https://github.com/.extraheader' || :"
2026-10-04T03:32:51.1785130Z Removing includeIf entries pointing to credentials config files
2026-10-04T03:32:51.1791323Z [command]/usr/bin/git config --local --name-only --get-regexp ^includeIf\.gitdir:
2026-10-04T03:32:51.1814252Z includeif.gitdir:/home/runner/work/growth-project-backend/growth-project-backend/.git.path
2026-10-04T03:32:51.1814853Z includeif.gitdir:/home/runner/work/growth-project-backend/growth-project-backend/.git/worktrees/*.path
2026-10-04T03:32:51.1815175Z includeif.gitdir:/github/workspace/.git.path
2026-10-04T03:32:51.1815411Z includeif.gitdir:/github/workspace/.git/worktrees/*.path
2026-10-04T03:32:51.1821608Z [command]/usr/bin/git config --local --get-all includeif.gitdir:/home/runner/work/growth-project-backend/growth-project-backend/.git.path
2026-10-04T03:32:51.1839333Z /home/runner/work/_temp/git-credentials-dc846f7c-d88d-42fc-811d-da0057c77c19.config
2026-10-04T03:32:51.1847754Z [command]/usr/bin/git config --local --unset includeif.gitdir:/home/runner/work/growth-project-backend/growth-project-backend/.git.path /home/runner/work/_temp/git-credentials-dc846f7c-d88d-42fc-811d-da0057c77c19.config
2026-10-04T03:32:51.1876399Z [command]/usr/bin/git config --local --get-all includeif.gitdir:/home/runner/work/growth-project-backend/growth-project-backend/.git/worktrees/*.path
2026-10-04T03:32:51.1895490Z /home/runner/work/_temp/git-credentials-dc846f7c-d88d-42fc-811d-da0057c77c19.config
2026-10-04T03:32:51.1902226Z [command]/usr/bin/git config --local --unset includeif.gitdir:/home/runner/work/growth-project-backend/growth-project-backend/.git/worktrees/*.path /home/runner/work/_temp/git-credentials-dc846f7c-d88d-42fc-811d-da0057c77c19.config
2026-10-04T03:32:51.1928430Z [command]/usr/bin/git config --local --get-all includeif.gitdir:/github/workspace/.git.path
2026-10-04T03:32:51.1945995Z /github/runner_temp/git-credentials-dc846f7c-d88d-42fc-811d-da0057c77c19.config
2026-10-04T03:32:51.1951606Z [command]/usr/bin/git config --local --unset includeif.gitdir:/github/workspace/.git.path /github/runner_temp/git-credentials-dc846f7c-d88d-42fc-811d-da0057c77c19.config
2026-10-04T03:32:51.1977506Z [command]/usr/bin/git config --local --get-all includeif.gitdir:/github/workspace/.git/worktrees/*.path
2026-10-04T03:32:51.1993949Z /github/runner_temp/git-credentials-dc846f7c-d88d-42fc-811d-da0057c77c19.config
2026-10-04T03:32:51.1999228Z [command]/usr/bin/git config --local --unset includeif.gitdir:/github/workspace/.git/worktrees/*.path /github/runner_temp/git-credentials-dc846f7c-d88d-42fc-811d-da0057c77c19.config
2026-10-04T03:32:51.2027230Z [command]/usr/bin/git submodule foreach --recursive git config --local --show-origin --name-only --get-regexp remote.origin.url
2026-10-04T03:32:51.2202003Z Removing credentials config '/home/runner/work/_temp/git-credentials-dc846f7c-d88d-42fc-811d-da0057c77c19.config'
2026-10-04T03:32:51.2303227Z Print service container logs: 4e53f5fe004443ceb5e58facf8519f14_redis7alpine_2b8fa2
2026-10-04T03:32:51.2306216Z ##[command]/usr/bin/docker logs --details 463f0f7337c84e14cb29c0c4065b3f7af79b71005e520a22e97549998014e153
2026-10-04T03:32:51.2406045Z  1:C 04 Oct 2026 03:32:04.540 # WARNING Memory overcommit must be enabled! Without it, a background save or replication may fail under low memory condition. Being disabled, it can also cause failures without low memory condition, see https://github.com/jemalloc/jemalloc/issues/1328. To fix this issue add 'vm.overcommit_memory = 1' to /etc/sysctl.conf and then reboot or run the command 'sysctl vm.overcommit_memory=1' for this to take effect.
2026-10-04T03:32:51.2407476Z  1:C 04 Oct 2026 03:32:04.540 * oO0OoO0OoO0Oo Redis is starting oO0OoO0OoO0Oo
2026-10-04T03:32:51.2407887Z  1:C 04 Oct 2026 03:32:04.540 * Redis version=7.4.11, bits=64, commit=00000000, modified=0, pid=1, just started
2026-10-04T03:32:51.2408390Z  1:C 04 Oct 2026 03:32:04.540 # Warning: no config file specified, using the default config. In order to specify a config file use redis-server /path/to/redis.conf
2026-10-04T03:32:51.2408777Z  1:M 04 Oct 2026 03:32:04.540 * monotonic clock: POSIX clock_gettime
2026-10-04T03:32:51.2409001Z  1:M 04 Oct 2026 03:32:04.540 * Running mode=standalone, port=6379.
2026-10-04T03:32:51.2409213Z  1:M 04 Oct 2026 03:32:04.541 * Server initialized
2026-10-04T03:32:51.2409408Z  1:M 04 Oct 2026 03:32:04.541 * Ready to accept connections tcp
2026-10-04T03:32:51.2427637Z Stop and remove container: 4e53f5fe004443ceb5e58facf8519f14_redis7alpine_2b8fa2
2026-10-04T03:32:51.2431687Z ##[command]/usr/bin/docker rm --force 463f0f7337c84e14cb29c0c4065b3f7af79b71005e520a22e97549998014e153
2026-10-04T03:32:56.3888438Z 463f0f7337c84e14cb29c0c4065b3f7af79b71005e520a22e97549998014e153
2026-10-04T03:32:56.3912451Z Remove container network: github_network_f6d7524dd24f43fa857bb6f64a942db1
2026-10-04T03:32:56.3915285Z ##[command]/usr/bin/docker network rm github_network_f6d7524dd24f43fa857bb6f64a942db1
2026-10-04T03:32:56.4760507Z github_network_f6d7524dd24f43fa857bb6f64a942db1
2026-10-04T03:32:56.4816398Z Cleaning up orphan processes
