2026-10-04T20:18:20.0992320Z Current runner version: '2.337.0'
2026-10-04T20:18:20.1028001Z ##[group]Runner Image Provisioner
2026-10-04T20:18:20.1029113Z Hosted Compute Agent
2026-10-04T20:18:20.1030003Z Version: 20260901.588
2026-10-04T20:18:20.1030852Z Commit: f88ec8081b781fac6c440065ac7ff9e710ce3d0b
2026-10-04T20:18:20.1032076Z Build Date: 2026-09-01T19:56:44Z
2026-10-04T20:18:20.1033115Z Worker ID: {0e0ea699-0e19-45ac-a327-40cc838ade43}
2026-10-04T20:18:20.1034033Z Azure Region: northcentralus
2026-10-04T20:18:20.1034944Z ##[endgroup]
2026-10-04T20:18:20.1036846Z ##[group]Operating System
2026-10-04T20:18:20.1037730Z Ubuntu
2026-10-04T20:18:20.1038479Z 24.04.5
2026-10-04T20:18:20.1039172Z LTS
2026-10-04T20:18:20.1040421Z ##[endgroup]
2026-10-04T20:18:20.1041170Z ##[group]Runner Image
2026-10-04T20:18:20.1042329Z Image: ubuntu-24.04
2026-10-04T20:18:20.1043143Z Version: 20260927.320.1
2026-10-04T20:18:20.1044835Z Included Software: https://github.com/actions/runner-images/blob/ubuntu24/20260927.320/images/ubuntu/Ubuntu2404-Readme.md
2026-10-04T20:18:20.1046936Z Image Release: https://github.com/actions/runner-images/releases/tag/ubuntu24%2F20260927.320
2026-10-04T20:18:20.1048320Z ##[endgroup]
2026-10-04T20:18:20.1050074Z ##[group]GITHUB_TOKEN Permissions
2026-10-04T20:18:20.1053536Z Contents: read
2026-10-04T20:18:20.1054334Z Metadata: read
2026-10-04T20:18:20.1055081Z Packages: read
2026-10-04T20:18:20.1055883Z ##[endgroup]
2026-10-04T20:18:20.1058484Z Secret source: Actions
2026-10-04T20:18:20.1059747Z Cache mode: write
2026-10-04T20:18:20.1060740Z Prepare workflow directory
2026-10-04T20:18:20.1592492Z Prepare all required actions
2026-10-04T20:18:20.1664573Z Getting action download info
2026-10-04T20:18:20.3866930Z Download action repository 'actions/checkout@v6' (SHA:d23441a48e516b6c34aea4fa41551a30e30af803)
2026-10-04T20:18:20.4793816Z Download action repository 'actions/setup-node@v6' (SHA:249970729cb0ef3589644e2896645e5dc5ba9c38)
2026-10-04T20:18:20.7594664Z Complete job name: targeted
2026-10-04T20:18:20.8038658Z ##[group]Checking docker version
2026-10-04T20:18:20.8051391Z ##[command]/usr/bin/docker version --format '{{.Server.APIVersion}}'
2026-10-04T20:18:20.8947002Z '1.48'
2026-10-04T20:18:20.8955320Z Docker daemon API version: '1.48'
2026-10-04T20:18:20.8956205Z ##[command]/usr/bin/docker version --format '{{.Client.APIVersion}}'
2026-10-04T20:18:20.9127123Z '1.48'
2026-10-04T20:18:20.9137895Z Docker client API version: '1.48'
2026-10-04T20:18:20.9144097Z ##[endgroup]
2026-10-04T20:18:20.9146512Z ##[group]Clean up resources from previous jobs
2026-10-04T20:18:20.9151500Z ##[command]/usr/bin/docker ps --all --quiet --no-trunc --filter "label=862e60"
2026-10-04T20:18:20.9302529Z ##[command]/usr/bin/docker network prune --force --filter "label=862e60"
2026-10-04T20:18:20.9445102Z ##[endgroup]
2026-10-04T20:18:20.9445750Z ##[group]Create local container network
2026-10-04T20:18:20.9454918Z ##[command]/usr/bin/docker network create --label 862e60 github_network_a72bf300dba94786832bc4abcafcce87
2026-10-04T20:18:20.9894465Z fdeed122fa5846bcfe6b903ed489ce519a8a3ddbe8b50de762d75fb01cd876d0
2026-10-04T20:18:20.9912226Z ##[endgroup]
2026-10-04T20:18:20.9938749Z ##[group]Starting redis service container
2026-10-04T20:18:20.9959513Z ##[command]/usr/bin/docker pull redis:7-alpine
2026-10-04T20:18:21.4268550Z 7-alpine: Pulling from library/redis
2026-10-04T20:18:21.5508141Z 16333ee0c00f: Pulling fs layer
2026-10-04T20:18:21.5510046Z 83234986c742: Pulling fs layer
2026-10-04T20:18:21.5510922Z 7eb50503c2b0: Pulling fs layer
2026-10-04T20:18:21.5512333Z 1522f9c6f453: Pulling fs layer
2026-10-04T20:18:21.5513178Z 9928009b15c8: Pulling fs layer
2026-10-04T20:18:21.5513933Z 4f4fb700ef54: Pulling fs layer
2026-10-04T20:18:21.5514843Z 4eb14bae0e1d: Pulling fs layer
2026-10-04T20:18:21.5515737Z 1522f9c6f453: Waiting
2026-10-04T20:18:21.5516539Z 9928009b15c8: Waiting
2026-10-04T20:18:21.5517367Z 4f4fb700ef54: Waiting
2026-10-04T20:18:21.5518071Z 4eb14bae0e1d: Waiting
2026-10-04T20:18:21.6312729Z 83234986c742: Verifying Checksum
2026-10-04T20:18:21.6314456Z 83234986c742: Download complete
2026-10-04T20:18:21.6433875Z 7eb50503c2b0: Verifying Checksum
2026-10-04T20:18:21.6435567Z 7eb50503c2b0: Download complete
2026-10-04T20:18:21.6550871Z 16333ee0c00f: Download complete
2026-10-04T20:18:21.7254555Z 9928009b15c8: Verifying Checksum
2026-10-04T20:18:21.7255896Z 9928009b15c8: Download complete
2026-10-04T20:18:21.7323344Z 4f4fb700ef54: Verifying Checksum
2026-10-04T20:18:21.7325764Z 4f4fb700ef54: Download complete
2026-10-04T20:18:21.7622634Z 16333ee0c00f: Pull complete
2026-10-04T20:18:21.7703739Z 1522f9c6f453: Verifying Checksum
2026-10-04T20:18:21.7705234Z 1522f9c6f453: Download complete
2026-10-04T20:18:21.8049264Z 4eb14bae0e1d: Verifying Checksum
2026-10-04T20:18:21.8050211Z 4eb14bae0e1d: Download complete
2026-10-04T20:18:21.9318385Z 83234986c742: Pull complete
2026-10-04T20:18:22.0478803Z 7eb50503c2b0: Pull complete
2026-10-04T20:18:22.4221364Z 1522f9c6f453: Pull complete
2026-10-04T20:18:22.4314003Z 9928009b15c8: Pull complete
2026-10-04T20:18:22.4398161Z 4f4fb700ef54: Pull complete
2026-10-04T20:18:22.4551268Z 4eb14bae0e1d: Pull complete
2026-10-04T20:18:22.4607974Z Digest: sha256:858f009f9709ce576febc734aa78b8f6d624b82571f9ddb6bda4377c833b3499
2026-10-04T20:18:22.4626079Z Status: Downloaded newer image for redis:7-alpine
2026-10-04T20:18:22.4638795Z docker.io/library/redis:7-alpine
2026-10-04T20:18:22.4668755Z ##[command]/usr/bin/docker create --name 22c8843c047d4beda93e5db648673ae7_redis7alpine_ef5843 --label 862e60 --network github_network_a72bf300dba94786832bc4abcafcce87 --network-alias redis -p 6379:6379 --health-cmd "redis-cli ping" --health-interval 5s --health-timeout 3s --health-retries 10 -e GITHUB_ACTIONS=true -e CI=true redis:7-alpine
2026-10-04T20:18:22.4938263Z 8fb74ea2b26469acbb33f8d7b8f43cda8cb858d2890abf45e737e9a9d77b5fe1
2026-10-04T20:18:22.4956087Z ##[command]/usr/bin/docker start 8fb74ea2b26469acbb33f8d7b8f43cda8cb858d2890abf45e737e9a9d77b5fe1
2026-10-04T20:18:22.6967659Z 8fb74ea2b26469acbb33f8d7b8f43cda8cb858d2890abf45e737e9a9d77b5fe1
2026-10-04T20:18:22.6985485Z ##[command]/usr/bin/docker ps --all --filter id=8fb74ea2b26469acbb33f8d7b8f43cda8cb858d2890abf45e737e9a9d77b5fe1 --filter status=running --no-trunc --format "{{.ID}} {{.Status}}"
2026-10-04T20:18:22.7117305Z 8fb74ea2b26469acbb33f8d7b8f43cda8cb858d2890abf45e737e9a9d77b5fe1 Up Less than a second (health: starting)
2026-10-04T20:18:22.7133641Z ##[command]/usr/bin/docker port 8fb74ea2b26469acbb33f8d7b8f43cda8cb858d2890abf45e737e9a9d77b5fe1
2026-10-04T20:18:22.7251292Z 6379/tcp -> 0.0.0.0:6379
2026-10-04T20:18:22.7257177Z 6379/tcp -> [::]:6379
2026-10-04T20:18:22.7290352Z ##[endgroup]
2026-10-04T20:18:22.7298933Z ##[group]Waiting for all services to be ready
2026-10-04T20:18:22.7312269Z ##[command]/usr/bin/docker inspect --format="{{if .Config.Healthcheck}}{{print .State.Health.Status}}{{end}}" 8fb74ea2b26469acbb33f8d7b8f43cda8cb858d2890abf45e737e9a9d77b5fe1
2026-10-04T20:18:22.7436727Z starting
2026-10-04T20:18:22.7452248Z redis service is starting, waiting 2 seconds before checking again.
2026-10-04T20:18:24.7452399Z ##[command]/usr/bin/docker inspect --format="{{if .Config.Healthcheck}}{{print .State.Health.Status}}{{end}}" 8fb74ea2b26469acbb33f8d7b8f43cda8cb858d2890abf45e737e9a9d77b5fe1
2026-10-04T20:18:24.7578555Z starting
2026-10-04T20:18:24.7588695Z redis service is starting, waiting 4 seconds before checking again.
2026-10-04T20:18:28.9787925Z ##[command]/usr/bin/docker inspect --format="{{if .Config.Healthcheck}}{{print .State.Health.Status}}{{end}}" 8fb74ea2b26469acbb33f8d7b8f43cda8cb858d2890abf45e737e9a9d77b5fe1
2026-10-04T20:18:28.9918050Z healthy
2026-10-04T20:18:28.9931059Z redis service is healthy.
2026-10-04T20:18:28.9932148Z ##[endgroup]
2026-10-04T20:18:29.0212205Z ##[group]Run actions/checkout@v6
2026-10-04T20:18:29.0212844Z with:
2026-10-04T20:18:29.0213233Z   repository: BradleyGleavePortfolio/growth-project-backend
2026-10-04T20:18:29.0215843Z   token: ***
2026-10-04T20:18:29.0216144Z   ssh-strict: true
2026-10-04T20:18:29.0216527Z   ssh-user: git
2026-10-04T20:18:29.0217037Z   persist-credentials: true
2026-10-04T20:18:29.0217354Z   clean: true
2026-10-04T20:18:29.0217675Z   sparse-checkout-cone-mode: true
2026-10-04T20:18:29.0218076Z   fetch-depth: 1
2026-10-04T20:18:29.0218345Z   fetch-tags: false
2026-10-04T20:18:29.0218698Z   show-progress: true
2026-10-04T20:18:29.0218987Z   lfs: false
2026-10-04T20:18:29.0219266Z   submodules: false
2026-10-04T20:18:29.0219567Z   set-safe-directory: true
2026-10-04T20:18:29.0220116Z   allow-unsafe-pr-checkout: false
2026-10-04T20:18:29.0220665Z ##[endgroup]
2026-10-04T20:18:29.1209856Z Syncing repository: BradleyGleavePortfolio/growth-project-backend
2026-10-04T20:18:29.1211890Z ##[group]Getting Git version info
2026-10-04T20:18:29.1212530Z Working directory is '/home/runner/work/growth-project-backend/growth-project-backend'
2026-10-04T20:18:29.1213380Z [command]/usr/bin/git version
2026-10-04T20:18:29.1283277Z git version 2.55.0
2026-10-04T20:18:29.1303636Z ##[endgroup]
2026-10-04T20:18:29.1316888Z Temporarily overriding HOME='/home/runner/work/_temp/c85714b0-6356-454d-9e79-c45dd026fece' before making global git config changes
2026-10-04T20:18:29.1318165Z Adding repository directory to the temporary git global config as a safe directory
2026-10-04T20:18:29.1322009Z [command]/usr/bin/git config --global --add safe.directory /home/runner/work/growth-project-backend/growth-project-backend
2026-10-04T20:18:29.1372971Z Deleting the contents of '/home/runner/work/growth-project-backend/growth-project-backend'
2026-10-04T20:18:29.1377790Z ##[group]Determining repository object format
2026-10-04T20:18:29.1379971Z ##[endgroup]
2026-10-04T20:18:29.1380789Z ##[group]Initializing the repository
2026-10-04T20:18:29.1384557Z [command]/usr/bin/git init /home/runner/work/growth-project-backend/growth-project-backend
2026-10-04T20:18:29.1494276Z hint: Using 'master' as the name for the initial branch. This default branch name
2026-10-04T20:18:29.1497602Z hint: will change to "main" in Git 3.0. To configure the initial branch name
2026-10-04T20:18:29.1498518Z hint: to use in all of your new repositories, which will suppress this warning,
2026-10-04T20:18:29.1499137Z hint: call:
2026-10-04T20:18:29.1499414Z hint:
2026-10-04T20:18:29.1499884Z hint: 	git config --global init.defaultBranch <name>
2026-10-04T20:18:29.1500279Z hint:
2026-10-04T20:18:29.1500697Z hint: Names commonly chosen instead of 'master' are 'main', 'trunk' and
2026-10-04T20:18:29.1501488Z hint: 'development'. The just-created branch can be renamed via this command:
2026-10-04T20:18:29.1502098Z hint:
2026-10-04T20:18:29.1502404Z hint: 	git branch -m <name>
2026-10-04T20:18:29.1502734Z hint:
2026-10-04T20:18:29.1503111Z hint: Disable this message with "git config set advice.defaultBranchName false"
2026-10-04T20:18:29.1503828Z Initialized empty Git repository in /home/runner/work/growth-project-backend/growth-project-backend/.git/
2026-10-04T20:18:29.1507233Z [command]/usr/bin/git remote add origin https://github.com/BradleyGleavePortfolio/growth-project-backend
2026-10-04T20:18:29.1557513Z ##[endgroup]
2026-10-04T20:18:29.1558057Z ##[group]Disabling automatic garbage collection
2026-10-04T20:18:29.1561959Z [command]/usr/bin/git config --local gc.auto 0
2026-10-04T20:18:29.1591529Z ##[endgroup]
2026-10-04T20:18:29.1592415Z ##[group]Setting up auth
2026-10-04T20:18:29.1593070Z Removing SSH command configuration
2026-10-04T20:18:29.1598559Z [command]/usr/bin/git config --local --name-only --get-regexp core\.sshCommand
2026-10-04T20:18:29.1624769Z [command]/usr/bin/git submodule foreach --recursive sh -c "git config --local --name-only --get-regexp 'core\.sshCommand' && git config --local --unset-all 'core.sshCommand' || :"
2026-10-04T20:18:29.1941881Z Removing HTTP extra header
2026-10-04T20:18:29.1947320Z [command]/usr/bin/git config --local --name-only --get-regexp http\.https\:\/\/github\.com\/\.extraheader
2026-10-04T20:18:29.1973562Z [command]/usr/bin/git submodule foreach --recursive sh -c "git config --local --name-only --get-regexp 'http\.https\:\/\/github\.com\/\.extraheader' && git config --local --unset-all 'http.https://github.com/.extraheader' || :"
2026-10-04T20:18:29.2149361Z Removing includeIf entries pointing to credentials config files
2026-10-04T20:18:29.2155500Z [command]/usr/bin/git config --local --name-only --get-regexp ^includeIf\.gitdir:
2026-10-04T20:18:29.2184212Z [command]/usr/bin/git submodule foreach --recursive git config --local --show-origin --name-only --get-regexp remote.origin.url
2026-10-04T20:18:29.2367792Z [command]/usr/bin/git config --file /home/runner/work/_temp/git-credentials-15273d1e-2b5f-47a6-b2aa-f7dd5c3ac14d.config http.https://github.com/.extraheader AUTHORIZATION: basic ***
2026-10-04T20:18:29.2402008Z [command]/usr/bin/git config --local includeIf.gitdir:/home/runner/work/growth-project-backend/growth-project-backend/.git.path /home/runner/work/_temp/git-credentials-15273d1e-2b5f-47a6-b2aa-f7dd5c3ac14d.config
2026-10-04T20:18:29.2431380Z [command]/usr/bin/git config --local includeIf.gitdir:/home/runner/work/growth-project-backend/growth-project-backend/.git/worktrees/*.path /home/runner/work/_temp/git-credentials-15273d1e-2b5f-47a6-b2aa-f7dd5c3ac14d.config
2026-10-04T20:18:29.2464452Z [command]/usr/bin/git config --local includeIf.gitdir:/github/workspace/.git.path /github/runner_temp/git-credentials-15273d1e-2b5f-47a6-b2aa-f7dd5c3ac14d.config
2026-10-04T20:18:29.2491319Z [command]/usr/bin/git config --local includeIf.gitdir:/github/workspace/.git/worktrees/*.path /github/runner_temp/git-credentials-15273d1e-2b5f-47a6-b2aa-f7dd5c3ac14d.config
2026-10-04T20:18:29.2524724Z ##[endgroup]
2026-10-04T20:18:29.2525280Z ##[group]Fetching the repository
2026-10-04T20:18:29.2532114Z [command]/usr/bin/git -c protocol.version=2 fetch --no-tags --prune --no-recurse-submodules --depth=1 origin +61b69cd4cb18aca4795a38dcdcee4ffd7110fe86:refs/remotes/origin/audit/AUD-SOL-R12D-119/679-replay
2026-10-04T20:18:30.8122973Z From https://github.com/BradleyGleavePortfolio/growth-project-backend
2026-10-04T20:18:30.8124244Z  * [new ref]         61b69cd4cb18aca4795a38dcdcee4ffd7110fe86 -> origin/audit/AUD-SOL-R12D-119/679-replay
2026-10-04T20:18:30.8133635Z [command]/usr/bin/git branch --list --remote origin/audit/AUD-SOL-R12D-119/679-replay
2026-10-04T20:18:30.8156047Z   origin/audit/AUD-SOL-R12D-119/679-replay
2026-10-04T20:18:30.8162698Z [command]/usr/bin/git rev-parse refs/remotes/origin/audit/AUD-SOL-R12D-119/679-replay
2026-10-04T20:18:30.8183514Z 61b69cd4cb18aca4795a38dcdcee4ffd7110fe86
2026-10-04T20:18:30.8185880Z ##[endgroup]
2026-10-04T20:18:30.8186384Z ##[group]Determining the checkout info
2026-10-04T20:18:30.8187099Z ##[endgroup]
2026-10-04T20:18:30.8190925Z [command]/usr/bin/git sparse-checkout disable
2026-10-04T20:18:30.8269769Z [command]/usr/bin/git config --local --unset-all extensions.worktreeConfig
2026-10-04T20:18:30.8296728Z ##[group]Checking out the ref
2026-10-04T20:18:30.8300316Z [command]/usr/bin/git checkout --progress --force -B audit/AUD-SOL-R12D-119/679-replay refs/remotes/origin/audit/AUD-SOL-R12D-119/679-replay
2026-10-04T20:18:31.0150159Z Switched to a new branch 'audit/AUD-SOL-R12D-119/679-replay'
2026-10-04T20:18:31.0156313Z branch 'audit/AUD-SOL-R12D-119/679-replay' set up to track 'origin/audit/AUD-SOL-R12D-119/679-replay'.
2026-10-04T20:18:31.0163672Z ##[endgroup]
2026-10-04T20:18:31.0210153Z [command]/usr/bin/git log -1 --format=%H
2026-10-04T20:18:31.0234333Z 61b69cd4cb18aca4795a38dcdcee4ffd7110fe86
2026-10-04T20:18:31.0495951Z ##[group]Run actions/setup-node@v6
2026-10-04T20:18:31.0496372Z with:
2026-10-04T20:18:31.0496754Z   node-version: 20
2026-10-04T20:18:31.0497106Z   cache: npm
2026-10-04T20:18:31.0497388Z   check-latest: false
2026-10-04T20:18:31.0499874Z   token: ***
2026-10-04T20:18:31.0500162Z   package-manager-cache: true
2026-10-04T20:18:31.0500517Z ##[endgroup]
2026-10-04T20:18:31.1918505Z Attempting to download 20...
2026-10-04T20:18:31.8293950Z Acquiring 20.20.2 - x64 from https://github.com/actions/node-versions/releases/download/20.20.2-23521894959/node-20.20.2-linux-x64.tar.gz
2026-10-04T20:18:32.1374546Z Extracting ...
2026-10-04T20:18:32.1472131Z [command]/usr/bin/tar xz --strip 1 --warning=no-unknown-keyword --overwrite -C /home/runner/work/_temp/edf6b40f-9160-4da6-ae09-b3043435d263 -f /home/runner/work/_temp/f0fb6888-d8f6-4ea3-8075-e9614b573e66
2026-10-04T20:18:33.2308163Z Adding to the cache ...
2026-10-04T20:18:34.9747676Z ##[group]Environment details
2026-10-04T20:18:35.1922714Z node: v20.20.2
2026-10-04T20:18:35.1923329Z npm: 10.8.2
2026-10-04T20:18:35.1923612Z yarn: 1.22.22
2026-10-04T20:18:35.1924276Z ##[endgroup]
2026-10-04T20:18:35.1948038Z [command]/opt/hostedtoolcache/node/20.20.2/x64/bin/npm config get cache
2026-10-04T20:18:35.2921534Z /home/runner/.npm
2026-10-04T20:18:35.4078556Z Cache hit for: node-cache-Linux-x64-npm-07f78abbac5e2cbfcef112b8b919e298f8da38fa5e6aaf98a3625ef672bd5b12
2026-10-04T20:18:36.4037183Z Received 86828135 of 86828135 (100.0%), 98.8 MBs/sec
2026-10-04T20:18:36.4038771Z Cache Size: ~83 MB (86828135 B)
2026-10-04T20:18:36.4075662Z [command]/usr/bin/tar -xf /home/runner/work/_temp/181a2a4e-a2cb-40bc-a49f-9b8ffcd527be/cache.tzst -P -C /home/runner/work/growth-project-backend/growth-project-backend --use-compress-program unzstd
2026-10-04T20:18:36.5161578Z Cache restored successfully
2026-10-04T20:18:36.5200056Z Cache restored from key: node-cache-Linux-x64-npm-07f78abbac5e2cbfcef112b8b919e298f8da38fa5e6aaf98a3625ef672bd5b12
2026-10-04T20:18:36.5375170Z ##[group]Run npm ci
2026-10-04T20:18:36.5375621Z [36;1mnpm ci[0m
2026-10-04T20:18:36.5546010Z shell: /usr/bin/bash -e {0}
2026-10-04T20:18:36.5546420Z ##[endgroup]
2026-10-04T20:18:41.9197048Z npm warn deprecated inflight@1.0.6: This module is not supported, and leaks memory. Do not use it. Check out lru-cache if you want a good and tested way to coalesce async requests by a key value, which is much more comprehensive and powerful.
2026-10-04T20:18:42.7019560Z npm warn deprecated jpeg-exif@1.1.4: Package no longer supported. Contact Support at https://www.npmjs.com/support for more info.
2026-10-04T20:18:43.8498304Z npm warn deprecated glob@7.2.3: Old versions of glob are not supported, and contain widely publicized security vulnerabilities, which have been fixed in the current version. Please update. Support for old versions may be purchased (at exorbitant rates) by contacting i@izs.me
2026-10-04T20:18:45.0020042Z npm warn deprecated glob@10.5.0: Old versions of glob are not supported, and contain widely publicized security vulnerabilities, which have been fixed in the current version. Please update. Support for old versions may be purchased (at exorbitant rates) by contacting i@izs.me
2026-10-04T20:18:45.0023598Z npm warn deprecated glob@10.5.0: Old versions of glob are not supported, and contain widely publicized security vulnerabilities, which have been fixed in the current version. Please update. Support for old versions may be purchased (at exorbitant rates) by contacting i@izs.me
2026-10-04T20:18:45.0600779Z npm warn deprecated glob@10.5.0: Old versions of glob are not supported, and contain widely publicized security vulnerabilities, which have been fixed in the current version. Please update. Support for old versions may be purchased (at exorbitant rates) by contacting i@izs.me
2026-10-04T20:18:57.0929693Z 
2026-10-04T20:18:57.0930633Z > growth-project-backend@1.0.0 postinstall
2026-10-04T20:18:57.0931578Z > prisma generate
2026-10-04T20:18:57.0931976Z 
2026-10-04T20:18:57.9434624Z Prisma schema loaded from prisma/schema.prisma
2026-10-04T20:19:01.7995548Z ┌─────────────────────────────────────────────────────────┐
2026-10-04T20:19:01.7996789Z │  Update available 6.19.3 -> 8.0.0-rc.19                 │
2026-10-04T20:19:01.7997280Z 
2026-10-04T20:19:01.7997974Z ✔ Generated Prisma Client (v6.19.3) to ./node_modules/@prisma/client in 2.12s
2026-10-04T20:19:01.7998560Z 
2026-10-04T20:19:01.7999108Z Start by importing your Prisma Client (See: https://pris.ly/d/importing-client)
2026-10-04T20:19:01.7999714Z 
2026-10-04T20:19:01.8000636Z Tip: Need your database queries to be 1000x faster? Accelerate offers you that and more: https://pris.ly/tip-2-accelerate
2026-10-04T20:19:01.8002087Z 
2026-10-04T20:19:01.8003075Z │                                                         │
2026-10-04T20:19:01.8004226Z │  This is a major update - please follow the guide at    │
2026-10-04T20:19:01.8005309Z │  https://pris.ly/d/major-version-upgrade                │
2026-10-04T20:19:01.8006300Z │                                                         │
2026-10-04T20:19:01.8007435Z │  Run the following to update                            │
2026-10-04T20:19:01.8008373Z │    npm i --save-dev prisma@latest                       │
2026-10-04T20:19:01.8009392Z │    npm i @prisma/client@latest                          │
2026-10-04T20:19:01.8010370Z └─────────────────────────────────────────────────────────┘
2026-10-04T20:19:01.8361372Z 
2026-10-04T20:19:01.8363210Z > growth-project-backend@1.0.0 prepare
2026-10-04T20:19:01.8363972Z > lefthook install
2026-10-04T20:19:01.8364328Z 
2026-10-04T20:19:01.8817830Z sync hooks: ✔️(pre-commit, commit-msg)
2026-10-04T20:19:01.8956899Z 
2026-10-04T20:19:01.8958150Z added 1115 packages, and audited 1116 packages in 25s
2026-10-04T20:19:01.8958569Z 
2026-10-04T20:19:01.8958841Z 202 packages are looking for funding
2026-10-04T20:19:01.8959540Z   run `npm fund` for details
2026-10-04T20:19:01.8992038Z 
2026-10-04T20:19:01.8992793Z 3 high severity vulnerabilities
2026-10-04T20:19:01.8994549Z 
2026-10-04T20:19:01.8995461Z To address all issues (including breaking changes), run:
2026-10-04T20:19:01.8996304Z   npm audit fix --force
2026-10-04T20:19:01.8996575Z 
2026-10-04T20:19:01.8996981Z Run `npm audit` for details.
2026-10-04T20:19:01.9384028Z ##[group]Run npx prisma generate
2026-10-04T20:19:01.9384461Z [36;1mnpx prisma generate[0m
2026-10-04T20:19:01.9428536Z shell: /usr/bin/bash -e {0}
2026-10-04T20:19:01.9428957Z ##[endgroup]
2026-10-04T20:19:03.0626986Z Prisma schema loaded from prisma/schema.prisma
2026-10-04T20:19:07.0661248Z 
2026-10-04T20:19:07.0663127Z ✔ Generated Prisma Client (v6.19.3) to ./node_modules/@prisma/client in 2.27s
2026-10-04T20:19:07.0663754Z 
2026-10-04T20:19:07.0664259Z Start by importing your Prisma Client (See: https://pris.ly/d/importing-client)
2026-10-04T20:19:07.0664815Z 
2026-10-04T20:19:07.0665381Z Tip: Want to turn off tips and other hints? https://pris.ly/tip-4-nohints
2026-10-04T20:19:07.0665873Z 
2026-10-04T20:19:07.1690354Z ##[group]Run set -euo pipefail
2026-10-04T20:19:07.1690764Z [36;1mset -euo pipefail[0m
2026-10-04T20:19:07.1691300Z [36;1mtest -s .ci-lane-specs || { echo "missing .ci-lane-specs"; exit 2; }[0m
2026-10-04T20:19:07.1692343Z [36;1mmapfile -t SPECS < <(grep -vE '^\s*(#|$)' .ci-lane-specs)[0m
2026-10-04T20:19:07.1692780Z [36;1mecho "specs: ${SPECS[*]}"[0m
2026-10-04T20:19:07.1693159Z [36;1mnpx jest --ci --runInBand "${SPECS[@]}"[0m
2026-10-04T20:19:07.1736368Z shell: /usr/bin/bash --noprofile --norc -e -o pipefail {0}
2026-10-04T20:19:07.1736803Z env:
2026-10-04T20:19:07.1737107Z   NODE_OPTIONS: --max-old-space-size=4096
2026-10-04T20:19:07.1737596Z   THROTTLER_LIVE_REDIS_URL: redis://localhost:6379/0
2026-10-04T20:19:07.1738074Z ##[endgroup]
2026-10-04T20:19:07.1821374Z specs: test/aud-sol-r12-116-authority.spec.ts test/audit-sol-r12-119-prior.spec.ts test/audit-sol-r12-119-trial-authority.spec.ts test/audit-sol-r12r5-builder4.spec.ts test/audit-sol-r12r5-prior.spec.ts test/audit-sol-r12d-119-trial-final.spec.ts test/b-recur7a-119-r2.spec.ts test/b-recur6a-118-r2.spec.ts test/b-recur7a-119-r1.spec.ts test/checkout/subscription-checkout.service.spec.ts test/checkout/subscription-terms.spec.ts
2026-10-04T20:19:09.5046334Z PASS test/audit-sol-r12r5-prior.spec.ts (100 MB heap size)
2026-10-04T20:19:09.5048990Z [32m[Nest] 3014  - [39m10/04/2026, 8:19:09 PM [32m    LOG[39m [38;5;3m[SubscriptionCheckoutService] [39m[32mbilling.subscription_attempt_resumed purchase=00000000-0000-4000-8000-000000000001 stale=false[39m
2026-10-04T20:19:09.5051947Z [32m[Nest] 3014  - [39m10/04/2026, 8:19:09 PM [32m    LOG[39m [38;5;3m[SubscriptionCheckoutService] [39m[32mbilling.subscription_attempt_resumed purchase=00000000-0000-4000-8000-000000000001 stale=false[39m
2026-10-04T20:19:09.5055225Z [32m[Nest] 3014  - [39m10/04/2026, 8:19:09 PM [32m    LOG[39m [38;5;3m[SubscriptionCheckoutService] [39m[32mbilling.subscription_attempt_resumed purchase=00000000-0000-4000-8000-000000000001 stale=false[39m
2026-10-04T20:19:09.5057814Z [32m[Nest] 3014  - [39m10/04/2026, 8:19:09 PM [32m    LOG[39m [38;5;3m[SubscriptionCheckoutService] [39m[32mbilling.subscription_attempt_resumed purchase=00000000-0000-4000-8000-000000000001 stale=false[39m
2026-10-04T20:19:09.5060400Z [33m[Nest] 3014  - [39m10/04/2026, 8:19:09 PM [33m   WARN[39m [38;5;3m[SubscriptionCheckoutService] [39m[33mattempt subscription lookup failed purchase=00000000-0000-4000-8000-000000000001 error=Error[39m
2026-10-04T20:19:09.5062742Z [33m[Nest] 3014  - [39m10/04/2026, 8:19:09 PM [33m   WARN[39m [38;5;3m[SubscriptionCheckoutService] [39m[33mcancel failed subscription=sub_1 error=Error[39m
2026-10-04T20:19:09.5064707Z [33m[Nest] 3014  - [39m10/04/2026, 8:19:09 PM [33m   WARN[39m [38;5;3m[SubscriptionCheckoutService] [39m[33mcancel failed subscription=sub_1 error=Error[39m
2026-10-04T20:19:09.5067154Z [32m[Nest] 3014  - [39m10/04/2026, 8:19:09 PM [32m    LOG[39m [38;5;3m[SubscriptionCheckoutService] [39m[32mbilling.subscription_attempt_retired purchase=00000000-0000-4000-8000-000000000001 reason=terms_changed[39m
2026-10-04T20:19:09.5069640Z [33m[Nest] 3014  - [39m10/04/2026, 8:19:09 PM [33m   WARN[39m [38;5;3m[SubscriptionCheckoutService] [39m[33mstale trial attempt kept purchase=00000000-0000-4000-8000-000000000001 error=Error[39m
2026-10-04T20:19:09.5072111Z [33m[Nest] 3014  - [39m10/04/2026, 8:19:09 PM [33m   WARN[39m [38;5;3m[SubscriptionCheckoutService] [39m[33mcancel failed subscription=sub_1 error=Error[39m
2026-10-04T20:19:09.5074221Z [33m[Nest] 3014  - [39m10/04/2026, 8:19:09 PM [33m   WARN[39m [38;5;3m[SubscriptionCheckoutService] [39m[33mcancel failed subscription=sub_1 error=Error[39m
2026-10-04T20:19:09.5076617Z [32m[Nest] 3014  - [39m10/04/2026, 8:19:09 PM [32m    LOG[39m [38;5;3m[SubscriptionCheckoutService] [39m[32mbilling.client_plan_resumed purchase=00000000-0000-4000-8000-000000000001 superseded=true[39m
2026-10-04T20:19:09.7689377Z [32m[Nest] 3014  - [39m10/04/2026, 8:19:09 PM [32m    LOG[39m [38;5;3m[SubscriptionCheckoutService] [39m[32mbilling.subscription_attempt_resumed purchase=00000000-0000-4000-8000-000000000001 stale=false[39m
2026-10-04T20:19:09.7691176Z PASS test/aud-sol-r12-116-authority.spec.ts (122 MB heap size)
2026-10-04T20:19:09.7693477Z [32m[Nest] 3014  - [39m10/04/2026, 8:19:09 PM [32m    LOG[39m [38;5;3m[SubscriptionCheckoutService] [39m[32mbilling.subscription_attempt_resumed purchase=00000000-0000-4000-8000-000000000001 stale=false[39m
2026-10-04T20:19:09.7695912Z [32m[Nest] 3014  - [39m10/04/2026, 8:19:09 PM [32m    LOG[39m [38;5;3m[SubscriptionCheckoutService] [39m[32mbilling.subscription_attempt_resumed purchase=00000000-0000-4000-8000-000000000001 stale=false[39m
2026-10-04T20:19:09.7698409Z [32m[Nest] 3014  - [39m10/04/2026, 8:19:09 PM [32m    LOG[39m [38;5;3m[SubscriptionCheckoutService] [39m[32mbilling.subscription_attempt_resumed purchase=00000000-0000-4000-8000-000000000001 stale=false[39m
2026-10-04T20:19:09.7700989Z [33m[Nest] 3014  - [39m10/04/2026, 8:19:09 PM [33m   WARN[39m [38;5;3m[SubscriptionCheckoutService] [39m[33mattempt subscription lookup failed purchase=00000000-0000-4000-8000-000000000001 error=Error[39m
2026-10-04T20:19:09.7703356Z [33m[Nest] 3014  - [39m10/04/2026, 8:19:09 PM [33m   WARN[39m [38;5;3m[SubscriptionCheckoutService] [39m[33mcancel failed subscription=sub_1 error=Error[39m
2026-10-04T20:19:09.7705202Z [33m[Nest] 3014  - [39m10/04/2026, 8:19:09 PM [33m   WARN[39m [38;5;3m[SubscriptionCheckoutService] [39m[33mcancel failed subscription=sub_1 error=Error[39m
2026-10-04T20:19:09.7707428Z [32m[Nest] 3014  - [39m10/04/2026, 8:19:09 PM [32m    LOG[39m [38;5;3m[SubscriptionCheckoutService] [39m[32mbilling.subscription_attempt_retired purchase=00000000-0000-4000-8000-000000000001 reason=terms_changed[39m
2026-10-04T20:19:09.7710354Z [33m[Nest] 3014  - [39m10/04/2026, 8:19:09 PM [33m   WARN[39m [38;5;3m[SubscriptionCheckoutService] [39m[33mstale trial attempt kept purchase=00000000-0000-4000-8000-000000000001 error=Error[39m
2026-10-04T20:19:09.7712509Z [33m[Nest] 3014  - [39m10/04/2026, 8:19:09 PM [33m   WARN[39m [38;5;3m[SubscriptionCheckoutService] [39m[33mcancel failed subscription=sub_1 error=Error[39m
2026-10-04T20:19:09.7714586Z [33m[Nest] 3014  - [39m10/04/2026, 8:19:09 PM [33m   WARN[39m [38;5;3m[SubscriptionCheckoutService] [39m[33mcancel failed subscription=sub_1 error=Error[39m
2026-10-04T20:19:09.7716852Z [32m[Nest] 3014  - [39m10/04/2026, 8:19:09 PM [32m    LOG[39m [38;5;3m[SubscriptionCheckoutService] [39m[32mbilling.client_plan_resumed purchase=00000000-0000-4000-8000-000000000001 superseded=true[39m
2026-10-04T20:19:10.0153861Z [31m[Nest] 3014  - [39m10/04/2026, 8:19:10 PM [31m  ERROR[39m [38;5;3m[SubscriptionCheckoutService] [39m[31msubscription sub_1 has no payable PaymentIntent or SetupIntent and is not paid; canceling it[39m
2026-10-04T20:19:10.0270404Z PASS test/audit-sol-r12r5-builder4.spec.ts (139 MB heap size)
2026-10-04T20:19:10.2574582Z [31m[Nest] 3014  - [39m10/04/2026, 8:19:10 PM [31m  ERROR[39m [38;5;3m[SubscriptionCheckoutService] [39m[31mbilling.subscription_paid_after_close purchase=00000000-0000-4000-8000-000000000001 stripe_status=incomplete end=unconfirmed[39m
2026-10-04T20:19:10.2956145Z [33m[Nest] 3014  - [39m10/04/2026, 8:19:09 PM [33m   WARN[39m [38;5;3m[SubscriptionCheckoutService] [39m[33mstale trial attempt kept purchase=00000000-0000-4000-8000-000000000001 error=Error[39m
2026-10-04T20:19:10.2958751Z [33m[Nest] 3014  - [39m10/04/2026, 8:19:09 PM [33m   WARN[39m [38;5;3m[SubscriptionCheckoutService] [39m[33mcancel failed subscription=sub_1 error=Error[39m
2026-10-04T20:19:10.2960905Z [33m[Nest] 3014  - [39m10/04/2026, 8:19:09 PM [33m   WARN[39m [38;5;3m[SubscriptionCheckoutService] [39m[33mcancel failed subscription=sub_1 error=Error[39m
2026-10-04T20:19:10.2963798Z [32m[Nest] 3014  - [39m10/04/2026, 8:19:09 PM [32m    LOG[39m [38;5;3m[SubscriptionCheckoutService] [39m[32mbilling.trial_attempt_released purchase=00000000-0000-4000-8000-000000000001[39m
2026-10-04T20:19:10.2966399Z [32m[Nest] 3014  - [39m10/04/2026, 8:19:10 PM [32m    LOG[39m [38;5;3m[SubscriptionCheckoutService] [39m[32mbilling.client_plan_resumed purchase=00000000-0000-4000-8000-000000000001 superseded=true[39m
2026-10-04T20:19:10.2968940Z [33m[Nest] 3014  - [39m10/04/2026, 8:19:10 PM [33m   WARN[39m [38;5;3m[SubscriptionCheckoutService] [39m[33mcancel failed subscription=sub_1 error=stripe:api_connection_error:503:request_timeout[39m
2026-10-04T20:19:10.2971568Z [33m[Nest] 3014  - [39m10/04/2026, 8:19:10 PM [33m   WARN[39m [38;5;3m[SubscriptionCheckoutService] [39m[33mcancel guard refused subscription=sub_1 error=stripe:invalid_request_error:400:other[39m
2026-10-04T20:19:10.2974439Z [33m[Nest] 3014  - [39m10/04/2026, 8:19:10 PM [33m   WARN[39m [38;5;3m[SubscriptionCheckoutService] [39m[33mcancel guard refused subscription=sub_1 error=stripe:invalid_request_error:400:setup_intent_unexpected_state[39m
2026-10-04T20:19:10.2977313Z [32m[Nest] 3014  - [39m10/04/2026, 8:19:10 PM [32m    LOG[39m [38;5;3m[SubscriptionCheckoutService] [39m[32mbilling.subscription_attempt_resumed purchase=00000000-0000-4000-8000-000000000001 stale=false[39m
2026-10-04T20:19:10.2980007Z [33m[Nest] 3014  - [39m10/04/2026, 8:19:10 PM [33m   WARN[39m [38;5;3m[SubscriptionCheckoutService] [39m[33mcancel guard refused subscription=sub_1 error=stripe:api_connection_error:503:request_timeout[39m
2026-10-04T20:19:10.2982985Z [33m[Nest] 3014  - [39m10/04/2026, 8:19:10 PM [33m   WARN[39m [38;5;3m[SubscriptionCheckoutService] [39m[33mcancel guard unconfirmed subscription=sub_1 error=stripe:api_connection_error:503:request_timeout[39m
2026-10-04T20:19:10.2986258Z [33m[Nest] 3014  - [39m10/04/2026, 8:19:10 PM [33m   WARN[39m [38;5;3m[SubscriptionCheckoutService] [39m[33mreplay secret check skipped purchase=00000000-0000-4000-8000-000000000001 error=stripe:invalid_request_error:404:resource_missing[39m
2026-10-04T20:19:10.2987637Z FAIL test/audit-sol-r12-119-prior.spec.ts (159 MB heap size)
2026-10-04T20:19:10.2988796Z   ● C-679-3 follow-up: same-key trial replay after provider resource absence › acceptance: a missing trial and SetupIntent never return their stored dead sheet secret
2026-10-04T20:19:10.2989429Z 
2026-10-04T20:19:10.2989714Z     expect(received).toEqual(expected) // deep equality
2026-10-04T20:19:10.2989978Z 
2026-10-04T20:19:10.2990161Z     - Expected  - 2
2026-10-04T20:19:10.2990509Z     + Received  + 2
2026-10-04T20:19:10.2990704Z 
2026-10-04T20:19:10.2990843Z       Object {
2026-10-04T20:19:10.2991253Z     -   "error": "SUBSCRIPTION_ATTEMPT_EXPIRED",
2026-10-04T20:19:10.2991858Z     -   "returnedSecret": undefined,
2026-10-04T20:19:10.2992285Z     +   "error": undefined,
2026-10-04T20:19:10.2992663Z     +   "returnedSecret": "seti_1_secret_x",
2026-10-04T20:19:10.2992997Z       }
2026-10-04T20:19:10.2993205Z 
2026-10-04T20:19:10.2993670Z     [0m [90m 206 |[39m     [36mconst[39m out [33m=[39m [36mawait[39m resultOf(intent(f))[33m;[39m
2026-10-04T20:19:10.2994709Z      [90m 207 |[39m     expect({ error[33m:[39m out[33m.[39mbody[33m?[39m[33m.[39mcode[33m,[39m returnedSecret[33m:[39m out[33m.[39mvalue[33m?[39m[33m.[39mclient_secret })
2026-10-04T20:19:10.2995999Z     [31m[1m>[22m[39m[90m 208 |[39m       [33m.[39mtoEqual({ error[33m:[39m [32m'SUBSCRIPTION_ATTEMPT_EXPIRED'[39m[33m,[39m returnedSecret[33m:[39m undefined })[33m;[39m
2026-10-04T20:19:10.2996761Z      [90m     |[39m        [31m[1m^[22m[39m
2026-10-04T20:19:10.2997187Z      [90m 209 |[39m   })[33m;[39m
2026-10-04T20:19:10.2997640Z      [90m 210 |[39m })[33m;[39m
2026-10-04T20:19:10.2997989Z      [90m 211 |[39m[0m
2026-10-04T20:19:10.2998216Z 
2026-10-04T20:19:10.2998463Z       at Object.<anonymous> (test/audit-sol-r12-119-prior.spec.ts:208:8)
2026-10-04T20:19:10.2998783Z 
2026-10-04T20:19:10.5035862Z PASS test/b-recur7a-119-r2.spec.ts (179 MB heap size)
2026-10-04T20:19:10.6455183Z [32m[Nest] 3014  - [39m10/04/2026, 8:19:10 PM [32m    LOG[39m [38;5;3m[SubscriptionCheckoutService] [39m[32mbilling.subscription_attempt_retired purchase=00000000-0000-4000-8000-000000000001 reason=terms_changed[39m
2026-10-04T20:19:10.6456695Z PASS test/b-recur7a-119-r1.spec.ts (184 MB heap size)
2026-10-04T20:19:10.6458633Z [32m[Nest] 3014  - [39m10/04/2026, 8:19:10 PM [32m    LOG[39m [38;5;3m[SubscriptionCheckoutService] [39m[32mbilling.subscription_attempt_retired purchase=00000000-0000-4000-8000-000000000001 reason=terms_changed[39m
2026-10-04T20:19:10.6461102Z [32m[Nest] 3014  - [39m10/04/2026, 8:19:10 PM [32m    LOG[39m [38;5;3m[SubscriptionCheckoutService] [39m[32mbilling.subscription_attempt_retired purchase=00000000-0000-4000-8000-000000000001 reason=terms_changed[39m
2026-10-04T20:19:10.8463895Z PASS test/audit-sol-r12d-119-trial-final.spec.ts (200 MB heap size)
2026-10-04T20:19:10.8583225Z   ● Console
2026-10-04T20:19:10.8642136Z 
2026-10-04T20:19:10.8665899Z     console.log
2026-10-04T20:19:10.8666933Z       SOL_TRIAL_DEFAULT_AFTER_SETUP_FAILURE {
2026-10-04T20:19:10.8675512Z         change: 'trial removed',
2026-10-04T20:19:10.8676565Z         code: 'SUBSCRIPTION_ATTEMPT_EXPIRED',
2026-10-04T20:19:10.8677337Z         status: 'canceled',
2026-10-04T20:19:10.8678076Z         safetyEnd: true,
2026-10-04T20:19:10.8678796Z         hasOwnSecret: false,
2026-10-04T20:19:10.8679426Z         entitled: false
2026-10-04T20:19:10.8680057Z       }
2026-10-04T20:19:10.8680262Z 
2026-10-04T20:19:10.8680619Z       at test/audit-sol-r12d-119-trial-final.spec.ts:78:13
2026-10-04T20:19:10.8681027Z 
2026-10-04T20:19:10.8681221Z     console.log
2026-10-04T20:19:10.8682341Z       SOL_TRIAL_DEFAULT_AFTER_SETUP_FAILURE {
2026-10-04T20:19:10.8682850Z         change: 'price changed',
2026-10-04T20:19:10.8683412Z         code: 'SUBSCRIPTION_ATTEMPT_EXPIRED',
2026-10-04T20:19:10.8683951Z         status: 'canceled',
2026-10-04T20:19:10.8684426Z         safetyEnd: true,
2026-10-04T20:19:10.8684886Z         hasOwnSecret: false,
2026-10-04T20:19:10.8685367Z         entitled: false
2026-10-04T20:19:10.8685776Z       }
2026-10-04T20:19:10.8685997Z 
2026-10-04T20:19:10.8686284Z       at test/audit-sol-r12d-119-trial-final.spec.ts:78:13
2026-10-04T20:19:10.8686769Z 
2026-10-04T20:19:10.8686973Z     console.log
2026-10-04T20:19:10.8687628Z       SOL_LIST_COMPLETENESS { returnedPlans: 1, billablePlan: 'pur_paid_old' }
2026-10-04T20:19:10.8688095Z 
2026-10-04T20:19:10.8688526Z       at Object.<anonymous> (test/audit-sol-r12d-119-trial-final.spec.ts:110:11)
2026-10-04T20:19:10.8689045Z 
2026-10-04T20:19:11.0650273Z [32m[Nest] 3014  - [39m10/04/2026, 8:19:10 PM [32m    LOG[39m [38;5;3m[SubscriptionCheckoutService] [39m[32mbilling.subscription_attempt_retired purchase=00000000-0000-4000-8000-000000000001 reason=terms_changed[39m
2026-10-04T20:19:11.0652189Z PASS test/audit-sol-r12-119-trial-authority.spec.ts (101 MB heap size)
2026-10-04T20:19:11.0654293Z [32m[Nest] 3014  - [39m10/04/2026, 8:19:10 PM [32m    LOG[39m [38;5;3m[SubscriptionCheckoutService] [39m[32mbilling.subscription_attempt_retired purchase=00000000-0000-4000-8000-000000000001 reason=terms_changed[39m
2026-10-04T20:19:11.0657340Z [32m[Nest] 3014  - [39m10/04/2026, 8:19:11 PM [32m    LOG[39m [38;5;3m[SubscriptionCheckoutService] [39m[32mbilling.subscription_attempt_retired purchase=00000000-0000-4000-8000-000000000001 reason=terms_changed[39m
2026-10-04T20:19:11.0659608Z [32m[Nest] 3014  - [39m10/04/2026, 8:19:11 PM [32m    LOG[39m [38;5;3m[SubscriptionCheckoutService] [39m[32mbilling.subscription_attempt_retired purchase=00000000-0000-4000-8000-000000000001 reason=terms_changed[39m
2026-10-04T20:19:11.0661178Z   ● Console
2026-10-04T20:19:11.0661423Z 
2026-10-04T20:19:11.0661579Z     console.log
2026-10-04T20:19:11.0662383Z       SOL_TRIAL_DEFAULT_AFTER_SETUP_FAILURE {
2026-10-04T20:19:11.0662925Z         change: 'trial removed',
2026-10-04T20:19:11.0663861Z         code: 'SUBSCRIPTION_ATTEMPT_EXPIRED',
2026-10-04T20:19:11.0664474Z         status: 'canceled',
2026-10-04T20:19:11.0664945Z         safetyEnd: true,
2026-10-04T20:19:11.0665427Z         hasOwnSecret: false,
2026-10-04T20:19:11.0665866Z         entitled: false
2026-10-04T20:19:11.0666374Z       }
2026-10-04T20:19:11.0666574Z 
2026-10-04T20:19:11.0666952Z       at test/audit-sol-r12-119-trial-authority.spec.ts:78:13
2026-10-04T20:19:11.0667366Z 
2026-10-04T20:19:11.0667533Z     console.log
2026-10-04T20:19:11.0668032Z       SOL_TRIAL_DEFAULT_AFTER_SETUP_FAILURE {
2026-10-04T20:19:11.0668641Z         change: 'price changed',
2026-10-04T20:19:11.0669261Z         code: 'SUBSCRIPTION_ATTEMPT_EXPIRED',
2026-10-04T20:19:11.0669833Z         status: 'canceled',
2026-10-04T20:19:11.0670289Z         safetyEnd: true,
2026-10-04T20:19:11.0670821Z         hasOwnSecret: false,
2026-10-04T20:19:11.0671308Z         entitled: false
2026-10-04T20:19:11.0672280Z       }
2026-10-04T20:19:11.0672516Z 
2026-10-04T20:19:11.0672865Z       at test/audit-sol-r12-119-trial-authority.spec.ts:78:13
2026-10-04T20:19:11.0673333Z 
2026-10-04T20:19:11.0673546Z     console.log
2026-10-04T20:19:11.0674212Z       SOL_LIST_COMPLETENESS { returnedPlans: 1, billablePlan: 'pur_paid_old' }
2026-10-04T20:19:11.0674761Z 
2026-10-04T20:19:11.0675194Z       at Object.<anonymous> (test/audit-sol-r12-119-trial-authority.spec.ts:110:11)
2026-10-04T20:19:11.0675745Z 
2026-10-04T20:19:11.0679833Z 
2026-10-04T20:19:11.0688329Z Test Suites: 1 failed, 7 passed, 8 total
2026-10-04T20:19:11.0689004Z Tests:       1 failed, 98 passed, 99 total
2026-10-04T20:19:11.0689616Z Snapshots:   0 total
2026-10-04T20:19:11.0689989Z Time:        3.093 s
2026-10-04T20:19:11.0692386Z Ran all test suites matching test/aud-sol-r12-116-authority.spec.ts|test/audit-sol-r12-119-prior.spec.ts|test/audit-sol-r12-119-trial-authority.spec.ts|test/audit-sol-r12r5-builder4.spec.ts|test/audit-sol-r12r5-prior.spec.ts|test/audit-sol-r12d-119-trial-final.spec.ts|test/b-recur7a-119-r2.spec.ts|test/b-recur6a-118-r2.spec.ts|test/b-recur7a-119-r1.spec.ts|test/checkout/subscription-checkout.service.spec.ts|test/checkout/subscription-terms.spec.ts.
2026-10-04T20:19:11.1931040Z ##[error]Process completed with exit code 1.
2026-10-04T20:19:11.2059097Z Post job cleanup.
2026-10-04T20:19:11.2866428Z [command]/usr/bin/git version
2026-10-04T20:19:11.2900176Z git version 2.55.0
2026-10-04T20:19:11.2934480Z Temporarily overriding HOME='/home/runner/work/_temp/38f95a0a-7f5e-4009-92a8-f8b16d83ae09' before making global git config changes
2026-10-04T20:19:11.2936051Z Adding repository directory to the temporary git global config as a safe directory
2026-10-04T20:19:11.2940173Z [command]/usr/bin/git config --global --add safe.directory /home/runner/work/growth-project-backend/growth-project-backend
2026-10-04T20:19:11.2968010Z Removing SSH command configuration
2026-10-04T20:19:11.2974735Z [command]/usr/bin/git config --local --name-only --get-regexp core\.sshCommand
2026-10-04T20:19:11.3004343Z [command]/usr/bin/git submodule foreach --recursive sh -c "git config --local --name-only --get-regexp 'core\.sshCommand' && git config --local --unset-all 'core.sshCommand' || :"
2026-10-04T20:19:11.3195643Z Removing HTTP extra header
2026-10-04T20:19:11.3201768Z [command]/usr/bin/git config --local --name-only --get-regexp http\.https\:\/\/github\.com\/\.extraheader
2026-10-04T20:19:11.3232525Z [command]/usr/bin/git submodule foreach --recursive sh -c "git config --local --name-only --get-regexp 'http\.https\:\/\/github\.com\/\.extraheader' && git config --local --unset-all 'http.https://github.com/.extraheader' || :"
2026-10-04T20:19:11.3413288Z Removing includeIf entries pointing to credentials config files
2026-10-04T20:19:11.3419497Z [command]/usr/bin/git config --local --name-only --get-regexp ^includeIf\.gitdir:
2026-10-04T20:19:11.3445679Z includeif.gitdir:/home/runner/work/growth-project-backend/growth-project-backend/.git.path
2026-10-04T20:19:11.3447114Z includeif.gitdir:/home/runner/work/growth-project-backend/growth-project-backend/.git/worktrees/*.path
2026-10-04T20:19:11.3447998Z includeif.gitdir:/github/workspace/.git.path
2026-10-04T20:19:11.3448767Z includeif.gitdir:/github/workspace/.git/worktrees/*.path
2026-10-04T20:19:11.3454872Z [command]/usr/bin/git config --local --get-all includeif.gitdir:/home/runner/work/growth-project-backend/growth-project-backend/.git.path
2026-10-04T20:19:11.3474157Z /home/runner/work/_temp/git-credentials-15273d1e-2b5f-47a6-b2aa-f7dd5c3ac14d.config
2026-10-04T20:19:11.3485017Z [command]/usr/bin/git config --local --unset includeif.gitdir:/home/runner/work/growth-project-backend/growth-project-backend/.git.path /home/runner/work/_temp/git-credentials-15273d1e-2b5f-47a6-b2aa-f7dd5c3ac14d.config
2026-10-04T20:19:11.3521617Z [command]/usr/bin/git config --local --get-all includeif.gitdir:/home/runner/work/growth-project-backend/growth-project-backend/.git/worktrees/*.path
2026-10-04T20:19:11.3540277Z /home/runner/work/_temp/git-credentials-15273d1e-2b5f-47a6-b2aa-f7dd5c3ac14d.config
2026-10-04T20:19:11.3548676Z [command]/usr/bin/git config --local --unset includeif.gitdir:/home/runner/work/growth-project-backend/growth-project-backend/.git/worktrees/*.path /home/runner/work/_temp/git-credentials-15273d1e-2b5f-47a6-b2aa-f7dd5c3ac14d.config
2026-10-04T20:19:11.3580337Z [command]/usr/bin/git config --local --get-all includeif.gitdir:/github/workspace/.git.path
2026-10-04T20:19:11.3598195Z /github/runner_temp/git-credentials-15273d1e-2b5f-47a6-b2aa-f7dd5c3ac14d.config
2026-10-04T20:19:11.3605232Z [command]/usr/bin/git config --local --unset includeif.gitdir:/github/workspace/.git.path /github/runner_temp/git-credentials-15273d1e-2b5f-47a6-b2aa-f7dd5c3ac14d.config
2026-10-04T20:19:11.3636879Z [command]/usr/bin/git config --local --get-all includeif.gitdir:/github/workspace/.git/worktrees/*.path
2026-10-04T20:19:11.3655210Z /github/runner_temp/git-credentials-15273d1e-2b5f-47a6-b2aa-f7dd5c3ac14d.config
2026-10-04T20:19:11.3662805Z [command]/usr/bin/git config --local --unset includeif.gitdir:/github/workspace/.git/worktrees/*.path /github/runner_temp/git-credentials-15273d1e-2b5f-47a6-b2aa-f7dd5c3ac14d.config
2026-10-04T20:19:11.3693736Z [command]/usr/bin/git submodule foreach --recursive git config --local --show-origin --name-only --get-regexp remote.origin.url
2026-10-04T20:19:11.3873922Z Removing credentials config '/home/runner/work/_temp/git-credentials-15273d1e-2b5f-47a6-b2aa-f7dd5c3ac14d.config'
2026-10-04T20:19:11.4049201Z Print service container logs: 22c8843c047d4beda93e5db648673ae7_redis7alpine_ef5843
2026-10-04T20:19:11.4053800Z ##[command]/usr/bin/docker logs --details 8fb74ea2b26469acbb33f8d7b8f43cda8cb858d2890abf45e737e9a9d77b5fe1
2026-10-04T20:19:11.4186391Z  1:C 04 Oct 2026 20:18:22.701 # WARNING Memory overcommit must be enabled! Without it, a background save or replication may fail under low memory condition. Being disabled, it can also cause failures without low memory condition, see https://github.com/jemalloc/jemalloc/issues/1328. To fix this issue add 'vm.overcommit_memory = 1' to /etc/sysctl.conf and then reboot or run the command 'sysctl vm.overcommit_memory=1' for this to take effect.
2026-10-04T20:19:11.4188329Z  1:C 04 Oct 2026 20:18:22.701 * oO0OoO0OoO0Oo Redis is starting oO0OoO0OoO0Oo
2026-10-04T20:19:11.4188999Z  1:C 04 Oct 2026 20:18:22.701 * Redis version=7.4.11, bits=64, commit=00000000, modified=0, pid=1, just started
2026-10-04T20:19:11.4190118Z  1:C 04 Oct 2026 20:18:22.701 # Warning: no config file specified, using the default config. In order to specify a config file use redis-server /path/to/redis.conf
2026-10-04T20:19:11.4190977Z  1:M 04 Oct 2026 20:18:22.702 * monotonic clock: POSIX clock_gettime
2026-10-04T20:19:11.4191529Z  1:M 04 Oct 2026 20:18:22.703 * Running mode=standalone, port=6379.
2026-10-04T20:19:11.4192225Z  1:M 04 Oct 2026 20:18:22.703 * Server initialized
2026-10-04T20:19:11.4192729Z  1:M 04 Oct 2026 20:18:22.703 * Ready to accept connections tcp
2026-10-04T20:19:11.4207361Z Stop and remove container: 22c8843c047d4beda93e5db648673ae7_redis7alpine_ef5843
2026-10-04T20:19:11.4212488Z ##[command]/usr/bin/docker rm --force 8fb74ea2b26469acbb33f8d7b8f43cda8cb858d2890abf45e737e9a9d77b5fe1
2026-10-04T20:19:11.8639493Z 8fb74ea2b26469acbb33f8d7b8f43cda8cb858d2890abf45e737e9a9d77b5fe1
2026-10-04T20:19:11.8662561Z Remove container network: github_network_a72bf300dba94786832bc4abcafcce87
2026-10-04T20:19:11.8666639Z ##[command]/usr/bin/docker network rm github_network_a72bf300dba94786832bc4abcafcce87
2026-10-04T20:19:11.9662240Z github_network_a72bf300dba94786832bc4abcafcce87
2026-10-04T20:19:11.9737595Z Cleaning up orphan processes
