[heavy] waiting for a slot: npx jest --ci test/booking-emitter.spec.ts test/booking-lock-screen-push.spec.ts test/booking-reminder-local-time.spec.ts test/booking-reminder.job.spec.ts test/push-delivery-round5.spec.ts test/push-delivery-send-time.spec.ts test/push-delivery.service.spec.ts test/scheduling-lifecycle-integrity.spec.ts test/scheduling-reminder-delivery.spec.ts test/scheduling-request-expiry.spec.ts test/scheduling.service.spec.ts test/push-lock-screen-copy.spec.ts test/notification-emitters.spec.ts test/scheduling-booking-concurrency.live.spec.ts
[31m[Nest] 18971  - [39m10/05/2026, 3:00:00 PM [31m  ERROR[39m [38;5;3m[SessionReminderJob] [39m[31mreminder claim failed: session=rem-1 user=client-1 kind=booking_reminder_1h err=TypeError[39m
[31m[Nest] 18971  - [39m10/05/2026, 3:00:00 PM [31m  ERROR[39m [38;5;3m[SessionReminderJob] [39m[31mreminder claim failed: session=rem-1 user=coach-1 kind=booking_reminder_1h err=TypeError[39m
[31m[Nest] 18971  - [39m10/05/2026, 3:00:00 PM [31m  ERROR[39m [38;5;3m[SessionReminderJob] [39m[31mreminder catch-up read failed: kind=booking_reminder_1h err=ConflictException (409)[39m
[31m[Nest] 18971  - [39m10/05/2026, 3:00:00 PM [31m  ERROR[39m [38;5;3m[SessionReminderJob] [39m[31mreminder gave up after 3 attempts: claim=log-20 channels=push[39m
[31m[Nest] 18971  - [39m10/05/2026, 3:00:00 PM [31m  ERROR[39m [38;5;3m[SessionReminderJob] [39m[31mreminder gave up after 3 attempts: claim=log-21 channels=push[39m
[31m[Nest] 18971  - [39m10/05/2026, 3:00:00 PM [31m  ERROR[39m [38;5;3m[SessionReminderJob] [39m[31mreminder retired: claim=x-exhausted session=gone-exhausted reason=attempts_exhausted attempts=3[39m
[31m[Nest] 18971  - [39m10/05/2026, 3:00:00 PM [31m  ERROR[39m [38;5;3m[SessionReminderJob] [39m[31mreminder claim failed: session=claim-failed-edge user=client-1 kind=booking_reminder_1h err=DatabaseRequestError: Database request failed (P2024)[39m
[31m[Nest] 18971  - [39m10/05/2026, 3:00:00 PM [31m  ERROR[39m [38;5;3m[SessionReminderJob] [39m[31mreminder claim failed: session=claim-failed-edge user=coach-1 kind=booking_reminder_1h err=DatabaseRequestError: Database request failed (P2024)[39m
[31m[Nest] 18971  - [39m10/05/2026, 3:00:00 PM [31m  ERROR[39m [38;5;3m[SessionReminderJob] [39m[31mreminder claim failed: session=claim-failed-24h user=client-1 kind=booking_reminder_24h err=DatabaseRequestError: Database request failed (P2024)[39m
[31m[Nest] 18971  - [39m10/05/2026, 3:00:00 PM [31m  ERROR[39m [38;5;3m[SessionReminderJob] [39m[31mreminder claim failed: session=claim-failed-24h user=coach-1 kind=booking_reminder_24h err=DatabaseRequestError: Database request failed (P2024)[39m
[33m[Nest] 18971  - [39m10/05/2026, 3:00:00 PM [33m   WARN[39m [38;5;3m[SchedulingProviderRegistry] [39m[33mgoogle_calendar requested but GOOGLE_CALENDAR_ENABLED is not "true" — falling back to stub adapter[39m
[33m[Nest] 18971  - [39m10/05/2026, 3:00:00 PM [33m   WARN[39m [38;5;3m[SchedulingProviderRegistry] [39m[33mgoogle_calendar requested but GOOGLE_CALENDAR_ENABLED is not "true" — falling back to stub adapter[39m
[33m[Nest] 18971  - [39m10/05/2026, 3:00:00 PM [33m   WARN[39m [38;5;3m[BookingEmitter] [39m[33mBookingEmitter booking_reminder_1h in-app write failed for user=client-1: Error[39m
[33m[Nest] 18971  - [39m10/05/2026, 3:00:00 PM [33m   WARN[39m [38;5;3m[BookingEmitter] [39m[33mBookingEmitter booking_reminder_1h push failed for user=client-1: Error[39m
[33m[Nest] 18971  - [39m10/05/2026, 3:00:00 PM [33m   WARN[39m [38;5;3m[BookingEmitter] [39m[33mBookingEmitter booking_reminder_1h in-app write failed for user=coach-1: Error[39m
[33m[Nest] 18971  - [39m10/05/2026, 3:00:00 PM [33m   WARN[39m [38;5;3m[BookingEmitter] [39m[33mBookingEmitter booking_reminder_1h push failed for user=coach-1: Error[39m
[32m[Nest] 18971  - [39m10/05/2026, 3:00:00 PM [32m    LOG[39m [38;5;3m[SessionReminderJob] [39m[32mreminder sweep kind=booking_reminder_1h scanned=1 recovered=0 caught_up=0 dispatched=0 skipped=0 retrying=2 failed=0 retired=0 parked=0 recovery_failed=0[39m
[32m[Nest] 18971  - [39m10/05/2026, 3:00:00 PM [32m    LOG[39m [38;5;3m[SessionReminderJob] [39m[32mreminder sweep kind=booking_reminder_1h scanned=1 recovered=0 caught_up=0 dispatched=2 skipped=0 retrying=0 failed=0 retired=0 parked=0 recovery_failed=0[39m
[32m[Nest] 18971  - [39m10/05/2026, 3:00:00 PM [32m    LOG[39m [38;5;3m[SessionReminderJob] [39m[32mreminder sweep kind=booking_reminder_1h scanned=1 recovered=0 caught_up=0 dispatched=0 skipped=2 retrying=0 failed=0 retired=0 parked=0 recovery_failed=0[39m
[33m[Nest] 18971  - [39m10/05/2026, 3:00:00 PM [33m   WARN[39m [38;5;3m[BookingEmitter] [39m[33mBookingEmitter booking_reminder_1h push not queued for user=client-1[39m
[32m[Nest] 18971  - [39m10/05/2026, 3:00:00 PM [32m    LOG[39m [38;5;3m[SessionReminderJob] [39m[32mreminder sweep kind=booking_reminder_1h scanned=1 recovered=0 caught_up=0 dispatched=1 skipped=0 retrying=1 failed=0 retired=0 parked=0 recovery_failed=0[39m
[32m[Nest] 18971  - [39m10/05/2026, 3:00:00 PM [32m    LOG[39m [38;5;3m[SessionReminderJob] [39m[32mreminder sweep kind=booking_reminder_1h scanned=1 recovered=0 caught_up=0 dispatched=1 skipped=1 retrying=0 failed=0 retired=0 parked=0 recovery_failed=0[39m
[32m[Nest] 18971  - [39m10/05/2026, 3:00:00 PM [32m    LOG[39m [38;5;3m[SessionReminderJob] [39m[32mreminder sweep kind=booking_reminder_1h scanned=1 recovered=0 caught_up=0 dispatched=1 skipped=1 retrying=0 failed=0 retired=0 parked=0 recovery_failed=0[39m
[32m[Nest] 18971  - [39m10/05/2026, 3:00:00 PM [32m    LOG[39m [38;5;3m[SessionReminderJob] [39m[32mreminder sweep kind=booking_reminder_1h scanned=1 recovered=0 caught_up=0 dispatched=0 skipped=0 retrying=0 failed=2 retired=0 parked=0 recovery_failed=0[39m
[32m[Nest] 18971  - [39m10/05/2026, 3:00:00 PM [32m    LOG[39m [38;5;3m[SessionReminderJob] [39m[32mreminder sweep kind=booking_reminder_1h scanned=1 recovered=0 caught_up=0 dispatched=2 skipped=0 retrying=0 failed=0 retired=0 parked=0 recovery_failed=0[39m
[32m[Nest] 18971  - [39m10/05/2026, 3:00:00 PM [32m    LOG[39m [38;5;3m[SessionReminderJob] [39m[32mreminder sweep kind=booking_reminder_1h scanned=1 recovered=0 caught_up=0 dispatched=2 skipped=0 retrying=0 failed=0 retired=0 parked=0 recovery_failed=0[39m
[32m[Nest] 18971  - [39m10/05/2026, 3:00:00 PM [32m    LOG[39m [38;5;3m[SessionReminderJob] [39m[32mreminder sweep kind=booking_reminder_1h scanned=1 recovered=0 caught_up=0 dispatched=0 skipped=2 retrying=0 failed=0 retired=0 parked=0 recovery_failed=0[39m
[32m[Nest] 18971  - [39m10/05/2026, 3:00:00 PM [32m    LOG[39m [38;5;3m[SessionReminderJob] [39m[32mreminder sweep kind=booking_reminder_1h scanned=1 recovered=0 caught_up=0 dispatched=1 skipped=1 retrying=0 failed=0 retired=0 parked=0 recovery_failed=0[39m
[32m[Nest] 18971  - [39m10/05/2026, 3:00:00 PM [32m    LOG[39m [38;5;3m[SessionReminderJob] [39m[32mreminder sweep kind=booking_reminder_1h scanned=1 recovered=0 caught_up=0 dispatched=1 skipped=1 retrying=0 failed=0 retired=0 parked=0 recovery_failed=0[39m
[32m[Nest] 18971  - [39m10/05/2026, 3:00:00 PM [32m    LOG[39m [38;5;3m[SessionReminderJob] [39m[32mreminder sweep kind=booking_reminder_1h scanned=1 recovered=0 caught_up=0 dispatched=2 skipped=0 retrying=0 failed=0 retired=0 parked=0 recovery_failed=0[39m
[32m[Nest] 18971  - [39m10/05/2026, 3:00:00 PM [32m    LOG[39m [38;5;3m[SessionReminderJob] [39m[32mreminder sweep kind=booking_reminder_1h scanned=1 recovered=0 caught_up=0 dispatched=0 skipped=2 retrying=0 failed=0 retired=0 parked=0 recovery_failed=1[39m
[33m[Nest] 18971  - [39m10/05/2026, 3:00:00 PM [33m   WARN[39m [38;5;3m[BookingEmitter] [39m[33mBookingEmitter booking_reminder_1h push not queued for user=client-1[39m
[33m[Nest] 18971  - [39m10/05/2026, 3:00:00 PM [33m   WARN[39m [38;5;3m[BookingEmitter] [39m[33mBookingEmitter booking_reminder_1h push not queued for user=coach-1[39m
[32m[Nest] 18971  - [39m10/05/2026, 3:00:00 PM [32m    LOG[39m [38;5;3m[SessionReminderJob] [39m[32mreminder sweep kind=booking_reminder_1h scanned=1 recovered=0 caught_up=0 dispatched=0 skipped=0 retrying=2 failed=0 retired=0 parked=0 recovery_failed=0[39m
[33m[Nest] 18971  - [39m10/05/2026, 3:00:00 PM [33m   WARN[39m [38;5;3m[BookingEmitter] [39m[33mBookingEmitter booking_reminder_1h push not queued for user=client-1[39m
[33m[Nest] 18971  - [39m10/05/2026, 3:00:00 PM [33m   WARN[39m [38;5;3m[BookingEmitter] [39m[33mBookingEmitter booking_reminder_1h push not queued for user=coach-1[39m
[32m[Nest] 18971  - [39m10/05/2026, 3:00:00 PM [32m    LOG[39m [38;5;3m[SessionReminderJob] [39m[32mreminder sweep kind=booking_reminder_1h scanned=1 recovered=0 caught_up=0 dispatched=0 skipped=0 retrying=2 failed=0 retired=0 parked=0 recovery_failed=0[39m
[33m[Nest] 18971  - [39m10/05/2026, 3:00:00 PM [33m   WARN[39m [38;5;3m[BookingEmitter] [39m[33mBookingEmitter booking_reminder_1h push not queued for user=client-1[39m
[33m[Nest] 18971  - [39m10/05/2026, 3:00:00 PM [33m   WARN[39m [38;5;3m[BookingEmitter] [39m[33mBookingEmitter booking_reminder_1h push not queued for user=coach-1[39m
[32m[Nest] 18971  - [39m10/05/2026, 3:00:00 PM [32m    LOG[39m [38;5;3m[SessionReminderJob] [39m[32mreminder sweep kind=booking_reminder_1h scanned=1 recovered=0 caught_up=0 dispatched=0 skipped=0 retrying=0 failed=2 retired=0 parked=0 recovery_failed=0[39m
[32m[Nest] 18971  - [39m10/05/2026, 3:00:00 PM [32m    LOG[39m [38;5;3m[SessionReminderJob] [39m[32mreminder sweep kind=booking_reminder_1h scanned=1 recovered=0 caught_up=0 dispatched=0 skipped=2 retrying=0 failed=0 retired=0 parked=0 recovery_failed=0[39m
[32m[Nest] 18971  - [39m10/05/2026, 3:00:00 PM [32m    LOG[39m [38;5;3m[SessionReminderJob] [39m[32mreminder sweep kind=booking_reminder_1h scanned=1 recovered=0 caught_up=0 dispatched=0 skipped=2 retrying=0 failed=0 retired=0 parked=0 recovery_failed=0[39m
[33m[Nest] 18971  - [39m10/05/2026, 3:00:00 PM [33m   WARN[39m [38;5;3m[BookingEmitter] [39m[33mBookingEmitter booking_reminder_1h in-app write failed for user=client-1: Error[39m
[33m[Nest] 18971  - [39m10/05/2026, 3:00:00 PM [33m   WARN[39m [38;5;3m[BookingEmitter] [39m[33mBookingEmitter booking_reminder_1h push failed for user=client-1: Error[39m
[33m[Nest] 18971  - [39m10/05/2026, 3:00:00 PM [33m   WARN[39m [38;5;3m[BookingEmitter] [39m[33mBookingEmitter booking_reminder_1h in-app write failed for user=coach-1: Error[39m
[33m[Nest] 18971  - [39m10/05/2026, 3:00:00 PM [33m   WARN[39m [38;5;3m[BookingEmitter] [39m[33mBookingEmitter booking_reminder_1h push failed for user=coach-1: Error[39m
[32m[Nest] 18971  - [39m10/05/2026, 3:00:00 PM [32m    LOG[39m [38;5;3m[SessionReminderJob] [39m[32mreminder sweep kind=booking_reminder_1h scanned=1 recovered=0 caught_up=0 dispatched=0 skipped=0 retrying=2 failed=0 retired=0 parked=0 recovery_failed=0[39m
[32m[Nest] 18971  - [39m10/05/2026, 3:05:00 PM [32m    LOG[39m [38;5;3m[SessionReminderJob] [39m[32mreminder sweep kind=booking_reminder_1h scanned=1 recovered=1 caught_up=0 dispatched=2 skipped=0 retrying=0 failed=0 retired=0 parked=0 recovery_failed=0[39m
[33m[Nest] 18971  - [39m10/05/2026, 3:00:00 PM [33m   WARN[39m [38;5;3m[BookingEmitter] [39m[33mBookingEmitter booking_reminder_24h in-app write failed for user=client-1: Error[39m
[33m[Nest] 18971  - [39m10/05/2026, 3:00:00 PM [33m   WARN[39m [38;5;3m[BookingEmitter] [39m[33mBookingEmitter booking_reminder_24h push failed for user=client-1: Error[39m
[33m[Nest] 18971  - [39m10/05/2026, 3:00:00 PM [33m   WARN[39m [38;5;3m[BookingEmitter] [39m[33mBookingEmitter booking_reminder_24h in-app write failed for user=coach-1: Error[39m
[33m[Nest] 18971  - [39m10/05/2026, 3:00:00 PM [33m   WARN[39m [38;5;3m[BookingEmitter] [39m[33mBookingEmitter booking_reminder_24h push failed for user=coach-1: Error[39m
[32m[Nest] 18971  - [39m10/05/2026, 3:00:00 PM [32m    LOG[39m [38;5;3m[SessionReminderJob] [39m[32mreminder sweep kind=booking_reminder_24h scanned=1 recovered=0 caught_up=0 dispatched=0 skipped=0 retrying=2 failed=0 retired=0 parked=0 recovery_failed=0[39m
[32m[Nest] 18971  - [39m10/05/2026, 3:15:00 PM [32m    LOG[39m [38;5;3m[SessionReminderJob] [39m[32mreminder sweep kind=booking_reminder_24h scanned=1 recovered=1 caught_up=0 dispatched=2 skipped=0 retrying=0 failed=0 retired=0 parked=0 recovery_failed=0[39m
[33m[Nest] 18971  - [39m10/05/2026, 3:00:00 PM [33m   WARN[39m [38;5;3m[BookingEmitter] [39m[33mBookingEmitter booking_reminder_1h push not queued for user=client-1[39m
[32m[Nest] 18971  - [39m10/05/2026, 3:00:00 PM [32m    LOG[39m [38;5;3m[SessionReminderJob] [39m[32mreminder sweep kind=booking_reminder_1h scanned=1 recovered=0 caught_up=0 dispatched=1 skipped=0 retrying=1 failed=0 retired=0 parked=0 recovery_failed=0[39m
[32m[Nest] 18971  - [39m10/05/2026, 3:05:00 PM [32m    LOG[39m [38;5;3m[SessionReminderJob] [39m[32mreminder sweep kind=booking_reminder_1h scanned=1 recovered=1 caught_up=0 dispatched=1 skipped=0 retrying=0 failed=0 retired=0 parked=0 recovery_failed=0[39m
[32m[Nest] 18971  - [39m10/05/2026, 3:05:00 PM [32m    LOG[39m [38;5;3m[SessionReminderJob] [39m[32mreminder sweep kind=booking_reminder_1h scanned=1 recovered=1 caught_up=0 dispatched=1 skipped=0 retrying=0 failed=0 retired=0 parked=0 recovery_failed=0[39m
[32m[Nest] 18971  - [39m10/05/2026, 3:00:00 PM [32m    LOG[39m [38;5;3m[SessionReminderJob] [39m[32mreminder sweep kind=booking_reminder_1h scanned=1 recovered=1 caught_up=0 dispatched=1 skipped=0 retrying=0 failed=0 retired=0 parked=0 recovery_failed=0[39m
[32m[Nest] 18971  - [39m10/05/2026, 3:00:00 PM [32m    LOG[39m [38;5;3m[SessionReminderJob] [39m[32mreminder retired: claim=x-cancelled session=gone-cancelled reason=session_cancelled attempts=1[39m
[32m[Nest] 18971  - [39m10/05/2026, 3:00:00 PM [32m    LOG[39m [38;5;3m[SessionReminderJob] [39m[32mreminder retired: claim=x-started session=gone-started reason=session_started attempts=1[39m
[32m[Nest] 18971  - [39m10/05/2026, 3:00:00 PM [32m    LOG[39m [38;5;3m[SessionReminderJob] [39m[32mreminder retired: claim=x-recipient session=gone-recipient reason=recipient_changed attempts=1[39m
[32m[Nest] 18971  - [39m10/05/2026, 3:00:00 PM [32m    LOG[39m [38;5;3m[SessionReminderJob] [39m[32mreminder retired: claim=x-superseded session=gone-superseded reason=superseded attempts=1[39m
[32m[Nest] 18971  - [39m10/05/2026, 3:00:00 PM [32m    LOG[39m [38;5;3m[SessionReminderJob] [39m[32mreminder sweep kind=booking_reminder_1h scanned=0 recovered=0 caught_up=0 dispatched=0 skipped=0 retrying=0 failed=0 retired=5 parked=1 recovery_failed=0[39m
[32m[Nest] 18971  - [39m10/05/2026, 3:00:00 PM [32m    LOG[39m [38;5;3m[SessionReminderJob] [39m[32mreminder retired: claim=late session=late-24h reason=superseded attempts=1[39m
[32m[Nest] 18971  - [39m10/05/2026, 3:00:00 PM [32m    LOG[39m [38;5;3m[SessionReminderJob] [39m[32mreminder sweep kind=booking_reminder_24h scanned=0 recovered=0 caught_up=0 dispatched=0 skipped=0 retrying=0 failed=0 retired=1 parked=0 recovery_failed=0[39m
[32m[Nest] 18971  - [39m10/05/2026, 3:00:00 PM [32m    LOG[39m [38;5;3m[SessionReminderJob] [39m[32mreminder sweep kind=booking_reminder_1h scanned=1 recovered=1 caught_up=0 dispatched=0 skipped=1 retrying=0 failed=0 retired=0 parked=0 recovery_failed=0[39m
[32m[Nest] 18971  - [39m10/05/2026, 3:00:00 PM [32m    LOG[39m [38;5;3m[SessionReminderJob] [39m[32mreminder sweep kind=booking_reminder_1h scanned=1 recovered=0 caught_up=0 dispatched=0 skipped=0 retrying=0 failed=2 retired=0 parked=0 recovery_failed=0[39m
[33m[Nest] 18971  - [39m10/05/2026, 3:05:00 PM [33m   WARN[39m [38;5;3m[SessionReminderJob] [39m[33mreminder catch-up: kind=booking_reminder_1h sessions=1 (first claim was never written)[39m
[32m[Nest] 18971  - [39m10/05/2026, 3:05:00 PM [32m    LOG[39m [38;5;3m[SessionReminderJob] [39m[32mreminder sweep kind=booking_reminder_1h scanned=1 recovered=0 caught_up=1 dispatched=2 skipped=0 retrying=0 failed=0 retired=0 parked=0 recovery_failed=0[39m
[32m[Nest] 18971  - [39m10/05/2026, 3:00:00 PM [32m    LOG[39m [38;5;3m[SessionReminderJob] [39m[32mreminder sweep kind=booking_reminder_24h scanned=1 recovered=0 caught_up=0 dispatched=0 skipped=0 retrying=0 failed=2 retired=0 parked=0 recovery_failed=0[39m
[33m[Nest] 18971  - [39m10/05/2026, 3:15:00 PM [33m   WARN[39m [38;5;3m[SessionReminderJob] [39m[33mreminder catch-up: kind=booking_reminder_24h sessions=1 (first claim was never written)[39m
[32m[Nest] 18971  - [39m10/05/2026, 3:15:00 PM [32m    LOG[39m [38;5;3m[SessionReminderJob] [39m[32mreminder sweep kind=booking_reminder_24h scanned=1 recovered=0 caught_up=1 dispatched=2 skipped=0 retrying=0 failed=0 retired=0 parked=0 recovery_failed=0[39m
[31m[Nest] 18971  - [39m10/05/2026, 3:00:00 PM [31m  ERROR[39m [38;5;3m[SessionReminderJob] [39m[31mreminder claim failed: session=trailing user=client-1 kind=booking_reminder_1h err=DatabaseRequestError: Database request failed (P2024)[39m
[31m[Nest] 18971  - [39m10/05/2026, 3:00:00 PM [31m  ERROR[39m [38;5;3m[SessionReminderJob] [39m[31mreminder claim failed: session=trailing user=coach-1 kind=booking_reminder_1h err=DatabaseRequestError: Database request failed (P2024)[39m
[31m[Nest] 18971  - [39m10/05/2026, 3:00:00 PM [31m  ERROR[39m [38;5;3m[SessionReminderJob] [39m[31mreminder claim failed: session=trailing user=client-1 kind=booking_reminder_24h err=DatabaseRequestError: Database request failed (P2024)[39m
[31m[Nest] 18971  - [39m10/05/2026, 3:00:00 PM [31m  ERROR[39m [38;5;3m[SessionReminderJob] [39m[31mreminder claim failed: session=trailing user=coach-1 kind=booking_reminder_24h err=DatabaseRequestError: Database request failed (P2024)[39m
[32m[Nest] 18971  - [39m10/05/2026, 3:00:00 PM [32m    LOG[39m [38;5;3m[SessionReminderJob] [39m[32mreminder sweep kind=booking_reminder_1h scanned=0 recovered=0 caught_up=0 dispatched=0 skipped=0 retrying=0 failed=0 retired=0 parked=200 recovery_failed=0[39m
[32m[Nest] 18971  - [39m10/05/2026, 3:05:00 PM [32m    LOG[39m [38;5;3m[SessionReminderJob] [39m[32mreminder sweep kind=booking_reminder_1h scanned=1 recovered=1 caught_up=0 dispatched=1 skipped=0 retrying=0 failed=0 retired=0 parked=0 recovery_failed=0[39m
[32m[Nest] 18971  - [39m10/05/2026, 3:00:00 PM [32m    LOG[39m [38;5;3m[SessionReminderJob] [39m[32mreminder sweep kind=booking_reminder_1h scanned=0 recovered=0 caught_up=0 dispatched=0 skipped=0 retrying=0 failed=0 retired=0 parked=1 recovery_failed=0[39m
[32m[Nest] 18971  - [39m10/05/2026, 4:00:00 PM [32m    LOG[39m [38;5;3m[SessionReminderJob] [39m[32mreminder sweep kind=booking_reminder_1h scanned=1 recovered=0 caught_up=0 dispatched=2 skipped=0 retrying=0 failed=0 retired=0 parked=0 recovery_failed=0[39m
[32m[Nest] 18971  - [39m10/05/2026, 3:00:00 PM [32m    LOG[39m [38;5;3m[SessionReminderJob] [39m[32mreminder sweep kind=booking_reminder_1h scanned=0 recovered=0 caught_up=0 dispatched=0 skipped=0 retrying=0 failed=0 retired=0 parked=0 recovery_failed=1[39m
[32m[Nest] 18971  - [39m10/05/2026, 3:00:00 PM [32m    LOG[39m [38;5;3m[SessionReminderJob] [39m[32mreminder sweep kind=booking_reminder_1h scanned=0 recovered=0 caught_up=0 dispatched=0 skipped=0 retrying=0 failed=0 retired=0 parked=0 recovery_failed=1[39m
[32m[Nest] 18971  - [39m10/05/2026, 3:00:00 PM [32m    LOG[39m [38;5;3m[SessionReminderJob] [39m[32mreminder sweep kind=booking_reminder_1h scanned=1 recovered=0 caught_up=0 dispatched=0 skipped=0 retrying=0 failed=2 retired=0 parked=0 recovery_failed=0[39m
[32m[Nest] 18971  - [39m10/05/2026, 3:00:00 PM [32m    LOG[39m [38;5;3m[SessionReminderJob] [39m[32mreminder sweep kind=booking_reminder_1h scanned=1 recovered=0 caught_up=0 dispatched=0 skipped=0 retrying=2 failed=0 retired=0 parked=0 recovery_failed=0[39m
[32m[Nest] 18971  - [39m10/05/2026, 3:00:00 PM [32m    LOG[39m [38;5;3m[SessionReminderJob] [39m[32mreminder sweep kind=booking_reminder_1h scanned=1 recovered=0 caught_up=0 dispatched=0 skipped=0 retrying=0 failed=2 retired=0 parked=0 recovery_failed=0[39m
[33m[Nest] 18971  - [39m10/05/2026, 3:05:00 PM [33m   WARN[39m [38;5;3m[SessionReminderJob] [39m[33mreminder catch-up: kind=booking_reminder_1h sessions=1 (first claim was never written)[39m
[32m[Nest] 18971  - [39m10/05/2026, 3:05:00 PM [32m    LOG[39m [38;5;3m[SessionReminderJob] [39m[32mreminder sweep kind=booking_reminder_1h scanned=1 recovered=0 caught_up=1 dispatched=2 skipped=0 retrying=0 failed=0 retired=0 parked=0 recovery_failed=0[39m
[32m[Nest] 18971  - [39m10/05/2026, 3:00:00 PM [32m    LOG[39m [38;5;3m[SessionReminderJob] [39m[32mreminder sweep kind=booking_reminder_24h scanned=1 recovered=0 caught_up=0 dispatched=0 skipped=0 retrying=0 failed=2 retired=0 parked=0 recovery_failed=0[39m
[33m[Nest] 18971  - [39m10/05/2026, 3:15:00 PM [33m   WARN[39m [38;5;3m[SessionReminderJob] [39m[33mreminder catch-up: kind=booking_reminder_24h sessions=1 (first claim was never written)[39m
[32m[Nest] 18971  - [39m10/05/2026, 3:15:00 PM [32m    LOG[39m [38;5;3m[SessionReminderJob] [39m[32mreminder sweep kind=booking_reminder_24h scanned=1 recovered=0 caught_up=1 dispatched=2 skipped=0 retrying=0 failed=0 retired=0 parked=0 recovery_failed=0[39m
[31m[Nest] 18971  - [39m10/05/2026, 3:00:00 PM [31m  ERROR[39m [38;5;3m[SessionReminderJob] [39m[31mreminder claim failed: session=moved user=client-1 kind=booking_reminder_1h err=DatabaseRequestError: Database request failed (P2024)[39m
[31m[Nest] 18971  - [39m10/05/2026, 3:00:00 PM [31m  ERROR[39m [38;5;3m[SessionReminderJob] [39m[31mreminder claim failed: session=moved user=coach-1 kind=booking_reminder_1h err=DatabaseRequestError: Database request failed (P2024)[39m
[31m[Nest] 18971  - [39m10/05/2026, 3:00:00 PM [31m  ERROR[39m [38;5;3m[SessionReminderJob] [39m[31mreminder claim takeover failed: session=moved user=client-1 kind=booking_reminder_1h err=DatabaseRequestError: Database request failed (P2024)[39m
[31m[Nest] 18971  - [39m10/05/2026, 3:00:00 PM [31m  ERROR[39m [38;5;3m[SessionReminderJob] [39m[31mreminder claim takeover failed: session=moved user=coach-1 kind=booking_reminder_1h err=DatabaseRequestError: Database request failed (P2024)[39m
PASS test/scheduling-lifecycle-integrity.spec.ts (131 MB heap size)
[32m[Nest] 18971  - [39m10/05/2026, 3:00:00 PM [32m    LOG[39m [38;5;3m[SessionReminderJob] [39m[32mreminder sweep kind=booking_reminder_1h scanned=1 recovered=0 caught_up=0 dispatched=0 skipped=0 retrying=0 failed=2 retired=0 parked=0 recovery_failed=0[39m
[33m[Nest] 18971  - [39m10/05/2026, 3:05:00 PM [33m   WARN[39m [38;5;3m[SessionReminderJob] [39m[33mreminder catch-up: kind=booking_reminder_1h sessions=1 (first claim was never written)[39m
[32m[Nest] 18971  - [39m10/05/2026, 3:05:00 PM [32m    LOG[39m [38;5;3m[SessionReminderJob] [39m[32mreminder sweep kind=booking_reminder_1h scanned=1 recovered=0 caught_up=1 dispatched=2 skipped=0 retrying=0 failed=0 retired=0 parked=0 recovery_failed=0[39m
[32m[Nest] 18971  - [39m10/05/2026, 3:00:00 PM [32m    LOG[39m [38;5;3m[SessionReminderJob] [39m[32mreminder sweep kind=booking_reminder_1h scanned=1 recovered=0 caught_up=0 dispatched=0 skipped=0 retrying=0 failed=2 retired=0 parked=0 recovery_failed=0[39m
[33m[Nest] 18971  - [39m10/05/2026, 3:05:00 PM [33m   WARN[39m [38;5;3m[SessionReminderJob] [39m[33mreminder catch-up: kind=booking_reminder_1h sessions=1 (first claim was never written)[39m
[32m[Nest] 18971  - [39m10/05/2026, 3:05:00 PM [32m    LOG[39m [38;5;3m[SessionReminderJob] [39m[32mreminder sweep kind=booking_reminder_1h scanned=1 recovered=0 caught_up=1 dispatched=2 skipped=0 retrying=0 failed=0 retired=0 parked=0 recovery_failed=0[39m
[31m[Nest] 18971  - [39m10/05/2026, 3:00:00 PM [31m  ERROR[39m [38;5;3m[SchedulingSessionLifecycleService] [39m[31mprovider provisioning failed for session=sess-6: TypeError[39m
[31m[Nest] 18971  - [39m10/05/2026, 3:00:00 PM [31m  ERROR[39m [38;5;3m[SchedulingSessionLifecycleService] [39m[31mprovider provisioning failed for session=sess-7: TypeError[39m
[31m[Nest] 18971  - [39m10/06/2026, 3:59:00 PM [31m  ERROR[39m [38;5;3m[SchedulingSessionLifecycleService] [39m[31mprovider provisioning failed for session=sess-6: TypeError[39m
[31m[Nest] 18971  - [39m10/05/2026, 3:00:00 PM [31m  ERROR[39m [38;5;3m[SchedulingSessionLifecycleService] [39m[31mprovider provisioning failed for session=sess-6: TypeError[39m
PASS test/scheduling-request-expiry.spec.ts (158 MB heap size)
[33m[Nest] 18971  - [39m10/06/2026, 4:00:00 PM [33m   WARN[39m [38;5;3m[BookingEmitter] [39m[33mBookingEmitter booking_request_expired push not queued for user=client-1[39m
[33m[Nest] 18971  - [39m10/06/2026, 4:00:00 PM [33m   WARN[39m [38;5;3m[BookingEmitter] [39m[33mBookingEmitter booking_request_expired push not queued for user=coach-1[39m
[33m[Nest] 18971  - [39m10/06/2026, 4:00:00 PM [33m   WARN[39m [38;5;3m[BookingEmitter] [39m[33mBookingEmitter booking_request_expired push not queued for user=client-1[39m
[33m[Nest] 18971  - [39m10/06/2026, 4:00:00 PM [33m   WARN[39m [38;5;3m[BookingEmitter] [39m[33mBookingEmitter booking_request_expired push not queued for user=coach-1[39m
[33m[Nest] 18971  - [39m10/06/2026, 4:00:00 PM [33m   WARN[39m [38;5;3m[BookingEmitter] [39m[33mBookingEmitter booking_request_expired push not queued for user=client-1[39m
[33m[Nest] 18971  - [39m10/06/2026, 4:00:00 PM [33m   WARN[39m [38;5;3m[BookingEmitter] [39m[33mBookingEmitter booking_request_expired push not queued for user=coach-1[39m
[33m[Nest] 18971  - [39m10/06/2026, 4:00:00 PM [33m   WARN[39m [38;5;3m[BookingEmitter] [39m[33mBookingEmitter booking_request_expired push not queued for user=client-1[39m
[33m[Nest] 18971  - [39m10/06/2026, 4:00:00 PM [33m   WARN[39m [38;5;3m[BookingEmitter] [39m[33mBookingEmitter booking_request_expired push not queued for user=coach-1[39m
PASS test/scheduling-reminder-delivery.spec.ts (187 MB heap size)
[32m[Nest] 18971  - [39m10/05/2026, 3:00:00 PM [32m    LOG[39m [38;5;3m[SessionReminderJob] [39m[32mreminder sweep kind=booking_reminder_24h scanned=1 recovered=0 caught_up=0 dispatched=2 skipped=0 retrying=0 failed=0 retired=0 parked=0 recovery_failed=0[39m
[32m[Nest] 18971  - [39m10/05/2026, 3:00:00 PM [32m    LOG[39m [38;5;3m[SessionReminderJob] [39m[32mreminder sweep kind=booking_reminder_24h scanned=1 recovered=0 caught_up=0 dispatched=2 skipped=0 retrying=0 failed=0 retired=0 parked=0 recovery_failed=0[39m
[32m[Nest] 18971  - [39m10/05/2026, 3:00:00 PM [32m    LOG[39m [38;5;3m[SessionReminderJob] [39m[32mreminder sweep kind=booking_reminder_24h scanned=1 recovered=0 caught_up=0 dispatched=2 skipped=0 retrying=0 failed=0 retired=0 parked=0 recovery_failed=0[39m
[32m[Nest] 18971  - [39m10/05/2026, 3:00:00 PM [32m    LOG[39m [38;5;3m[SessionReminderJob] [39m[32mreminder sweep kind=booking_reminder_24h scanned=1 recovered=0 caught_up=0 dispatched=2 skipped=0 retrying=0 failed=0 retired=0 parked=0 recovery_failed=0[39m
[32m[Nest] 18971  - [39m10/05/2026, 3:00:00 PM [32m    LOG[39m [38;5;3m[SessionReminderJob] [39m[32mreminder sweep kind=booking_reminder_24h scanned=1 recovered=0 caught_up=0 dispatched=2 skipped=0 retrying=0 failed=0 retired=0 parked=0 recovery_failed=0[39m
[32m[Nest] 18971  - [39m10/05/2026, 3:00:00 PM [32m    LOG[39m [38;5;3m[SessionReminderJob] [39m[32mreminder sweep kind=booking_reminder_1h scanned=1 recovered=0 caught_up=0 dispatched=2 skipped=0 retrying=0 failed=0 retired=0 parked=0 recovery_failed=0[39m
[32m[Nest] 18971  - [39m10/05/2026, 3:00:00 PM [32m    LOG[39m [38;5;3m[SessionReminderJob] [39m[32mreminder sweep kind=booking_reminder_1h scanned=1 recovered=0 caught_up=0 dispatched=2 skipped=0 retrying=0 failed=0 retired=0 parked=0 recovery_failed=0[39m
[32m[Nest] 18971  - [39m10/05/2026, 3:00:00 PM [32m    LOG[39m [38;5;3m[SessionReminderJob] [39m[32mreminder sweep kind=booking_reminder_1h scanned=1 recovered=0 caught_up=0 dispatched=2 skipped=0 retrying=0 failed=0 retired=0 parked=0 recovery_failed=0[39m
[32m[Nest] 18971  - [39m10/05/2026, 3:00:00 PM [32m    LOG[39m [38;5;3m[SessionReminderJob] [39m[32mreminder sweep kind=booking_reminder_1h scanned=1 recovered=0 caught_up=0 dispatched=2 skipped=0 retrying=0 failed=0 retired=0 parked=0 recovery_failed=0[39m
[32m[Nest] 18971  - [39m10/05/2026, 3:00:00 PM [32m    LOG[39m [38;5;3m[SessionReminderJob] [39m[32mreminder sweep kind=booking_reminder_1h scanned=1 recovered=0 caught_up=0 dispatched=1 skipped=1 retrying=0 failed=0 retired=0 parked=0 recovery_failed=0[39m
[32m[Nest] 18971  - [39m10/05/2026, 3:00:00 PM [32m    LOG[39m [38;5;3m[SessionReminderJob] [39m[32mreminder sweep kind=booking_reminder_1h scanned=1 recovered=0 caught_up=0 dispatched=1 skipped=1 retrying=0 failed=0 retired=0 parked=0 recovery_failed=0[39m
[32m[Nest] 18971  - [39m10/05/2026, 3:00:00 PM [32m    LOG[39m [38;5;3m[SessionReminderJob] [39m[32mreminder sweep kind=booking_reminder_1h scanned=1 recovered=0 caught_up=0 dispatched=0 skipped=2 retrying=0 failed=0 retired=0 parked=0 recovery_failed=0[39m
[32m[Nest] 18971  - [39m10/05/2026, 3:00:00 PM [32m    LOG[39m [38;5;3m[SessionReminderJob] [39m[32mreminder sweep kind=booking_reminder_24h scanned=1 recovered=0 caught_up=0 dispatched=2 skipped=0 retrying=0 failed=0 retired=0 parked=0 recovery_failed=0[39m
[32m[Nest] 18971  - [39m10/05/2026, 3:00:00 PM [32m    LOG[39m [38;5;3m[SessionReminderJob] [39m[32mreminder sweep kind=booking_reminder_24h scanned=1 recovered=0 caught_up=0 dispatched=2 skipped=0 retrying=0 failed=0 retired=0 parked=0 recovery_failed=0[39m
[95m[Nest] 18971  - [39m10/05/2026, 3:00:00 PM [95m  DEBUG[39m [38;5;3m[SessionReminderJob] [39m[95m1h reminder cron skipped — set BOOKING_REMINDERS_ENABLED=on to enable[39m
[95m[Nest] 18971  - [39m10/05/2026, 3:00:00 PM [95m  DEBUG[39m [38;5;3m[SessionReminderJob] [39m[95m24h reminder cron skipped — set BOOKING_REMINDERS_ENABLED=on to enable[39m
[95m[Nest] 18971  - [39m10/05/2026, 3:00:00 PM [95m  DEBUG[39m [38;5;3m[SessionReminderJob] [39m[95m1h reminder cron skipped — set BOOKING_REMINDERS_ENABLED=on to enable[39m
[95m[Nest] 18971  - [39m10/05/2026, 3:00:00 PM [95m  DEBUG[39m [38;5;3m[SessionReminderJob] [39m[95m24h reminder cron skipped — set BOOKING_REMINDERS_ENABLED=on to enable[39m
[95m[Nest] 18971  - [39m10/05/2026, 3:00:00 PM [95m  DEBUG[39m [38;5;3m[SessionReminderJob] [39m[95m1h reminder cron skipped — set BOOKING_REMINDERS_ENABLED=on to enable[39m
[95m[Nest] 18971  - [39m10/05/2026, 3:00:00 PM [95m  DEBUG[39m [38;5;3m[SessionReminderJob] [39m[95m24h reminder cron skipped — set BOOKING_REMINDERS_ENABLED=on to enable[39m
[95m[Nest] 18971  - [39m10/05/2026, 3:00:00 PM [95m  DEBUG[39m [38;5;3m[SessionReminderJob] [39m[95m1h reminder cron skipped — set BOOKING_REMINDERS_ENABLED=on to enable[39m
[95m[Nest] 18971  - [39m10/05/2026, 3:00:00 PM [95m  DEBUG[39m [38;5;3m[SessionReminderJob] [39m[95m24h reminder cron skipped — set BOOKING_REMINDERS_ENABLED=on to enable[39m
[95m[Nest] 18971  - [39m10/05/2026, 3:00:00 PM [95m  DEBUG[39m [38;5;3m[SessionReminderJob] [39m[95m1h reminder cron skipped — set BOOKING_REMINDERS_ENABLED=on to enable[39m
[95m[Nest] 18971  - [39m10/05/2026, 3:00:00 PM [95m  DEBUG[39m [38;5;3m[SessionReminderJob] [39m[95m24h reminder cron skipped — set BOOKING_REMINDERS_ENABLED=on to enable[39m
[32m[Nest] 18971  - [39m10/05/2026, 3:00:00 PM [32m    LOG[39m [38;5;3m[SessionReminderJob] [39m[32mreminder sweep kind=booking_reminder_1h scanned=1 recovered=0 caught_up=0 dispatched=2 skipped=0 retrying=0 failed=0 retired=0 parked=0 recovery_failed=0[39m
[32m[Nest] 18971  - [39m10/05/2026, 3:00:00 PM [32m    LOG[39m [38;5;3m[SessionReminderJob] [39m[32mreminder sweep kind=booking_reminder_24h scanned=1 recovered=0 caught_up=0 dispatched=2 skipped=0 retrying=0 failed=0 retired=0 parked=0 recovery_failed=0[39m
PASS test/booking-lock-screen-push.spec.ts (218 MB heap size)
PASS test/push-delivery.service.spec.ts (233 MB heap size)
PASS test/notification-emitters.spec.ts (261 MB heap size)
[33m[Nest] 18971  - [39m10/05/2026, 9:06:26 PM [33m   WARN[39m [38;5;3m[MilestoneReachedEmitter] [39m[33mMilestoneReachedEmitter failed for user=user-1: DB down[39m
PASS test/push-delivery-round5.spec.ts (140 MB heap size)
PASS test/scheduling.service.spec.ts (170 MB heap size)
PASS test/push-delivery-send-time.spec.ts (196 MB heap size)
PASS test/booking-emitter.spec.ts (217 MB heap size)
[33m[Nest] 18971  - [39m10/05/2026, 9:06:28 PM [33m   WARN[39m [38;5;3m[BookingEmitter] [39m[33mBookingEmitter booking_reminder_1h push not queued for user=client-1[39m
[33m[Nest] 18971  - [39m10/05/2026, 9:06:28 PM [33m   WARN[39m [38;5;3m[BookingEmitter] [39m[33mBookingEmitter booking_rescheduled in-app write failed for user=coach-1: TypeError[39m
[33m[Nest] 18971  - [39m10/05/2026, 9:06:28 PM [33m   WARN[39m [38;5;3m[BookingEmitter] [39m[33mBookingEmitter booking_rescheduled push failed for user=coach-1: TypeError[39m
[31m[Nest] 18971  - [39m10/05/2026, 9:06:28 PM [31m  ERROR[39m [38;5;3m[SessionReminderJob] [39m[31mreminder claim failed: session=sess-dberr user=client-1 kind=booking_reminder_1h err=Error[39m
[31m[Nest] 18971  - [39m10/05/2026, 9:06:28 PM [31m  ERROR[39m [38;5;3m[SessionReminderJob] [39m[31mreminder claim failed: session=sess-dberr user=coach-1 kind=booking_reminder_1h err=Error[39m
[31m[Nest] 18971  - [39m10/05/2026, 9:06:28 PM [31m  ERROR[39m [38;5;3m[SessionReminderJob] [39m[31mreminder delivery failed: session=sess-fence user=coach-1 kind=booking_reminder_1h err=Error[39m
PASS test/booking-reminder.job.spec.ts (238 MB heap size)
[32m[Nest] 18971  - [39m10/05/2026, 9:06:28 PM [32m    LOG[39m [38;5;3m[SessionReminderJob] [39m[32mreminder sweep kind=booking_reminder_1h scanned=1 recovered=0 caught_up=0 dispatched=2 skipped=0 retrying=0 failed=0 retired=0 parked=0 recovery_failed=0[39m
[32m[Nest] 18971  - [39m10/05/2026, 9:06:28 PM [32m    LOG[39m [38;5;3m[SessionReminderJob] [39m[32mreminder sweep kind=booking_reminder_1h scanned=1 recovered=0 caught_up=0 dispatched=2 skipped=0 retrying=0 failed=0 retired=0 parked=0 recovery_failed=0[39m
[32m[Nest] 18971  - [39m10/05/2026, 9:06:28 PM [32m    LOG[39m [38;5;3m[SessionReminderJob] [39m[32mreminder sweep kind=booking_reminder_1h scanned=1 recovered=0 caught_up=0 dispatched=0 skipped=2 retrying=0 failed=0 retired=0 parked=0 recovery_failed=0[39m
[32m[Nest] 18971  - [39m10/05/2026, 9:06:28 PM [32m    LOG[39m [38;5;3m[SessionReminderJob] [39m[32mreminder sweep kind=booking_reminder_1h scanned=1 recovered=0 caught_up=0 dispatched=1 skipped=0 retrying=0 failed=0 retired=0 parked=0 recovery_failed=0[39m
[32m[Nest] 18971  - [39m10/05/2026, 9:06:28 PM [32m    LOG[39m [38;5;3m[SessionReminderJob] [39m[32mreminder sweep kind=booking_reminder_24h scanned=1 recovered=0 caught_up=0 dispatched=2 skipped=0 retrying=0 failed=0 retired=0 parked=0 recovery_failed=0[39m
[32m[Nest] 18971  - [39m10/05/2026, 9:06:28 PM [32m    LOG[39m [38;5;3m[SessionReminderJob] [39m[32mreminder sweep kind=booking_reminder_24h scanned=1 recovered=0 caught_up=0 dispatched=1 skipped=1 retrying=0 failed=0 retired=0 parked=0 recovery_failed=0[39m
[95m[Nest] 18971  - [39m10/05/2026, 9:06:28 PM [95m  DEBUG[39m [38;5;3m[SessionReminderJob] [39m[95m1h reminder cron skipped — set BOOKING_REMINDERS_ENABLED=on to enable[39m
[95m[Nest] 18971  - [39m10/05/2026, 9:06:28 PM [95m  DEBUG[39m [38;5;3m[SessionReminderJob] [39m[95m24h reminder cron skipped — set BOOKING_REMINDERS_ENABLED=on to enable[39m
[95m[Nest] 18971  - [39m10/05/2026, 9:06:28 PM [95m  DEBUG[39m [38;5;3m[SessionReminderJob] [39m[95m1h reminder cron skipped — set BOOKING_REMINDERS_ENABLED=on to enable[39m
[95m[Nest] 18971  - [39m10/05/2026, 9:06:28 PM [95m  DEBUG[39m [38;5;3m[SessionReminderJob] [39m[95m24h reminder cron skipped — set BOOKING_REMINDERS_ENABLED=on to enable[39m
[95m[Nest] 18971  - [39m10/05/2026, 9:06:28 PM [95m  DEBUG[39m [38;5;3m[SessionReminderJob] [39m[95m1h reminder cron skipped — set BOOKING_REMINDERS_ENABLED=on to enable[39m
[95m[Nest] 18971  - [39m10/05/2026, 9:06:28 PM [95m  DEBUG[39m [38;5;3m[SessionReminderJob] [39m[95m24h reminder cron skipped — set BOOKING_REMINDERS_ENABLED=on to enable[39m
[95m[Nest] 18971  - [39m10/05/2026, 9:06:28 PM [95m  DEBUG[39m [38;5;3m[SessionReminderJob] [39m[95m1h reminder cron skipped — set BOOKING_REMINDERS_ENABLED=on to enable[39m
[95m[Nest] 18971  - [39m10/05/2026, 9:06:28 PM [95m  DEBUG[39m [38;5;3m[SessionReminderJob] [39m[95m24h reminder cron skipped — set BOOKING_REMINDERS_ENABLED=on to enable[39m
[95m[Nest] 18971  - [39m10/05/2026, 9:06:28 PM [95m  DEBUG[39m [38;5;3m[SessionReminderJob] [39m[95m1h reminder cron skipped — set BOOKING_REMINDERS_ENABLED=on to enable[39m
[95m[Nest] 18971  - [39m10/05/2026, 9:06:28 PM [95m  DEBUG[39m [38;5;3m[SessionReminderJob] [39m[95m24h reminder cron skipped — set BOOKING_REMINDERS_ENABLED=on to enable[39m
[95m[Nest] 18971  - [39m10/05/2026, 9:06:28 PM [95m  DEBUG[39m [38;5;3m[SessionReminderJob] [39m[95m1h reminder cron skipped — set BOOKING_REMINDERS_ENABLED=on to enable[39m
[95m[Nest] 18971  - [39m10/05/2026, 9:06:28 PM [95m  DEBUG[39m [38;5;3m[SessionReminderJob] [39m[95m24h reminder cron skipped — set BOOKING_REMINDERS_ENABLED=on to enable[39m
[95m[Nest] 18971  - [39m10/05/2026, 9:06:28 PM [95m  DEBUG[39m [38;5;3m[SessionReminderJob] [39m[95m1h reminder cron skipped — set BOOKING_REMINDERS_ENABLED=on to enable[39m
[95m[Nest] 18971  - [39m10/05/2026, 9:06:28 PM [95m  DEBUG[39m [38;5;3m[SessionReminderJob] [39m[95m24h reminder cron skipped — set BOOKING_REMINDERS_ENABLED=on to enable[39m
[32m[Nest] 18971  - [39m10/05/2026, 9:06:28 PM [32m    LOG[39m [38;5;3m[SessionReminderJob] [39m[32mreminder sweep kind=booking_reminder_1h scanned=1 recovered=0 caught_up=0 dispatched=2 skipped=0 retrying=0 failed=0 retired=0 parked=0 recovery_failed=0[39m
[32m[Nest] 18971  - [39m10/05/2026, 9:06:28 PM [32m    LOG[39m [38;5;3m[SessionReminderJob] [39m[32mreminder sweep kind=booking_reminder_24h scanned=1 recovered=0 caught_up=0 dispatched=2 skipped=0 retrying=0 failed=0 retired=0 parked=0 recovery_failed=0[39m
[32m[Nest] 18971  - [39m10/05/2026, 9:06:28 PM [32m    LOG[39m [38;5;3m[SessionReminderJob] [39m[32mreminder sweep kind=booking_reminder_24h scanned=1 recovered=0 caught_up=0 dispatched=0 skipped=2 retrying=0 failed=0 retired=0 parked=0 recovery_failed=0[39m
[32m[Nest] 18971  - [39m10/06/2026, 12:06:28 AM [32m    LOG[39m [38;5;3m[SessionReminderJob] [39m[32mreminder sweep kind=booking_reminder_24h scanned=1 recovered=0 caught_up=0 dispatched=2 skipped=0 retrying=0 failed=0 retired=0 parked=0 recovery_failed=0[39m
[32m[Nest] 18971  - [39m10/05/2026, 9:06:28 PM [32m    LOG[39m [38;5;3m[SessionReminderJob] [39m[32mreminder sweep kind=booking_reminder_24h scanned=1 recovered=0 caught_up=0 dispatched=2 skipped=0 retrying=0 failed=0 retired=0 parked=0 recovery_failed=0[39m
[32m[Nest] 18971  - [39m10/05/2026, 9:06:28 PM [32m    LOG[39m [38;5;3m[SessionReminderJob] [39m[32mreminder sweep kind=booking_reminder_24h scanned=1 recovered=0 caught_up=0 dispatched=2 skipped=0 retrying=0 failed=0 retired=0 parked=0 recovery_failed=0[39m
[32m[Nest] 18971  - [39m10/05/2026, 9:06:28 PM [32m    LOG[39m [38;5;3m[SessionReminderJob] [39m[32mreminder sweep kind=booking_reminder_24h scanned=1 recovered=0 caught_up=0 dispatched=0 skipped=2 retrying=0 failed=0 retired=0 parked=0 recovery_failed=0[39m
[32m[Nest] 18971  - [39m10/05/2026, 9:06:28 PM [32m    LOG[39m [38;5;3m[SessionReminderJob] [39m[32mreminder sweep kind=booking_reminder_1h scanned=1 recovered=0 caught_up=0 dispatched=0 skipped=2 retrying=0 failed=0 retired=0 parked=0 recovery_failed=0[39m
[32m[Nest] 18971  - [39m10/05/2026, 9:06:28 PM [32m    LOG[39m [38;5;3m[SessionReminderJob] [39m[32mreminder sweep kind=booking_reminder_1h scanned=1 recovered=0 caught_up=0 dispatched=0 skipped=0 retrying=0 failed=2 retired=0 parked=0 recovery_failed=0[39m
[32m[Nest] 18971  - [39m10/05/2026, 9:06:28 PM [32m    LOG[39m [38;5;3m[SessionReminderJob] [39m[32mreminder sweep kind=booking_reminder_1h scanned=1 recovered=0 caught_up=0 dispatched=1 skipped=0 retrying=0 failed=1 retired=0 parked=0 recovery_failed=0[39m
[31m[Nest] 18971  - [39m06/02/2026, 12:40:00 AM [31m  ERROR[39m [38;5;3m[SessionReminderJob] [39m[31mreminder gave up after 3 attempts: claim=log-1 channels=push[39m
[31m[Nest] 18971  - [39m06/02/2026, 12:40:00 AM [31m  ERROR[39m [38;5;3m[SessionReminderJob] [39m[31mreminder gave up after 3 attempts: claim=log-2 channels=push[39m
PASS test/booking-reminder-local-time.spec.ts (259 MB heap size)
[33m[Nest] 18971  - [39m06/02/2026, 12:30:00 AM [33m   WARN[39m [38;5;3m[BookingEmitter] [39m[33mBookingEmitter booking_reminder_24h push not queued for user=client-1[39m
[33m[Nest] 18971  - [39m06/02/2026, 12:30:00 AM [33m   WARN[39m [38;5;3m[BookingEmitter] [39m[33mBookingEmitter booking_reminder_24h push not queued for user=coach-1[39m
[32m[Nest] 18971  - [39m06/02/2026, 12:30:00 AM [32m    LOG[39m [38;5;3m[SessionReminderJob] [39m[32mreminder sweep kind=booking_reminder_24h scanned=1 recovered=0 caught_up=0 dispatched=0 skipped=0 retrying=2 failed=0 retired=0 parked=0 recovery_failed=0[39m
[33m[Nest] 18971  - [39m06/02/2026, 11:30:00 PM [33m   WARN[39m [38;5;3m[BookingEmitter] [39m[33mBookingEmitter booking_reminder_1h push not queued for user=client-1[39m
[33m[Nest] 18971  - [39m06/02/2026, 11:30:00 PM [33m   WARN[39m [38;5;3m[BookingEmitter] [39m[33mBookingEmitter booking_reminder_1h push not queued for user=coach-1[39m
[32m[Nest] 18971  - [39m06/02/2026, 11:30:00 PM [32m    LOG[39m [38;5;3m[SessionReminderJob] [39m[32mreminder sweep kind=booking_reminder_1h scanned=1 recovered=0 caught_up=0 dispatched=0 skipped=0 retrying=2 failed=0 retired=0 parked=0 recovery_failed=0[39m
[33m[Nest] 18971  - [39m06/02/2026, 12:30:00 AM [33m   WARN[39m [38;5;3m[BookingEmitter] [39m[33mBookingEmitter booking_reminder_24h push not queued for user=client-1[39m
[33m[Nest] 18971  - [39m06/02/2026, 12:30:00 AM [33m   WARN[39m [38;5;3m[BookingEmitter] [39m[33mBookingEmitter booking_reminder_24h push not queued for user=coach-1[39m
[32m[Nest] 18971  - [39m06/02/2026, 12:30:00 AM [32m    LOG[39m [38;5;3m[SessionReminderJob] [39m[32mreminder sweep kind=booking_reminder_24h scanned=1 recovered=0 caught_up=0 dispatched=0 skipped=0 retrying=2 failed=0 retired=0 parked=0 recovery_failed=0[39m
[33m[Nest] 18971  - [39m06/02/2026, 12:30:00 AM [33m   WARN[39m [38;5;3m[BookingEmitter] [39m[33mBookingEmitter booking_reminder_24h push not queued for user=client-1[39m
[33m[Nest] 18971  - [39m06/02/2026, 12:30:00 AM [33m   WARN[39m [38;5;3m[BookingEmitter] [39m[33mBookingEmitter booking_reminder_24h push not queued for user=coach-1[39m
[32m[Nest] 18971  - [39m06/02/2026, 12:30:00 AM [32m    LOG[39m [38;5;3m[SessionReminderJob] [39m[32mreminder sweep kind=booking_reminder_24h scanned=1 recovered=0 caught_up=0 dispatched=0 skipped=0 retrying=2 failed=0 retired=0 parked=0 recovery_failed=0[39m
[33m[Nest] 18971  - [39m06/02/2026, 12:40:00 AM [33m   WARN[39m [38;5;3m[BookingEmitter] [39m[33mBookingEmitter booking_reminder_24h push not queued for user=client-1[39m
[33m[Nest] 18971  - [39m06/02/2026, 12:40:00 AM [33m   WARN[39m [38;5;3m[BookingEmitter] [39m[33mBookingEmitter booking_reminder_24h push not queued for user=coach-1[39m
[33m[Nest] 18971  - [39m06/02/2026, 12:40:00 AM [33m   WARN[39m [38;5;3m[BookingEmitter] [39m[33mBookingEmitter booking_reminder_24h push not queued for user=client-1[39m
[32m[Nest] 18971  - [39m06/02/2026, 12:40:00 AM [32m    LOG[39m [38;5;3m[SessionReminderJob] [39m[32mreminder sweep kind=booking_reminder_24h scanned=1 recovered=0 caught_up=0 dispatched=0 skipped=0 retrying=2 failed=0 retired=0 parked=0 recovery_failed=0[39m
[33m[Nest] 18971  - [39m06/02/2026, 12:40:00 AM [33m   WARN[39m [38;5;3m[BookingEmitter] [39m[33mBookingEmitter booking_reminder_24h push not queued for user=coach-1[39m
[32m[Nest] 18971  - [39m06/02/2026, 12:40:00 AM [32m    LOG[39m [38;5;3m[SessionReminderJob] [39m[32mreminder sweep kind=booking_reminder_24h scanned=1 recovered=0 caught_up=0 dispatched=0 skipped=0 retrying=2 failed=0 retired=0 parked=0 recovery_failed=0[39m
[33m[Nest] 18971  - [39m06/02/2026, 12:40:00 AM [33m   WARN[39m [38;5;3m[BookingEmitter] [39m[33mBookingEmitter booking_reminder_24h push not queued for user=client-1[39m
[33m[Nest] 18971  - [39m06/02/2026, 12:40:00 AM [33m   WARN[39m [38;5;3m[BookingEmitter] [39m[33mBookingEmitter booking_reminder_24h push not queued for user=coach-1[39m
[32m[Nest] 18971  - [39m06/02/2026, 12:40:00 AM [32m    LOG[39m [38;5;3m[SessionReminderJob] [39m[32mreminder sweep kind=booking_reminder_24h scanned=1 recovered=0 caught_up=0 dispatched=0 skipped=0 retrying=0 failed=2 retired=0 parked=0 recovery_failed=0[39m
[33m[Nest] 18971  - [39m06/02/2026, 12:30:00 AM [33m   WARN[39m [38;5;3m[BookingEmitter] [39m[33mBookingEmitter booking_reminder_24h push not queued for user=client-1[39m
[33m[Nest] 18971  - [39m06/02/2026, 12:30:00 AM [33m   WARN[39m [38;5;3m[BookingEmitter] [39m[33mBookingEmitter booking_reminder_24h push not queued for user=coach-1[39m
[32m[Nest] 18971  - [39m06/02/2026, 12:30:00 AM [32m    LOG[39m [38;5;3m[SessionReminderJob] [39m[32mreminder sweep kind=booking_reminder_24h scanned=1 recovered=0 caught_up=0 dispatched=0 skipped=0 retrying=2 failed=0 retired=0 parked=0 recovery_failed=0[39m
[33m[Nest] 18971  - [39m06/02/2026, 12:30:00 AM [33m   WARN[39m [38;5;3m[BookingEmitter] [39m[33mBookingEmitter booking_reminder_24h push not queued for user=client-1[39m
[33m[Nest] 18971  - [39m06/02/2026, 12:30:00 AM [33m   WARN[39m [38;5;3m[BookingEmitter] [39m[33mBookingEmitter booking_reminder_24h push not queued for user=coach-1[39m
[32m[Nest] 18971  - [39m06/02/2026, 12:30:00 AM [32m    LOG[39m [38;5;3m[SessionReminderJob] [39m[32mreminder sweep kind=booking_reminder_24h scanned=1 recovered=0 caught_up=0 dispatched=0 skipped=0 retrying=2 failed=0 retired=0 parked=0 recovery_failed=0[39m
[33m[Nest] 18971  - [39m06/02/2026, 12:30:00 AM [33m   WARN[39m [38;5;3m[BookingEmitter] [39m[33mBookingEmitter booking_reminder_24h push not queued for user=client-1[39m
[33m[Nest] 18971  - [39m06/02/2026, 12:30:00 AM [33m   WARN[39m [38;5;3m[BookingEmitter] [39m[33mBookingEmitter booking_reminder_24h push not queued for user=coach-1[39m
[32m[Nest] 18971  - [39m06/02/2026, 12:30:00 AM [32m    LOG[39m [38;5;3m[SessionReminderJob] [39m[32mreminder sweep kind=booking_reminder_24h scanned=1 recovered=0 caught_up=0 dispatched=0 skipped=0 retrying=2 failed=0 retired=0 parked=0 recovery_failed=0[39m
PASS test/push-lock-screen-copy.spec.ts (267 MB heap size)

Test Suites: 1 skipped, 13 passed, 13 of 14 total
Tests:       11 skipped, 306 passed, 317 total
Snapshots:   0 total
Time:        7.295 s, estimated 9 s
Ran all test suites matching test/booking-emitter.spec.ts|test/booking-lock-screen-push.spec.ts|test/booking-reminder-local-time.spec.ts|test/booking-reminder.job.spec.ts|test/push-delivery-round5.spec.ts|test/push-delivery-send-time.spec.ts|test/push-delivery.service.spec.ts|test/scheduling-lifecycle-integrity.spec.ts|test/scheduling-reminder-delivery.spec.ts|test/scheduling-request-expiry.spec.ts|test/scheduling.service.spec.ts|test/push-lock-screen-copy.spec.ts|test/notification-emitters.spec.ts|test/scheduling-booking-concurrency.live.spec.ts.
