2026-10-05T18:33:53.7845084Z Current runner version: '2.337.0'
2026-10-05T18:33:53.7880495Z ##[group]Runner Image Provisioner
2026-10-05T18:33:53.7882049Z Hosted Compute Agent
2026-10-05T18:33:53.7882989Z Version: 20260901.588
2026-10-05T18:33:53.7884091Z Commit: f88ec8081b781fac6c440065ac7ff9e710ce3d0b
2026-10-05T18:33:53.7885326Z Build Date: 2026-09-01T19:56:44Z
2026-10-05T18:33:53.7886513Z Worker ID: {f4d9dfcb-b3c4-44a3-8d59-60f359b37556}
2026-10-05T18:33:53.7887833Z Azure Region: eastus
2026-10-05T18:33:53.7888773Z ##[endgroup]
2026-10-05T18:33:53.7891469Z ##[group]Operating System
2026-10-05T18:33:53.7892518Z Ubuntu
2026-10-05T18:33:53.7893496Z 24.04.5
2026-10-05T18:33:53.7894328Z LTS
2026-10-05T18:33:53.7895182Z ##[endgroup]
2026-10-05T18:33:53.7896237Z ##[group]Runner Image
2026-10-05T18:33:53.7897204Z Image: ubuntu-24.04
2026-10-05T18:33:53.7898182Z Version: 20260927.320.1
2026-10-05T18:33:53.7900581Z Included Software: https://github.com/actions/runner-images/blob/ubuntu24/20260927.320/images/ubuntu/Ubuntu2404-Readme.md
2026-10-05T18:33:53.7903337Z Image Release: https://github.com/actions/runner-images/releases/tag/ubuntu24%2F20260927.320
2026-10-05T18:33:53.7904998Z ##[endgroup]
2026-10-05T18:33:53.7907120Z ##[group]GITHUB_TOKEN Permissions
2026-10-05T18:33:53.7909951Z Contents: read
2026-10-05T18:33:53.7910998Z Metadata: read
2026-10-05T18:33:53.7911875Z Packages: read
2026-10-05T18:33:53.7912886Z ##[endgroup]
2026-10-05T18:33:53.7915926Z Secret source: Actions
2026-10-05T18:33:53.7917525Z Cache mode: write
2026-10-05T18:33:53.7918662Z Prepare workflow directory
2026-10-05T18:33:53.8557232Z Prepare all required actions
2026-10-05T18:33:53.8627924Z Getting action download info
2026-10-05T18:33:54.0967424Z Download action repository 'actions/checkout@v6' (SHA:d23441a48e516b6c34aea4fa41551a30e30af803)
2026-10-05T18:33:54.1965009Z Download action repository 'actions/setup-node@v6' (SHA:249970729cb0ef3589644e2896645e5dc5ba9c38)
2026-10-05T18:33:54.3919434Z Complete job name: mwb-3-live-tests
2026-10-05T18:33:54.4468363Z ##[group]Checking docker version
2026-10-05T18:33:54.4481913Z ##[command]/usr/bin/docker version --format '{{.Server.APIVersion}}'
2026-10-05T18:33:54.5547308Z '1.48'
2026-10-05T18:33:54.5564927Z Docker daemon API version: '1.48'
2026-10-05T18:33:54.5565772Z ##[command]/usr/bin/docker version --format '{{.Client.APIVersion}}'
2026-10-05T18:33:54.5727950Z '1.48'
2026-10-05T18:33:54.5741481Z Docker client API version: '1.48'
2026-10-05T18:33:54.5746945Z ##[endgroup]
2026-10-05T18:33:54.5750189Z ##[group]Clean up resources from previous jobs
2026-10-05T18:33:54.5755960Z ##[command]/usr/bin/docker ps --all --quiet --no-trunc --filter "label=20be06"
2026-10-05T18:33:54.5903092Z ##[command]/usr/bin/docker network prune --force --filter "label=20be06"
2026-10-05T18:33:54.6025642Z ##[endgroup]
2026-10-05T18:33:54.6026186Z ##[group]Create local container network
2026-10-05T18:33:54.6036152Z ##[command]/usr/bin/docker network create --label 20be06 github_network_2c0e09da31604c26b223081174f65f7d
2026-10-05T18:33:54.6570070Z f87fb8464d953e80284db429fe29c9e279ab34786549db37600558868d1115f0
2026-10-05T18:33:54.6587022Z ##[endgroup]
2026-10-05T18:33:54.6612560Z ##[group]Starting postgres service container
2026-10-05T18:33:54.6633855Z ##[command]/usr/bin/docker pull postgres:15
2026-10-05T18:33:54.9104608Z 15: Pulling from library/postgres
2026-10-05T18:33:54.9801380Z 6b37362b3da7: Pulling fs layer
2026-10-05T18:33:54.9802489Z 0d791b2b75ae: Pulling fs layer
2026-10-05T18:33:54.9803372Z 0d39881c83f7: Pulling fs layer
2026-10-05T18:33:54.9804135Z c95afe7c234f: Pulling fs layer
2026-10-05T18:33:54.9804897Z bc176b99a33a: Pulling fs layer
2026-10-05T18:33:54.9805694Z 08a5cd487deb: Pulling fs layer
2026-10-05T18:33:54.9806403Z eb4d92aaee0a: Pulling fs layer
2026-10-05T18:33:54.9807346Z 75a4dff090e8: Pulling fs layer
2026-10-05T18:33:54.9808287Z afe9a40fb214: Pulling fs layer
2026-10-05T18:33:54.9809179Z ca5e97c0cd7d: Pulling fs layer
2026-10-05T18:33:54.9810138Z 53fa82bdba52: Pulling fs layer
2026-10-05T18:33:54.9810792Z 7b9c6b8e5e6e: Pulling fs layer
2026-10-05T18:33:54.9811594Z b65147f15943: Pulling fs layer
2026-10-05T18:33:54.9812122Z 170d9ea1cd85: Pulling fs layer
2026-10-05T18:33:54.9812630Z c95afe7c234f: Waiting
2026-10-05T18:33:54.9813092Z bc176b99a33a: Waiting
2026-10-05T18:33:54.9813548Z 08a5cd487deb: Waiting
2026-10-05T18:33:54.9813997Z 53fa82bdba52: Waiting
2026-10-05T18:33:54.9814450Z 7b9c6b8e5e6e: Waiting
2026-10-05T18:33:54.9814889Z b65147f15943: Waiting
2026-10-05T18:33:54.9815345Z eb4d92aaee0a: Waiting
2026-10-05T18:33:54.9816369Z afe9a40fb214: Waiting
2026-10-05T18:33:54.9817166Z 170d9ea1cd85: Waiting
2026-10-05T18:33:54.9817911Z ca5e97c0cd7d: Waiting
2026-10-05T18:33:54.9818659Z 75a4dff090e8: Waiting
2026-10-05T18:33:55.0765302Z 0d791b2b75ae: Verifying Checksum
2026-10-05T18:33:55.0767250Z 0d791b2b75ae: Download complete
2026-10-05T18:33:55.1144325Z 0d39881c83f7: Verifying Checksum
2026-10-05T18:33:55.1146054Z 0d39881c83f7: Download complete
2026-10-05T18:33:55.1228607Z c95afe7c234f: Verifying Checksum
2026-10-05T18:33:55.1231474Z c95afe7c234f: Download complete
2026-10-05T18:33:55.1583008Z 08a5cd487deb: Verifying Checksum
2026-10-05T18:33:55.1586074Z 08a5cd487deb: Download complete
2026-10-05T18:33:55.1790606Z bc176b99a33a: Verifying Checksum
2026-10-05T18:33:55.1793476Z bc176b99a33a: Download complete
2026-10-05T18:33:55.1848127Z eb4d92aaee0a: Verifying Checksum
2026-10-05T18:33:55.1849429Z eb4d92aaee0a: Download complete
2026-10-05T18:33:55.1905914Z 6b37362b3da7: Verifying Checksum
2026-10-05T18:33:55.1907802Z 6b37362b3da7: Download complete
2026-10-05T18:33:55.2094012Z 75a4dff090e8: Verifying Checksum
2026-10-05T18:33:55.2095432Z 75a4dff090e8: Download complete
2026-10-05T18:33:55.2166444Z ca5e97c0cd7d: Verifying Checksum
2026-10-05T18:33:55.2168075Z ca5e97c0cd7d: Download complete
2026-10-05T18:33:55.2424927Z 53fa82bdba52: Verifying Checksum
2026-10-05T18:33:55.2427851Z 53fa82bdba52: Download complete
2026-10-05T18:33:55.2448783Z 7b9c6b8e5e6e: Verifying Checksum
2026-10-05T18:33:55.2452547Z 7b9c6b8e5e6e: Download complete
2026-10-05T18:33:55.2728927Z b65147f15943: Verifying Checksum
2026-10-05T18:33:55.2732060Z b65147f15943: Download complete
2026-10-05T18:33:55.2769540Z 170d9ea1cd85: Verifying Checksum
2026-10-05T18:33:55.2771207Z 170d9ea1cd85: Download complete
2026-10-05T18:33:55.6136413Z afe9a40fb214: Verifying Checksum
2026-10-05T18:33:55.6137799Z afe9a40fb214: Download complete
2026-10-05T18:33:56.3021214Z 6b37362b3da7: Pull complete
2026-10-05T18:33:59.2716410Z 0d791b2b75ae: Pull complete
2026-10-05T18:33:59.4480768Z 0d39881c83f7: Pull complete
2026-10-05T18:33:59.4858461Z c95afe7c234f: Pull complete
2026-10-05T18:33:59.7968010Z bc176b99a33a: Pull complete
2026-10-05T18:33:59.8731981Z 08a5cd487deb: Pull complete
2026-10-05T18:33:59.8811468Z eb4d92aaee0a: Pull complete
2026-10-05T18:33:59.8936121Z 75a4dff090e8: Pull complete
2026-10-05T18:34:02.8790127Z afe9a40fb214: Pull complete
2026-10-05T18:34:02.8911040Z ca5e97c0cd7d: Pull complete
2026-10-05T18:34:02.8991078Z 53fa82bdba52: Pull complete
2026-10-05T18:34:02.9096012Z 7b9c6b8e5e6e: Pull complete
2026-10-05T18:34:02.9186896Z b65147f15943: Pull complete
2026-10-05T18:34:02.9268226Z 170d9ea1cd85: Pull complete
2026-10-05T18:34:02.9304729Z Digest: sha256:724292da1f2e50bdccfc3302ce75bbba7f4a6076701b588cc795fcac65683550
2026-10-05T18:34:02.9315796Z Status: Downloaded newer image for postgres:15
2026-10-05T18:34:02.9325751Z docker.io/library/postgres:15
2026-10-05T18:34:02.9386280Z ##[command]/usr/bin/docker create --name ad58df5812da431b94ff10ef183e6a8c_postgres15_57a448 --label 20be06 --network github_network_2c0e09da31604c26b223081174f65f7d --network-alias postgres -p 5432:5432 --health-cmd "pg_isready -U postgres" --health-interval 10s --health-timeout 5s --health-retries 10 -e "POSTGRES_USER=postgres" -e "POSTGRES_PASSWORD=postgres" -e "POSTGRES_DB=postgres" -e GITHUB_ACTIONS=true -e CI=true postgres:15
2026-10-05T18:34:02.9634338Z ab9919090edf2ee19dbda04b1f76b59aa60c21cd7b9fe870c94f4b06e5bd64e9
2026-10-05T18:34:02.9657074Z ##[command]/usr/bin/docker start ab9919090edf2ee19dbda04b1f76b59aa60c21cd7b9fe870c94f4b06e5bd64e9
2026-10-05T18:34:03.1947209Z ab9919090edf2ee19dbda04b1f76b59aa60c21cd7b9fe870c94f4b06e5bd64e9
2026-10-05T18:34:03.1981872Z ##[command]/usr/bin/docker ps --all --filter id=ab9919090edf2ee19dbda04b1f76b59aa60c21cd7b9fe870c94f4b06e5bd64e9 --filter status=running --no-trunc --format "{{.ID}} {{.Status}}"
2026-10-05T18:34:03.2117713Z ab9919090edf2ee19dbda04b1f76b59aa60c21cd7b9fe870c94f4b06e5bd64e9 Up Less than a second (health: starting)
2026-10-05T18:34:03.2143758Z ##[command]/usr/bin/docker port ab9919090edf2ee19dbda04b1f76b59aa60c21cd7b9fe870c94f4b06e5bd64e9
2026-10-05T18:34:03.2285572Z 5432/tcp -> 0.0.0.0:5432
2026-10-05T18:34:03.2286078Z 5432/tcp -> [::]:5432
2026-10-05T18:34:03.2343319Z ##[endgroup]
2026-10-05T18:34:03.2355297Z ##[group]Waiting for all services to be ready
2026-10-05T18:34:03.2375079Z ##[command]/usr/bin/docker inspect --format="{{if .Config.Healthcheck}}{{print .State.Health.Status}}{{end}}" ab9919090edf2ee19dbda04b1f76b59aa60c21cd7b9fe870c94f4b06e5bd64e9
2026-10-05T18:34:03.2520918Z starting
2026-10-05T18:34:03.2545972Z postgres service is starting, waiting 2 seconds before checking again.
2026-10-05T18:34:05.2551813Z ##[command]/usr/bin/docker inspect --format="{{if .Config.Healthcheck}}{{print .State.Health.Status}}{{end}}" ab9919090edf2ee19dbda04b1f76b59aa60c21cd7b9fe870c94f4b06e5bd64e9
2026-10-05T18:34:05.2676610Z starting
2026-10-05T18:34:05.2688770Z postgres service is starting, waiting 3 seconds before checking again.
2026-10-05T18:34:09.0684208Z ##[command]/usr/bin/docker inspect --format="{{if .Config.Healthcheck}}{{print .State.Health.Status}}{{end}}" ab9919090edf2ee19dbda04b1f76b59aa60c21cd7b9fe870c94f4b06e5bd64e9
2026-10-05T18:34:09.0811146Z starting
2026-10-05T18:34:09.0823945Z postgres service is starting, waiting 8 seconds before checking again.
2026-10-05T18:34:17.3740434Z ##[command]/usr/bin/docker inspect --format="{{if .Config.Healthcheck}}{{print .State.Health.Status}}{{end}}" ab9919090edf2ee19dbda04b1f76b59aa60c21cd7b9fe870c94f4b06e5bd64e9
2026-10-05T18:34:17.3861582Z healthy
2026-10-05T18:34:17.3877319Z postgres service is healthy.
2026-10-05T18:34:17.3877987Z ##[endgroup]
2026-10-05T18:34:17.4238286Z ##[group]Run actions/checkout@v6
2026-10-05T18:34:17.4238839Z with:
2026-10-05T18:34:17.4239142Z   repository: BradleyGleavePortfolio/growth-project-backend
2026-10-05T18:34:17.4241746Z   token: ***
2026-10-05T18:34:17.4241971Z   ssh-strict: true
2026-10-05T18:34:17.4242181Z   ssh-user: git
2026-10-05T18:34:17.4242391Z   persist-credentials: true
2026-10-05T18:34:17.4242626Z   clean: true
2026-10-05T18:34:17.4242835Z   sparse-checkout-cone-mode: true
2026-10-05T18:34:17.4243087Z   fetch-depth: 1
2026-10-05T18:34:17.4243284Z   fetch-tags: false
2026-10-05T18:34:17.4243487Z   show-progress: true
2026-10-05T18:34:17.4243692Z   lfs: false
2026-10-05T18:34:17.4243877Z   submodules: false
2026-10-05T18:34:17.4244080Z   set-safe-directory: true
2026-10-05T18:34:17.4244323Z   allow-unsafe-pr-checkout: false
2026-10-05T18:34:17.4244794Z env:
2026-10-05T18:34:17.4245212Z   DATABASE_URL: ***localhost:5432/postgres
2026-10-05T18:34:17.4245636Z   DIRECT_URL: ***localhost:5432/postgres
2026-10-05T18:34:17.4246108Z   MWB3_TEST_DATABASE_URL: ***localhost:5432/postgres
2026-10-05T18:34:17.4246410Z ##[endgroup]
2026-10-05T18:34:17.5266343Z Syncing repository: BradleyGleavePortfolio/growth-project-backend
2026-10-05T18:34:17.5268104Z ##[group]Getting Git version info
2026-10-05T18:34:17.5268678Z Working directory is '/home/runner/work/growth-project-backend/growth-project-backend'
2026-10-05T18:34:17.5269469Z [command]/usr/bin/git version
2026-10-05T18:34:17.5356962Z git version 2.55.0
2026-10-05T18:34:17.5380389Z ##[endgroup]
2026-10-05T18:34:17.5396451Z Temporarily overriding HOME='/home/runner/work/_temp/310d1322-73a2-423a-986c-ab824e69fc68' before making global git config changes
2026-10-05T18:34:17.5397915Z Adding repository directory to the temporary git global config as a safe directory
2026-10-05T18:34:17.5403417Z [command]/usr/bin/git config --global --add safe.directory /home/runner/work/growth-project-backend/growth-project-backend
2026-10-05T18:34:17.5457217Z Deleting the contents of '/home/runner/work/growth-project-backend/growth-project-backend'
2026-10-05T18:34:17.5461279Z ##[group]Determining repository object format
2026-10-05T18:34:17.5463951Z ##[endgroup]
2026-10-05T18:34:17.5464395Z ##[group]Initializing the repository
2026-10-05T18:34:17.5470474Z [command]/usr/bin/git init /home/runner/work/growth-project-backend/growth-project-backend
2026-10-05T18:34:17.5636181Z hint: Using 'master' as the name for the initial branch. This default branch name
2026-10-05T18:34:17.5637047Z hint: will change to "main" in Git 3.0. To configure the initial branch name
2026-10-05T18:34:17.5638049Z hint: to use in all of your new repositories, which will suppress this warning,
2026-10-05T18:34:17.5638811Z hint: call:
2026-10-05T18:34:17.5639134Z hint:
2026-10-05T18:34:17.5639919Z hint: 	git config --global init.defaultBranch <name>
2026-10-05T18:34:17.5640550Z hint:
2026-10-05T18:34:17.5641158Z hint: Names commonly chosen instead of 'master' are 'main', 'trunk' and
2026-10-05T18:34:17.5642132Z hint: 'development'. The just-created branch can be renamed via this command:
2026-10-05T18:34:17.5642738Z hint:
2026-10-05T18:34:17.5642983Z hint: 	git branch -m <name>
2026-10-05T18:34:17.5643254Z hint:
2026-10-05T18:34:17.5643636Z hint: Disable this message with "git config set advice.defaultBranchName false"
2026-10-05T18:34:17.5644701Z Initialized empty Git repository in /home/runner/work/growth-project-backend/growth-project-backend/.git/
2026-10-05T18:34:17.5655020Z [command]/usr/bin/git remote add origin https://github.com/BradleyGleavePortfolio/growth-project-backend
2026-10-05T18:34:17.5707316Z ##[endgroup]
2026-10-05T18:34:17.5707719Z ##[group]Disabling automatic garbage collection
2026-10-05T18:34:17.5711751Z [command]/usr/bin/git config --local gc.auto 0
2026-10-05T18:34:17.5743795Z ##[endgroup]
2026-10-05T18:34:17.5744722Z ##[group]Setting up auth
2026-10-05T18:34:17.5745435Z Removing SSH command configuration
2026-10-05T18:34:17.5752964Z [command]/usr/bin/git config --local --name-only --get-regexp core\.sshCommand
2026-10-05T18:34:17.5785672Z [command]/usr/bin/git submodule foreach --recursive sh -c "git config --local --name-only --get-regexp 'core\.sshCommand' && git config --local --unset-all 'core.sshCommand' || :"
2026-10-05T18:34:17.6155951Z Removing HTTP extra header
2026-10-05T18:34:17.6162045Z [command]/usr/bin/git config --local --name-only --get-regexp http\.https\:\/\/github\.com\/\.extraheader
2026-10-05T18:34:17.6194863Z [command]/usr/bin/git submodule foreach --recursive sh -c "git config --local --name-only --get-regexp 'http\.https\:\/\/github\.com\/\.extraheader' && git config --local --unset-all 'http.https://github.com/.extraheader' || :"
2026-10-05T18:34:17.6411997Z Removing includeIf entries pointing to credentials config files
2026-10-05T18:34:17.6419194Z [command]/usr/bin/git config --local --name-only --get-regexp ^includeIf\.gitdir:
2026-10-05T18:34:17.6449942Z [command]/usr/bin/git submodule foreach --recursive git config --local --show-origin --name-only --get-regexp remote.origin.url
2026-10-05T18:34:17.6673643Z [command]/usr/bin/git config --file /home/runner/work/_temp/git-credentials-c3c3a745-291e-464b-bd5b-0943d39f6d6a.config http.https://github.com/.extraheader AUTHORIZATION: basic ***
2026-10-05T18:34:17.6711352Z [command]/usr/bin/git config --local includeIf.gitdir:/home/runner/work/growth-project-backend/growth-project-backend/.git.path /home/runner/work/_temp/git-credentials-c3c3a745-291e-464b-bd5b-0943d39f6d6a.config
2026-10-05T18:34:17.6743107Z [command]/usr/bin/git config --local includeIf.gitdir:/home/runner/work/growth-project-backend/growth-project-backend/.git/worktrees/*.path /home/runner/work/_temp/git-credentials-c3c3a745-291e-464b-bd5b-0943d39f6d6a.config
2026-10-05T18:34:17.6777963Z [command]/usr/bin/git config --local includeIf.gitdir:/github/workspace/.git.path /github/runner_temp/git-credentials-c3c3a745-291e-464b-bd5b-0943d39f6d6a.config
2026-10-05T18:34:17.6809117Z [command]/usr/bin/git config --local includeIf.gitdir:/github/workspace/.git/worktrees/*.path /github/runner_temp/git-credentials-c3c3a745-291e-464b-bd5b-0943d39f6d6a.config
2026-10-05T18:34:17.6836625Z ##[endgroup]
2026-10-05T18:34:17.6837124Z ##[group]Fetching the repository
2026-10-05T18:34:17.6845245Z [command]/usr/bin/git -c protocol.version=2 fetch --no-tags --prune --no-recurse-submodules --depth=1 origin +f57557fca93e92b56347634a4bde4ef7242e5d9f:refs/remotes/pull/703/merge
2026-10-05T18:34:18.8260118Z From https://github.com/BradleyGleavePortfolio/growth-project-backend
2026-10-05T18:34:18.8261370Z  * [new ref]         f57557fca93e92b56347634a4bde4ef7242e5d9f -> pull/703/merge
2026-10-05T18:34:18.8275749Z ##[endgroup]
2026-10-05T18:34:18.8276338Z ##[group]Determining the checkout info
2026-10-05T18:34:18.8276972Z ##[endgroup]
2026-10-05T18:34:18.8277353Z [command]/usr/bin/git sparse-checkout disable
2026-10-05T18:34:18.8332792Z [command]/usr/bin/git config --local --unset-all extensions.worktreeConfig
2026-10-05T18:34:18.8363371Z ##[group]Checking out the ref
2026-10-05T18:34:18.8370852Z [command]/usr/bin/git checkout --progress --force refs/remotes/pull/703/merge
2026-10-05T18:34:19.0615932Z Note: switching to 'refs/remotes/pull/703/merge'.
2026-10-05T18:34:19.0616256Z 
2026-10-05T18:34:19.0616666Z You are in 'detached HEAD' state. You can look around, make experimental
2026-10-05T18:34:19.0617260Z changes and commit them, and you can discard any commits you make in this
2026-10-05T18:34:19.0617834Z state without impacting any branches by switching back to a branch.
2026-10-05T18:34:19.0618176Z 
2026-10-05T18:34:19.0618416Z If you want to create a new branch to retain commits you create, you may
2026-10-05T18:34:19.0618948Z do so (now or later) by using -c with the switch command. Example:
2026-10-05T18:34:19.0619260Z 
2026-10-05T18:34:19.0619388Z   git switch -c <new-branch-name>
2026-10-05T18:34:19.0619857Z 
2026-10-05T18:34:19.0620018Z Or undo this operation with:
2026-10-05T18:34:19.0620240Z 
2026-10-05T18:34:19.0620346Z   git switch -
2026-10-05T18:34:19.0620498Z 
2026-10-05T18:34:19.0621039Z Turn off this advice by setting config variable advice.detachedHead to false
2026-10-05T18:34:19.0621439Z 
2026-10-05T18:34:19.0621869Z HEAD is now at f57557f Merge ebde8b3b5b499f40974c3f32dc925618c81d2c89 into e3940bd0aa4f306b5da0ddf707017a33b73de5ed
2026-10-05T18:34:19.0630191Z ##[endgroup]
2026-10-05T18:34:19.0674418Z [command]/usr/bin/git log -1 --format=%H
2026-10-05T18:34:19.0699117Z f57557fca93e92b56347634a4bde4ef7242e5d9f
2026-10-05T18:34:19.0968753Z ##[group]Run actions/setup-node@v6
2026-10-05T18:34:19.0969050Z with:
2026-10-05T18:34:19.0969245Z   node-version: 20
2026-10-05T18:34:19.0969448Z   cache: npm
2026-10-05T18:34:19.0969955Z   check-latest: false
2026-10-05T18:34:19.0972284Z   token: ***
2026-10-05T18:34:19.0972509Z   package-manager-cache: true
2026-10-05T18:34:19.0972758Z env:
2026-10-05T18:34:19.0973130Z   DATABASE_URL: ***localhost:5432/postgres
2026-10-05T18:34:19.0973591Z   DIRECT_URL: ***localhost:5432/postgres
2026-10-05T18:34:19.0974040Z   MWB3_TEST_DATABASE_URL: ***localhost:5432/postgres
2026-10-05T18:34:19.0974337Z ##[endgroup]
2026-10-05T18:34:19.2439129Z Attempting to download 20...
2026-10-05T18:34:19.7652429Z Acquiring 20.20.2 - x64 from https://github.com/actions/node-versions/releases/download/20.20.2-23521894959/node-20.20.2-linux-x64.tar.gz
2026-10-05T18:34:20.1082479Z Extracting ...
2026-10-05T18:34:20.1193579Z [command]/usr/bin/tar xz --strip 1 --warning=no-unknown-keyword --overwrite -C /home/runner/work/_temp/5626feee-f7b8-4da7-bed0-c0b46fd6ad04 -f /home/runner/work/_temp/21dae525-f1fc-4630-a75b-0d995f09048a
2026-10-05T18:34:21.1506737Z Adding to the cache ...
2026-10-05T18:34:22.9942123Z ##[group]Environment details
2026-10-05T18:34:23.2170716Z node: v20.20.2
2026-10-05T18:34:23.2171275Z npm: 10.8.2
2026-10-05T18:34:23.2171680Z yarn: 1.22.22
2026-10-05T18:34:23.2172367Z ##[endgroup]
2026-10-05T18:34:23.2202920Z [command]/opt/hostedtoolcache/node/20.20.2/x64/bin/npm config get cache
2026-10-05T18:34:23.3293964Z /home/runner/.npm
2026-10-05T18:34:23.3970396Z Cache hit for: node-cache-Linux-x64-npm-07f78abbac5e2cbfcef112b8b919e298f8da38fa5e6aaf98a3625ef672bd5b12
2026-10-05T18:34:24.0607944Z Received 86828135 of 86828135 (100.0%), 136.6 MBs/sec
2026-10-05T18:34:24.0608945Z Cache Size: ~83 MB (86828135 B)
2026-10-05T18:34:24.0644928Z [command]/usr/bin/tar -xf /home/runner/work/_temp/e740749a-46b1-45af-b04a-420597c6fd46/cache.tzst -P -C /home/runner/work/growth-project-backend/growth-project-backend --use-compress-program unzstd
2026-10-05T18:34:24.2624074Z Cache restored successfully
2026-10-05T18:34:24.2668503Z Cache restored from key: node-cache-Linux-x64-npm-07f78abbac5e2cbfcef112b8b919e298f8da38fa5e6aaf98a3625ef672bd5b12
2026-10-05T18:34:24.2856097Z ##[group]Run npm ci
2026-10-05T18:34:24.2856387Z [36;1mnpm ci[0m
2026-10-05T18:34:24.3097647Z shell: /usr/bin/bash -e {0}
2026-10-05T18:34:24.3097926Z env:
2026-10-05T18:34:24.3098398Z   DATABASE_URL: ***localhost:5432/postgres
2026-10-05T18:34:24.3098862Z   DIRECT_URL: ***localhost:5432/postgres
2026-10-05T18:34:24.3099347Z   MWB3_TEST_DATABASE_URL: ***localhost:5432/postgres
2026-10-05T18:34:24.3100011Z ##[endgroup]
2026-10-05T18:34:30.0366024Z npm warn deprecated inflight@1.0.6: This module is not supported, and leaks memory. Do not use it. Check out lru-cache if you want a good and tested way to coalesce async requests by a key value, which is much more comprehensive and powerful.
2026-10-05T18:34:30.9656387Z npm warn deprecated jpeg-exif@1.1.4: Package no longer supported. Contact Support at https://www.npmjs.com/support for more info.
2026-10-05T18:34:32.2143078Z npm warn deprecated glob@7.2.3: Old versions of glob are not supported, and contain widely publicized security vulnerabilities, which have been fixed in the current version. Please update. Support for old versions may be purchased (at exorbitant rates) by contacting i@izs.me
2026-10-05T18:34:33.5839229Z npm warn deprecated glob@10.5.0: Old versions of glob are not supported, and contain widely publicized security vulnerabilities, which have been fixed in the current version. Please update. Support for old versions may be purchased (at exorbitant rates) by contacting i@izs.me
2026-10-05T18:34:33.5975432Z npm warn deprecated glob@10.5.0: Old versions of glob are not supported, and contain widely publicized security vulnerabilities, which have been fixed in the current version. Please update. Support for old versions may be purchased (at exorbitant rates) by contacting i@izs.me
2026-10-05T18:34:33.6481052Z npm warn deprecated glob@10.5.0: Old versions of glob are not supported, and contain widely publicized security vulnerabilities, which have been fixed in the current version. Please update. Support for old versions may be purchased (at exorbitant rates) by contacting i@izs.me
2026-10-05T18:34:46.4794657Z 
2026-10-05T18:34:46.4795373Z > growth-project-backend@1.0.0 postinstall
2026-10-05T18:34:46.4795811Z > prisma generate
2026-10-05T18:34:46.4796129Z 
2026-10-05T18:34:47.4127089Z Prisma schema loaded from prisma/schema.prisma
2026-10-05T18:34:51.2712860Z ┌─────────────────────────────────────────────────────────┐
2026-10-05T18:34:51.2713875Z │  Update available 6.19.3 -> 8.0.0-rc.20                 │
2026-10-05T18:34:51.2714691Z │                                                         │
2026-10-05T18:34:51.2715477Z │  This is a major update - please follow the guide at    │
2026-10-05T18:34:51.2716112Z │  https://pris.ly/d/major-version-upgrade                │
2026-10-05T18:34:51.2716684Z │                                                         │
2026-10-05T18:34:51.2717200Z │  Run the following to update                            │
2026-10-05T18:34:51.2717777Z │    npm i --save-dev prisma@latest                       │
2026-10-05T18:34:51.2718316Z │    npm i @prisma/client@latest                          │
2026-10-05T18:34:51.2718876Z └─────────────────────────────────────────────────────────┘
2026-10-05T18:34:51.2720352Z 
2026-10-05T18:34:51.2721534Z ✔ Generated Prisma Client (v6.19.3) to ./node_modules/@prisma/client in 2.13s
2026-10-05T18:34:51.2721918Z 
2026-10-05T18:34:51.2722345Z Start by importing your Prisma Client (See: https://pris.ly/d/importing-client)
2026-10-05T18:34:51.2722694Z 
2026-10-05T18:34:51.2723019Z Tip: Want to turn off tips and other hints? https://pris.ly/tip-4-nohints
2026-10-05T18:34:51.2723332Z 
2026-10-05T18:34:51.3257682Z 
2026-10-05T18:34:51.3258186Z > growth-project-backend@1.0.0 prepare
2026-10-05T18:34:51.3258803Z > lefthook install
2026-10-05T18:34:51.3259074Z 
2026-10-05T18:34:51.3760673Z sync hooks: ✔️(pre-commit, commit-msg)
2026-10-05T18:34:51.3932587Z 
2026-10-05T18:34:51.3933360Z added 1115 packages, and audited 1116 packages in 27s
2026-10-05T18:34:51.3933669Z 
2026-10-05T18:34:51.3934143Z 202 packages are looking for funding
2026-10-05T18:34:51.3934476Z   run `npm fund` for details
2026-10-05T18:34:51.3966286Z 
2026-10-05T18:34:51.3966603Z 3 high severity vulnerabilities
2026-10-05T18:34:51.3967005Z 
2026-10-05T18:34:51.3967410Z To address all issues (including breaking changes), run:
2026-10-05T18:34:51.3968095Z   npm audit fix --force
2026-10-05T18:34:51.3968351Z 
2026-10-05T18:34:51.3968553Z Run `npm audit` for details.
2026-10-05T18:34:51.4606413Z ##[group]Run npx prisma generate
2026-10-05T18:34:51.4606753Z [36;1mnpx prisma generate[0m
2026-10-05T18:34:51.4679511Z shell: /usr/bin/bash -e {0}
2026-10-05T18:34:51.4679928Z env:
2026-10-05T18:34:51.4680375Z   DATABASE_URL: ***localhost:5432/postgres
2026-10-05T18:34:51.4680822Z   DIRECT_URL: ***localhost:5432/postgres
2026-10-05T18:34:51.4681271Z   MWB3_TEST_DATABASE_URL: ***localhost:5432/postgres
2026-10-05T18:34:51.4681578Z ##[endgroup]
2026-10-05T18:34:52.7206696Z Prisma schema loaded from prisma/schema.prisma
2026-10-05T18:34:56.5875458Z 
2026-10-05T18:34:56.5876898Z ✔ Generated Prisma Client (v6.19.3) to ./node_modules/@prisma/client in 2.11s
2026-10-05T18:34:56.5877632Z 
2026-10-05T18:34:56.5878390Z Start by importing your Prisma Client (See: https://pris.ly/d/importing-client)
2026-10-05T18:34:56.5879153Z 
2026-10-05T18:34:56.5880466Z Tip: Interested in query caching in just a few lines of code? Try Accelerate today! https://pris.ly/tip-3-accelerate
2026-10-05T18:34:56.5881114Z 
2026-10-05T18:34:56.6488842Z ##[group]Run sudo apt-get update && sudo apt-get install -y postgresql-client
2026-10-05T18:34:56.6489438Z [36;1msudo apt-get update && sudo apt-get install -y postgresql-client[0m
2026-10-05T18:34:56.6553019Z shell: /usr/bin/bash -e {0}
2026-10-05T18:34:56.6553278Z env:
2026-10-05T18:34:56.6553743Z   DATABASE_URL: ***localhost:5432/postgres
2026-10-05T18:34:56.6554197Z   DIRECT_URL: ***localhost:5432/postgres
2026-10-05T18:34:56.6554666Z   MWB3_TEST_DATABASE_URL: ***localhost:5432/postgres
2026-10-05T18:34:56.6554974Z ##[endgroup]
2026-10-05T18:34:56.7344775Z Get:1 file:/etc/apt/apt-mirrors.txt Mirrorlist [144 B]
2026-10-05T18:34:56.7646912Z Hit:2 http://azure.archive.ubuntu.com/ubuntu noble InRelease
2026-10-05T18:34:56.7651149Z Get:6 https://packages.microsoft.com/ubuntu/24.04/prod noble InRelease [3600 B]
2026-10-05T18:34:56.7664385Z Get:3 http://azure.archive.ubuntu.com/ubuntu noble-updates InRelease [126 kB]
2026-10-05T18:34:56.7703375Z Get:4 http://azure.archive.ubuntu.com/ubuntu noble-backports InRelease [126 kB]
2026-10-05T18:34:56.7749170Z Get:5 http://azure.archive.ubuntu.com/ubuntu noble-security InRelease [126 kB]
2026-10-05T18:34:56.8783890Z Get:7 https://packages.microsoft.com/ubuntu/24.04/prod noble/main amd64 Packages [511 kB]
2026-10-05T18:34:56.8939899Z Get:8 https://packages.microsoft.com/ubuntu/24.04/prod noble/main armhf Packages [12.6 kB]
2026-10-05T18:34:56.8971827Z Get:9 https://packages.microsoft.com/ubuntu/24.04/prod noble/main arm64 Packages [458 kB]
2026-10-05T18:34:56.9323502Z Get:10 http://azure.archive.ubuntu.com/ubuntu noble-updates/main amd64 Packages [1368 kB]
2026-10-05T18:34:56.9395791Z Get:11 http://azure.archive.ubuntu.com/ubuntu noble-updates/main Translation-en [305 kB]
2026-10-05T18:34:56.9419566Z Get:12 http://azure.archive.ubuntu.com/ubuntu noble-updates/main amd64 Components [181 kB]
2026-10-05T18:34:56.9443484Z Get:13 http://azure.archive.ubuntu.com/ubuntu noble-updates/universe amd64 Packages [1701 kB]
2026-10-05T18:34:56.9542885Z Get:14 http://azure.archive.ubuntu.com/ubuntu noble-updates/universe Translation-en [341 kB]
2026-10-05T18:34:56.9581556Z Get:15 http://azure.archive.ubuntu.com/ubuntu noble-updates/universe amd64 Components [388 kB]
2026-10-05T18:34:56.9598987Z Get:16 http://azure.archive.ubuntu.com/ubuntu noble-updates/restricted amd64 Packages [1728 kB]
2026-10-05T18:34:56.9700583Z Get:17 http://azure.archive.ubuntu.com/ubuntu noble-updates/restricted Translation-en [395 kB]
2026-10-05T18:34:56.9731936Z Get:18 http://azure.archive.ubuntu.com/ubuntu noble-updates/multiverse Translation-en [13.3 kB]
2026-10-05T18:34:56.9740918Z Get:19 http://azure.archive.ubuntu.com/ubuntu noble-updates/multiverse amd64 Components [940 B]
2026-10-05T18:34:57.0357376Z Get:20 http://azure.archive.ubuntu.com/ubuntu noble-backports/main amd64 Components [5764 B]
2026-10-05T18:34:57.0373417Z Get:21 http://azure.archive.ubuntu.com/ubuntu noble-backports/universe amd64 Components [12.6 kB]
2026-10-05T18:34:57.0457531Z Get:22 http://azure.archive.ubuntu.com/ubuntu noble-security/main amd64 Packages [1071 kB]
2026-10-05T18:34:57.0516713Z Get:23 http://azure.archive.ubuntu.com/ubuntu noble-security/main Translation-en [222 kB]
2026-10-05T18:34:57.0535698Z Get:24 http://azure.archive.ubuntu.com/ubuntu noble-security/main amd64 Components [46.4 kB]
2026-10-05T18:34:57.0548307Z Get:25 http://azure.archive.ubuntu.com/ubuntu noble-security/universe amd64 Packages [1216 kB]
2026-10-05T18:34:57.0610449Z Get:26 http://azure.archive.ubuntu.com/ubuntu noble-security/universe Translation-en [244 kB]
2026-10-05T18:34:57.0635708Z Get:27 http://azure.archive.ubuntu.com/ubuntu noble-security/universe amd64 Components [76.3 kB]
2026-10-05T18:34:57.0643738Z Get:28 http://azure.archive.ubuntu.com/ubuntu noble-security/restricted amd64 Packages [1566 kB]
2026-10-05T18:34:57.0720892Z Get:29 http://azure.archive.ubuntu.com/ubuntu noble-security/restricted Translation-en [361 kB]
2026-10-05T18:35:01.4476047Z Fetched 12.6 MB in 1s (9392 kB/s)
2026-10-05T18:35:02.2748226Z Reading package lists...
2026-10-05T18:35:02.3052193Z Reading package lists...
2026-10-05T18:35:02.4774330Z Building dependency tree...
2026-10-05T18:35:02.4781858Z Reading state information...
2026-10-05T18:35:02.6254098Z The following NEW packages will be installed:
2026-10-05T18:35:02.6254878Z   postgresql-client
2026-10-05T18:35:02.6420837Z 0 upgraded, 1 newly installed, 0 to remove and 25 not upgraded.
2026-10-05T18:35:02.6421644Z Need to get 11.6 kB of archives.
2026-10-05T18:35:02.6422427Z After this operation, 17.4 kB of additional disk space will be used.
2026-10-05T18:35:02.6423034Z Get:1 file:/etc/apt/apt-mirrors.txt Mirrorlist [144 B]
2026-10-05T18:35:02.6762632Z Get:2 http://azure.archive.ubuntu.com/ubuntu noble-updates/main amd64 postgresql-client all 16+257build1.1 [11.6 kB]
2026-10-05T18:35:02.9273627Z Fetched 11.6 kB in 0s (261 kB/s)
2026-10-05T18:35:02.9487097Z Selecting previously unselected package postgresql-client.
2026-10-05T18:35:02.9809161Z (Reading database ... 
2026-10-05T18:35:02.9809898Z (Reading database ... 5%
2026-10-05T18:35:02.9810354Z (Reading database ... 10%
2026-10-05T18:35:02.9810832Z (Reading database ... 15%
2026-10-05T18:35:02.9811293Z (Reading database ... 20%
2026-10-05T18:35:02.9811702Z (Reading database ... 25%
2026-10-05T18:35:02.9812142Z (Reading database ... 30%
2026-10-05T18:35:02.9812436Z (Reading database ... 35%
2026-10-05T18:35:02.9812712Z (Reading database ... 40%
2026-10-05T18:35:02.9812957Z (Reading database ... 45%
2026-10-05T18:35:02.9813199Z (Reading database ... 50%
2026-10-05T18:35:02.9865978Z (Reading database ... 55%
2026-10-05T18:35:03.1174063Z (Reading database ... 60%
2026-10-05T18:35:03.3146924Z (Reading database ... 65%
2026-10-05T18:35:03.5123439Z (Reading database ... 70%
2026-10-05T18:35:03.6828156Z (Reading database ... 75%
2026-10-05T18:35:03.8722392Z (Reading database ... 80%
2026-10-05T18:35:04.0644660Z (Reading database ... 85%
2026-10-05T18:35:04.2703007Z (Reading database ... 90%
2026-10-05T18:35:04.4210849Z (Reading database ... 95%
2026-10-05T18:35:04.4211511Z (Reading database ... 100%
2026-10-05T18:35:04.4212473Z (Reading database ... 202296 files and directories currently installed.)
2026-10-05T18:35:04.4261770Z Preparing to unpack .../postgresql-client_16+257build1.1_all.deb ...
2026-10-05T18:35:04.4285826Z Unpacking postgresql-client (16+257build1.1) ...
2026-10-05T18:35:04.4636679Z Setting up postgresql-client (16+257build1.1) ...
2026-10-05T18:35:05.1219718Z 
2026-10-05T18:35:05.1220570Z Running kernel seems to be up-to-date.
2026-10-05T18:35:05.1220993Z 
2026-10-05T18:35:05.1221235Z No services need to be restarted.
2026-10-05T18:35:05.1221453Z 
2026-10-05T18:35:05.1221622Z No containers need to be restarted.
2026-10-05T18:35:05.1221825Z 
2026-10-05T18:35:05.1222037Z No user sessions are running outdated binaries.
2026-10-05T18:35:05.1222317Z 
2026-10-05T18:35:05.1222676Z No VM guests are running outdated hypervisor (qemu) binaries on this host.
2026-10-05T18:35:06.0030956Z ##[group]Run psql "$DATABASE_URL" -v ON_ERROR_STOP=1 -c \
2026-10-05T18:35:06.0031428Z [36;1mpsql "$DATABASE_URL" -v ON_ERROR_STOP=1 -c \[0m
2026-10-05T18:35:06.0032271Z [36;1m  "DO \$do\$ BEGIN IF NOT EXISTS (SELECT 1 FROM pg_roles WHERE rolname = 'app_authenticated') THEN CREATE ROLE app_authenticated NOLOGIN NOINHERIT NOBYPASSRLS; END IF; END \$do\$;"[0m
2026-10-05T18:35:06.0095783Z shell: /usr/bin/bash -e {0}
2026-10-05T18:35:06.0096053Z env:
2026-10-05T18:35:06.0096779Z   DATABASE_URL: ***localhost:5432/postgres
2026-10-05T18:35:06.0097230Z   DIRECT_URL: ***localhost:5432/postgres
2026-10-05T18:35:06.0097680Z   MWB3_TEST_DATABASE_URL: ***localhost:5432/postgres
2026-10-05T18:35:06.0097990Z ##[endgroup]
2026-10-05T18:35:06.1555624Z DO
2026-10-05T18:35:06.1601876Z ##[group]Run npx jest \
2026-10-05T18:35:06.1602175Z [36;1mnpx jest \[0m
2026-10-05T18:35:06.1602446Z [36;1m  test/mwb-3-lock-token.spec.ts \[0m
2026-10-05T18:35:06.1602800Z [36;1m  test/mwb-3-autosave.controller.spec.ts \[0m
2026-10-05T18:35:06.1603155Z [36;1m  test/mwb-3-autosave.service.spec.ts \[0m
2026-10-05T18:35:06.1603479Z [36;1m  test/mwb-3-undo.spec.ts \[0m
2026-10-05T18:35:06.1603800Z [36;1m  test/mwb-3-revision-prune.cron.spec.ts \[0m
2026-10-05T18:35:06.1604186Z [36;1m  test/profile-put-concurrency.live.spec.ts \[0m
2026-10-05T18:35:06.1604567Z [36;1m  test/onboarding-tenancy-fence.live.spec.ts \[0m
2026-10-05T18:35:06.1604921Z [36;1m  --runInBand --testTimeout=120000[0m
2026-10-05T18:35:06.1665537Z shell: /usr/bin/bash -e {0}
2026-10-05T18:35:06.1665803Z env:
2026-10-05T18:35:06.1666252Z   DATABASE_URL: ***localhost:5432/postgres
2026-10-05T18:35:06.1666701Z   DIRECT_URL: ***localhost:5432/postgres
2026-10-05T18:35:06.1667218Z   MWB3_TEST_DATABASE_URL: ***localhost:5432/postgres
2026-10-05T18:35:06.1667553Z   NODE_OPTIONS: --max-old-space-size=4096
2026-10-05T18:35:06.1667841Z ##[endgroup]
2026-10-05T18:35:10.3573835Z [33m[Nest] 3534  - [39m10/05/2026, 6:35:08 PM [33m   WARN[39m [38;5;3m[AnalyticsService] [39m[33mPOSTHOG_KEY not set — analytics are disabled (no-op mode).[39m
2026-10-05T18:35:10.3575955Z [33m[Nest] 3534  - [39m10/05/2026, 6:35:08 PM [33m   WARN[39m [38;5;3m[AnalyticsService] [39m[33mPOSTHOG_KEY not set — analytics are disabled (no-op mode).[39m
2026-10-05T18:35:10.3577316Z [33m[Nest] 3534  - [39m10/05/2026, 6:35:08 PM [33m   WARN[39m [38;5;3m[AnalyticsService] [39m[33mPOSTHOG_KEY not set — analytics are disabled (no-op mode).[39m
2026-10-05T18:35:12.5088734Z [33m[Nest] 3534  - [39m10/05/2026, 6:35:12 PM [33m   WARN[39m [38;5;3m[AnalyticsService] [39m[33mPOSTHOG_KEY not set — analytics are disabled (no-op mode).[39m
2026-10-05T18:35:12.7714525Z PASS test/mwb-3-lock-token.spec.ts (5.525 s, 134 MB heap size)
2026-10-05T18:35:17.1068595Z [33m[Nest] 3534  - [39m10/05/2026, 6:35:17 PM [33m   WARN[39m [38;5;3m[AnalyticsService] [39m[33mPOSTHOG_KEY not set — analytics are disabled (no-op mode).[39m
2026-10-05T18:35:17.1890873Z PASS test/mwb-3-autosave.controller.spec.ts (174 MB heap size)
2026-10-05T18:35:21.2114164Z [33m[Nest] 3534  - [39m10/05/2026, 6:35:21 PM [33m   WARN[39m [38;5;3m[AnalyticsService] [39m[33mPOSTHOG_KEY not set — analytics are disabled (no-op mode).[39m
2026-10-05T18:35:21.4057343Z PASS test/mwb-3-autosave.service.spec.ts (197 MB heap size)
2026-10-05T18:35:21.8305161Z [31m[Nest] 3534  - [39m10/05/2026, 6:35:21 PM [31m  ERROR[39m [38;5;3m[WorkoutBuilderRevisionPruneCron] [39m[31mRevision prune failed for plan B: boom[39m
2026-10-05T18:35:21.8305900Z Error: boom
2026-10-05T18:35:21.8306616Z     at Object.<anonymous> (/home/runner/work/growth-project-backend/growth-project-backend/test/mwb-3-revision-prune.cron.spec.ts:81:30)
2026-10-05T18:35:21.8307819Z     at Promise.finally.completed (/home/runner/work/growth-project-backend/growth-project-backend/node_modules/jest-circus/build/jestAdapterInit.js:1561:28)
2026-10-05T18:35:21.8308581Z     at new Promise (<anonymous>)
2026-10-05T18:35:21.8309332Z     at callAsyncCircusFn (/home/runner/work/growth-project-backend/growth-project-backend/node_modules/jest-circus/build/jestAdapterInit.js:1501:10)
2026-10-05T18:35:21.8310687Z     at _callCircusTest (/home/runner/work/growth-project-backend/growth-project-backend/node_modules/jest-circus/build/jestAdapterInit.js:1011:40)
2026-10-05T18:35:21.8311771Z     at _runTest (/home/runner/work/growth-project-backend/growth-project-backend/node_modules/jest-circus/build/jestAdapterInit.js:951:3)
2026-10-05T18:35:21.8312767Z     at /home/runner/work/growth-project-backend/growth-project-backend/node_modules/jest-circus/build/jestAdapterInit.js:853:7
2026-10-05T18:35:21.8314268Z     at _runTestsForDescribeBlock (/home/runner/work/growth-project-backend/growth-project-backend/node_modules/jest-circus/build/jestAdapterInit.js:866:11)
2026-10-05T18:35:21.8315537Z     at _runTestsForDescribeBlock (/home/runner/work/growth-project-backend/growth-project-backend/node_modules/jest-circus/build/jestAdapterInit.js:861:11)
2026-10-05T18:35:21.8316655Z     at run (/home/runner/work/growth-project-backend/growth-project-backend/node_modules/jest-circus/build/jestAdapterInit.js:765:3)
2026-10-05T18:35:21.8318263Z     at runAndTransformResultsToJestFormat (/home/runner/work/growth-project-backend/growth-project-backend/node_modules/jest-circus/build/jestAdapterInit.js:1993:21)
2026-10-05T18:35:21.8319569Z     at jestAdapter (/home/runner/work/growth-project-backend/growth-project-backend/node_modules/jest-circus/build/runner.js:111:19)
2026-10-05T18:35:21.8320711Z     at runTestInternal (/home/runner/work/growth-project-backend/growth-project-backend/node_modules/jest-runner/build/index.js:276:16)
2026-10-05T18:35:21.8321686Z     at runTest (/home/runner/work/growth-project-backend/growth-project-backend/node_modules/jest-runner/build/index.js:344:7)
2026-10-05T18:35:21.8329909Z [31m[Nest] 3534  - [39m10/05/2026, 6:35:21 PM [31m  ERROR[39m [38;5;3m[WorkoutBuilderRevisionPruneCron] [39m[31mRevision prune sweep failed to enumerate plans: db down[39m
2026-10-05T18:35:21.8330762Z Error: db down
2026-10-05T18:35:21.8331425Z     at Object.<anonymous> (/home/runner/work/growth-project-backend/growth-project-backend/test/mwb-3-revision-prune.cron.spec.ts:103:28)
2026-10-05T18:35:21.8332563Z     at Promise.finally.completed (/home/runner/work/growth-project-backend/growth-project-backend/node_modules/jest-circus/build/jestAdapterInit.js:1561:28)
2026-10-05T18:35:21.8333298Z     at new Promise (<anonymous>)
2026-10-05T18:35:21.8334042Z     at callAsyncCircusFn (/home/runner/work/growth-project-backend/growth-project-backend/node_modules/jest-circus/build/jestAdapterInit.js:1501:10)
2026-10-05T18:35:21.8335206Z     at _callCircusTest (/home/runner/work/growth-project-backend/growth-project-backend/node_modules/jest-circus/build/jestAdapterInit.js:1011:40)
2026-10-05T18:35:21.8336268Z     at _runTest (/home/runner/work/growth-project-backend/growth-project-backend/node_modules/jest-circus/build/jestAdapterInit.js:951:3)
2026-10-05T18:35:21.8337523Z     at /home/runner/work/growth-project-backend/growth-project-backend/node_modules/jest-circus/build/jestAdapterInit.js:853:7
2026-10-05T18:35:21.8338612Z     at _runTestsForDescribeBlock (/home/runner/work/growth-project-backend/growth-project-backend/node_modules/jest-circus/build/jestAdapterInit.js:866:11)
2026-10-05T18:35:21.8339965Z     at _runTestsForDescribeBlock (/home/runner/work/growth-project-backend/growth-project-backend/node_modules/jest-circus/build/jestAdapterInit.js:861:11)
2026-10-05T18:35:21.8341052Z     at run (/home/runner/work/growth-project-backend/growth-project-backend/node_modules/jest-circus/build/jestAdapterInit.js:765:3)
2026-10-05T18:35:21.8342190Z     at runAndTransformResultsToJestFormat (/home/runner/work/growth-project-backend/growth-project-backend/node_modules/jest-circus/build/jestAdapterInit.js:1993:21)
2026-10-05T18:35:21.8343335Z     at jestAdapter (/home/runner/work/growth-project-backend/growth-project-backend/node_modules/jest-circus/build/runner.js:111:19)
2026-10-05T18:35:21.8344335Z     at runTestInternal (/home/runner/work/growth-project-backend/growth-project-backend/node_modules/jest-runner/build/index.js:276:16)
2026-10-05T18:35:21.8345317Z     at runTest (/home/runner/work/growth-project-backend/growth-project-backend/node_modules/jest-runner/build/index.js:344:7)
2026-10-05T18:35:21.9174078Z [95m[Nest] 3534  - [39m10/05/2026, 6:35:21 PM [95m  DEBUG[39m [38;5;3m[WorkoutBuilderRevisionPruneCron] [39m[95mFEATURE_MWB_AUTOSAVE_UNDO off — revision prune skipped[39m
2026-10-05T18:35:21.9175510Z [32m[Nest] 3534  - [39m10/05/2026, 6:35:21 PM [32m    LOG[39m [38;5;3m[WorkoutBuilderRevisionPruneCron] [39m[32mStarting MWB-3 revision prune sweep[39m
2026-10-05T18:35:21.9177494Z [32m[Nest] 3534  - [39m10/05/2026, 6:35:21 PM [32m    LOG[39m [38;5;3m[WorkoutBuilderRevisionPruneCron] [39m[32mMWB-3 revision prune sweep complete: 2 plan(s) pruned, 8 revision(s) deleted[39m
2026-10-05T18:35:21.9178964Z [32m[Nest] 3534  - [39m10/05/2026, 6:35:21 PM [32m    LOG[39m [38;5;3m[WorkoutBuilderRevisionPruneCron] [39m[32mStarting MWB-3 revision prune sweep[39m
2026-10-05T18:35:25.4891348Z [33m[Nest] 3534  - [39m10/05/2026, 6:35:25 PM [33m   WARN[39m [38;5;3m[AnalyticsService] [39m[33mPOSTHOG_KEY not set — analytics are disabled (no-op mode).[39m
2026-10-05T18:35:25.6029367Z [32m[Nest] 3534  - [39m10/05/2026, 6:35:25 PM [32m    LOG[39m [38;5;3m[WorkoutBuilderRevisionPruneCron] [39m[32mStarting MWB-3 revision prune sweep[39m
2026-10-05T18:35:25.6032097Z [32m[Nest] 3534  - [39m10/05/2026, 6:35:25 PM [32m    LOG[39m [38;5;3m[WorkoutBuilderRevisionPruneCron] [39m[32mMWB-3 revision prune sweep complete: 1 plan(s) pruned, 10 revision(s) deleted[39m
2026-10-05T18:35:25.7070454Z PASS test/mwb-3-revision-prune.cron.spec.ts (138 MB heap size)
2026-10-05T18:35:29.6935867Z [33m[Nest] 3534  - [39m10/05/2026, 6:35:29 PM [33m   WARN[39m [38;5;3m[AnalyticsService] [39m[33mPOSTHOG_KEY not set — analytics are disabled (no-op mode).[39m
2026-10-05T18:35:29.9025845Z PASS test/mwb-3-undo.spec.ts (159 MB heap size)
2026-10-05T18:35:34.2482861Z PASS test/onboarding-tenancy-fence.live.spec.ts (194 MB heap size)
2026-10-05T18:35:38.2145080Z PASS test/profile-put-concurrency.live.spec.ts (216 MB heap size)
2026-10-05T18:35:38.2180478Z 
2026-10-05T18:35:38.2195952Z Test Suites: 7 passed, 7 total
2026-10-05T18:35:38.2196952Z Tests:       62 passed, 62 total
2026-10-05T18:35:38.2197724Z Snapshots:   0 total
2026-10-05T18:35:38.2198526Z Time:        31.211 s
2026-10-05T18:35:38.2201402Z Ran all test suites matching test/mwb-3-lock-token.spec.ts|test/mwb-3-autosave.controller.spec.ts|test/mwb-3-autosave.service.spec.ts|test/mwb-3-undo.spec.ts|test/mwb-3-revision-prune.cron.spec.ts|test/profile-put-concurrency.live.spec.ts|test/onboarding-tenancy-fence.live.spec.ts.
2026-10-05T18:35:38.3779405Z ##[group]Run npx jest --config jest.rls.config.js test/rls-mwb3-autosave-undo.spec.ts --runInBand --testTimeout=120000
2026-10-05T18:35:38.3780838Z [36;1mnpx jest --config jest.rls.config.js test/rls-mwb3-autosave-undo.spec.ts --runInBand --testTimeout=120000[0m
2026-10-05T18:35:38.3842522Z shell: /usr/bin/bash -e {0}
2026-10-05T18:35:38.3842781Z env:
2026-10-05T18:35:38.3843282Z   DATABASE_URL: ***localhost:5432/postgres
2026-10-05T18:35:38.3843718Z   DIRECT_URL: ***localhost:5432/postgres
2026-10-05T18:35:38.3844168Z   MWB3_TEST_DATABASE_URL: ***localhost:5432/postgres
2026-10-05T18:35:38.3844513Z   NODE_OPTIONS: --max-old-space-size=4096
2026-10-05T18:35:38.3844807Z ##[endgroup]
2026-10-05T18:35:44.8677832Z [33m[Nest] 3934  - [39m10/05/2026, 6:35:44 PM [33m   WARN[39m [38;5;3m[AnalyticsService] [39m[33mPOSTHOG_KEY not set — analytics are disabled (no-op mode).[39m
2026-10-05T18:35:45.0152703Z PASS rls-live test/rls-mwb3-autosave-undo.spec.ts (5.558 s, 140 MB heap size)
2026-10-05T18:35:45.0154835Z   MWB-3 #13 — WorkoutPlanRevision RLS (sub-coach cross-tenant)
2026-10-05T18:35:45.0161243Z     ✓ a sub-coach on the team CAN read its head coach plan revision (20 ms)
2026-10-05T18:35:45.0162640Z     ✓ a sub-coach CANNOT read another tenant (foreign coach) revision (12 ms)
2026-10-05T18:35:45.0163977Z     ✓ the head coach cannot read the foreign tenant revision either (14 ms)
2026-10-05T18:35:45.0165244Z     ✓ the foreign coach cannot read the head coach revision (12 ms)
2026-10-05T18:35:45.0166421Z     ✓ service_role bypasses RLS and sees both revisions (11 ms)
2026-10-05T18:35:45.0167532Z     ✓ the head coach CAN read its own plan revision (11 ms)
2026-10-05T18:35:45.0168517Z   MWB-3 #1/#8 — autosave concurrency (real service, live DB)
2026-10-05T18:35:45.0170126Z     ✓ #1/#8 two parallel autosaves at base 0: exactly one commits, the other gets a typed 409 (141 ms)
2026-10-05T18:35:45.0173952Z 
2026-10-05T18:35:45.0196117Z Test Suites: 1 passed, 1 total
2026-10-05T18:35:45.0196500Z Tests:       7 passed, 7 total
2026-10-05T18:35:45.0196803Z Snapshots:   0 total
2026-10-05T18:35:45.0197047Z Time:        5.799 s
2026-10-05T18:35:45.0197433Z Ran all test suites matching test/rls-mwb3-autosave-undo.spec.ts.
2026-10-05T18:35:45.1580472Z ##[group]Run npx jest test/roman/roman-session-erase.live.spec.ts --runInBand --testTimeout=120000
2026-10-05T18:35:45.1581273Z [36;1mnpx jest test/roman/roman-session-erase.live.spec.ts --runInBand --testTimeout=120000[0m
2026-10-05T18:35:45.1643238Z shell: /usr/bin/bash -e {0}
2026-10-05T18:35:45.1643494Z env:
2026-10-05T18:35:45.1643928Z   DATABASE_URL: ***localhost:5432/postgres
2026-10-05T18:35:45.1644361Z   DIRECT_URL: ***localhost:5432/postgres
2026-10-05T18:35:45.1644807Z   MWB3_TEST_DATABASE_URL: ***localhost:5432/postgres
2026-10-05T18:35:45.1645143Z   NODE_OPTIONS: --max-old-space-size=4096
2026-10-05T18:35:45.1645422Z ##[endgroup]
2026-10-05T18:35:51.4157570Z [31m[Nest] 4032  - [39m10/05/2026, 6:35:51 PM [31m  ERROR[39m [38;5;3m[RomanService] [39m[31mroman.erase_incomplete session=cmuvlbqp8005n1o40nb2pyvpn messages_left=1[39m
2026-10-05T18:35:51.4373803Z PASS test/roman/roman-session-erase.live.spec.ts (5.315 s, 101 MB heap size)
2026-10-05T18:35:51.4376285Z   B-635-1 / C-635-1 live: Roman delete erases and frees the day key (Postgres)
2026-10-05T18:35:51.4378992Z     ✓ negative control: Postgres rejects a second row on a day key a deleted row still holds (112 ms)
2026-10-05T18:35:51.4380749Z     ✓ open -> append -> delete -> open the same day gives a fresh empty session that takes turns (43 ms)
2026-10-05T18:35:51.4381858Z     ✓ concurrent opens after a delete converge on one fresh session (47 ms)
2026-10-05T18:35:51.4382947Z     ✓ the old deleted session stays deleted: a late append to it is a 404 and stores nothing (21 ms)
2026-10-05T18:35:51.4383964Z     ✓ a delete racing an append leaves no transcript behind (66 ms)
2026-10-05T18:35:51.4384826Z     ✓ delete + reopen never resets the daily cap (21 ms)
2026-10-05T18:35:51.4385837Z     ✓ C-635-1: a legacy tombstone holding today's key is erased on open and a fresh session opens (17 ms)
2026-10-05T18:35:51.4387484Z     ✓ C-635-1: the sweep erases every legacy tombstone, is idempotent, and leaves live chats alone (26 ms)
2026-10-05T18:35:51.4388873Z     ✓ B-635-2: the list pages every live chat newest first; delete-all erases prior days and today on both surfaces, nobody else, cap kept (65 ms)
2026-10-05T18:35:51.4390452Z     ✓ B-635-2 / C-635-2: a prior-day chat is erased by id; a repeat delete is a 204; a foreign id is the coded 404 (15 ms)
2026-10-05T18:35:51.4391695Z     ✓ C-635-3: under a role that RLS stops from deleting, delete is a coded 503 and the chat is left whole (112 ms)
2026-10-05T18:35:51.4392254Z 
2026-10-05T18:35:51.4421510Z Test Suites: 1 passed, 1 total
2026-10-05T18:35:51.4422107Z Tests:       11 passed, 11 total
2026-10-05T18:35:51.4422628Z Snapshots:   0 total
2026-10-05T18:35:51.4423132Z Time:        5.562 s
2026-10-05T18:35:51.4423850Z Ran all test suites matching test/roman/roman-session-erase.live.spec.ts.
2026-10-05T18:35:51.5768384Z ##[group]Run npx jest test/refund-reversal-concurrency.live.spec.ts --runInBand --testTimeout=120000
2026-10-05T18:35:51.5769964Z [36;1mnpx jest test/refund-reversal-concurrency.live.spec.ts --runInBand --testTimeout=120000[0m
2026-10-05T18:35:51.5850887Z shell: /usr/bin/bash -e {0}
2026-10-05T18:35:51.5851218Z env:
2026-10-05T18:35:51.5851731Z   DATABASE_URL: ***localhost:5432/postgres
2026-10-05T18:35:51.5852199Z   DIRECT_URL: ***localhost:5432/postgres
2026-10-05T18:35:51.5852681Z   MWB3_TEST_DATABASE_URL: ***localhost:5432/postgres
2026-10-05T18:35:51.5853049Z   NODE_OPTIONS: --max-old-space-size=4096
2026-10-05T18:35:51.5853357Z ##[endgroup]
2026-10-05T18:35:58.4162023Z [33m[Nest] 4113  - [39m10/05/2026, 6:35:58 PM [33m   WARN[39m [38;5;3m[RefundDisputeHandlerService] [39m[33mhead-coach transfer reverse pending purchase=pl refund=a604390b-850b-4858-8902-fec9ad37bc30 code=SFEE_REVERSAL_UNCERTAIN[39m
2026-10-05T18:35:58.5390320Z [33m[Nest] 4113  - [39m10/05/2026, 6:35:58 PM [33m   WARN[39m [38;5;3m[RefundDisputeHandlerService] [39m[33mhead-coach transfer reverse pending purchase=pt refund=7af96178-0547-46d1-a0b1-6d53e5ba72e3 code=SFEE_REVERSAL_UNCERTAIN[39m
2026-10-05T18:35:58.8254606Z [33m[Nest] 4113  - [39m10/05/2026, 6:35:58 PM [33m   WARN[39m [38;5;3m[RefundDisputeHandlerService] [39m[33mhead-coach transfer reverse pending purchase=pd dispute=pd-cd code=SFEE_REVERSAL_UNCERTAIN[39m
2026-10-05T18:35:58.9502059Z [33m[Nest] 4113  - [39m10/05/2026, 6:35:58 PM [33m   WARN[39m [38;5;3m[RefundDisputeHandlerService] [39m[33mhead-coach transfer reverse pending purchase=pr refund=be9d46c3-f53f-4fd4-998b-6fbbb2808aa6 code=SFEE_REVERSAL_UNCERTAIN[39m
2026-10-05T18:35:58.9757056Z PASS test/refund-reversal-concurrency.live.spec.ts (6.419 s, 159 MB heap size)
2026-10-05T18:35:58.9758984Z   B-674-1 live: concurrent reversals of different refunds both count
2026-10-05T18:35:58.9762934Z     ✓ ledger slices: refunds of 2,000 and 1,000 behind held slice locks reverse 200 + 100 and 1,800 + 900 (148 ms)
2026-10-05T18:35:58.9764855Z     ✓ head-coach transfer: two refunds racing for the transfer reverse 100 + 50 (the loser via the sweep) (114 ms)
2026-10-05T18:35:58.9766644Z     ✓ chargeback first close: overlapping deliveries elect one closed_at, used by every posting (259 ms)
2026-10-05T18:35:58.9768321Z     ✓ refund first success: overlapping deliveries elect one posted_at, used by every posting (122 ms)
2026-10-05T18:35:58.9769107Z 
2026-10-05T18:35:58.9803934Z Test Suites: 1 passed, 1 total
2026-10-05T18:35:58.9804345Z Tests:       4 passed, 4 total
2026-10-05T18:35:58.9804639Z Snapshots:   0 total
2026-10-05T18:35:58.9804899Z Time:        6.661 s
2026-10-05T18:35:58.9805350Z Ran all test suites matching test/refund-reversal-concurrency.live.spec.ts.
2026-10-05T18:35:59.1241098Z Post job cleanup.
2026-10-05T18:35:59.2469311Z Cache hit occurred on the primary key node-cache-Linux-x64-npm-07f78abbac5e2cbfcef112b8b919e298f8da38fa5e6aaf98a3625ef672bd5b12, not saving cache.
2026-10-05T18:35:59.2601582Z Post job cleanup.
2026-10-05T18:35:59.3477522Z [command]/usr/bin/git version
2026-10-05T18:35:59.3514675Z git version 2.55.0
2026-10-05T18:35:59.3556670Z Temporarily overriding HOME='/home/runner/work/_temp/6f893f84-05f0-4872-bc19-b1d2dab5f562' before making global git config changes
2026-10-05T18:35:59.3558203Z Adding repository directory to the temporary git global config as a safe directory
2026-10-05T18:35:59.3564772Z [command]/usr/bin/git config --global --add safe.directory /home/runner/work/growth-project-backend/growth-project-backend
2026-10-05T18:35:59.3596881Z Removing SSH command configuration
2026-10-05T18:35:59.3603966Z [command]/usr/bin/git config --local --name-only --get-regexp core\.sshCommand
2026-10-05T18:35:59.3638742Z [command]/usr/bin/git submodule foreach --recursive sh -c "git config --local --name-only --get-regexp 'core\.sshCommand' && git config --local --unset-all 'core.sshCommand' || :"
2026-10-05T18:35:59.3865222Z Removing HTTP extra header
2026-10-05T18:35:59.3870673Z [command]/usr/bin/git config --local --name-only --get-regexp http\.https\:\/\/github\.com\/\.extraheader
2026-10-05T18:35:59.3905793Z [command]/usr/bin/git submodule foreach --recursive sh -c "git config --local --name-only --get-regexp 'http\.https\:\/\/github\.com\/\.extraheader' && git config --local --unset-all 'http.https://github.com/.extraheader' || :"
2026-10-05T18:35:59.4131766Z Removing includeIf entries pointing to credentials config files
2026-10-05T18:35:59.4140189Z [command]/usr/bin/git config --local --name-only --get-regexp ^includeIf\.gitdir:
2026-10-05T18:35:59.4169191Z includeif.gitdir:/home/runner/work/growth-project-backend/growth-project-backend/.git.path
2026-10-05T18:35:59.4170956Z includeif.gitdir:/home/runner/work/growth-project-backend/growth-project-backend/.git/worktrees/*.path
2026-10-05T18:35:59.4172041Z includeif.gitdir:/github/workspace/.git.path
2026-10-05T18:35:59.4172789Z includeif.gitdir:/github/workspace/.git/worktrees/*.path
2026-10-05T18:35:59.4179414Z [command]/usr/bin/git config --local --get-all includeif.gitdir:/home/runner/work/growth-project-backend/growth-project-backend/.git.path
2026-10-05T18:35:59.4205246Z /home/runner/work/_temp/git-credentials-c3c3a745-291e-464b-bd5b-0943d39f6d6a.config
2026-10-05T18:35:59.4218593Z [command]/usr/bin/git config --local --unset includeif.gitdir:/home/runner/work/growth-project-backend/growth-project-backend/.git.path /home/runner/work/_temp/git-credentials-c3c3a745-291e-464b-bd5b-0943d39f6d6a.config
2026-10-05T18:35:59.4269161Z [command]/usr/bin/git config --local --get-all includeif.gitdir:/home/runner/work/growth-project-backend/growth-project-backend/.git/worktrees/*.path
2026-10-05T18:35:59.4280977Z /home/runner/work/_temp/git-credentials-c3c3a745-291e-464b-bd5b-0943d39f6d6a.config
2026-10-05T18:35:59.4292357Z [command]/usr/bin/git config --local --unset includeif.gitdir:/home/runner/work/growth-project-backend/growth-project-backend/.git/worktrees/*.path /home/runner/work/_temp/git-credentials-c3c3a745-291e-464b-bd5b-0943d39f6d6a.config
2026-10-05T18:35:59.4330414Z [command]/usr/bin/git config --local --get-all includeif.gitdir:/github/workspace/.git.path
2026-10-05T18:35:59.4353090Z /github/runner_temp/git-credentials-c3c3a745-291e-464b-bd5b-0943d39f6d6a.config
2026-10-05T18:35:59.4364485Z [command]/usr/bin/git config --local --unset includeif.gitdir:/github/workspace/.git.path /github/runner_temp/git-credentials-c3c3a745-291e-464b-bd5b-0943d39f6d6a.config
2026-10-05T18:35:59.4397345Z [command]/usr/bin/git config --local --get-all includeif.gitdir:/github/workspace/.git/worktrees/*.path
2026-10-05T18:35:59.4423491Z /github/runner_temp/git-credentials-c3c3a745-291e-464b-bd5b-0943d39f6d6a.config
2026-10-05T18:35:59.4430584Z [command]/usr/bin/git config --local --unset includeif.gitdir:/github/workspace/.git/worktrees/*.path /github/runner_temp/git-credentials-c3c3a745-291e-464b-bd5b-0943d39f6d6a.config
2026-10-05T18:35:59.4476159Z [command]/usr/bin/git submodule foreach --recursive git config --local --show-origin --name-only --get-regexp remote.origin.url
2026-10-05T18:35:59.4725893Z Removing credentials config '/home/runner/work/_temp/git-credentials-c3c3a745-291e-464b-bd5b-0943d39f6d6a.config'
2026-10-05T18:35:59.4873747Z Print service container logs: ad58df5812da431b94ff10ef183e6a8c_postgres15_57a448
2026-10-05T18:35:59.4881212Z ##[command]/usr/bin/docker logs --details ab9919090edf2ee19dbda04b1f76b59aa60c21cd7b9fe870c94f4b06e5bd64e9
2026-10-05T18:35:59.5011833Z  The files belonging to this database system will be owned by user "postgres".
2026-10-05T18:35:59.5014789Z  initdb: warning: enabling "trust" authentication for local connections
2026-10-05T18:35:59.5015733Z  initdb: hint: You can change this by editing pg_hba.conf or using the option -A, or --auth-local and --auth-host, the next time you run initdb.
2026-10-05T18:35:59.5016749Z  2026-10-05 18:34:04.063 UTC [1] LOG:  starting PostgreSQL 15.19 (Debian 15.19-1.pgdg13+2) on x86_64-pc-linux-gnu, compiled by gcc (Debian 14.2.0-19) 14.2.0, 64-bit
2026-10-05T18:35:59.5017578Z  2026-10-05 18:34:04.063 UTC [1] LOG:  listening on IPv4 address "0.0.0.0", port 5432
2026-10-05T18:35:59.5018142Z  2026-10-05 18:34:04.063 UTC [1] LOG:  listening on IPv6 address "::", port 5432
2026-10-05T18:35:59.5018679Z  2026-10-05 18:34:04.064 UTC [1] LOG:  listening on Unix socket "/var/run/postgresql/.s.PGSQL.5432"
2026-10-05T18:35:59.5019251Z  2026-10-05 18:34:04.066 UTC [62] LOG:  database system was shut down at 2026-10-05 18:34:03 UTC
2026-10-05T18:35:59.5020238Z  2026-10-05 18:34:04.069 UTC [1] LOG:  database system is ready to accept connections
2026-10-05T18:35:59.5021389Z  2026-10-05 18:35:38.097 UTC [153] ERROR:  duplicate key value violates unique constraint "UserProfile_user_id_key"
2026-10-05T18:35:59.5022523Z  2026-10-05 18:35:38.097 UTC [153] DETAIL:  Key (user_id)=(b606-3-live-new-client) already exists.
2026-10-05T18:35:59.5035144Z  2026-10-05 18:35:38.097 UTC [153] STATEMENT:  INSERT INTO "public"."UserProfile" ("id","user_id","height_cm","current_weight_lbs","target_weight_lbs","date_of_birth","sex","activity_level","goal_type","workout_experience","has_gym_membership","macro_target_calories","macro_target_protein_g","macro_target_carbs_g","macro_target_fat_g","weight_unit","calorie_display","onboardingCompleted","injuries","updated_at") VALUES ($1,$2,$3,$4,$5,$6,CAST($7::text AS "public"."Sex"),CAST($8::text AS "public"."ActivityLevel"),CAST($9::text AS "public"."GoalType"),CAST($10::text AS "public"."WorkoutExperience"),$11,$12,$13,$14,$15,$16,$17,$18,$19,$20) RETURNING "public"."UserProfile"."id", "public"."UserProfile"."user_id", "public"."UserProfile"."height_cm", "public"."UserProfile"."current_weight_lbs", "public"."UserProfile"."target_weight_lbs", "public"."UserProfile"."date_of_birth", "public"."UserProfile"."sex"::text, "public"."UserProfile"."activity_level"::text, "public"."UserProfile"."goal_type"::text, "public"."UserProfile"."workout_experience"::text, "public"."UserProfile"."has_gym_membership", "public"."UserProfile"."preferred_snacks", "public"."UserProfile"."dietary_pattern", "public"."UserProfile"."dietary_restrictions", "public"."UserProfile"."workout_days_per_week", "public"."UserProfile"."equipment_access", "public"."UserProfile"."macro_target_calories", "public"."UserProfile"."macro_target_protein_g", "public"."UserProfile"."macro_target_carbs_g", "public"."UserProfile"."macro_target_fat_g", "public"."UserProfile"."avatar_url", "public"."UserProfile"."bio", "public"."UserProfile"."weight_unit", "public"."UserProfile"."meals_per_day", "public"."UserProfile"."water_goal_oz", "public"."UserProfile"."calorie_display", "public"."UserProfile"."onboardingCompleted", "public"."UserProfile"."injuries", "public"."UserProfile"."food_preferences", "public"."UserProfile"."preferred_training_time", "public"."UserProfile"."updated_at"
2026-10-05T18:35:59.5042857Z  2026-10-05 18:35:44.902 UTC [164] ERROR:  could not serialize access due to concurrent update
2026-10-05T18:35:59.5043314Z  2026-10-05 18:35:44.902 UTC [164] STATEMENT:  
2026-10-05T18:35:59.5043759Z  	      SELECT "head_revision_id", "version" FROM "WorkoutPlan" WHERE "id" = $1 FOR UPDATE
2026-10-05T18:35:59.5044410Z  	    
2026-10-05T18:35:59.5045065Z  2026-10-05 18:35:50.886 UTC [165] ERROR:  duplicate key value violates unique constraint "RomanSession_user_id_surface_day_key_key"
2026-10-05T18:35:59.5045862Z  2026-10-05 18:35:50.886 UTC [165] DETAIL:  Key (user_id, surface, day_key)=(b635-live-me, client, 2026-10-05) already exists.
2026-10-05T18:35:59.5048796Z  2026-10-05 18:35:50.886 UTC [165] STATEMENT:  INSERT INTO "public"."RomanSession" ("id","user_id","surface","day_key","message_count","started_at","last_activity_at","quips_in_session","exclamation_used","created_at","updated_at") VALUES ($1,$2,CAST($3::text AS "public"."RomanSurface"),$4,$5,$6,$7,$8,$9,$10,$11) RETURNING "public"."RomanSession"."id", "public"."RomanSession"."user_id", "public"."RomanSession"."surface"::text, "public"."RomanSession"."day_key", "public"."RomanSession"."message_count", "public"."RomanSession"."started_at", "public"."RomanSession"."last_activity_at", "public"."RomanSession"."quips_in_session", "public"."RomanSession"."exclamation_used", "public"."RomanSession"."subject_context_json", "public"."RomanSession"."created_at", "public"."RomanSession"."updated_at", "public"."RomanSession"."deleted_at"
2026-10-05T18:35:59.5052095Z  2026-10-05 18:35:51.072 UTC [169] ERROR:  duplicate key value violates unique constraint "RomanSession_user_id_surface_day_key_key"
2026-10-05T18:35:59.5052891Z  2026-10-05 18:35:51.072 UTC [169] DETAIL:  Key (user_id, surface, day_key)=(b635-live-me, client, 2026-10-05) already exists.
2026-10-05T18:35:59.5055845Z  2026-10-05 18:35:51.072 UTC [169] STATEMENT:  INSERT INTO "public"."RomanSession" ("id","user_id","surface","day_key","message_count","started_at","last_activity_at","quips_in_session","exclamation_used","created_at","updated_at") VALUES ($1,$2,CAST($3::text AS "public"."RomanSurface"),$4,$5,$6,$7,$8,$9,$10,$11) RETURNING "public"."RomanSession"."id", "public"."RomanSession"."user_id", "public"."RomanSession"."surface"::text, "public"."RomanSession"."day_key", "public"."RomanSession"."message_count", "public"."RomanSession"."started_at", "public"."RomanSession"."last_activity_at", "public"."RomanSession"."quips_in_session", "public"."RomanSession"."exclamation_used", "public"."RomanSession"."subject_context_json", "public"."RomanSession"."created_at", "public"."RomanSession"."updated_at", "public"."RomanSession"."deleted_at"
2026-10-05T18:35:59.5058816Z  2026-10-05 18:35:51.197 UTC [170] ERROR:  duplicate key value violates unique constraint "RomanSession_user_id_surface_day_key_key"
2026-10-05T18:35:59.5059838Z  2026-10-05 18:35:51.197 UTC [170] DETAIL:  Key (user_id, surface, day_key)=(b635-live-me, client, 2026-10-05) already exists.
2026-10-05T18:35:59.5062797Z  2026-10-05 18:35:51.197 UTC [170] STATEMENT:  INSERT INTO "public"."RomanSession" ("id","user_id","surface","day_key","message_count","started_at","last_activity_at","quips_in_session","exclamation_used","created_at","updated_at") VALUES ($1,$2,CAST($3::text AS "public"."RomanSurface"),$4,$5,$6,$7,$8,$9,$10,$11) RETURNING "public"."RomanSession"."id", "public"."RomanSession"."user_id", "public"."RomanSession"."surface"::text, "public"."RomanSession"."day_key", "public"."RomanSession"."message_count", "public"."RomanSession"."started_at", "public"."RomanSession"."last_activity_at", "public"."RomanSession"."quips_in_session", "public"."RomanSession"."exclamation_used", "public"."RomanSession"."subject_context_json", "public"."RomanSession"."created_at", "public"."RomanSession"."updated_at", "public"."RomanSession"."deleted_at"
2026-10-05T18:35:59.5065530Z  This user must also own the server process.
2026-10-05T18:35:59.5065816Z  
2026-10-05T18:35:59.5066105Z  The database cluster will be initialized with locale "en_US.utf8".
2026-10-05T18:35:59.5066561Z  The default database encoding has accordingly been set to "UTF8".
2026-10-05T18:35:59.5067000Z  The default text search configuration will be set to "english".
2026-10-05T18:35:59.5067343Z  
2026-10-05T18:35:59.5067703Z  Data page checksums are disabled.
2026-10-05T18:35:59.5067951Z  
2026-10-05T18:35:59.5068433Z  fixing permissions on existing directory /var/lib/postgresql/data ... ok
2026-10-05T18:35:59.5068919Z  creating subdirectories ... ok
2026-10-05T18:35:59.5069240Z  selecting dynamic shared memory implementation ... posix
2026-10-05T18:35:59.5069825Z  selecting default max_connections ... 100
2026-10-05T18:35:59.5070146Z  selecting default shared_buffers ... 128MB
2026-10-05T18:35:59.5070441Z  selecting default time zone ... Etc/UTC
2026-10-05T18:35:59.5070746Z  creating configuration files ... ok
2026-10-05T18:35:59.5071047Z  running bootstrap script ... ok
2026-10-05T18:35:59.5071344Z  performing post-bootstrap initialization ... ok
2026-10-05T18:35:59.5071657Z  syncing data to disk ... ok
2026-10-05T18:35:59.5071893Z  
2026-10-05T18:35:59.5072066Z  
2026-10-05T18:35:59.5072298Z  Success. You can now start the database server using:
2026-10-05T18:35:59.5072604Z  
2026-10-05T18:35:59.5072836Z      pg_ctl -D /var/lib/postgresql/data -l logfile start
2026-10-05T18:35:59.5073144Z  
2026-10-05T18:35:59.5073800Z  waiting for server to start....2026-10-05 18:34:03.826 UTC [48] LOG:  starting PostgreSQL 15.19 (Debian 15.19-1.pgdg13+2) on x86_64-pc-linux-gnu, compiled by gcc (Debian 14.2.0-19) 14.2.0, 64-bit
2026-10-05T18:35:59.5074707Z  2026-10-05 18:34:03.826 UTC [48] LOG:  listening on Unix socket "/var/run/postgresql/.s.PGSQL.5432"
2026-10-05T18:35:59.5075289Z  2026-10-05 18:34:03.828 UTC [51] LOG:  database system was shut down at 2026-10-05 18:34:03 UTC
2026-10-05T18:35:59.5075820Z  2026-10-05 18:34:03.832 UTC [48] LOG:  database system is ready to accept connections
2026-10-05T18:35:59.5076201Z   done
2026-10-05T18:35:59.5076389Z  server started
2026-10-05T18:35:59.5076588Z  
2026-10-05T18:35:59.5076922Z  /usr/local/bin/docker-entrypoint.sh: ignoring /docker-entrypoint-initdb.d/*
2026-10-05T18:35:59.5077329Z  
2026-10-05T18:35:59.5077589Z  2026-10-05 18:34:03.944 UTC [48] LOG:  received fast shutdown request
2026-10-05T18:35:59.5078143Z  waiting for server to shut down....2026-10-05 18:34:03.944 UTC [48] LOG:  aborting any active transactions
2026-10-05T18:35:59.5078851Z  2026-10-05 18:34:03.946 UTC [48] LOG:  background worker "logical replication launcher" (PID 54) exited with exit code 1
2026-10-05T18:35:59.5079402Z  2026-10-05 18:34:03.946 UTC [49] LOG:  shutting down
2026-10-05T18:35:59.5080071Z  2026-10-05 18:34:03.946 UTC [49] LOG:  checkpoint starting: shutdown immediate
2026-10-05T18:35:59.5081048Z  2026-10-05 18:34:03.948 UTC [49] LOG:  checkpoint complete: wrote 3 buffers (0.0%); 0 WAL file(s) added, 0 removed, 0 recycled; write=0.001 s, sync=0.001 s, total=0.003 s; sync files=2, longest=0.001 s, average=0.001 s; distance=0 kB, estimate=0 kB
2026-10-05T18:35:59.5081999Z  2026-10-05 18:34:03.952 UTC [48] LOG:  database system is shut down
2026-10-05T18:35:59.5082341Z   done
2026-10-05T18:35:59.5082532Z  server stopped
2026-10-05T18:35:59.5082730Z  
2026-10-05T18:35:59.5082972Z  PostgreSQL init process complete; ready for start up.
2026-10-05T18:35:59.5083279Z  
2026-10-05T18:35:59.5089135Z Stop and remove container: ad58df5812da431b94ff10ef183e6a8c_postgres15_57a448
2026-10-05T18:35:59.5094376Z ##[command]/usr/bin/docker rm --force ab9919090edf2ee19dbda04b1f76b59aa60c21cd7b9fe870c94f4b06e5bd64e9
2026-10-05T18:35:59.6516661Z ab9919090edf2ee19dbda04b1f76b59aa60c21cd7b9fe870c94f4b06e5bd64e9
2026-10-05T18:35:59.6546372Z Remove container network: github_network_2c0e09da31604c26b223081174f65f7d
2026-10-05T18:35:59.6551080Z ##[command]/usr/bin/docker network rm github_network_2c0e09da31604c26b223081174f65f7d
2026-10-05T18:35:59.7645447Z github_network_2c0e09da31604c26b223081174f65f7d
2026-10-05T18:35:59.7719096Z Cleaning up orphan processes
