2026-10-04T22:43:08.1956929Z Current runner version: '2.337.0'
2026-10-04T22:43:08.1985048Z ##[group]Runner Image Provisioner
2026-10-04T22:43:08.1985931Z Hosted Compute Agent
2026-10-04T22:43:08.1986637Z Version: 20260901.588
2026-10-04T22:43:08.1987354Z Commit: f88ec8081b781fac6c440065ac7ff9e710ce3d0b
2026-10-04T22:43:08.1988128Z Build Date: 2026-09-01T19:56:44Z
2026-10-04T22:43:08.1988891Z Worker ID: {211499e0-d77e-40c1-b775-b9933fa7fa25}
2026-10-04T22:43:08.1989613Z Azure Region: eastus2
2026-10-04T22:43:08.1990708Z ##[endgroup]
2026-10-04T22:43:08.1992397Z ##[group]Operating System
2026-10-04T22:43:08.1993042Z Ubuntu
2026-10-04T22:43:08.1993699Z 24.04.5
2026-10-04T22:43:08.1994278Z LTS
2026-10-04T22:43:08.1994836Z ##[endgroup]
2026-10-04T22:43:08.1995562Z ##[group]Runner Image
2026-10-04T22:43:08.1996219Z Image: ubuntu-24.04
2026-10-04T22:43:08.1996845Z Version: 20260927.320.1
2026-10-04T22:43:08.1998216Z Included Software: https://github.com/actions/runner-images/blob/ubuntu24/20260927.320/images/ubuntu/Ubuntu2404-Readme.md
2026-10-04T22:43:08.2000898Z Image Release: https://github.com/actions/runner-images/releases/tag/ubuntu24%2F20260927.320
2026-10-04T22:43:08.2001932Z ##[endgroup]
2026-10-04T22:43:08.2003217Z ##[group]GITHUB_TOKEN Permissions
2026-10-04T22:43:08.2005589Z Contents: read
2026-10-04T22:43:08.2006367Z Metadata: read
2026-10-04T22:43:08.2007011Z Packages: read
2026-10-04T22:43:08.2007641Z ##[endgroup]
2026-10-04T22:43:08.2009860Z Secret source: Actions
2026-10-04T22:43:08.2011552Z Cache mode: write
2026-10-04T22:43:08.2012736Z Prepare workflow directory
2026-10-04T22:43:08.2361133Z Prepare all required actions
2026-10-04T22:43:08.2412784Z Getting action download info
2026-10-04T22:43:08.4884706Z Download action repository 'actions/checkout@v6' (SHA:d23441a48e516b6c34aea4fa41551a30e30af803)
2026-10-04T22:43:08.6072764Z Download action repository 'actions/setup-node@v6' (SHA:249970729cb0ef3589644e2896645e5dc5ba9c38)
2026-10-04T22:43:08.8094781Z Complete job name: targeted
2026-10-04T22:43:08.8970739Z ##[group]Run actions/checkout@v6
2026-10-04T22:43:08.8971844Z with:
2026-10-04T22:43:08.8972451Z   repository: BradleyGleavePortfolio/growth-project-mobile
2026-10-04T22:43:08.8976769Z   token: ***
2026-10-04T22:43:08.8977251Z   ssh-strict: true
2026-10-04T22:43:08.8977725Z   ssh-user: git
2026-10-04T22:43:08.8978217Z   persist-credentials: true
2026-10-04T22:43:08.8978740Z   clean: true
2026-10-04T22:43:08.8979210Z   sparse-checkout-cone-mode: true
2026-10-04T22:43:08.8979768Z   fetch-depth: 1
2026-10-04T22:43:08.8980550Z   fetch-tags: false
2026-10-04T22:43:08.8981031Z   show-progress: true
2026-10-04T22:43:08.8981515Z   lfs: false
2026-10-04T22:43:08.8981962Z   submodules: false
2026-10-04T22:43:08.8982451Z   set-safe-directory: true
2026-10-04T22:43:08.8983020Z   allow-unsafe-pr-checkout: false
2026-10-04T22:43:08.8983900Z ##[endgroup]
2026-10-04T22:43:09.0049443Z Syncing repository: BradleyGleavePortfolio/growth-project-mobile
2026-10-04T22:43:09.0052330Z ##[group]Getting Git version info
2026-10-04T22:43:09.0053329Z Working directory is '/home/runner/work/growth-project-mobile/growth-project-mobile'
2026-10-04T22:43:09.0054577Z [command]/usr/bin/git version
2026-10-04T22:43:09.0127889Z git version 2.55.0
2026-10-04T22:43:09.0155089Z ##[endgroup]
2026-10-04T22:43:09.0172851Z Temporarily overriding HOME='/home/runner/work/_temp/267c2e3e-da0e-459e-9581-6d0332a9155f' before making global git config changes
2026-10-04T22:43:09.0175369Z Adding repository directory to the temporary git global config as a safe directory
2026-10-04T22:43:09.0179933Z [command]/usr/bin/git config --global --add safe.directory /home/runner/work/growth-project-mobile/growth-project-mobile
2026-10-04T22:43:09.0235451Z Deleting the contents of '/home/runner/work/growth-project-mobile/growth-project-mobile'
2026-10-04T22:43:09.0241157Z ##[group]Determining repository object format
2026-10-04T22:43:09.0243609Z ##[endgroup]
2026-10-04T22:43:09.0245486Z ##[group]Initializing the repository
2026-10-04T22:43:09.0249800Z [command]/usr/bin/git init /home/runner/work/growth-project-mobile/growth-project-mobile
2026-10-04T22:43:09.0381203Z hint: Using 'master' as the name for the initial branch. This default branch name
2026-10-04T22:43:09.0383668Z hint: will change to "main" in Git 3.0. To configure the initial branch name
2026-10-04T22:43:09.0385193Z hint: to use in all of your new repositories, which will suppress this warning,
2026-10-04T22:43:09.0386233Z hint: call:
2026-10-04T22:43:09.0386797Z hint:
2026-10-04T22:43:09.0387505Z hint: 	git config --global init.defaultBranch <name>
2026-10-04T22:43:09.0388380Z hint:
2026-10-04T22:43:09.0389393Z hint: Names commonly chosen instead of 'master' are 'main', 'trunk' and
2026-10-04T22:43:09.0391275Z hint: 'development'. The just-created branch can be renamed via this command:
2026-10-04T22:43:09.0392316Z hint:
2026-10-04T22:43:09.0392889Z hint: 	git branch -m <name>
2026-10-04T22:43:09.0393543Z hint:
2026-10-04T22:43:09.0395031Z hint: Disable this message with "git config set advice.defaultBranchName false"
2026-10-04T22:43:09.0396670Z Initialized empty Git repository in /home/runner/work/growth-project-mobile/growth-project-mobile/.git/
2026-10-04T22:43:09.0398844Z [command]/usr/bin/git remote add origin https://github.com/BradleyGleavePortfolio/growth-project-mobile
2026-10-04T22:43:09.0456805Z ##[endgroup]
2026-10-04T22:43:09.0457628Z ##[group]Disabling automatic garbage collection
2026-10-04T22:43:09.0461098Z [command]/usr/bin/git config --local gc.auto 0
2026-10-04T22:43:09.0496497Z ##[endgroup]
2026-10-04T22:43:09.0498109Z ##[group]Setting up auth
2026-10-04T22:43:09.0498824Z Removing SSH command configuration
2026-10-04T22:43:09.0505050Z [command]/usr/bin/git config --local --name-only --get-regexp core\.sshCommand
2026-10-04T22:43:09.0541685Z [command]/usr/bin/git submodule foreach --recursive sh -c "git config --local --name-only --get-regexp 'core\.sshCommand' && git config --local --unset-all 'core.sshCommand' || :"
2026-10-04T22:43:09.0908740Z Removing HTTP extra header
2026-10-04T22:43:09.0916149Z [command]/usr/bin/git config --local --name-only --get-regexp http\.https\:\/\/github\.com\/\.extraheader
2026-10-04T22:43:09.0950380Z [command]/usr/bin/git submodule foreach --recursive sh -c "git config --local --name-only --get-regexp 'http\.https\:\/\/github\.com\/\.extraheader' && git config --local --unset-all 'http.https://github.com/.extraheader' || :"
2026-10-04T22:43:09.1177259Z Removing includeIf entries pointing to credentials config files
2026-10-04T22:43:09.1184025Z [command]/usr/bin/git config --local --name-only --get-regexp ^includeIf\.gitdir:
2026-10-04T22:43:09.1217966Z [command]/usr/bin/git submodule foreach --recursive git config --local --show-origin --name-only --get-regexp remote.origin.url
2026-10-04T22:43:09.1455037Z [command]/usr/bin/git config --file /home/runner/work/_temp/git-credentials-d488c9e7-8751-4e04-8b0a-16b657e41bd6.config http.https://github.com/.extraheader AUTHORIZATION: basic ***
2026-10-04T22:43:09.1496179Z [command]/usr/bin/git config --local includeIf.gitdir:/home/runner/work/growth-project-mobile/growth-project-mobile/.git.path /home/runner/work/_temp/git-credentials-d488c9e7-8751-4e04-8b0a-16b657e41bd6.config
2026-10-04T22:43:09.1529717Z [command]/usr/bin/git config --local includeIf.gitdir:/home/runner/work/growth-project-mobile/growth-project-mobile/.git/worktrees/*.path /home/runner/work/_temp/git-credentials-d488c9e7-8751-4e04-8b0a-16b657e41bd6.config
2026-10-04T22:43:09.1567750Z [command]/usr/bin/git config --local includeIf.gitdir:/github/workspace/.git.path /github/runner_temp/git-credentials-d488c9e7-8751-4e04-8b0a-16b657e41bd6.config
2026-10-04T22:43:09.1615381Z [command]/usr/bin/git config --local includeIf.gitdir:/github/workspace/.git/worktrees/*.path /github/runner_temp/git-credentials-d488c9e7-8751-4e04-8b0a-16b657e41bd6.config
2026-10-04T22:43:09.1688780Z ##[endgroup]
2026-10-04T22:43:09.1690909Z ##[group]Fetching the repository
2026-10-04T22:43:09.1700961Z [command]/usr/bin/git -c protocol.version=2 fetch --no-tags --prune --no-recurse-submodules --depth=1 origin +e671bd1980ef30a1caa00ef48c1f0b7429ab102a:refs/remotes/origin/ci/B-WIZ2-119-347-after
2026-10-04T22:43:09.9383014Z From https://github.com/BradleyGleavePortfolio/growth-project-mobile
2026-10-04T22:43:09.9385133Z  * [new ref]         e671bd1980ef30a1caa00ef48c1f0b7429ab102a -> origin/ci/B-WIZ2-119-347-after
2026-10-04T22:43:09.9388113Z [command]/usr/bin/git branch --list --remote origin/ci/B-WIZ2-119-347-after
2026-10-04T22:43:09.9420917Z   origin/ci/B-WIZ2-119-347-after
2026-10-04T22:43:09.9432102Z [command]/usr/bin/git rev-parse refs/remotes/origin/ci/B-WIZ2-119-347-after
2026-10-04T22:43:09.9458818Z e671bd1980ef30a1caa00ef48c1f0b7429ab102a
2026-10-04T22:43:09.9465215Z ##[endgroup]
2026-10-04T22:43:09.9467936Z ##[group]Determining the checkout info
2026-10-04T22:43:09.9470991Z ##[endgroup]
2026-10-04T22:43:09.9472901Z [command]/usr/bin/git sparse-checkout disable
2026-10-04T22:43:09.9536802Z [command]/usr/bin/git config --local --unset-all extensions.worktreeConfig
2026-10-04T22:43:09.9569462Z ##[group]Checking out the ref
2026-10-04T22:43:09.9574527Z [command]/usr/bin/git checkout --progress --force -B ci/B-WIZ2-119-347-after refs/remotes/origin/ci/B-WIZ2-119-347-after
2026-10-04T22:43:10.0667696Z Switched to a new branch 'ci/B-WIZ2-119-347-after'
2026-10-04T22:43:10.0675173Z branch 'ci/B-WIZ2-119-347-after' set up to track 'origin/ci/B-WIZ2-119-347-after'.
2026-10-04T22:43:10.0685831Z ##[endgroup]
2026-10-04T22:43:10.0733301Z [command]/usr/bin/git log -1 --format=%H
2026-10-04T22:43:10.0760486Z e671bd1980ef30a1caa00ef48c1f0b7429ab102a
2026-10-04T22:43:10.1172466Z ##[group]Run actions/setup-node@v6
2026-10-04T22:43:10.1173804Z with:
2026-10-04T22:43:10.1174723Z   node-version: 22.13
2026-10-04T22:43:10.1175727Z   cache: npm
2026-10-04T22:43:10.1176668Z   check-latest: false
2026-10-04T22:43:10.1187724Z   token: ***
2026-10-04T22:43:10.1188732Z   package-manager-cache: true
2026-10-04T22:43:10.1189897Z ##[endgroup]
2026-10-04T22:43:10.2734098Z Attempting to download 22.13...
2026-10-04T22:43:10.7525082Z Acquiring 22.13.1 - x64 from https://github.com/actions/node-versions/releases/download/22.13.1-12900459766/node-22.13.1-linux-x64.tar.gz
2026-10-04T22:43:11.2322558Z Extracting ...
2026-10-04T22:43:11.2459284Z [command]/usr/bin/tar xz --strip 1 --warning=no-unknown-keyword --overwrite -C /home/runner/work/_temp/b6a77a8a-42f0-4c2d-a3a6-6f1672cc20e7 -f /home/runner/work/_temp/3cb10778-1d29-44bd-bbd8-6d01a97693bc
2026-10-04T22:43:12.4195172Z Adding to the cache ...
2026-10-04T22:43:14.5783676Z ##[group]Environment details
2026-10-04T22:43:14.8081827Z node: v22.13.1
2026-10-04T22:43:14.8082447Z npm: 10.9.2
2026-10-04T22:43:14.8082912Z yarn: 1.22.22
2026-10-04T22:43:14.8083811Z ##[endgroup]
2026-10-04T22:43:14.8110750Z [command]/opt/hostedtoolcache/node/22.13.1/x64/bin/npm config get cache
2026-10-04T22:43:14.9053595Z /home/runner/.npm
2026-10-04T22:43:14.9858903Z Cache hit for: node-cache-Linux-x64-npm-d337c1813e25f31cc43e8d80f8de0d0cb6af6de1f93566771485fa27a2bebc06
2026-10-04T22:43:15.9798819Z Received 241027159 of 241027159 (100.0%), 241.5 MBs/sec
2026-10-04T22:43:15.9799818Z Cache Size: ~230 MB (241027159 B)
2026-10-04T22:43:15.9833555Z [command]/usr/bin/tar -xf /home/runner/work/_temp/04cbbcd9-53d0-409f-b4d3-decb31cc22c2/cache.tzst -P -C /home/runner/work/growth-project-mobile/growth-project-mobile --use-compress-program unzstd
2026-10-04T22:43:16.6609617Z Cache restored successfully
2026-10-04T22:43:16.6722824Z Cache restored from key: node-cache-Linux-x64-npm-d337c1813e25f31cc43e8d80f8de0d0cb6af6de1f93566771485fa27a2bebc06
2026-10-04T22:43:16.6964586Z ##[group]Run npm ci
2026-10-04T22:43:16.6964948Z [36;1mnpm ci[0m
2026-10-04T22:43:16.7252478Z shell: /usr/bin/bash -e {0}
2026-10-04T22:43:16.7252836Z ##[endgroup]
2026-10-04T22:43:21.9078718Z npm warn deprecated inflight@1.0.6: This module is not supported, and leaks memory. Do not use it. Check out lru-cache if you want a good and tested way to coalesce async requests by a key value, which is much more comprehensive and powerful.
2026-10-04T22:43:22.1421985Z npm warn deprecated @humanwhocodes/config-array@0.13.0: Use @eslint/config-array instead
2026-10-04T22:43:22.1544888Z npm warn deprecated whatwg-encoding@2.0.0: Use @exodus/bytes instead for a more spec-conformant and faster implementation
2026-10-04T22:43:22.1591656Z npm warn deprecated rimraf@3.0.2: Rimraf versions prior to v4 are no longer supported
2026-10-04T22:43:22.1809824Z npm warn deprecated abab@2.0.6: Use your platform's native atob() and btoa() methods instead
2026-10-04T22:43:22.3312198Z npm warn deprecated @humanwhocodes/object-schema@2.0.3: Use @eslint/object-schema instead
2026-10-04T22:43:22.3356417Z npm warn deprecated glob@7.2.3: Old versions of glob are not supported, and contain widely publicized security vulnerabilities, which have been fixed in the current version. Please update. Support for old versions may be purchased (at exorbitant rates) by contacting i@izs.me
2026-10-04T22:43:22.3365404Z npm warn deprecated glob@7.2.3: Old versions of glob are not supported, and contain widely publicized security vulnerabilities, which have been fixed in the current version. Please update. Support for old versions may be purchased (at exorbitant rates) by contacting i@izs.me
2026-10-04T22:43:22.3381561Z npm warn deprecated glob@7.2.3: Old versions of glob are not supported, and contain widely publicized security vulnerabilities, which have been fixed in the current version. Please update. Support for old versions may be purchased (at exorbitant rates) by contacting i@izs.me
2026-10-04T22:43:22.3385682Z npm warn deprecated glob@7.2.3: Old versions of glob are not supported, and contain widely publicized security vulnerabilities, which have been fixed in the current version. Please update. Support for old versions may be purchased (at exorbitant rates) by contacting i@izs.me
2026-10-04T22:43:22.3408381Z npm warn deprecated glob@7.2.3: Old versions of glob are not supported, and contain widely publicized security vulnerabilities, which have been fixed in the current version. Please update. Support for old versions may be purchased (at exorbitant rates) by contacting i@izs.me
2026-10-04T22:43:22.3704773Z npm warn deprecated glob@7.1.6: Old versions of glob are not supported, and contain widely publicized security vulnerabilities, which have been fixed in the current version. Please update. Support for old versions may be purchased (at exorbitant rates) by contacting i@izs.me
2026-10-04T22:43:22.4182962Z npm warn deprecated domexception@4.0.0: Use your platform's native DOMException instead
2026-10-04T22:43:22.9416609Z npm warn deprecated @xmldom/xmldom@0.7.13: this version has critical issues, please update to the latest version
2026-10-04T22:43:23.9666440Z npm warn deprecated uuid@7.0.3: uuid@10 and below is no longer supported.  For ESM codebases, update to uuid@latest.  For CommonJS codebases, use uuid@11 (but be aware this version will likely be deprecated in 2028).
2026-10-04T22:43:27.8938921Z npm warn deprecated eslint@8.57.1: This version is no longer supported. Please see https://eslint.org/version-support for other options.
2026-10-04T22:44:21.5395980Z 
2026-10-04T22:44:21.5397749Z added 1108 packages, and audited 1109 packages in 1m
2026-10-04T22:44:21.5398221Z 
2026-10-04T22:44:21.5398460Z 187 packages are looking for funding
2026-10-04T22:44:21.5398803Z   run `npm fund` for details
2026-10-04T22:44:21.9719641Z 
2026-10-04T22:44:21.9720863Z 88 vulnerabilities (1 low, 16 moderate, 71 high)
2026-10-04T22:44:21.9721333Z 
2026-10-04T22:44:21.9721712Z To address issues that do not require attention, run:
2026-10-04T22:44:21.9722774Z   npm audit fix
2026-10-04T22:44:21.9722991Z 
2026-10-04T22:44:21.9723349Z To address all issues (including breaking changes), run:
2026-10-04T22:44:21.9724030Z   npm audit fix --force
2026-10-04T22:44:21.9724271Z 
2026-10-04T22:44:21.9724479Z Run `npm audit` for details.
2026-10-04T22:44:22.1761883Z ##[group]Run set -euo pipefail
2026-10-04T22:44:22.1762247Z [36;1mset -euo pipefail[0m
2026-10-04T22:44:22.1762679Z [36;1mtest -s .ci-lane-specs || { echo "missing .ci-lane-specs"; exit 2; }[0m
2026-10-04T22:44:22.1763459Z [36;1mmapfile -t SPECS < <(grep -vE '^\s*(#|$)' .ci-lane-specs)[0m
2026-10-04T22:44:22.1763869Z [36;1mecho "specs: ${SPECS[*]}"[0m
2026-10-04T22:44:22.1764168Z [36;1mnpx jest --ci "${SPECS[@]}"[0m
2026-10-04T22:44:22.1833151Z shell: /usr/bin/bash --noprofile --norc -e -o pipefail {0}
2026-10-04T22:44:22.1833626Z ##[endgroup]
2026-10-04T22:44:22.1964768Z specs: src/lib/coachSetup/__tests__/w1FixRound119.test.ts src/lib/coachSetup/__tests__/w1FixRound118.test.ts src/lib/coachSetup/__tests__/audit119RetiredWriter.test.ts src/lib/coachSetup/__tests__/audit119Replay.test.ts src/lib/coachSetup/__tests__/audOpusW12_119_345.test.ts src/components/coach/setup/__tests__/connectCopyStates.test.ts src/components/coach/setup/__tests__/audit119Lifecycle.test.tsx src/components/coach/setup/__tests__/audOpusW12_119_346.test.tsx src/components/coach/setup/__tests__/packageCreateDurability.test.tsx src/components/coach/setup/__tests__/packageCreateIdempotency.test.tsx src/components/coach/setup/__tests__/w2FixRound118.test.tsx src/components/coach/setup/__tests__/w2FixRound119.test.tsx src/__tests__/CoachPackageContentsScreen.test.tsx src/__tests__/CoachPackageEditScreen.idempotency.test.tsx src/components/coach/setup/__tests__/coachSetup.test.tsx src/components/coach/setup/__tests__/coachSetupRound2.test.tsx
2026-10-04T22:44:36.4922047Z PASS src/components/coach/setup/__tests__/w2FixRound118.test.tsx (11.912 s)
2026-10-04T22:44:36.5901874Z   ● Console
2026-10-04T22:44:36.5983119Z 
2026-10-04T22:44:36.6003143Z     console.error
2026-10-04T22:44:36.6004489Z       An update to GetPaidPanel inside a test was not wrapped in act(...).
2026-10-04T22:44:36.6005417Z       
2026-10-04T22:44:36.6006635Z       When testing, code that causes React state updates should be wrapped into act(...):
2026-10-04T22:44:36.6007909Z       
2026-10-04T22:44:36.6008458Z       act(() => {
2026-10-04T22:44:36.6009084Z         /* fire events that update state */
2026-10-04T22:44:36.6009719Z       });
2026-10-04T22:44:36.6010510Z       /* assert on the output */
2026-10-04T22:44:36.6011122Z       
2026-10-04T22:44:36.6012476Z       This ensures that you're testing the behavior the user would see in the browser. Learn more at https://react.dev/link/wrap-tests-with-act
2026-10-04T22:44:36.6013696Z 
2026-10-04T22:44:36.6014958Z     [0m [90m 89 |[39m       [36mif[39m ([33m![39mmounted[33m.[39mcurrent) [36mreturn[39m[33m;[39m
2026-10-04T22:44:36.6016517Z      [90m 90 |[39m       [90m// Nothing from the earlier account stays on screen.[39m
2026-10-04T22:44:36.6017913Z     [31m[1m>[22m[39m[90m 91 |[39m       setView([36mnull[39m)[33m;[39m
2026-10-04T22:44:36.6019009Z      [90m    |[39m       [31m[1m^[22m[39m
2026-10-04T22:44:36.6020379Z      [90m 92 |[39m       setStale([36mnull[39m)[33m;[39m
2026-10-04T22:44:36.6022357Z      [90m 93 |[39m       setError([36mnull[39m)[33m;[39m
2026-10-04T22:44:36.6023388Z      [90m 94 |[39m       setFailed([36mnull[39m)[33m;[39m[0m
2026-10-04T22:44:36.6023966Z 
2026-10-04T22:44:36.6024599Z       at node_modules/react-reconciler/cjs/react-reconciler.development.js:16307:19
2026-10-04T22:44:36.6025971Z       at runWithFiberInDEV (node_modules/react-reconciler/cjs/react-reconciler.development.js:2508:13)
2026-10-04T22:44:36.6027625Z       at warnIfUpdatesNotWrappedWithActDEV (node_modules/react-reconciler/cjs/react-reconciler.development.js:16306:9)
2026-10-04T22:44:36.6029263Z       at scheduleUpdateOnFiber (node_modules/react-reconciler/cjs/react-reconciler.development.js:14070:11)
2026-10-04T22:44:36.6031286Z       at dispatchSetStateInternal (node_modules/react-reconciler/cjs/react-reconciler.development.js:6784:13)
2026-10-04T22:44:36.6033367Z       at dispatchSetState (node_modules/react-reconciler/cjs/react-reconciler.development.js:6741:7)
2026-10-04T22:44:36.6034484Z       at setView (src/components/coach/setup/GetPaidPanel.tsx:91:7)
2026-10-04T22:44:36.6035193Z       at fn (src/utils/authEvents.ts:27:31)
2026-10-04T22:44:36.6035751Z           at Array.forEach (<anonymous>)
2026-10-04T22:44:36.6036675Z       at Object.forEach [as emit] (src/utils/authEvents.ts:27:15)
2026-10-04T22:44:36.6037497Z       at Object.emit (src/components/coach/setup/__tests__/w2FixRound118.test.tsx:430:16)
2026-10-04T22:44:36.6038209Z       at asyncGeneratorStep (node_modules/@babel/runtime/helpers/asyncToGenerator.js:3:17)
2026-10-04T22:44:36.6038825Z       at _next (node_modules/@babel/runtime/helpers/asyncToGenerator.js:17:9)
2026-10-04T22:44:36.6039129Z 
2026-10-04T22:44:36.6039250Z     console.error
2026-10-04T22:44:36.6039612Z       An update to GetPaidPanel inside a test was not wrapped in act(...).
2026-10-04T22:44:36.6040324Z       
2026-10-04T22:44:36.6041032Z       When testing, code that causes React state updates should be wrapped into act(...):
2026-10-04T22:44:36.6041735Z       
2026-10-04T22:44:36.6042028Z       act(() => {
2026-10-04T22:44:36.6042437Z         /* fire events that update state */
2026-10-04T22:44:36.6042878Z       });
2026-10-04T22:44:36.6043268Z       /* assert on the output */
2026-10-04T22:44:36.6043655Z       
2026-10-04T22:44:36.6044726Z       This ensures that you're testing the behavior the user would see in the browser. Learn more at https://react.dev/link/wrap-tests-with-act
2026-10-04T22:44:36.6045648Z 
2026-10-04T22:44:36.6046312Z     [0m [90m 90 |[39m       [90m// Nothing from the earlier account stays on screen.[39m
2026-10-04T22:44:36.6047236Z      [90m 91 |[39m       setView([36mnull[39m)[33m;[39m
2026-10-04T22:44:36.6048072Z     [31m[1m>[22m[39m[90m 92 |[39m       setStale([36mnull[39m)[33m;[39m
2026-10-04T22:44:36.6048843Z      [90m    |[39m       [31m[1m^[22m[39m
2026-10-04T22:44:36.6049584Z      [90m 93 |[39m       setError([36mnull[39m)[33m;[39m
2026-10-04T22:44:36.6050630Z      [90m 94 |[39m       setFailed([36mnull[39m)[33m;[39m
2026-10-04T22:44:36.6051464Z      [90m 95 |[39m       setOpening([36mfalse[39m)[33m;[39m[0m
2026-10-04T22:44:36.6051905Z 
2026-10-04T22:44:36.6052432Z       at node_modules/react-reconciler/cjs/react-reconciler.development.js:16307:19
2026-10-04T22:44:36.6053692Z       at runWithFiberInDEV (node_modules/react-reconciler/cjs/react-reconciler.development.js:2508:13)
2026-10-04T22:44:36.6055255Z       at warnIfUpdatesNotWrappedWithActDEV (node_modules/react-reconciler/cjs/react-reconciler.development.js:16306:9)
2026-10-04T22:44:36.6056824Z       at scheduleUpdateOnFiber (node_modules/react-reconciler/cjs/react-reconciler.development.js:14070:11)
2026-10-04T22:44:36.6058320Z       at dispatchSetStateInternal (node_modules/react-reconciler/cjs/react-reconciler.development.js:6784:13)
2026-10-04T22:44:36.6059832Z       at dispatchSetState (node_modules/react-reconciler/cjs/react-reconciler.development.js:6741:7)
2026-10-04T22:44:36.6061376Z       at setStale (src/components/coach/setup/GetPaidPanel.tsx:92:7)
2026-10-04T22:44:36.6062100Z       at fn (src/utils/authEvents.ts:27:31)
2026-10-04T22:44:36.6062680Z           at Array.forEach (<anonymous>)
2026-10-04T22:44:36.6063378Z       at Object.forEach [as emit] (src/utils/authEvents.ts:27:15)
2026-10-04T22:44:36.6064395Z       at Object.emit (src/components/coach/setup/__tests__/w2FixRound118.test.tsx:430:16)
2026-10-04T22:44:36.6065577Z       at asyncGeneratorStep (node_modules/@babel/runtime/helpers/asyncToGenerator.js:3:17)
2026-10-04T22:44:36.6066646Z       at _next (node_modules/@babel/runtime/helpers/asyncToGenerator.js:17:9)
2026-10-04T22:44:36.6067158Z 
2026-10-04T22:44:36.6067314Z     console.error
2026-10-04T22:44:36.6067994Z       An update to GetPaidPanel inside a test was not wrapped in act(...).
2026-10-04T22:44:36.6068696Z       
2026-10-04T22:44:36.6069368Z       When testing, code that causes React state updates should be wrapped into act(...):
2026-10-04T22:44:36.6070315Z       
2026-10-04T22:44:36.6070976Z       act(() => {
2026-10-04T22:44:36.6071432Z         /* fire events that update state */
2026-10-04T22:44:36.6071879Z       });
2026-10-04T22:44:36.6072230Z       /* assert on the output */
2026-10-04T22:44:36.6072869Z       
2026-10-04T22:44:36.6073882Z       This ensures that you're testing the behavior the user would see in the browser. Learn more at https://react.dev/link/wrap-tests-with-act
2026-10-04T22:44:36.6074793Z 
2026-10-04T22:44:36.6075300Z     [0m [90m 91 |[39m       setView([36mnull[39m)[33m;[39m
2026-10-04T22:44:36.6076067Z      [90m 92 |[39m       setStale([36mnull[39m)[33m;[39m
2026-10-04T22:44:36.6076922Z     [31m[1m>[22m[39m[90m 93 |[39m       setError([36mnull[39m)[33m;[39m
2026-10-04T22:44:36.6077671Z      [90m    |[39m       [31m[1m^[22m[39m
2026-10-04T22:44:36.6078387Z      [90m 94 |[39m       setFailed([36mnull[39m)[33m;[39m
2026-10-04T22:44:36.6079188Z      [90m 95 |[39m       setOpening([36mfalse[39m)[33m;[39m
2026-10-04T22:44:36.6080229Z      [90m 96 |[39m       setChecking([36mfalse[39m)[33m;[39m[0m
2026-10-04T22:44:36.6080670Z 
2026-10-04T22:44:36.6081163Z       at node_modules/react-reconciler/cjs/react-reconciler.development.js:16307:19
2026-10-04T22:44:36.6082456Z       at runWithFiberInDEV (node_modules/react-reconciler/cjs/react-reconciler.development.js:2508:13)
2026-10-04T22:44:36.6083978Z       at warnIfUpdatesNotWrappedWithActDEV (node_modules/react-reconciler/cjs/react-reconciler.development.js:16306:9)
2026-10-04T22:44:36.6085485Z       at scheduleUpdateOnFiber (node_modules/react-reconciler/cjs/react-reconciler.development.js:14070:11)
2026-10-04T22:44:36.6086974Z       at dispatchSetStateInternal (node_modules/react-reconciler/cjs/react-reconciler.development.js:6784:13)
2026-10-04T22:44:36.6088412Z       at dispatchSetState (node_modules/react-reconciler/cjs/react-reconciler.development.js:6741:7)
2026-10-04T22:44:36.6089561Z       at setError (src/components/coach/setup/GetPaidPanel.tsx:93:7)
2026-10-04T22:44:36.6090708Z       at fn (src/utils/authEvents.ts:27:31)
2026-10-04T22:44:36.6091302Z           at Array.forEach (<anonymous>)
2026-10-04T22:44:36.6092008Z       at Object.forEach [as emit] (src/utils/authEvents.ts:27:15)
2026-10-04T22:44:36.6093013Z       at Object.emit (src/components/coach/setup/__tests__/w2FixRound118.test.tsx:430:16)
2026-10-04T22:44:36.6094193Z       at asyncGeneratorStep (node_modules/@babel/runtime/helpers/asyncToGenerator.js:3:17)
2026-10-04T22:44:36.6095277Z       at _next (node_modules/@babel/runtime/helpers/asyncToGenerator.js:17:9)
2026-10-04T22:44:36.6095807Z 
2026-10-04T22:44:36.6095962Z     console.error
2026-10-04T22:44:36.6096591Z       An update to GetPaidPanel inside a test was not wrapped in act(...).
2026-10-04T22:44:36.6097234Z       
2026-10-04T22:44:36.6097914Z       When testing, code that causes React state updates should be wrapped into act(...):
2026-10-04T22:44:36.6098642Z       
2026-10-04T22:44:36.6098967Z       act(() => {
2026-10-04T22:44:36.6099413Z         /* fire events that update state */
2026-10-04T22:44:36.6099869Z       });
2026-10-04T22:44:36.6100597Z       /* assert on the output */
2026-10-04T22:44:36.6101008Z       
2026-10-04T22:44:36.6102037Z       This ensures that you're testing the behavior the user would see in the browser. Learn more at https://react.dev/link/wrap-tests-with-act
2026-10-04T22:44:36.6102878Z 
2026-10-04T22:44:36.6103339Z     [0m [90m 92 |[39m       setStale([36mnull[39m)[33m;[39m
2026-10-04T22:44:36.6104121Z      [90m 93 |[39m       setError([36mnull[39m)[33m;[39m
2026-10-04T22:44:36.6105040Z     [31m[1m>[22m[39m[90m 94 |[39m       setFailed([36mnull[39m)[33m;[39m
2026-10-04T22:44:36.6105833Z      [90m    |[39m       [31m[1m^[22m[39m
2026-10-04T22:44:36.6106581Z      [90m 95 |[39m       setOpening([36mfalse[39m)[33m;[39m
2026-10-04T22:44:36.6107375Z      [90m 96 |[39m       setChecking([36mfalse[39m)[33m;[39m
2026-10-04T22:44:36.6108511Z      [90m 97 |[39m       setLoading([36mfalse[39m)[33m;[39m[0m
2026-10-04T22:44:36.6108955Z 
2026-10-04T22:44:36.6109468Z       at node_modules/react-reconciler/cjs/react-reconciler.development.js:16307:19
2026-10-04T22:44:36.6111007Z       at runWithFiberInDEV (node_modules/react-reconciler/cjs/react-reconciler.development.js:2508:13)
2026-10-04T22:44:36.6112763Z       at warnIfUpdatesNotWrappedWithActDEV (node_modules/react-reconciler/cjs/react-reconciler.development.js:16306:9)
2026-10-04T22:44:36.6114290Z       at scheduleUpdateOnFiber (node_modules/react-reconciler/cjs/react-reconciler.development.js:14070:11)
2026-10-04T22:44:36.6115767Z       at dispatchSetStateInternal (node_modules/react-reconciler/cjs/react-reconciler.development.js:6784:13)
2026-10-04T22:44:36.6117219Z       at dispatchSetState (node_modules/react-reconciler/cjs/react-reconciler.development.js:6741:7)
2026-10-04T22:44:36.6118354Z       at setFailed (src/components/coach/setup/GetPaidPanel.tsx:94:7)
2026-10-04T22:44:36.6119125Z       at fn (src/utils/authEvents.ts:27:31)
2026-10-04T22:44:36.6119715Z           at Array.forEach (<anonymous>)
2026-10-04T22:44:36.6120702Z       at Object.forEach [as emit] (src/utils/authEvents.ts:27:15)
2026-10-04T22:44:36.6121720Z       at Object.emit (src/components/coach/setup/__tests__/w2FixRound118.test.tsx:430:16)
2026-10-04T22:44:36.6122925Z       at asyncGeneratorStep (node_modules/@babel/runtime/helpers/asyncToGenerator.js:3:17)
2026-10-04T22:44:36.6124031Z       at _next (node_modules/@babel/runtime/helpers/asyncToGenerator.js:17:9)
2026-10-04T22:44:36.6124571Z 
2026-10-04T22:44:36.6124739Z     console.error
2026-10-04T22:44:36.6125382Z       An update to GetPaidPanel inside a test was not wrapped in act(...).
2026-10-04T22:44:36.6126029Z       
2026-10-04T22:44:36.6126744Z       When testing, code that causes React state updates should be wrapped into act(...):
2026-10-04T22:44:36.6127470Z       
2026-10-04T22:44:36.6127793Z       act(() => {
2026-10-04T22:44:36.6128267Z         /* fire events that update state */
2026-10-04T22:44:36.6128775Z       });
2026-10-04T22:44:36.6129171Z       /* assert on the output */
2026-10-04T22:44:36.6129601Z       
2026-10-04T22:44:36.6131124Z       This ensures that you're testing the behavior the user would see in the browser. Learn more at https://react.dev/link/wrap-tests-with-act
2026-10-04T22:44:36.6132122Z 
2026-10-04T22:44:36.6132636Z     [0m [90m 93 |[39m       setError([36mnull[39m)[33m;[39m
2026-10-04T22:44:36.6133508Z      [90m 94 |[39m       setFailed([36mnull[39m)[33m;[39m
2026-10-04T22:44:36.6134501Z     [31m[1m>[22m[39m[90m 95 |[39m       setOpening([36mfalse[39m)[33m;[39m
2026-10-04T22:44:36.6135404Z      [90m    |[39m       [31m[1m^[22m[39m
2026-10-04T22:44:36.6136208Z      [90m 96 |[39m       setChecking([36mfalse[39m)[33m;[39m
2026-10-04T22:44:36.6137134Z      [90m 97 |[39m       setLoading([36mfalse[39m)[33m;[39m
2026-10-04T22:44:36.6137858Z      [90m 98 |[39m     })[33m;[39m[0m
2026-10-04T22:44:36.6138209Z 
2026-10-04T22:44:36.6138741Z       at node_modules/react-reconciler/cjs/react-reconciler.development.js:16307:19
2026-10-04T22:44:36.6140295Z       at runWithFiberInDEV (node_modules/react-reconciler/cjs/react-reconciler.development.js:2508:13)
2026-10-04T22:44:36.6141914Z       at warnIfUpdatesNotWrappedWithActDEV (node_modules/react-reconciler/cjs/react-reconciler.development.js:16306:9)
2026-10-04T22:44:36.6143444Z       at scheduleUpdateOnFiber (node_modules/react-reconciler/cjs/react-reconciler.development.js:14070:11)
2026-10-04T22:44:36.6144924Z       at dispatchSetStateInternal (node_modules/react-reconciler/cjs/react-reconciler.development.js:6784:13)
2026-10-04T22:44:36.6146357Z       at dispatchSetState (node_modules/react-reconciler/cjs/react-reconciler.development.js:6741:7)
2026-10-04T22:44:36.6147491Z       at setOpening (src/components/coach/setup/GetPaidPanel.tsx:95:7)
2026-10-04T22:44:36.6148242Z       at fn (src/utils/authEvents.ts:27:31)
2026-10-04T22:44:36.6148809Z           at Array.forEach (<anonymous>)
2026-10-04T22:44:36.6149810Z       at Object.forEach [as emit] (src/utils/authEvents.ts:27:15)
2026-10-04T22:44:36.6151090Z       at Object.emit (src/components/coach/setup/__tests__/w2FixRound118.test.tsx:430:16)
2026-10-04T22:44:36.6152499Z       at asyncGeneratorStep (node_modules/@babel/runtime/helpers/asyncToGenerator.js:3:17)
2026-10-04T22:44:36.6153576Z       at _next (node_modules/@babel/runtime/helpers/asyncToGenerator.js:17:9)
2026-10-04T22:44:36.6154112Z 
2026-10-04T22:44:36.6154277Z     console.error
2026-10-04T22:44:36.6154904Z       An update to GetPaidPanel inside a test was not wrapped in act(...).
2026-10-04T22:44:36.6155532Z       
2026-10-04T22:44:36.6156222Z       When testing, code that causes React state updates should be wrapped into act(...):
2026-10-04T22:44:36.6156952Z       
2026-10-04T22:44:36.6157268Z       act(() => {
2026-10-04T22:44:36.6157723Z         /* fire events that update state */
2026-10-04T22:44:36.6158205Z       });
2026-10-04T22:44:36.6158683Z       /* assert on the output */
2026-10-04T22:44:36.6159122Z       
2026-10-04T22:44:36.6160425Z       This ensures that you're testing the behavior the user would see in the browser. Learn more at https://react.dev/link/wrap-tests-with-act
2026-10-04T22:44:36.6161382Z 
2026-10-04T22:44:36.6161966Z     [0m [90m 94 |[39m       setFailed([36mnull[39m)[33m;[39m
2026-10-04T22:44:36.6162835Z      [90m 95 |[39m       setOpening([36mfalse[39m)[33m;[39m
2026-10-04T22:44:36.6163766Z     [31m[1m>[22m[39m[90m 96 |[39m       setChecking([36mfalse[39m)[33m;[39m
2026-10-04T22:44:36.6164683Z      [90m    |[39m       [31m[1m^[22m[39m
2026-10-04T22:44:36.6165520Z      [90m 97 |[39m       setLoading([36mfalse[39m)[33m;[39m
2026-10-04T22:44:36.6166201Z      [90m 98 |[39m     })[33m;[39m
2026-10-04T22:44:36.6166883Z      [90m 99 |[39m     [36mreturn[39m () [33m=>[39m {[0m
2026-10-04T22:44:36.6167281Z 
2026-10-04T22:44:36.6167804Z       at node_modules/react-reconciler/cjs/react-reconciler.development.js:16307:19
2026-10-04T22:44:36.6169069Z       at runWithFiberInDEV (node_modules/react-reconciler/cjs/react-reconciler.development.js:2508:13)
2026-10-04T22:44:36.6170975Z       at warnIfUpdatesNotWrappedWithActDEV (node_modules/react-reconciler/cjs/react-reconciler.development.js:16306:9)
2026-10-04T22:44:36.6172571Z       at scheduleUpdateOnFiber (node_modules/react-reconciler/cjs/react-reconciler.development.js:14070:11)
2026-10-04T22:44:36.6174068Z       at dispatchSetStateInternal (node_modules/react-reconciler/cjs/react-reconciler.development.js:6784:13)
2026-10-04T22:44:36.6175495Z       at dispatchSetState (node_modules/react-reconciler/cjs/react-reconciler.development.js:6741:7)
2026-10-04T22:44:36.6176613Z       at setChecking (src/components/coach/setup/GetPaidPanel.tsx:96:7)
2026-10-04T22:44:36.6177350Z       at fn (src/utils/authEvents.ts:27:31)
2026-10-04T22:44:36.6177922Z           at Array.forEach (<anonymous>)
2026-10-04T22:44:36.6178613Z       at Object.forEach [as emit] (src/utils/authEvents.ts:27:15)
2026-10-04T22:44:36.6179577Z       at Object.emit (src/components/coach/setup/__tests__/w2FixRound118.test.tsx:430:16)
2026-10-04T22:44:36.6180969Z       at asyncGeneratorStep (node_modules/@babel/runtime/helpers/asyncToGenerator.js:3:17)
2026-10-04T22:44:36.6182047Z       at _next (node_modules/@babel/runtime/helpers/asyncToGenerator.js:17:9)
2026-10-04T22:44:36.6182578Z 
2026-10-04T22:44:36.6182728Z     console.error
2026-10-04T22:44:36.6183360Z       An update to GetPaidPanel inside a test was not wrapped in act(...).
2026-10-04T22:44:36.6184011Z       
2026-10-04T22:44:36.6184695Z       When testing, code that causes React state updates should be wrapped into act(...):
2026-10-04T22:44:36.6185435Z       
2026-10-04T22:44:36.6185800Z       act(() => {
2026-10-04T22:44:36.6186253Z         /* fire events that update state */
2026-10-04T22:44:36.6186724Z       });
2026-10-04T22:44:36.6187099Z       /* assert on the output */
2026-10-04T22:44:36.6187526Z       
2026-10-04T22:44:36.6188868Z       This ensures that you're testing the behavior the user would see in the browser. Learn more at https://react.dev/link/wrap-tests-with-act
2026-10-04T22:44:36.6189823Z 
2026-10-04T22:44:36.6190533Z     [0m [90m  95 |[39m       setOpening([36mfalse[39m)[33m;[39m
2026-10-04T22:44:36.6191566Z      [90m  96 |[39m       setChecking([36mfalse[39m)[33m;[39m
2026-10-04T22:44:36.6192462Z     [31m[1m>[22m[39m[90m  97 |[39m       setLoading([36mfalse[39m)[33m;[39m
2026-10-04T22:44:36.6193254Z      [90m     |[39m       [31m[1m^[22m[39m
2026-10-04T22:44:36.6193848Z      [90m  98 |[39m     })[33m;[39m
2026-10-04T22:44:36.6194549Z      [90m  99 |[39m     [36mreturn[39m () [33m=>[39m {
2026-10-04T22:44:36.6195586Z      [90m 100 |[39m       mounted[33m.[39mcurrent [33m=[39m [36mfalse[39m[33m;[39m[0m
2026-10-04T22:44:36.6196168Z 
2026-10-04T22:44:36.6196687Z       at node_modules/react-reconciler/cjs/react-reconciler.development.js:16307:19
2026-10-04T22:44:36.6197949Z       at runWithFiberInDEV (node_modules/react-reconciler/cjs/react-reconciler.development.js:2508:13)
2026-10-04T22:44:36.6199490Z       at warnIfUpdatesNotWrappedWithActDEV (node_modules/react-reconciler/cjs/react-reconciler.development.js:16306:9)
2026-10-04T22:44:36.6201338Z       at scheduleUpdateOnFiber (node_modules/react-reconciler/cjs/react-reconciler.development.js:14070:11)
2026-10-04T22:44:36.6202806Z       at dispatchSetStateInternal (node_modules/react-reconciler/cjs/react-reconciler.development.js:6784:13)
2026-10-04T22:44:36.6204247Z       at dispatchSetState (node_modules/react-reconciler/cjs/react-reconciler.development.js:6741:7)
2026-10-04T22:44:36.6205331Z       at setLoading (src/components/coach/setup/GetPaidPanel.tsx:97:7)
2026-10-04T22:44:36.6206060Z       at fn (src/utils/authEvents.ts:27:31)
2026-10-04T22:44:36.6206660Z           at Array.forEach (<anonymous>)
2026-10-04T22:44:36.6207341Z       at Object.forEach [as emit] (src/utils/authEvents.ts:27:15)
2026-10-04T22:44:36.6208335Z       at Object.emit (src/components/coach/setup/__tests__/w2FixRound118.test.tsx:430:16)
2026-10-04T22:44:36.6209506Z       at asyncGeneratorStep (node_modules/@babel/runtime/helpers/asyncToGenerator.js:3:17)
2026-10-04T22:44:36.6210779Z       at _next (node_modules/@babel/runtime/helpers/asyncToGenerator.js:17:9)
2026-10-04T22:44:36.6211291Z 
2026-10-04T22:44:36.6211438Z     console.warn
2026-10-04T22:44:36.6212983Z       SafeAreaView has been deprecated and will be removed in a future release. Please use 'react-native-safe-area-context' instead. See https://github.com/AppAndFlow/react-native-safe-area-context
2026-10-04T22:44:36.6214291Z 
2026-10-04T22:44:36.6215493Z     [0m [90m 25 |[39m   [36mconst[39m section [33m=[39m route[33m.[39mparams[33m?[39m[33m.[39msection [33m?[39m[33m?[39m [32m"get_paid"[39m[33m;[39m
2026-10-04T22:44:36.6216734Z      [90m 26 |[39m   [36mreturn[39m (
2026-10-04T22:44:36.6217931Z     [31m[1m>[22m[39m[90m 27 |[39m     [33m<[39m[33mSafeAreaView[39m style[33m=[39m{styles[33m.[39mcontainer}[33m>[39m
2026-10-04T22:44:36.6218988Z      [90m    |[39m      [31m[1m^[22m[39m
2026-10-04T22:44:36.6220411Z      [90m 28 |[39m       [33m<[39m[33mScrollView[39m contentContainerStyle[33m=[39m{styles[33m.[39minner}[33m>[39m
2026-10-04T22:44:36.6221593Z      [90m 29 |[39m         [33m<[39m[33mTouchableOpacity[39m
2026-10-04T22:44:36.6222636Z      [90m 30 |[39m           onPress[33m=[39m{() [33m=>[39m navigation[33m.[39mgoBack()}[0m
2026-10-04T22:44:36.6223196Z 
2026-10-04T22:44:36.6223666Z       at warn (node_modules/react-native/Libraries/Utilities/warnOnce.js:27:11)
2026-10-04T22:44:36.6224700Z       at Object.warnOnce [as SafeAreaView] (node_modules/react-native/index.js:101:5)
2026-10-04T22:44:36.6225704Z       at SafeAreaView (src/screens/coach/setup/CoachSetupScreen.tsx:27:6)
2026-10-04T22:44:36.6226969Z       at Object.react_stack_bottom_frame (node_modules/react-reconciler/cjs/react-reconciler.development.js:17596:20)
2026-10-04T22:44:36.6228696Z       at renderWithHooks (node_modules/react-reconciler/cjs/react-reconciler.development.js:5335:22)
2026-10-04T22:44:36.6230364Z       at updateFunctionComponent (node_modules/react-reconciler/cjs/react-reconciler.development.js:7720:19)
2026-10-04T22:44:36.6232133Z       at beginWork (node_modules/react-reconciler/cjs/react-reconciler.development.js:9277:18)
2026-10-04T22:44:36.6233392Z       at runWithFiberInDEV (node_modules/react-reconciler/cjs/react-reconciler.development.js:2508:13)
2026-10-04T22:44:36.6234640Z       at performUnitOfWork (node_modules/react-reconciler/cjs/react-reconciler.development.js:15273:22)
2026-10-04T22:44:36.6235934Z       at workLoopSync (node_modules/react-reconciler/cjs/react-reconciler.development.js:15099:41)
2026-10-04T22:44:36.6237208Z       at renderRootSync (node_modules/react-reconciler/cjs/react-reconciler.development.js:15080:11)
2026-10-04T22:44:36.6238522Z       at performWorkOnRoot (node_modules/react-reconciler/cjs/react-reconciler.development.js:14165:11)
2026-10-04T22:44:36.6240366Z       at performWorkOnRootViaSchedulerTask (node_modules/react-reconciler/cjs/react-reconciler.development.js:3335:7)
2026-10-04T22:44:36.6241635Z       at flushActQueue (node_modules/react/cjs/react.development.js:590:34)
2026-10-04T22:44:36.6242475Z       at node_modules/react/cjs/react.development.js:847:21
2026-10-04T22:44:36.6242886Z 
2026-10-04T22:44:36.8771849Z PASS src/lib/coachSetup/__tests__/w1FixRound118.test.ts
2026-10-04T22:44:37.0402213Z PASS src/__tests__/CoachPackageContentsScreen.test.tsx (12.797 s)
2026-10-04T22:44:37.1206856Z   ● Console
2026-10-04T22:44:37.1232006Z 
2026-10-04T22:44:37.1291843Z     console.error
2026-10-04T22:44:37.1301647Z       An update to CoachPackageContentsScreen inside a test was not wrapped in act(...).
2026-10-04T22:44:37.1305053Z       
2026-10-04T22:44:37.1306121Z       When testing, code that causes React state updates should be wrapped into act(...):
2026-10-04T22:44:37.1307199Z       
2026-10-04T22:44:37.1307802Z       act(() => {
2026-10-04T22:44:37.1308438Z         /* fire events that update state */
2026-10-04T22:44:37.1309101Z       });
2026-10-04T22:44:37.1309674Z       /* assert on the output */
2026-10-04T22:44:37.1310680Z       
2026-10-04T22:44:37.1312014Z       This ensures that you're testing the behavior the user would see in the browser. Learn more at https://react.dev/link/wrap-tests-with-act
2026-10-04T22:44:37.1313153Z 
2026-10-04T22:44:37.1314299Z     [0m [90m 367 |[39m       [90m// NEXT push intent can proceed once this one finishes.[39m
2026-10-04T22:44:37.1316016Z      [90m 368 |[39m       previewInFlightRef[33m.[39mcurrent [33m=[39m [36mfalse[39m[33m;[39m
2026-10-04T22:44:37.1317838Z     [31m[1m>[22m[39m[90m 369 |[39m       setAudienceCount(res[33m.[39mdata[33m.[39mcount)[33m;[39m
2026-10-04T22:44:37.1319179Z      [90m     |[39m       [31m[1m^[22m[39m
2026-10-04T22:44:37.1320492Z      [90m 370 |[39m       setBuyerNotify([36mtrue[39m)[33m;[39m
2026-10-04T22:44:37.1352115Z      [90m 371 |[39m       setFireAt([36mnull[39m)[33m;[39m
2026-10-04T22:44:37.1382002Z      [90m 372 |[39m       setPushSubmitting([36mfalse[39m)[33m;[39m[0m
2026-10-04T22:44:37.1383146Z 
2026-10-04T22:44:37.1411707Z       at node_modules/react-reconciler/cjs/react-reconciler.development.js:16307:19
2026-10-04T22:44:37.1441746Z       at runWithFiberInDEV (node_modules/react-reconciler/cjs/react-reconciler.development.js:2508:13)
2026-10-04T22:44:37.1475320Z       at warnIfUpdatesNotWrappedWithActDEV (node_modules/react-reconciler/cjs/react-reconciler.development.js:16306:9)
2026-10-04T22:44:37.1477511Z       at scheduleUpdateOnFiber (node_modules/react-reconciler/cjs/react-reconciler.development.js:14070:11)
2026-10-04T22:44:37.1501797Z       at dispatchSetStateInternal (node_modules/react-reconciler/cjs/react-reconciler.development.js:6784:13)
2026-10-04T22:44:37.1531643Z       at dispatchSetState (node_modules/react-reconciler/cjs/react-reconciler.development.js:6741:7)
2026-10-04T22:44:37.1533750Z       at setAudienceCount (src/screens/coach/payments/CoachPackageContentsScreen.tsx:369:7)
2026-10-04T22:44:37.1535061Z       at asyncGeneratorStep (node_modules/@babel/runtime/helpers/asyncToGenerator.js:3:17)
2026-10-04T22:44:37.1536607Z       at _next (node_modules/@babel/runtime/helpers/asyncToGenerator.js:17:9)
2026-10-04T22:44:37.1537145Z 
2026-10-04T22:44:37.1537318Z     console.error
2026-10-04T22:44:37.1538092Z       An update to CoachPackageContentsScreen inside a test was not wrapped in act(...).
2026-10-04T22:44:37.1538894Z       
2026-10-04T22:44:37.1539624Z       When testing, code that causes React state updates should be wrapped into act(...):
2026-10-04T22:44:37.1540653Z       
2026-10-04T22:44:37.1541060Z       act(() => {
2026-10-04T22:44:37.1541520Z         /* fire events that update state */
2026-10-04T22:44:37.1541984Z       });
2026-10-04T22:44:37.1542371Z       /* assert on the output */
2026-10-04T22:44:37.1631257Z       
2026-10-04T22:44:37.1632692Z       This ensures that you're testing the behavior the user would see in the browser. Learn more at https://react.dev/link/wrap-tests-with-act
2026-10-04T22:44:37.1633771Z 
2026-10-04T22:44:37.1634786Z     [0m [90m 368 |[39m       previewInFlightRef[33m.[39mcurrent [33m=[39m [36mfalse[39m[33m;[39m
2026-10-04T22:44:37.1636169Z      [90m 369 |[39m       setAudienceCount(res[33m.[39mdata[33m.[39mcount)[33m;[39m
2026-10-04T22:44:37.1637363Z     [31m[1m>[22m[39m[90m 370 |[39m       setBuyerNotify([36mtrue[39m)[33m;[39m
2026-10-04T22:44:37.1638294Z      [90m     |[39m       [31m[1m^[22m[39m
2026-10-04T22:44:37.1639042Z      [90m 371 |[39m       setFireAt([36mnull[39m)[33m;[39m
2026-10-04T22:44:37.1639858Z      [90m 372 |[39m       setPushSubmitting([36mfalse[39m)[33m;[39m
2026-10-04T22:44:37.1643748Z      [90m 373 |[39m       [90m// The push INTENT begins here: mint ONE stable idempotency key now and[39m[0m
2026-10-04T22:44:37.1644380Z 
2026-10-04T22:44:37.1644911Z       at node_modules/react-reconciler/cjs/react-reconciler.development.js:16307:19
2026-10-04T22:44:37.1646206Z       at runWithFiberInDEV (node_modules/react-reconciler/cjs/react-reconciler.development.js:2508:13)
2026-10-04T22:44:37.1647670Z       at warnIfUpdatesNotWrappedWithActDEV (node_modules/react-reconciler/cjs/react-reconciler.development.js:16306:9)
2026-10-04T22:44:37.1649292Z       at scheduleUpdateOnFiber (node_modules/react-reconciler/cjs/react-reconciler.development.js:14070:11)
2026-10-04T22:44:37.1651216Z       at dispatchSetStateInternal (node_modules/react-reconciler/cjs/react-reconciler.development.js:6784:13)
2026-10-04T22:44:37.1652575Z       at dispatchSetState (node_modules/react-reconciler/cjs/react-reconciler.development.js:6741:7)
2026-10-04T22:44:37.1653847Z       at setBuyerNotify (src/screens/coach/payments/CoachPackageContentsScreen.tsx:370:7)
2026-10-04T22:44:37.1655141Z       at asyncGeneratorStep (node_modules/@babel/runtime/helpers/asyncToGenerator.js:3:17)
2026-10-04T22:44:37.1656289Z       at _next (node_modules/@babel/runtime/helpers/asyncToGenerator.js:17:9)
2026-10-04T22:44:37.1656790Z 
2026-10-04T22:44:37.1656937Z     console.error
2026-10-04T22:44:37.1657701Z       An update to CoachPackageContentsScreen inside a test was not wrapped in act(...).
2026-10-04T22:44:37.1658474Z       
2026-10-04T22:44:37.1659160Z       When testing, code that causes React state updates should be wrapped into act(...):
2026-10-04T22:44:37.1659910Z       
2026-10-04T22:44:37.1660557Z       act(() => {
2026-10-04T22:44:37.1661025Z         /* fire events that update state */
2026-10-04T22:44:37.1661511Z       });
2026-10-04T22:44:37.1661906Z       /* assert on the output */
2026-10-04T22:44:37.1662334Z       
2026-10-04T22:44:37.1663444Z       This ensures that you're testing the behavior the user would see in the browser. Learn more at https://react.dev/link/wrap-tests-with-act
2026-10-04T22:44:37.1664361Z 
2026-10-04T22:44:37.1665672Z     [0m [90m 369 |[39m       setAudienceCount(res[33m.[39mdata[33m.[39mcount)[33m;[39m
2026-10-04T22:44:37.1666780Z      [90m 370 |[39m       setBuyerNotify([36mtrue[39m)[33m;[39m
2026-10-04T22:44:37.1667752Z     [31m[1m>[22m[39m[90m 371 |[39m       setFireAt([36mnull[39m)[33m;[39m
2026-10-04T22:44:37.1668980Z      [90m     |[39m       [31m[1m^[22m[39m
2026-10-04T22:44:37.1669840Z      [90m 372 |[39m       setPushSubmitting([36mfalse[39m)[33m;[39m
2026-10-04T22:44:37.1681973Z      [90m 373 |[39m       [90m// The push INTENT begins here: mint ONE stable idempotency key now and[39m
2026-10-04T22:44:37.1683474Z      [90m 374 |[39m       [90m// reuse it for the push call and any retry of this same intent. Both the[39m[0m
2026-10-04T22:44:37.1684195Z 
2026-10-04T22:44:37.1684738Z       at node_modules/react-reconciler/cjs/react-reconciler.development.js:16307:19
2026-10-04T22:44:37.1686030Z       at runWithFiberInDEV (node_modules/react-reconciler/cjs/react-reconciler.development.js:2508:13)
2026-10-04T22:44:37.1687599Z       at warnIfUpdatesNotWrappedWithActDEV (node_modules/react-reconciler/cjs/react-reconciler.development.js:16306:9)
2026-10-04T22:44:37.1689152Z       at scheduleUpdateOnFiber (node_modules/react-reconciler/cjs/react-reconciler.development.js:14070:11)
2026-10-04T22:44:37.1691013Z       at dispatchSetStateInternal (node_modules/react-reconciler/cjs/react-reconciler.development.js:6784:13)
2026-10-04T22:44:37.1692532Z       at dispatchSetState (node_modules/react-reconciler/cjs/react-reconciler.development.js:6741:7)
2026-10-04T22:44:37.1693835Z       at setFireAt (src/screens/coach/payments/CoachPackageContentsScreen.tsx:371:7)
2026-10-04T22:44:37.1695085Z       at asyncGeneratorStep (node_modules/@babel/runtime/helpers/asyncToGenerator.js:3:17)
2026-10-04T22:44:37.1696199Z       at _next (node_modules/@babel/runtime/helpers/asyncToGenerator.js:17:9)
2026-10-04T22:44:37.1696731Z 
2026-10-04T22:44:37.1696881Z     console.error
2026-10-04T22:44:37.1697636Z       An update to CoachPackageContentsScreen inside a test was not wrapped in act(...).
2026-10-04T22:44:37.1698389Z       
2026-10-04T22:44:37.1699148Z       When testing, code that causes React state updates should be wrapped into act(...):
2026-10-04T22:44:37.1699867Z       
2026-10-04T22:44:37.1700488Z       act(() => {
2026-10-04T22:44:37.1700963Z         /* fire events that update state */
2026-10-04T22:44:37.1701459Z       });
2026-10-04T22:44:37.1701869Z       /* assert on the output */
2026-10-04T22:44:37.1702304Z       
2026-10-04T22:44:37.1703385Z       This ensures that you're testing the behavior the user would see in the browser. Learn more at https://react.dev/link/wrap-tests-with-act
2026-10-04T22:44:37.1704271Z 
2026-10-04T22:44:37.1704862Z     [0m [90m 370 |[39m       setBuyerNotify([36mtrue[39m)[33m;[39m
2026-10-04T22:44:37.1705763Z      [90m 371 |[39m       setFireAt([36mnull[39m)[33m;[39m
2026-10-04T22:44:37.1706781Z     [31m[1m>[22m[39m[90m 372 |[39m       setPushSubmitting([36mfalse[39m)[33m;[39m
2026-10-04T22:44:37.1707687Z      [90m     |[39m       [31m[1m^[22m[39m
2026-10-04T22:44:37.1708795Z      [90m 373 |[39m       [90m// The push INTENT begins here: mint ONE stable idempotency key now and[39m
2026-10-04T22:44:37.1710668Z      [90m 374 |[39m       [90m// reuse it for the push call and any retry of this same intent. Both the[39m
2026-10-04T22:44:37.1712230Z      [90m 375 |[39m       [90m// ref (synchronous source of truth) and state (debug/inspection) carry it.[39m[0m
2026-10-04T22:44:37.1712949Z 
2026-10-04T22:44:37.1713504Z       at node_modules/react-reconciler/cjs/react-reconciler.development.js:16307:19
2026-10-04T22:44:37.1714808Z       at runWithFiberInDEV (node_modules/react-reconciler/cjs/react-reconciler.development.js:2508:13)
2026-10-04T22:44:37.1716365Z       at warnIfUpdatesNotWrappedWithActDEV (node_modules/react-reconciler/cjs/react-reconciler.development.js:16306:9)
2026-10-04T22:44:37.1717965Z       at scheduleUpdateOnFiber (node_modules/react-reconciler/cjs/react-reconciler.development.js:14070:11)
2026-10-04T22:44:37.1720275Z       at dispatchSetStateInternal (node_modules/react-reconciler/cjs/react-reconciler.development.js:6784:13)
2026-10-04T22:44:37.1721828Z       at dispatchSetState (node_modules/react-reconciler/cjs/react-reconciler.development.js:6741:7)
2026-10-04T22:44:37.1723483Z       at setPushSubmitting (src/screens/coach/payments/CoachPackageContentsScreen.tsx:372:7)
2026-10-04T22:44:37.1724775Z       at asyncGeneratorStep (node_modules/@babel/runtime/helpers/asyncToGenerator.js:3:17)
2026-10-04T22:44:37.1725942Z       at _next (node_modules/@babel/runtime/helpers/asyncToGenerator.js:17:9)
2026-10-04T22:44:37.1726511Z 
2026-10-04T22:44:37.1726685Z     console.error
2026-10-04T22:44:37.1727435Z       An update to CoachPackageContentsScreen inside a test was not wrapped in act(...).
2026-10-04T22:44:37.1728245Z       
2026-10-04T22:44:37.1728962Z       When testing, code that causes React state updates should be wrapped into act(...):
2026-10-04T22:44:37.1729614Z       
2026-10-04T22:44:37.1730247Z       act(() => {
2026-10-04T22:44:37.1730740Z         /* fire events that update state */
2026-10-04T22:44:37.1731244Z       });
2026-10-04T22:44:37.1731662Z       /* assert on the output */
2026-10-04T22:44:37.1732102Z       
2026-10-04T22:44:37.1733168Z       This ensures that you're testing the behavior the user would see in the browser. Learn more at https://react.dev/link/wrap-tests-with-act
2026-10-04T22:44:37.1734134Z 
2026-10-04T22:44:37.1734898Z     [0m [90m 377 |[39m       pushIdemKeyRef[33m.[39mcurrent [33m=[39m intentKey[33m;[39m
2026-10-04T22:44:37.1736245Z      [90m 378 |[39m       submitInFlightRef[33m.[39mcurrent [33m=[39m [36mfalse[39m[33m;[39m
2026-10-04T22:44:37.1737508Z     [31m[1m>[22m[39m[90m 379 |[39m       setPreviewLoading([36mfalse[39m)[33m;[39m
2026-10-04T22:44:37.1738434Z      [90m     |[39m       [31m[1m^[22m[39m
2026-10-04T22:44:37.1739297Z      [90m 380 |[39m       setConfirmVisible([36mtrue[39m)[33m;[39m
2026-10-04T22:44:37.1740673Z      [90m 381 |[39m     } [36mcatch[39m (err) {
2026-10-04T22:44:37.1741865Z      [90m 382 |[39m       [90m// Only the CURRENT intent surfaces an error / resets state. A stale[39m[0m
2026-10-04T22:44:37.1742564Z 
2026-10-04T22:44:37.1743117Z       at node_modules/react-reconciler/cjs/react-reconciler.development.js:16307:19
2026-10-04T22:44:37.1744351Z       at runWithFiberInDEV (node_modules/react-reconciler/cjs/react-reconciler.development.js:2508:13)
2026-10-04T22:44:37.1745937Z       at warnIfUpdatesNotWrappedWithActDEV (node_modules/react-reconciler/cjs/react-reconciler.development.js:16306:9)
2026-10-04T22:44:37.1747643Z       at scheduleUpdateOnFiber (node_modules/react-reconciler/cjs/react-reconciler.development.js:14070:11)
2026-10-04T22:44:37.1749123Z       at dispatchSetStateInternal (node_modules/react-reconciler/cjs/react-reconciler.development.js:6784:13)
2026-10-04T22:44:37.1750870Z       at dispatchSetState (node_modules/react-reconciler/cjs/react-reconciler.development.js:6741:7)
2026-10-04T22:44:37.1752213Z       at setPreviewLoading (src/screens/coach/payments/CoachPackageContentsScreen.tsx:379:7)
2026-10-04T22:44:37.1753487Z       at asyncGeneratorStep (node_modules/@babel/runtime/helpers/asyncToGenerator.js:3:17)
2026-10-04T22:44:37.1754613Z       at _next (node_modules/@babel/runtime/helpers/asyncToGenerator.js:17:9)
2026-10-04T22:44:37.1755123Z 
2026-10-04T22:44:37.1759395Z     console.error
2026-10-04T22:44:37.1760540Z       An update to CoachPackageContentsScreen inside a test was not wrapped in act(...).
2026-10-04T22:44:37.1761332Z       
2026-10-04T22:44:37.1762051Z       When testing, code that causes React state updates should be wrapped into act(...):
2026-10-04T22:44:37.1762791Z       
2026-10-04T22:44:37.1763130Z       act(() => {
2026-10-04T22:44:37.1763579Z         /* fire events that update state */
2026-10-04T22:44:37.1764079Z       });
2026-10-04T22:44:37.1764475Z       /* assert on the output */
2026-10-04T22:44:37.1764915Z       
2026-10-04T22:44:37.1766451Z       This ensures that you're testing the behavior the user would see in the browser. Learn more at https://react.dev/link/wrap-tests-with-act
2026-10-04T22:44:37.1767428Z 
2026-10-04T22:44:37.1768297Z     [0m [90m 378 |[39m       submitInFlightRef[33m.[39mcurrent [33m=[39m [36mfalse[39m[33m;[39m
2026-10-04T22:44:37.1769787Z      [90m 379 |[39m       setPreviewLoading([36mfalse[39m)[33m;[39m
2026-10-04T22:44:37.1771202Z     [31m[1m>[22m[39m[90m 380 |[39m       setConfirmVisible([36mtrue[39m)[33m;[39m
2026-10-04T22:44:37.1772023Z      [90m     |[39m       [31m[1m^[22m[39m
2026-10-04T22:44:37.1772747Z      [90m 381 |[39m     } [36mcatch[39m (err) {
2026-10-04T22:44:37.1773881Z      [90m 382 |[39m       [90m// Only the CURRENT intent surfaces an error / resets state. A stale[39m
2026-10-04T22:44:37.1775297Z      [90m 383 |[39m       [90m// failed preview is ignored so it cannot disturb an in-flight push.[39m[0m
2026-10-04T22:44:37.1776005Z 
2026-10-04T22:44:37.1776545Z       at node_modules/react-reconciler/cjs/react-reconciler.development.js:16307:19
2026-10-04T22:44:37.1777819Z       at runWithFiberInDEV (node_modules/react-reconciler/cjs/react-reconciler.development.js:2508:13)
2026-10-04T22:44:37.1779416Z       at warnIfUpdatesNotWrappedWithActDEV (node_modules/react-reconciler/cjs/react-reconciler.development.js:16306:9)
2026-10-04T22:44:37.1781304Z       at scheduleUpdateOnFiber (node_modules/react-reconciler/cjs/react-reconciler.development.js:14070:11)
2026-10-04T22:44:37.1782890Z       at dispatchSetStateInternal (node_modules/react-reconciler/cjs/react-reconciler.development.js:6784:13)
2026-10-04T22:44:37.1784325Z       at dispatchSetState (node_modules/react-reconciler/cjs/react-reconciler.development.js:6741:7)
2026-10-04T22:44:37.1785632Z       at setConfirmVisible (src/screens/coach/payments/CoachPackageContentsScreen.tsx:380:7)
2026-10-04T22:44:37.1786894Z       at asyncGeneratorStep (node_modules/@babel/runtime/helpers/asyncToGenerator.js:3:17)
2026-10-04T22:44:37.1787952Z       at _next (node_modules/@babel/runtime/helpers/asyncToGenerator.js:17:9)
2026-10-04T22:44:37.1788483Z 
2026-10-04T22:44:37.1788674Z     console.error
2026-10-04T22:44:37.1789505Z       An update to CoachPackageContentsScreen inside a test was not wrapped in act(...).
2026-10-04T22:44:37.1790643Z       
2026-10-04T22:44:37.1791400Z       When testing, code that causes React state updates should be wrapped into act(...):
2026-10-04T22:44:37.1792223Z       
2026-10-04T22:44:37.1792578Z       act(() => {
2026-10-04T22:44:37.1793077Z         /* fire events that update state */
2026-10-04T22:44:37.1793613Z       });
2026-10-04T22:44:37.1794038Z       /* assert on the output */
2026-10-04T22:44:37.1794517Z       
2026-10-04T22:44:37.1795640Z       This ensures that you're testing the behavior the user would see in the browser. Learn more at https://react.dev/link/wrap-tests-with-act
2026-10-04T22:44:37.1796500Z 
2026-10-04T22:44:37.1797290Z     [0m [90m 367 |[39m       [90m// NEXT push intent can proceed once this one finishes.[39m
2026-10-04T22:44:37.1798733Z      [90m 368 |[39m       previewInFlightRef[33m.[39mcurrent [33m=[39m [36mfalse[39m[33m;[39m
2026-10-04T22:44:37.1800499Z     [31m[1m>[22m[39m[90m 369 |[39m       setAudienceCount(res[33m.[39mdata[33m.[39mcount)[33m;[39m
2026-10-04T22:44:37.1801549Z      [90m     |[39m       [31m[1m^[22m[39m
2026-10-04T22:44:37.1802330Z      [90m 370 |[39m       setBuyerNotify([36mtrue[39m)[33m;[39m
2026-10-04T22:44:37.1803113Z      [90m 371 |[39m       setFireAt([36mnull[39m)[33m;[39m
2026-10-04T22:44:37.1804034Z      [90m 372 |[39m       setPushSubmitting([36mfalse[39m)[33m;[39m[0m
2026-10-04T22:44:37.1804533Z 
2026-10-04T22:44:37.1805044Z       at node_modules/react-reconciler/cjs/react-reconciler.development.js:16307:19
2026-10-04T22:44:37.1806313Z       at runWithFiberInDEV (node_modules/react-reconciler/cjs/react-reconciler.development.js:2508:13)
2026-10-04T22:44:37.1808388Z       at warnIfUpdatesNotWrappedWithActDEV (node_modules/react-reconciler/cjs/react-reconciler.development.js:16306:9)
2026-10-04T22:44:37.1810402Z       at scheduleUpdateOnFiber (node_modules/react-reconciler/cjs/react-reconciler.development.js:14070:11)
2026-10-04T22:44:37.1812265Z       at dispatchSetStateInternal (node_modules/react-reconciler/cjs/react-reconciler.development.js:6784:13)
2026-10-04T22:44:37.1813763Z       at dispatchSetState (node_modules/react-reconciler/cjs/react-reconciler.development.js:6741:7)
2026-10-04T22:44:37.1815077Z       at setAudienceCount (src/screens/coach/payments/CoachPackageContentsScreen.tsx:369:7)
2026-10-04T22:44:37.1816353Z       at asyncGeneratorStep (node_modules/@babel/runtime/helpers/asyncToGenerator.js:3:17)
2026-10-04T22:44:37.1817477Z       at _next (node_modules/@babel/runtime/helpers/asyncToGenerator.js:17:9)
2026-10-04T22:44:37.1818009Z 
2026-10-04T22:44:37.1818156Z     console.error
2026-10-04T22:44:37.1818956Z       An update to CoachPackageContentsScreen inside a test was not wrapped in act(...).
2026-10-04T22:44:37.1819757Z       
2026-10-04T22:44:37.1820909Z       When testing, code that causes React state updates should be wrapped into act(...):
2026-10-04T22:44:37.1821727Z       
2026-10-04T22:44:37.1822128Z       act(() => {
2026-10-04T22:44:37.1822616Z         /* fire events that update state */
2026-10-04T22:44:37.1823163Z       });
2026-10-04T22:44:37.1823569Z       /* assert on the output */
2026-10-04T22:44:37.1824010Z       
2026-10-04T22:44:37.1825148Z       This ensures that you're testing the behavior the user would see in the browser. Learn more at https://react.dev/link/wrap-tests-with-act
2026-10-04T22:44:37.1826093Z 
2026-10-04T22:44:37.1826951Z     [0m [90m 368 |[39m       previewInFlightRef[33m.[39mcurrent [33m=[39m [36mfalse[39m[33m;[39m
2026-10-04T22:44:37.1828298Z      [90m 369 |[39m       setAudienceCount(res[33m.[39mdata[33m.[39mcount)[33m;[39m
2026-10-04T22:44:37.1829536Z     [31m[1m>[22m[39m[90m 370 |[39m       setBuyerNotify([36mtrue[39m)[33m;[39m
2026-10-04T22:44:37.1830717Z      [90m     |[39m       [31m[1m^[22m[39m
2026-10-04T22:44:37.1831545Z      [90m 371 |[39m       setFireAt([36mnull[39m)[33m;[39m
2026-10-04T22:44:37.1832507Z      [90m 372 |[39m       setPushSubmitting([36mfalse[39m)[33m;[39m
2026-10-04T22:44:37.1833729Z      [90m 373 |[39m       [90m// The push INTENT begins here: mint ONE stable idempotency key now and[39m[0m
2026-10-04T22:44:37.1834444Z 
2026-10-04T22:44:37.1834963Z       at node_modules/react-reconciler/cjs/react-reconciler.development.js:16307:19
2026-10-04T22:44:37.1836309Z       at runWithFiberInDEV (node_modules/react-reconciler/cjs/react-reconciler.development.js:2508:13)
2026-10-04T22:44:37.1837890Z       at warnIfUpdatesNotWrappedWithActDEV (node_modules/react-reconciler/cjs/react-reconciler.development.js:16306:9)
2026-10-04T22:44:37.1839580Z       at scheduleUpdateOnFiber (node_modules/react-reconciler/cjs/react-reconciler.development.js:14070:11)
2026-10-04T22:44:37.1841443Z       at dispatchSetStateInternal (node_modules/react-reconciler/cjs/react-reconciler.development.js:6784:13)
2026-10-04T22:44:37.1842904Z       at dispatchSetState (node_modules/react-reconciler/cjs/react-reconciler.development.js:6741:7)
2026-10-04T22:44:37.1844221Z       at setBuyerNotify (src/screens/coach/payments/CoachPackageContentsScreen.tsx:370:7)
2026-10-04T22:44:37.1845343Z       at asyncGeneratorStep (node_modules/@babel/runtime/helpers/asyncToGenerator.js:3:17)
2026-10-04T22:44:37.1846439Z       at _next (node_modules/@babel/runtime/helpers/asyncToGenerator.js:17:9)
2026-10-04T22:44:37.1846956Z 
2026-10-04T22:44:37.1847116Z     console.error
2026-10-04T22:44:37.1847856Z       An update to CoachPackageContentsScreen inside a test was not wrapped in act(...).
2026-10-04T22:44:37.1848577Z       
2026-10-04T22:44:37.1849257Z       When testing, code that causes React state updates should be wrapped into act(...):
2026-10-04T22:44:37.1850220Z       
2026-10-04T22:44:37.1851010Z       act(() => {
2026-10-04T22:44:37.1851487Z         /* fire events that update state */
2026-10-04T22:44:37.1851963Z       });
2026-10-04T22:44:37.1852361Z       /* assert on the output */
2026-10-04T22:44:37.1852794Z       
2026-10-04T22:44:37.1854335Z       This ensures that you're testing the behavior the user would see in the browser. Learn more at https://react.dev/link/wrap-tests-with-act
2026-10-04T22:44:37.1855297Z 
2026-10-04T22:44:37.1856082Z     [0m [90m 369 |[39m       setAudienceCount(res[33m.[39mdata[33m.[39mcount)[33m;[39m
2026-10-04T22:44:37.1857157Z      [90m 370 |[39m       setBuyerNotify([36mtrue[39m)[33m;[39m
2026-10-04T22:44:37.1858141Z     [31m[1m>[22m[39m[90m 371 |[39m       setFireAt([36mnull[39m)[33m;[39m
2026-10-04T22:44:37.1859019Z      [90m     |[39m       [31m[1m^[22m[39m
2026-10-04T22:44:37.1859861Z      [90m 372 |[39m       setPushSubmitting([36mfalse[39m)[33m;[39m
2026-10-04T22:44:37.1861443Z      [90m 373 |[39m       [90m// The push INTENT begins here: mint ONE stable idempotency key now and[39m
2026-10-04T22:44:37.1862910Z      [90m 374 |[39m       [90m// reuse it for the push call and any retry of this same intent. Both the[39m[0m
2026-10-04T22:44:37.1891964Z 
2026-10-04T22:44:37.1892576Z       at node_modules/react-reconciler/cjs/react-reconciler.development.js:16307:19
2026-10-04T22:44:37.1893949Z       at runWithFiberInDEV (node_modules/react-reconciler/cjs/react-reconciler.development.js:2508:13)
2026-10-04T22:44:37.1895533Z       at warnIfUpdatesNotWrappedWithActDEV (node_modules/react-reconciler/cjs/react-reconciler.development.js:16306:9)
2026-10-04T22:44:37.1897212Z       at scheduleUpdateOnFiber (node_modules/react-reconciler/cjs/react-reconciler.development.js:14070:11)
2026-10-04T22:44:37.1898813Z       at dispatchSetStateInternal (node_modules/react-reconciler/cjs/react-reconciler.development.js:6784:13)
2026-10-04T22:44:37.1900638Z       at dispatchSetState (node_modules/react-reconciler/cjs/react-reconciler.development.js:6741:7)
2026-10-04T22:44:37.1902003Z       at setFireAt (src/screens/coach/payments/CoachPackageContentsScreen.tsx:371:7)
2026-10-04T22:44:37.1903177Z       at asyncGeneratorStep (node_modules/@babel/runtime/helpers/asyncToGenerator.js:3:17)
2026-10-04T22:44:37.1904332Z       at _next (node_modules/@babel/runtime/helpers/asyncToGenerator.js:17:9)
2026-10-04T22:44:37.1904921Z 
2026-10-04T22:44:37.1905097Z     console.error
2026-10-04T22:44:37.1905923Z       An update to CoachPackageContentsScreen inside a test was not wrapped in act(...).
2026-10-04T22:44:37.1906744Z       
2026-10-04T22:44:37.1907500Z       When testing, code that causes React state updates should be wrapped into act(...):
2026-10-04T22:44:37.1908284Z       
2026-10-04T22:44:37.1908637Z       act(() => {
2026-10-04T22:44:37.1909135Z         /* fire events that update state */
2026-10-04T22:44:37.1909666Z       });
2026-10-04T22:44:37.1971033Z       /* assert on the output */
2026-10-04T22:44:37.1971612Z       
2026-10-04T22:44:37.1972667Z       This ensures that you're testing the behavior the user would see in the browser. Learn more at https://react.dev/link/wrap-tests-with-act
2026-10-04T22:44:37.1973629Z 
2026-10-04T22:44:37.1974351Z     [0m [90m 370 |[39m       setBuyerNotify([36mtrue[39m)[33m;[39m
2026-10-04T22:44:37.1975151Z      [90m 371 |[39m       setFireAt([36mnull[39m)[33m;[39m
2026-10-04T22:44:37.1975789Z     [31m[1m>[22m[39m[90m 372 |[39m       setPushSubmitting([36mfalse[39m)[33m;[39m
2026-10-04T22:44:37.1976344Z      [90m     |[39m       [31m[1m^[22m[39m
2026-10-04T22:44:37.1977029Z      [90m 373 |[39m       [90m// The push INTENT begins here: mint ONE stable idempotency key now and[39m
2026-10-04T22:44:37.1977900Z      [90m 374 |[39m       [90m// reuse it for the push call and any retry of this same intent. Both the[39m
2026-10-04T22:44:37.1978804Z      [90m 375 |[39m       [90m// ref (synchronous source of truth) and state (debug/inspection) carry it.[39m[0m
2026-10-04T22:44:37.1979259Z 
2026-10-04T22:44:37.1980317Z       at node_modules/react-reconciler/cjs/react-reconciler.development.js:16307:19
2026-10-04T22:44:37.1981552Z       at runWithFiberInDEV (node_modules/react-reconciler/cjs/react-reconciler.development.js:2508:13)
2026-10-04T22:44:37.1982825Z       at warnIfUpdatesNotWrappedWithActDEV (node_modules/react-reconciler/cjs/react-reconciler.development.js:16306:9)
2026-10-04T22:44:37.1983826Z       at scheduleUpdateOnFiber (node_modules/react-reconciler/cjs/react-reconciler.development.js:14070:11)
2026-10-04T22:44:37.1984764Z       at dispatchSetStateInternal (node_modules/react-reconciler/cjs/react-reconciler.development.js:6784:13)
2026-10-04T22:44:37.1985654Z       at dispatchSetState (node_modules/react-reconciler/cjs/react-reconciler.development.js:6741:7)
2026-10-04T22:44:37.1986478Z       at setPushSubmitting (src/screens/coach/payments/CoachPackageContentsScreen.tsx:372:7)
2026-10-04T22:44:37.1987255Z       at asyncGeneratorStep (node_modules/@babel/runtime/helpers/asyncToGenerator.js:3:17)
2026-10-04T22:44:37.1987928Z       at _next (node_modules/@babel/runtime/helpers/asyncToGenerator.js:17:9)
2026-10-04T22:44:37.1988268Z 
2026-10-04T22:44:37.1988378Z     console.error
2026-10-04T22:44:37.1988855Z       An update to CoachPackageContentsScreen inside a test was not wrapped in act(...).
2026-10-04T22:44:37.1989356Z       
2026-10-04T22:44:37.1989798Z       When testing, code that causes React state updates should be wrapped into act(...):
2026-10-04T22:44:37.1990562Z       
2026-10-04T22:44:37.1990773Z       act(() => {
2026-10-04T22:44:37.1991057Z         /* fire events that update state */
2026-10-04T22:44:37.1991371Z       });
2026-10-04T22:44:37.1991620Z       /* assert on the output */
2026-10-04T22:44:37.1991888Z       
2026-10-04T22:44:37.1992584Z       This ensures that you're testing the behavior the user would see in the browser. Learn more at https://react.dev/link/wrap-tests-with-act
2026-10-04T22:44:37.1993180Z 
2026-10-04T22:44:37.1993637Z     [0m [90m 377 |[39m       pushIdemKeyRef[33m.[39mcurrent [33m=[39m intentKey[33m;[39m
2026-10-04T22:44:37.1994443Z      [90m 378 |[39m       submitInFlightRef[33m.[39mcurrent [33m=[39m [36mfalse[39m[33m;[39m
2026-10-04T22:44:37.1995211Z     [31m[1m>[22m[39m[90m 379 |[39m       setPreviewLoading([36mfalse[39m)[33m;[39m
2026-10-04T22:44:37.1995744Z      [90m     |[39m       [31m[1m^[22m[39m
2026-10-04T22:44:37.1996239Z      [90m 380 |[39m       setConfirmVisible([36mtrue[39m)[33m;[39m
2026-10-04T22:44:37.1996731Z      [90m 381 |[39m     } [36mcatch[39m (err) {
2026-10-04T22:44:37.1997411Z      [90m 382 |[39m       [90m// Only the CURRENT intent surfaces an error / resets state. A stale[39m[0m
2026-10-04T22:44:37.1997834Z 
2026-10-04T22:44:37.1998152Z       at node_modules/react-reconciler/cjs/react-reconciler.development.js:16307:19
2026-10-04T22:44:37.1998942Z       at runWithFiberInDEV (node_modules/react-reconciler/cjs/react-reconciler.development.js:2508:13)
2026-10-04T22:44:37.1999891Z       at warnIfUpdatesNotWrappedWithActDEV (node_modules/react-reconciler/cjs/react-reconciler.development.js:16306:9)
2026-10-04T22:44:37.2001759Z       at scheduleUpdateOnFiber (node_modules/react-reconciler/cjs/react-reconciler.development.js:14070:11)
2026-10-04T22:44:37.2002987Z       at dispatchSetStateInternal (node_modules/react-reconciler/cjs/react-reconciler.development.js:6784:13)
2026-10-04T22:44:37.2004284Z       at dispatchSetState (node_modules/react-reconciler/cjs/react-reconciler.development.js:6741:7)
2026-10-04T22:44:37.2005418Z       at setPreviewLoading (src/screens/coach/payments/CoachPackageContentsScreen.tsx:379:7)
2026-10-04T22:44:37.2006571Z       at asyncGeneratorStep (node_modules/@babel/runtime/helpers/asyncToGenerator.js:3:17)
2026-10-04T22:44:37.2007600Z       at _next (node_modules/@babel/runtime/helpers/asyncToGenerator.js:17:9)
2026-10-04T22:44:37.2008110Z 
2026-10-04T22:44:37.2008280Z     console.error
2026-10-04T22:44:37.2009291Z       An update to CoachPackageContentsScreen inside a test was not wrapped in act(...).
2026-10-04T22:44:37.2010353Z       
2026-10-04T22:44:37.2011031Z       When testing, code that causes React state updates should be wrapped into act(...):
2026-10-04T22:44:37.2011948Z       
2026-10-04T22:44:37.2012264Z       act(() => {
2026-10-04T22:44:37.2012723Z         /* fire events that update state */
2026-10-04T22:44:37.2013202Z       });
2026-10-04T22:44:37.2013616Z       /* assert on the output */
2026-10-04T22:44:37.2014041Z       
2026-10-04T22:44:37.2015069Z       This ensures that you're testing the behavior the user would see in the browser. Learn more at https://react.dev/link/wrap-tests-with-act
2026-10-04T22:44:37.2016067Z 
2026-10-04T22:44:37.2016937Z     [0m [90m 378 |[39m       submitInFlightRef[33m.[39mcurrent [33m=[39m [36mfalse[39m[33m;[39m
2026-10-04T22:44:37.2018109Z      [90m 379 |[39m       setPreviewLoading([36mfalse[39m)[33m;[39m
2026-10-04T22:44:37.2019183Z     [31m[1m>[22m[39m[90m 380 |[39m       setConfirmVisible([36mtrue[39m)[33m;[39m
2026-10-04T22:44:37.2020334Z      [90m     |[39m       [31m[1m^[22m[39m
2026-10-04T22:44:37.2021025Z      [90m 381 |[39m     } [36mcatch[39m (err) {
2026-10-04T22:44:37.2022072Z      [90m 382 |[39m       [90m// Only the CURRENT intent surfaces an error / resets state. A stale[39m
2026-10-04T22:44:37.2023474Z      [90m 383 |[39m       [90m// failed preview is ignored so it cannot disturb an in-flight push.[39m[0m
2026-10-04T22:44:37.2024156Z 
2026-10-04T22:44:37.2024663Z       at node_modules/react-reconciler/cjs/react-reconciler.development.js:16307:19
2026-10-04T22:44:37.2025977Z       at runWithFiberInDEV (node_modules/react-reconciler/cjs/react-reconciler.development.js:2508:13)
2026-10-04T22:44:37.2027566Z       at warnIfUpdatesNotWrappedWithActDEV (node_modules/react-reconciler/cjs/react-reconciler.development.js:16306:9)
2026-10-04T22:44:37.2029216Z       at scheduleUpdateOnFiber (node_modules/react-reconciler/cjs/react-reconciler.development.js:14070:11)
2026-10-04T22:44:37.2030978Z       at dispatchSetStateInternal (node_modules/react-reconciler/cjs/react-reconciler.development.js:6784:13)
2026-10-04T22:44:37.2032430Z       at dispatchSetState (node_modules/react-reconciler/cjs/react-reconciler.development.js:6741:7)
2026-10-04T22:44:37.2033755Z       at setConfirmVisible (src/screens/coach/payments/CoachPackageContentsScreen.tsx:380:7)
2026-10-04T22:44:37.2035007Z       at asyncGeneratorStep (node_modules/@babel/runtime/helpers/asyncToGenerator.js:3:17)
2026-10-04T22:44:37.2036087Z       at _next (node_modules/@babel/runtime/helpers/asyncToGenerator.js:17:9)
2026-10-04T22:44:37.2036626Z 
2026-10-04T22:44:38.0241489Z PASS src/components/coach/setup/__tests__/audOpusW12_119_346.test.tsx
2026-10-04T22:44:38.7375802Z PASS src/components/coach/setup/__tests__/packageCreateDurability.test.tsx
2026-10-04T22:44:38.9267673Z PASS src/components/coach/setup/__tests__/coachSetup.test.tsx
2026-10-04T22:44:39.2709183Z PASS src/components/coach/setup/__tests__/coachSetupRound2.test.tsx (15.021 s)
2026-10-04T22:44:39.2801983Z   ● Console
2026-10-04T22:44:39.2827028Z 
2026-10-04T22:44:39.2850976Z     console.warn
2026-10-04T22:44:39.2882177Z       SafeAreaView has been deprecated and will be removed in a future release. Please use 'react-native-safe-area-context' instead. See https://github.com/AppAndFlow/react-native-safe-area-context
2026-10-04T22:44:39.2910639Z 
2026-10-04T22:44:39.2942024Z     [0m [90m 175 |[39m
2026-10-04T22:44:39.2961609Z      [90m 176 |[39m   [36mreturn[39m (
2026-10-04T22:44:39.2963244Z     [31m[1m>[22m[39m[90m 177 |[39m     [33m<[39m[33mSafeAreaView[39m style[33m=[39m{styles[33m.[39mcontainer}[33m>[39m
2026-10-04T22:44:39.2964630Z      [90m     |[39m      [31m[1m^[22m[39m
2026-10-04T22:44:39.2965686Z      [90m 178 |[39m       [33m<[39m[33mScrollView[39m
2026-10-04T22:44:39.2966966Z      [90m 179 |[39m         contentContainerStyle[33m=[39m{styles[33m.[39minner}
2026-10-04T22:44:39.2969041Z      [90m 180 |[39m         keyboardShouldPersistTaps[33m=[39m[32m"handled"[39m[0m
2026-10-04T22:44:39.2970236Z 
2026-10-04T22:44:39.2970968Z       at warn (node_modules/react-native/Libraries/Utilities/warnOnce.js:27:11)
2026-10-04T22:44:39.2972853Z       at Object.warnOnce [as SafeAreaView] (node_modules/react-native/index.js:101:5)
2026-10-04T22:44:39.2974085Z       at SafeAreaView (src/navigation/CoachWizardNavigator.tsx:177:6)
2026-10-04T22:44:39.2975562Z       at Object.react_stack_bottom_frame (node_modules/react-reconciler/cjs/react-reconciler.development.js:17596:20)
2026-10-04T22:44:39.2977223Z       at renderWithHooks (node_modules/react-reconciler/cjs/react-reconciler.development.js:5335:22)
2026-10-04T22:44:39.2978869Z       at updateFunctionComponent (node_modules/react-reconciler/cjs/react-reconciler.development.js:7720:19)
2026-10-04T22:44:39.2980725Z       at beginWork (node_modules/react-reconciler/cjs/react-reconciler.development.js:9277:18)
2026-10-04T22:44:39.2982281Z       at runWithFiberInDEV (node_modules/react-reconciler/cjs/react-reconciler.development.js:2508:13)
2026-10-04T22:44:39.2983905Z       at performUnitOfWork (node_modules/react-reconciler/cjs/react-reconciler.development.js:15273:22)
2026-10-04T22:44:39.2985482Z       at workLoopSync (node_modules/react-reconciler/cjs/react-reconciler.development.js:15099:41)
2026-10-04T22:44:39.2987003Z       at renderRootSync (node_modules/react-reconciler/cjs/react-reconciler.development.js:15080:11)
2026-10-04T22:44:39.2988562Z       at performWorkOnRoot (node_modules/react-reconciler/cjs/react-reconciler.development.js:14165:11)
2026-10-04T22:44:39.2990546Z       at performWorkOnRootViaSchedulerTask (node_modules/react-reconciler/cjs/react-reconciler.development.js:3335:7)
2026-10-04T22:44:39.2992068Z       at flushActQueue (node_modules/react/cjs/react.development.js:590:34)
2026-10-04T22:44:39.2993364Z       at recursivelyFlushAsyncActWork (node_modules/react/cjs/react.development.js:566:13)
2026-10-04T22:44:39.2994735Z       at Immediate._onImmediate (node_modules/react/cjs/react.development.js:849:32)
2026-10-04T22:44:39.2995520Z 
2026-10-04T22:44:39.3107794Z PASS src/components/coach/setup/__tests__/audit119Lifecycle.test.tsx
2026-10-04T22:44:39.5116848Z PASS src/lib/coachSetup/__tests__/audOpusW12_119_345.test.ts
2026-10-04T22:44:39.8580386Z PASS src/components/coach/setup/__tests__/w2FixRound119.test.tsx
2026-10-04T22:44:39.9906647Z PASS src/lib/coachSetup/__tests__/audit119RetiredWriter.test.ts
2026-10-04T22:44:40.2020454Z PASS src/lib/coachSetup/__tests__/w1FixRound119.test.ts
2026-10-04T22:44:40.2388476Z PASS src/components/coach/setup/__tests__/packageCreateIdempotency.test.tsx
2026-10-04T22:44:40.3658184Z PASS src/lib/coachSetup/__tests__/audit119Replay.test.ts
2026-10-04T22:44:40.4090788Z PASS src/components/coach/setup/__tests__/connectCopyStates.test.ts
2026-10-04T22:44:42.4009533Z PASS src/__tests__/CoachPackageEditScreen.idempotency.test.tsx
2026-10-04T22:44:42.4290263Z   ● Console
2026-10-04T22:44:42.4290612Z 
2026-10-04T22:44:42.4290862Z     console.warn
2026-10-04T22:44:42.4292049Z       Passing an object as the argument to 'navigate' is deprecated. Use 'navigate(name, params, options)' instead.
2026-10-04T22:44:42.4293002Z 
2026-10-04T22:44:42.4294039Z     [0m [90m 296 |[39m         [90m// CommonActions.reset equivalent via dispatch with a single route.[39m
2026-10-04T22:44:42.4295456Z      [90m 297 |[39m         navigation[33m.[39mdispatch(
2026-10-04T22:44:42.4296719Z     [31m[1m>[22m[39m[90m 298 |[39m           [33mCommonActions[39m[33m.[39mnavigate({
2026-10-04T22:44:42.4297868Z      [90m     |[39m                         [31m[1m^[22m[39m
2026-10-04T22:44:42.4298813Z      [90m 299 |[39m             name[33m:[39m [32m"CoachPackageEdit"[39m[33m,[39m
2026-10-04T22:44:42.4300506Z      [90m 300 |[39m             params[33m:[39m { packageId[33m:[39m res[33m.[39mdata[33m.[39mid[33m,[39m initialPackage[33m:[39m res[33m.[39mdata }[33m,[39m
2026-10-04T22:44:42.4302084Z      [90m 301 |[39m           })[33m,[39m[0m
2026-10-04T22:44:42.4302435Z 
2026-10-04T22:44:42.4303023Z       at Object.warn [as navigate] (node_modules/@react-navigation/routers/src/CommonActions.tsx:132:13)
2026-10-04T22:44:42.4304145Z       at navigate (src/screens/coach/payments/CoachPackageEditScreen.tsx:298:25)
2026-10-04T22:44:42.4305389Z       at asyncGeneratorStep (node_modules/@babel/runtime/helpers/asyncToGenerator.js:3:17)
2026-10-04T22:44:42.4306497Z       at _next (node_modules/@babel/runtime/helpers/asyncToGenerator.js:17:9)
2026-10-04T22:44:42.4307038Z 
2026-10-04T22:44:42.4307195Z     console.warn
2026-10-04T22:44:42.4308230Z       Passing an object as the argument to 'navigate' is deprecated. Use 'navigate(name, params, options)' instead.
2026-10-04T22:44:42.4308959Z 
2026-10-04T22:44:42.4309837Z     [0m [90m 296 |[39m         [90m// CommonActions.reset equivalent via dispatch with a single route.[39m
2026-10-04T22:44:42.4311036Z      [90m 297 |[39m         navigation[33m.[39mdispatch(
2026-10-04T22:44:42.4311900Z     [31m[1m>[22m[39m[90m 298 |[39m           [33mCommonActions[39m[33m.[39mnavigate({
2026-10-04T22:44:42.4312681Z      [90m     |[39m                         [31m[1m^[22m[39m
2026-10-04T22:44:42.4313559Z      [90m 299 |[39m             name[33m:[39m [32m"CoachPackageEdit"[39m[33m,[39m
2026-10-04T22:44:42.4315152Z      [90m 300 |[39m             params[33m:[39m { packageId[33m:[39m res[33m.[39mdata[33m.[39mid[33m,[39m initialPackage[33m:[39m res[33m.[39mdata }[33m,[39m
2026-10-04T22:44:42.4316369Z      [90m 301 |[39m           })[33m,[39m[0m
2026-10-04T22:44:42.4316724Z 
2026-10-04T22:44:42.4317320Z       at Object.warn [as navigate] (node_modules/@react-navigation/routers/src/CommonActions.tsx:132:13)
2026-10-04T22:44:42.4318572Z       at navigate (src/screens/coach/payments/CoachPackageEditScreen.tsx:298:25)
2026-10-04T22:44:42.4319827Z       at asyncGeneratorStep (node_modules/@babel/runtime/helpers/asyncToGenerator.js:3:17)
2026-10-04T22:44:42.4321260Z       at _next (node_modules/@babel/runtime/helpers/asyncToGenerator.js:17:9)
2026-10-04T22:44:42.4321852Z 
2026-10-04T22:44:42.4322047Z     console.warn
2026-10-04T22:44:42.4323052Z       Passing an object as the argument to 'navigate' is deprecated. Use 'navigate(name, params, options)' instead.
2026-10-04T22:44:42.4323939Z 
2026-10-04T22:44:42.4324871Z     [0m [90m 296 |[39m         [90m// CommonActions.reset equivalent via dispatch with a single route.[39m
2026-10-04T22:44:42.4326089Z      [90m 297 |[39m         navigation[33m.[39mdispatch(
2026-10-04T22:44:42.4327225Z     [31m[1m>[22m[39m[90m 298 |[39m           [33mCommonActions[39m[33m.[39mnavigate({
2026-10-04T22:44:42.4328262Z      [90m     |[39m                         [31m[1m^[22m[39m
2026-10-04T22:44:42.4329308Z      [90m 299 |[39m             name[33m:[39m [32m"CoachPackageEdit"[39m[33m,[39m
2026-10-04T22:44:42.4361602Z      [90m 300 |[39m             params[33m:[39m { packageId[33m:[39m res[33m.[39mdata[33m.[39mid[33m,[39m initialPackage[33m:[39m res[33m.[39mdata }[33m,[39m
2026-10-04T22:44:42.4363019Z      [90m 301 |[39m           })[33m,[39m[0m
2026-10-04T22:44:42.4363400Z 
2026-10-04T22:44:42.4364089Z       at Object.warn [as navigate] (node_modules/@react-navigation/routers/src/CommonActions.tsx:132:13)
2026-10-04T22:44:42.4365326Z       at navigate (src/screens/coach/payments/CoachPackageEditScreen.tsx:298:25)
2026-10-04T22:44:42.4366439Z       at asyncGeneratorStep (node_modules/@babel/runtime/helpers/asyncToGenerator.js:3:17)
2026-10-04T22:44:42.4367514Z       at _next (node_modules/@babel/runtime/helpers/asyncToGenerator.js:17:9)
2026-10-04T22:44:42.4368038Z 
2026-10-04T22:44:42.4368185Z     console.warn
2026-10-04T22:44:42.4369098Z       Passing an object as the argument to 'navigate' is deprecated. Use 'navigate(name, params, options)' instead.
2026-10-04T22:44:42.4369856Z 
2026-10-04T22:44:42.4431808Z     [0m [90m 296 |[39m         [90m// CommonActions.reset equivalent via dispatch with a single route.[39m
2026-10-04T22:44:42.4433029Z      [90m 297 |[39m         navigation[33m.[39mdispatch(
2026-10-04T22:44:42.4434022Z     [31m[1m>[22m[39m[90m 298 |[39m           [33mCommonActions[39m[33m.[39mnavigate({
2026-10-04T22:44:42.4435199Z      [90m     |[39m                         [31m[1m^[22m[39m
2026-10-04T22:44:42.4436181Z      [90m 299 |[39m             name[33m:[39m [32m"CoachPackageEdit"[39m[33m,[39m
2026-10-04T22:44:42.4437911Z      [90m 300 |[39m             params[33m:[39m { packageId[33m:[39m res[33m.[39mdata[33m.[39mid[33m,[39m initialPackage[33m:[39m res[33m.[39mdata }[33m,[39m
2026-10-04T22:44:42.4439247Z      [90m 301 |[39m           })[33m,[39m[0m
2026-10-04T22:44:42.4439619Z 
2026-10-04T22:44:42.4440499Z       at Object.warn [as navigate] (node_modules/@react-navigation/routers/src/CommonActions.tsx:132:13)
2026-10-04T22:44:42.4441868Z       at navigate (src/screens/coach/payments/CoachPackageEditScreen.tsx:298:25)
2026-10-04T22:44:42.4443142Z       at asyncGeneratorStep (node_modules/@babel/runtime/helpers/asyncToGenerator.js:3:17)
2026-10-04T22:44:42.4444329Z       at _next (node_modules/@babel/runtime/helpers/asyncToGenerator.js:17:9)
2026-10-04T22:44:42.4444958Z 
2026-10-04T22:44:42.4445115Z     console.warn
2026-10-04T22:44:42.4446151Z       Passing an object as the argument to 'navigate' is deprecated. Use 'navigate(name, params, options)' instead.
2026-10-04T22:44:42.4446994Z 
2026-10-04T22:44:42.4447965Z     [0m [90m 296 |[39m         [90m// CommonActions.reset equivalent via dispatch with a single route.[39m
2026-10-04T22:44:42.4449175Z      [90m 297 |[39m         navigation[33m.[39mdispatch(
2026-10-04T22:44:42.4450443Z     [31m[1m>[22m[39m[90m 298 |[39m           [33mCommonActions[39m[33m.[39mnavigate({
2026-10-04T22:44:42.4451480Z      [90m     |[39m                         [31m[1m^[22m[39m
2026-10-04T22:44:42.4452565Z      [90m 299 |[39m             name[33m:[39m [32m"CoachPackageEdit"[39m[33m,[39m
2026-10-04T22:44:42.4454464Z      [90m 300 |[39m             params[33m:[39m { packageId[33m:[39m res[33m.[39mdata[33m.[39mid[33m,[39m initialPackage[33m:[39m res[33m.[39mdata }[33m,[39m
2026-10-04T22:44:42.4455911Z      [90m 301 |[39m           })[33m,[39m[0m
2026-10-04T22:44:42.4456287Z 
2026-10-04T22:44:42.4456979Z       at Object.warn [as navigate] (node_modules/@react-navigation/routers/src/CommonActions.tsx:132:13)
2026-10-04T22:44:42.4458323Z       at navigate (src/screens/coach/payments/CoachPackageEditScreen.tsx:298:25)
2026-10-04T22:44:42.4459610Z       at asyncGeneratorStep (node_modules/@babel/runtime/helpers/asyncToGenerator.js:3:17)
2026-10-04T22:44:42.4463340Z       at _next (node_modules/@babel/runtime/helpers/asyncToGenerator.js:17:9)
2026-10-04T22:44:42.4463957Z 
2026-10-04T22:44:42.4464110Z     console.warn
2026-10-04T22:44:42.4465180Z       Passing an object as the argument to 'navigate' is deprecated. Use 'navigate(name, params, options)' instead.
2026-10-04T22:44:42.4466025Z 
2026-10-04T22:44:42.4466988Z     [0m [90m 296 |[39m         [90m// CommonActions.reset equivalent via dispatch with a single route.[39m
2026-10-04T22:44:42.4468236Z      [90m 297 |[39m         navigation[33m.[39mdispatch(
2026-10-04T22:44:42.4469421Z     [31m[1m>[22m[39m[90m 298 |[39m           [33mCommonActions[39m[33m.[39mnavigate({
2026-10-04T22:44:42.4470701Z      [90m     |[39m                         [31m[1m^[22m[39m
2026-10-04T22:44:42.4474919Z      [90m 299 |[39m             name[33m:[39m [32m"CoachPackageEdit"[39m[33m,[39m
2026-10-04T22:44:42.4476884Z      [90m 300 |[39m             params[33m:[39m { packageId[33m:[39m res[33m.[39mdata[33m.[39mid[33m,[39m initialPackage[33m:[39m res[33m.[39mdata }[33m,[39m
2026-10-04T22:44:42.4478343Z      [90m 301 |[39m           })[33m,[39m[0m
2026-10-04T22:44:42.4478726Z 
2026-10-04T22:44:42.4479812Z       at Object.warn [as navigate] (node_modules/@react-navigation/routers/src/CommonActions.tsx:132:13)
2026-10-04T22:44:42.4481410Z       at navigate (src/screens/coach/payments/CoachPackageEditScreen.tsx:298:25)
2026-10-04T22:44:42.4482766Z       at asyncGeneratorStep (node_modules/@babel/runtime/helpers/asyncToGenerator.js:3:17)
2026-10-04T22:44:42.4484418Z       at _next (node_modules/@babel/runtime/helpers/asyncToGenerator.js:17:9)
2026-10-04T22:44:42.4485688Z 
2026-10-04T22:44:42.9655165Z A worker process has failed to exit gracefully and has been force exited. This is likely caused by tests leaking due to improper teardown. Try running with --detectOpenHandles to find leaks. Active timers can also cause this, ensure that .unref() was called on them.
2026-10-04T22:44:42.9675701Z 
2026-10-04T22:44:42.9682194Z Test Suites: 16 passed, 16 total
2026-10-04T22:44:42.9682845Z Tests:       151 passed, 151 total
2026-10-04T22:44:42.9683388Z Snapshots:   0 total
2026-10-04T22:44:42.9683816Z Time:        19.583 s
2026-10-04T22:44:42.9692877Z Ran all test suites matching /src\/lib\/coachSetup\/__tests__\/w1FixRound119.test.ts|src\/lib\/coachSetup\/__tests__\/w1FixRound118.test.ts|src\/lib\/coachSetup\/__tests__\/audit119RetiredWriter.test.ts|src\/lib\/coachSetup\/__tests__\/audit119Replay.test.ts|src\/lib\/coachSetup\/__tests__\/audOpusW12_119_345.test.ts|src\/components\/coach\/setup\/__tests__\/connectCopyStates.test.ts|src\/components\/coach\/setup\/__tests__\/audit119Lifecycle.test.tsx|src\/components\/coach\/setup\/__tests__\/audOpusW12_119_346.test.tsx|src\/components\/coach\/setup\/__tests__\/packageCreateDurability.test.tsx|src\/components\/coach\/setup\/__tests__\/packageCreateIdempotency.test.tsx|src\/components\/coach\/setup\/__tests__\/w2FixRound118.test.tsx|src\/components\/coach\/setup\/__tests__\/w2FixRound119.test.tsx|src\/__tests__\/CoachPackageContentsScreen.test.tsx|src\/__tests__\/CoachPackageEditScreen.idempotency.test.tsx|src\/components\/coach\/setup\/__tests__\/coachSetup.test.tsx|src\/components\/coach\/setup\/__tests__\/coachSetupRound2.test.tsx/i.
2026-10-04T22:44:42.9946126Z Post job cleanup.
2026-10-04T22:44:43.1229862Z Cache hit occurred on the primary key node-cache-Linux-x64-npm-d337c1813e25f31cc43e8d80f8de0d0cb6af6de1f93566771485fa27a2bebc06, not saving cache.
2026-10-04T22:44:43.1401649Z Post job cleanup.
2026-10-04T22:44:43.2317504Z [command]/usr/bin/git version
2026-10-04T22:44:43.2365492Z git version 2.55.0
2026-10-04T22:44:43.2414701Z Temporarily overriding HOME='/home/runner/work/_temp/405dff29-93c4-4807-9846-838fd34abdae' before making global git config changes
2026-10-04T22:44:43.2416494Z Adding repository directory to the temporary git global config as a safe directory
2026-10-04T22:44:43.2423688Z [command]/usr/bin/git config --global --add safe.directory /home/runner/work/growth-project-mobile/growth-project-mobile
2026-10-04T22:44:43.2463981Z Removing SSH command configuration
2026-10-04T22:44:43.2473113Z [command]/usr/bin/git config --local --name-only --get-regexp core\.sshCommand
2026-10-04T22:44:43.2515419Z [command]/usr/bin/git submodule foreach --recursive sh -c "git config --local --name-only --get-regexp 'core\.sshCommand' && git config --local --unset-all 'core.sshCommand' || :"
2026-10-04T22:44:43.2770826Z Removing HTTP extra header
2026-10-04T22:44:43.2777977Z [command]/usr/bin/git config --local --name-only --get-regexp http\.https\:\/\/github\.com\/\.extraheader
2026-10-04T22:44:43.2820877Z [command]/usr/bin/git submodule foreach --recursive sh -c "git config --local --name-only --get-regexp 'http\.https\:\/\/github\.com\/\.extraheader' && git config --local --unset-all 'http.https://github.com/.extraheader' || :"
2026-10-04T22:44:43.3091357Z Removing includeIf entries pointing to credentials config files
2026-10-04T22:44:43.3101618Z [command]/usr/bin/git config --local --name-only --get-regexp ^includeIf\.gitdir:
2026-10-04T22:44:43.3140287Z includeif.gitdir:/home/runner/work/growth-project-mobile/growth-project-mobile/.git.path
2026-10-04T22:44:43.3142114Z includeif.gitdir:/home/runner/work/growth-project-mobile/growth-project-mobile/.git/worktrees/*.path
2026-10-04T22:44:43.3143278Z includeif.gitdir:/github/workspace/.git.path
2026-10-04T22:44:43.3144057Z includeif.gitdir:/github/workspace/.git/worktrees/*.path
2026-10-04T22:44:43.3152445Z [command]/usr/bin/git config --local --get-all includeif.gitdir:/home/runner/work/growth-project-mobile/growth-project-mobile/.git.path
2026-10-04T22:44:43.3182650Z /home/runner/work/_temp/git-credentials-d488c9e7-8751-4e04-8b0a-16b657e41bd6.config
2026-10-04T22:44:43.3196028Z [command]/usr/bin/git config --local --unset includeif.gitdir:/home/runner/work/growth-project-mobile/growth-project-mobile/.git.path /home/runner/work/_temp/git-credentials-d488c9e7-8751-4e04-8b0a-16b657e41bd6.config
2026-10-04T22:44:43.3242901Z [command]/usr/bin/git config --local --get-all includeif.gitdir:/home/runner/work/growth-project-mobile/growth-project-mobile/.git/worktrees/*.path
2026-10-04T22:44:43.3271307Z /home/runner/work/_temp/git-credentials-d488c9e7-8751-4e04-8b0a-16b657e41bd6.config
2026-10-04T22:44:43.3283247Z [command]/usr/bin/git config --local --unset includeif.gitdir:/home/runner/work/growth-project-mobile/growth-project-mobile/.git/worktrees/*.path /home/runner/work/_temp/git-credentials-d488c9e7-8751-4e04-8b0a-16b657e41bd6.config
2026-10-04T22:44:43.3328710Z [command]/usr/bin/git config --local --get-all includeif.gitdir:/github/workspace/.git.path
2026-10-04T22:44:43.3357746Z /github/runner_temp/git-credentials-d488c9e7-8751-4e04-8b0a-16b657e41bd6.config
2026-10-04T22:44:43.3368104Z [command]/usr/bin/git config --local --unset includeif.gitdir:/github/workspace/.git.path /github/runner_temp/git-credentials-d488c9e7-8751-4e04-8b0a-16b657e41bd6.config
2026-10-04T22:44:43.3410419Z [command]/usr/bin/git config --local --get-all includeif.gitdir:/github/workspace/.git/worktrees/*.path
2026-10-04T22:44:43.3437911Z /github/runner_temp/git-credentials-d488c9e7-8751-4e04-8b0a-16b657e41bd6.config
2026-10-04T22:44:43.3447624Z [command]/usr/bin/git config --local --unset includeif.gitdir:/github/workspace/.git/worktrees/*.path /github/runner_temp/git-credentials-d488c9e7-8751-4e04-8b0a-16b657e41bd6.config
2026-10-04T22:44:43.3491611Z [command]/usr/bin/git submodule foreach --recursive git config --local --show-origin --name-only --get-regexp remote.origin.url
2026-10-04T22:44:43.3756999Z Removing credentials config '/home/runner/work/_temp/git-credentials-d488c9e7-8751-4e04-8b0a-16b657e41bd6.config'
2026-10-04T22:44:43.3926386Z Cleaning up orphan processes
