2026-10-04T22:42:50.3777548Z Current runner version: '2.337.0'
2026-10-04T22:42:50.3803974Z ##[group]Runner Image Provisioner
2026-10-04T22:42:50.3804906Z Hosted Compute Agent
2026-10-04T22:42:50.3805884Z Version: 20260901.588
2026-10-04T22:42:50.3806558Z Commit: f88ec8081b781fac6c440065ac7ff9e710ce3d0b
2026-10-04T22:42:50.3807286Z Build Date: 2026-09-01T19:56:44Z
2026-10-04T22:42:50.3808083Z Worker ID: {277f7928-d992-48ee-8159-cbef2280bf9f}
2026-10-04T22:42:50.3808903Z Azure Region: westcentralus
2026-10-04T22:42:50.3809605Z ##[endgroup]
2026-10-04T22:42:50.3811458Z ##[group]Operating System
2026-10-04T22:42:50.3812152Z Ubuntu
2026-10-04T22:42:50.3812811Z 24.04.5
2026-10-04T22:42:50.3813422Z LTS
2026-10-04T22:42:50.3814073Z ##[endgroup]
2026-10-04T22:42:50.3814714Z ##[group]Runner Image
2026-10-04T22:42:50.3815588Z Image: ubuntu-24.04
2026-10-04T22:42:50.3816499Z Version: 20260927.320.1
2026-10-04T22:42:50.3818596Z Included Software: https://github.com/actions/runner-images/blob/ubuntu24/20260927.320/images/ubuntu/Ubuntu2404-Readme.md
2026-10-04T22:42:50.3821568Z Image Release: https://github.com/actions/runner-images/releases/tag/ubuntu24%2F20260927.320
2026-10-04T22:42:50.3823306Z ##[endgroup]
2026-10-04T22:42:50.3826535Z ##[group]GITHUB_TOKEN Permissions
2026-10-04T22:42:50.3829759Z Contents: read
2026-10-04T22:42:50.3830635Z Metadata: read
2026-10-04T22:42:50.3831237Z Packages: read
2026-10-04T22:42:50.3831843Z ##[endgroup]
2026-10-04T22:42:50.3835022Z Secret source: Actions
2026-10-04T22:42:50.3836595Z Cache mode: write
2026-10-04T22:42:50.3837921Z Prepare workflow directory
2026-10-04T22:42:50.4180783Z Prepare all required actions
2026-10-04T22:42:50.4228175Z Getting action download info
2026-10-04T22:42:50.7463477Z Download action repository 'actions/checkout@v6' (SHA:d23441a48e516b6c34aea4fa41551a30e30af803)
2026-10-04T22:42:50.8671029Z Download action repository 'actions/setup-node@v6' (SHA:249970729cb0ef3589644e2896645e5dc5ba9c38)
2026-10-04T22:42:51.0532648Z Complete job name: targeted
2026-10-04T22:42:51.1299364Z ##[group]Run actions/checkout@v6
2026-10-04T22:42:51.1300296Z with:
2026-10-04T22:42:51.1300876Z   repository: BradleyGleavePortfolio/growth-project-mobile
2026-10-04T22:42:51.1304789Z   token: ***
2026-10-04T22:42:51.1305241Z   ssh-strict: true
2026-10-04T22:42:51.1305983Z   ssh-user: git
2026-10-04T22:42:51.1306448Z   persist-credentials: true
2026-10-04T22:42:51.1306946Z   clean: true
2026-10-04T22:42:51.1307406Z   sparse-checkout-cone-mode: true
2026-10-04T22:42:51.1307935Z   fetch-depth: 1
2026-10-04T22:42:51.1308375Z   fetch-tags: false
2026-10-04T22:42:51.1308829Z   show-progress: true
2026-10-04T22:42:51.1309288Z   lfs: false
2026-10-04T22:42:51.1309715Z   submodules: false
2026-10-04T22:42:51.1310174Z   set-safe-directory: true
2026-10-04T22:42:51.1310701Z   allow-unsafe-pr-checkout: false
2026-10-04T22:42:51.1311511Z ##[endgroup]
2026-10-04T22:42:51.2362574Z Syncing repository: BradleyGleavePortfolio/growth-project-mobile
2026-10-04T22:42:51.2364656Z ##[group]Getting Git version info
2026-10-04T22:42:51.2365779Z Working directory is '/home/runner/work/growth-project-mobile/growth-project-mobile'
2026-10-04T22:42:51.2367017Z [command]/usr/bin/git version
2026-10-04T22:42:51.2431329Z git version 2.55.0
2026-10-04T22:42:51.2454964Z ##[endgroup]
2026-10-04T22:42:51.2469334Z Temporarily overriding HOME='/home/runner/work/_temp/6c882d19-c043-43fc-adf1-056ce3e100ad' before making global git config changes
2026-10-04T22:42:51.2471448Z Adding repository directory to the temporary git global config as a safe directory
2026-10-04T22:42:51.2474617Z [command]/usr/bin/git config --global --add safe.directory /home/runner/work/growth-project-mobile/growth-project-mobile
2026-10-04T22:42:51.2519960Z Deleting the contents of '/home/runner/work/growth-project-mobile/growth-project-mobile'
2026-10-04T22:42:51.2523875Z ##[group]Determining repository object format
2026-10-04T22:42:51.2526291Z ##[endgroup]
2026-10-04T22:42:51.2527088Z ##[group]Initializing the repository
2026-10-04T22:42:51.2530986Z [command]/usr/bin/git init /home/runner/work/growth-project-mobile/growth-project-mobile
2026-10-04T22:42:51.2631789Z hint: Using 'master' as the name for the initial branch. This default branch name
2026-10-04T22:42:51.2633351Z hint: will change to "main" in Git 3.0. To configure the initial branch name
2026-10-04T22:42:51.2635236Z hint: to use in all of your new repositories, which will suppress this warning,
2026-10-04T22:42:51.2637095Z hint: call:
2026-10-04T22:42:51.2637759Z hint:
2026-10-04T22:42:51.2638355Z hint: 	git config --global init.defaultBranch <name>
2026-10-04T22:42:51.2639072Z hint:
2026-10-04T22:42:51.2639696Z hint: Names commonly chosen instead of 'master' are 'main', 'trunk' and
2026-10-04T22:42:51.2640661Z hint: 'development'. The just-created branch can be renamed via this command:
2026-10-04T22:42:51.2641659Z hint:
2026-10-04T22:42:51.2642110Z hint: 	git branch -m <name>
2026-10-04T22:42:51.2642605Z hint:
2026-10-04T22:42:51.2643263Z hint: Disable this message with "git config set advice.defaultBranchName false"
2026-10-04T22:42:51.2644485Z Initialized empty Git repository in /home/runner/work/growth-project-mobile/growth-project-mobile/.git/
2026-10-04T22:42:51.2647875Z [command]/usr/bin/git remote add origin https://github.com/BradleyGleavePortfolio/growth-project-mobile
2026-10-04T22:42:51.2691789Z ##[endgroup]
2026-10-04T22:42:51.2692626Z ##[group]Disabling automatic garbage collection
2026-10-04T22:42:51.2695236Z [command]/usr/bin/git config --local gc.auto 0
2026-10-04T22:42:51.2723865Z ##[endgroup]
2026-10-04T22:42:51.2725231Z ##[group]Setting up auth
2026-10-04T22:42:51.2726161Z Removing SSH command configuration
2026-10-04T22:42:51.2731625Z [command]/usr/bin/git config --local --name-only --get-regexp core\.sshCommand
2026-10-04T22:42:51.2761016Z [command]/usr/bin/git submodule foreach --recursive sh -c "git config --local --name-only --get-regexp 'core\.sshCommand' && git config --local --unset-all 'core.sshCommand' || :"
2026-10-04T22:42:51.3131958Z Removing HTTP extra header
2026-10-04T22:42:51.3138077Z [command]/usr/bin/git config --local --name-only --get-regexp http\.https\:\/\/github\.com\/\.extraheader
2026-10-04T22:42:51.3167906Z [command]/usr/bin/git submodule foreach --recursive sh -c "git config --local --name-only --get-regexp 'http\.https\:\/\/github\.com\/\.extraheader' && git config --local --unset-all 'http.https://github.com/.extraheader' || :"
2026-10-04T22:42:51.3383523Z Removing includeIf entries pointing to credentials config files
2026-10-04T22:42:51.3390494Z [command]/usr/bin/git config --local --name-only --get-regexp ^includeIf\.gitdir:
2026-10-04T22:42:51.3423342Z [command]/usr/bin/git submodule foreach --recursive git config --local --show-origin --name-only --get-regexp remote.origin.url
2026-10-04T22:42:51.3660831Z [command]/usr/bin/git config --file /home/runner/work/_temp/git-credentials-a6cb57cf-f4f7-41fd-b050-5d048fcc8d2f.config http.https://github.com/.extraheader AUTHORIZATION: basic ***
2026-10-04T22:42:51.3700900Z [command]/usr/bin/git config --local includeIf.gitdir:/home/runner/work/growth-project-mobile/growth-project-mobile/.git.path /home/runner/work/_temp/git-credentials-a6cb57cf-f4f7-41fd-b050-5d048fcc8d2f.config
2026-10-04T22:42:51.3732554Z [command]/usr/bin/git config --local includeIf.gitdir:/home/runner/work/growth-project-mobile/growth-project-mobile/.git/worktrees/*.path /home/runner/work/_temp/git-credentials-a6cb57cf-f4f7-41fd-b050-5d048fcc8d2f.config
2026-10-04T22:42:51.3766512Z [command]/usr/bin/git config --local includeIf.gitdir:/github/workspace/.git.path /github/runner_temp/git-credentials-a6cb57cf-f4f7-41fd-b050-5d048fcc8d2f.config
2026-10-04T22:42:51.3799853Z [command]/usr/bin/git config --local includeIf.gitdir:/github/workspace/.git/worktrees/*.path /github/runner_temp/git-credentials-a6cb57cf-f4f7-41fd-b050-5d048fcc8d2f.config
2026-10-04T22:42:51.3827104Z ##[endgroup]
2026-10-04T22:42:51.3827900Z ##[group]Fetching the repository
2026-10-04T22:42:51.3835086Z [command]/usr/bin/git -c protocol.version=2 fetch --no-tags --prune --no-recurse-submodules --depth=1 origin +a5c9cb158a81062a9d9532bfb52516bedcc9fa27:refs/remotes/origin/ci/B-WIZ2-119-346-after
2026-10-04T22:42:52.7482638Z From https://github.com/BradleyGleavePortfolio/growth-project-mobile
2026-10-04T22:42:52.7485012Z  * [new ref]         a5c9cb158a81062a9d9532bfb52516bedcc9fa27 -> origin/ci/B-WIZ2-119-346-after
2026-10-04T22:42:52.7494894Z [command]/usr/bin/git branch --list --remote origin/ci/B-WIZ2-119-346-after
2026-10-04T22:42:52.7521326Z   origin/ci/B-WIZ2-119-346-after
2026-10-04T22:42:52.7534104Z [command]/usr/bin/git rev-parse refs/remotes/origin/ci/B-WIZ2-119-346-after
2026-10-04T22:42:52.7560007Z a5c9cb158a81062a9d9532bfb52516bedcc9fa27
2026-10-04T22:42:52.7565041Z ##[endgroup]
2026-10-04T22:42:52.7566407Z ##[group]Determining the checkout info
2026-10-04T22:42:52.7567718Z ##[endgroup]
2026-10-04T22:42:52.7572054Z [command]/usr/bin/git sparse-checkout disable
2026-10-04T22:42:52.7627024Z [command]/usr/bin/git config --local --unset-all extensions.worktreeConfig
2026-10-04T22:42:52.7658870Z ##[group]Checking out the ref
2026-10-04T22:42:52.7662938Z [command]/usr/bin/git checkout --progress --force -B ci/B-WIZ2-119-346-after refs/remotes/origin/ci/B-WIZ2-119-346-after
2026-10-04T22:42:52.8731150Z Switched to a new branch 'ci/B-WIZ2-119-346-after'
2026-10-04T22:42:52.8734437Z branch 'ci/B-WIZ2-119-346-after' set up to track 'origin/ci/B-WIZ2-119-346-after'.
2026-10-04T22:42:52.8746049Z ##[endgroup]
2026-10-04T22:42:52.8790110Z [command]/usr/bin/git log -1 --format=%H
2026-10-04T22:42:52.8814168Z a5c9cb158a81062a9d9532bfb52516bedcc9fa27
2026-10-04T22:42:52.9205111Z ##[group]Run actions/setup-node@v6
2026-10-04T22:42:52.9206711Z with:
2026-10-04T22:42:52.9207664Z   node-version: 22.13
2026-10-04T22:42:52.9208706Z   cache: npm
2026-10-04T22:42:52.9209678Z   check-latest: false
2026-10-04T22:42:52.9218751Z   token: ***
2026-10-04T22:42:52.9219771Z   package-manager-cache: true
2026-10-04T22:42:52.9220928Z ##[endgroup]
2026-10-04T22:42:53.0623680Z Attempting to download 22.13...
2026-10-04T22:42:54.1663966Z Acquiring 22.13.1 - x64 from https://github.com/actions/node-versions/releases/download/22.13.1-12900459766/node-22.13.1-linux-x64.tar.gz
2026-10-04T22:42:54.8556263Z Extracting ...
2026-10-04T22:42:54.8689262Z [command]/usr/bin/tar xz --strip 1 --warning=no-unknown-keyword --overwrite -C /home/runner/work/_temp/4bbb140d-f929-4140-92bf-6dd1e34b1535 -f /home/runner/work/_temp/f2cb05c2-3012-4463-b2de-4e3e99c39e4d
2026-10-04T22:42:56.0304115Z Adding to the cache ...
2026-10-04T22:42:58.3661800Z ##[group]Environment details
2026-10-04T22:42:58.5838445Z node: v22.13.1
2026-10-04T22:42:58.5839007Z npm: 10.9.2
2026-10-04T22:42:58.5840153Z yarn: 1.22.22
2026-10-04T22:42:58.5841542Z ##[endgroup]
2026-10-04T22:42:58.5863633Z [command]/opt/hostedtoolcache/node/22.13.1/x64/bin/npm config get cache
2026-10-04T22:42:58.6809620Z /home/runner/.npm
2026-10-04T22:42:58.9121172Z Cache hit for: node-cache-Linux-x64-npm-d337c1813e25f31cc43e8d80f8de0d0cb6af6de1f93566771485fa27a2bebc06
2026-10-04T22:43:00.1246996Z Received 41943040 of 241027159 (17.4%), 40.0 MBs/sec
2026-10-04T22:43:01.1245439Z Received 226492416 of 241027159 (94.0%), 107.8 MBs/sec
2026-10-04T22:43:01.2204026Z Received 241027159 of 241027159 (100.0%), 109.5 MBs/sec
2026-10-04T22:43:01.2209951Z Cache Size: ~230 MB (241027159 B)
2026-10-04T22:43:01.2325948Z [command]/usr/bin/tar -xf /home/runner/work/_temp/4d886338-a83b-4a82-94cb-412c7ba02b50/cache.tzst -P -C /home/runner/work/growth-project-mobile/growth-project-mobile --use-compress-program unzstd
2026-10-04T22:43:01.8849789Z Cache restored successfully
2026-10-04T22:43:01.8974500Z Cache restored from key: node-cache-Linux-x64-npm-d337c1813e25f31cc43e8d80f8de0d0cb6af6de1f93566771485fa27a2bebc06
2026-10-04T22:43:01.9187110Z ##[group]Run npm ci
2026-10-04T22:43:01.9187471Z [36;1mnpm ci[0m
2026-10-04T22:43:01.9451150Z shell: /usr/bin/bash -e {0}
2026-10-04T22:43:01.9451507Z ##[endgroup]
2026-10-04T22:43:07.7077347Z npm warn deprecated inflight@1.0.6: This module is not supported, and leaks memory. Do not use it. Check out lru-cache if you want a good and tested way to coalesce async requests by a key value, which is much more comprehensive and powerful.
2026-10-04T22:43:07.9326085Z npm warn deprecated @humanwhocodes/config-array@0.13.0: Use @eslint/config-array instead
2026-10-04T22:43:07.9480957Z npm warn deprecated whatwg-encoding@2.0.0: Use @exodus/bytes instead for a more spec-conformant and faster implementation
2026-10-04T22:43:07.9517680Z npm warn deprecated rimraf@3.0.2: Rimraf versions prior to v4 are no longer supported
2026-10-04T22:43:07.9754441Z npm warn deprecated abab@2.0.6: Use your platform's native atob() and btoa() methods instead
2026-10-04T22:43:08.1198653Z npm warn deprecated @humanwhocodes/object-schema@2.0.3: Use @eslint/object-schema instead
2026-10-04T22:43:08.1243971Z npm warn deprecated glob@7.2.3: Old versions of glob are not supported, and contain widely publicized security vulnerabilities, which have been fixed in the current version. Please update. Support for old versions may be purchased (at exorbitant rates) by contacting i@izs.me
2026-10-04T22:43:08.1252272Z npm warn deprecated glob@7.2.3: Old versions of glob are not supported, and contain widely publicized security vulnerabilities, which have been fixed in the current version. Please update. Support for old versions may be purchased (at exorbitant rates) by contacting i@izs.me
2026-10-04T22:43:08.1276194Z npm warn deprecated glob@7.2.3: Old versions of glob are not supported, and contain widely publicized security vulnerabilities, which have been fixed in the current version. Please update. Support for old versions may be purchased (at exorbitant rates) by contacting i@izs.me
2026-10-04T22:43:08.1281202Z npm warn deprecated glob@7.2.3: Old versions of glob are not supported, and contain widely publicized security vulnerabilities, which have been fixed in the current version. Please update. Support for old versions may be purchased (at exorbitant rates) by contacting i@izs.me
2026-10-04T22:43:08.1310790Z npm warn deprecated glob@7.2.3: Old versions of glob are not supported, and contain widely publicized security vulnerabilities, which have been fixed in the current version. Please update. Support for old versions may be purchased (at exorbitant rates) by contacting i@izs.me
2026-10-04T22:43:08.1686137Z npm warn deprecated glob@7.1.6: Old versions of glob are not supported, and contain widely publicized security vulnerabilities, which have been fixed in the current version. Please update. Support for old versions may be purchased (at exorbitant rates) by contacting i@izs.me
2026-10-04T22:43:08.2239193Z npm warn deprecated domexception@4.0.0: Use your platform's native DOMException instead
2026-10-04T22:43:08.6970503Z npm warn deprecated @xmldom/xmldom@0.7.13: this version has critical issues, please update to the latest version
2026-10-04T22:43:09.4772438Z npm warn deprecated uuid@7.0.3: uuid@10 and below is no longer supported.  For ESM codebases, update to uuid@latest.  For CommonJS codebases, use uuid@11 (but be aware this version will likely be deprecated in 2028).
2026-10-04T22:43:13.0302095Z npm warn deprecated eslint@8.57.1: This version is no longer supported. Please see https://eslint.org/version-support for other options.
2026-10-04T22:44:03.9475526Z 
2026-10-04T22:44:03.9479667Z added 1108 packages, and audited 1109 packages in 1m
2026-10-04T22:44:03.9480045Z 
2026-10-04T22:44:03.9480269Z 187 packages are looking for funding
2026-10-04T22:44:03.9480680Z   run `npm fund` for details
2026-10-04T22:44:04.3254707Z 
2026-10-04T22:44:04.3256132Z 88 vulnerabilities (1 low, 16 moderate, 71 high)
2026-10-04T22:44:04.3256629Z 
2026-10-04T22:44:04.3257050Z To address issues that do not require attention, run:
2026-10-04T22:44:04.3258250Z   npm audit fix
2026-10-04T22:44:04.3258561Z 
2026-10-04T22:44:04.3258984Z To address all issues (including breaking changes), run:
2026-10-04T22:44:04.3259647Z   npm audit fix --force
2026-10-04T22:44:04.3259897Z 
2026-10-04T22:44:04.3260123Z Run `npm audit` for details.
2026-10-04T22:44:04.5221427Z ##[group]Run set -euo pipefail
2026-10-04T22:44:04.5221956Z [36;1mset -euo pipefail[0m
2026-10-04T22:44:04.5222365Z [36;1mtest -s .ci-lane-specs || { echo "missing .ci-lane-specs"; exit 2; }[0m
2026-10-04T22:44:04.5222863Z [36;1mmapfile -t SPECS < <(grep -vE '^\s*(#|$)' .ci-lane-specs)[0m
2026-10-04T22:44:04.5223247Z [36;1mecho "specs: ${SPECS[*]}"[0m
2026-10-04T22:44:04.5223534Z [36;1mnpx jest --ci "${SPECS[@]}"[0m
2026-10-04T22:44:04.5289647Z shell: /usr/bin/bash --noprofile --norc -e -o pipefail {0}
2026-10-04T22:44:04.5290001Z ##[endgroup]
2026-10-04T22:44:04.5397384Z specs: src/lib/coachSetup/__tests__/w1FixRound119.test.ts src/lib/coachSetup/__tests__/w1FixRound118.test.ts src/lib/coachSetup/__tests__/audit119RetiredWriter.test.ts src/lib/coachSetup/__tests__/audit119Replay.test.ts src/lib/coachSetup/__tests__/audOpusW12_119_345.test.ts src/components/coach/setup/__tests__/connectCopyStates.test.ts src/components/coach/setup/__tests__/audit119Lifecycle.test.tsx src/components/coach/setup/__tests__/audOpusW12_119_346.test.tsx src/components/coach/setup/__tests__/packageCreateDurability.test.tsx src/components/coach/setup/__tests__/packageCreateIdempotency.test.tsx src/components/coach/setup/__tests__/w2FixRound118.test.tsx src/components/coach/setup/__tests__/w2FixRound119.test.tsx
2026-10-04T22:44:10.3117521Z PASS src/lib/coachSetup/__tests__/w1FixRound118.test.ts
2026-10-04T22:44:16.9170538Z PASS src/components/coach/setup/__tests__/audOpusW12_119_346.test.tsx (10.377 s)
2026-10-04T22:44:16.9899638Z PASS src/components/coach/setup/__tests__/packageCreateDurability.test.tsx (6.639 s)
2026-10-04T22:44:17.1673558Z PASS src/lib/coachSetup/__tests__/audOpusW12_119_345.test.ts
2026-10-04T22:44:17.3897109Z PASS src/components/coach/setup/__tests__/audit119Lifecycle.test.tsx
2026-10-04T22:44:17.5634408Z PASS src/components/coach/setup/__tests__/w2FixRound119.test.tsx
2026-10-04T22:44:17.7606798Z PASS src/lib/coachSetup/__tests__/audit119RetiredWriter.test.ts
2026-10-04T22:44:17.8487126Z PASS src/components/coach/setup/__tests__/packageCreateIdempotency.test.tsx
2026-10-04T22:44:17.9349407Z PASS src/lib/coachSetup/__tests__/w1FixRound119.test.ts
2026-10-04T22:44:18.0736781Z PASS src/lib/coachSetup/__tests__/audit119Replay.test.ts
2026-10-04T22:44:18.1008149Z PASS src/components/coach/setup/__tests__/connectCopyStates.test.ts
2026-10-04T22:44:18.2369504Z PASS src/components/coach/setup/__tests__/w2FixRound118.test.tsx (11.647 s)
2026-10-04T22:44:18.2847152Z   ● Console
2026-10-04T22:44:18.2886550Z 
2026-10-04T22:44:18.2887354Z     console.error
2026-10-04T22:44:18.2888747Z       An update to GetPaidPanel inside a test was not wrapped in act(...).
2026-10-04T22:44:18.2889822Z       
2026-10-04T22:44:18.2890882Z       When testing, code that causes React state updates should be wrapped into act(...):
2026-10-04T22:44:18.2891934Z       
2026-10-04T22:44:18.2892521Z       act(() => {
2026-10-04T22:44:18.2893298Z         /* fire events that update state */
2026-10-04T22:44:18.2894132Z       });
2026-10-04T22:44:18.2894839Z       /* assert on the output */
2026-10-04T22:44:18.2895810Z       
2026-10-04T22:44:18.2897304Z       This ensures that you're testing the behavior the user would see in the browser. Learn more at https://react.dev/link/wrap-tests-with-act
2026-10-04T22:44:18.2898599Z 
2026-10-04T22:44:18.2899807Z     [0m [90m 89 |[39m       [36mif[39m ([33m![39mmounted[33m.[39mcurrent) [36mreturn[39m[33m;[39m
2026-10-04T22:44:18.2901475Z      [90m 90 |[39m       [90m// Nothing from the earlier account stays on screen.[39m
2026-10-04T22:44:18.2902996Z     [31m[1m>[22m[39m[90m 91 |[39m       setView([36mnull[39m)[33m;[39m
2026-10-04T22:44:18.2904223Z      [90m    |[39m       [31m[1m^[22m[39m
2026-10-04T22:44:18.2905552Z      [90m 92 |[39m       setStale([36mnull[39m)[33m;[39m
2026-10-04T22:44:18.2906776Z      [90m 93 |[39m       setError([36mnull[39m)[33m;[39m
2026-10-04T22:44:18.2908507Z      [90m 94 |[39m       setFailed([36mnull[39m)[33m;[39m[0m
2026-10-04T22:44:18.2909279Z 
2026-10-04T22:44:18.2910351Z       at node_modules/react-reconciler/cjs/react-reconciler.development.js:16307:19
2026-10-04T22:44:18.2912002Z       at runWithFiberInDEV (node_modules/react-reconciler/cjs/react-reconciler.development.js:2508:13)
2026-10-04T22:44:18.2914000Z       at warnIfUpdatesNotWrappedWithActDEV (node_modules/react-reconciler/cjs/react-reconciler.development.js:16306:9)
2026-10-04T22:44:18.2916169Z       at scheduleUpdateOnFiber (node_modules/react-reconciler/cjs/react-reconciler.development.js:14070:11)
2026-10-04T22:44:18.2918136Z       at dispatchSetStateInternal (node_modules/react-reconciler/cjs/react-reconciler.development.js:6784:13)
2026-10-04T22:44:18.2920037Z       at dispatchSetState (node_modules/react-reconciler/cjs/react-reconciler.development.js:6741:7)
2026-10-04T22:44:18.2921631Z       at setView (src/components/coach/setup/GetPaidPanel.tsx:91:7)
2026-10-04T22:44:18.2922708Z       at fn (src/utils/authEvents.ts:27:31)
2026-10-04T22:44:18.2923631Z           at Array.forEach (<anonymous>)
2026-10-04T22:44:18.2924667Z       at Object.forEach [as emit] (src/utils/authEvents.ts:27:15)
2026-10-04T22:44:18.2926292Z       at Object.emit (src/components/coach/setup/__tests__/w2FixRound118.test.tsx:430:16)
2026-10-04T22:44:18.2927842Z       at asyncGeneratorStep (node_modules/@babel/runtime/helpers/asyncToGenerator.js:3:17)
2026-10-04T22:44:18.2929263Z       at _next (node_modules/@babel/runtime/helpers/asyncToGenerator.js:17:9)
2026-10-04T22:44:18.2930083Z 
2026-10-04T22:44:18.2930510Z     console.error
2026-10-04T22:44:18.2931483Z       An update to GetPaidPanel inside a test was not wrapped in act(...).
2026-10-04T22:44:18.2932421Z       
2026-10-04T22:44:18.2933434Z       When testing, code that causes React state updates should be wrapped into act(...):
2026-10-04T22:44:18.2934507Z       
2026-10-04T22:44:18.2935117Z       act(() => {
2026-10-04T22:44:18.2936098Z         /* fire events that update state */
2026-10-04T22:44:18.2936916Z       });
2026-10-04T22:44:18.2937605Z       /* assert on the output */
2026-10-04T22:44:18.2938366Z       
2026-10-04T22:44:18.2939782Z       This ensures that you're testing the behavior the user would see in the browser. Learn more at https://react.dev/link/wrap-tests-with-act
2026-10-04T22:44:18.2941041Z 
2026-10-04T22:44:18.2942011Z     [0m [90m 90 |[39m       [90m// Nothing from the earlier account stays on screen.[39m
2026-10-04T22:44:18.2943295Z      [90m 91 |[39m       setView([36mnull[39m)[33m;[39m
2026-10-04T22:44:18.2944553Z     [31m[1m>[22m[39m[90m 92 |[39m       setStale([36mnull[39m)[33m;[39m
2026-10-04T22:44:18.2945973Z      [90m    |[39m       [31m[1m^[22m[39m
2026-10-04T22:44:18.2947158Z      [90m 93 |[39m       setError([36mnull[39m)[33m;[39m
2026-10-04T22:44:18.2948241Z      [90m 94 |[39m       setFailed([36mnull[39m)[33m;[39m
2026-10-04T22:44:18.2949318Z      [90m 95 |[39m       setOpening([36mfalse[39m)[33m;[39m[0m
2026-10-04T22:44:18.2949984Z 
2026-10-04T22:44:18.2950803Z       at node_modules/react-reconciler/cjs/react-reconciler.development.js:16307:19
2026-10-04T22:44:18.2952490Z       at runWithFiberInDEV (node_modules/react-reconciler/cjs/react-reconciler.development.js:2508:13)
2026-10-04T22:44:18.2954439Z       at warnIfUpdatesNotWrappedWithActDEV (node_modules/react-reconciler/cjs/react-reconciler.development.js:16306:9)
2026-10-04T22:44:18.2956643Z       at scheduleUpdateOnFiber (node_modules/react-reconciler/cjs/react-reconciler.development.js:14070:11)
2026-10-04T22:44:18.2958535Z       at dispatchSetStateInternal (node_modules/react-reconciler/cjs/react-reconciler.development.js:6784:13)
2026-10-04T22:44:18.2960364Z       at dispatchSetState (node_modules/react-reconciler/cjs/react-reconciler.development.js:6741:7)
2026-10-04T22:44:18.2961857Z       at setStale (src/components/coach/setup/GetPaidPanel.tsx:92:7)
2026-10-04T22:44:18.2962894Z       at fn (src/utils/authEvents.ts:27:31)
2026-10-04T22:44:18.2964157Z           at Array.forEach (<anonymous>)
2026-10-04T22:44:18.2965261Z       at Object.forEach [as emit] (src/utils/authEvents.ts:27:15)
2026-10-04T22:44:18.2966975Z       at Object.emit (src/components/coach/setup/__tests__/w2FixRound118.test.tsx:430:16)
2026-10-04T22:44:18.2968521Z       at asyncGeneratorStep (node_modules/@babel/runtime/helpers/asyncToGenerator.js:3:17)
2026-10-04T22:44:18.2970251Z       at _next (node_modules/@babel/runtime/helpers/asyncToGenerator.js:17:9)
2026-10-04T22:44:18.2971137Z 
2026-10-04T22:44:18.2971543Z     console.error
2026-10-04T22:44:18.2972472Z       An update to GetPaidPanel inside a test was not wrapped in act(...).
2026-10-04T22:44:18.2973451Z       
2026-10-04T22:44:18.2974398Z       When testing, code that causes React state updates should be wrapped into act(...):
2026-10-04T22:44:18.2975646Z       
2026-10-04T22:44:18.2976261Z       act(() => {
2026-10-04T22:44:18.2976976Z         /* fire events that update state */
2026-10-04T22:44:18.2977735Z       });
2026-10-04T22:44:18.2978363Z       /* assert on the output */
2026-10-04T22:44:18.2979069Z       
2026-10-04T22:44:18.2980471Z       This ensures that you're testing the behavior the user would see in the browser. Learn more at https://react.dev/link/wrap-tests-with-act
2026-10-04T22:44:18.2981689Z 
2026-10-04T22:44:18.2982403Z     [0m [90m 91 |[39m       setView([36mnull[39m)[33m;[39m
2026-10-04T22:44:18.2983560Z      [90m 92 |[39m       setStale([36mnull[39m)[33m;[39m
2026-10-04T22:44:18.2984849Z     [31m[1m>[22m[39m[90m 93 |[39m       setError([36mnull[39m)[33m;[39m
2026-10-04T22:44:18.2986238Z      [90m    |[39m       [31m[1m^[22m[39m
2026-10-04T22:44:18.2987338Z      [90m 94 |[39m       setFailed([36mnull[39m)[33m;[39m
2026-10-04T22:44:18.2988470Z      [90m 95 |[39m       setOpening([36mfalse[39m)[33m;[39m
2026-10-04T22:44:18.2989661Z      [90m 96 |[39m       setChecking([36mfalse[39m)[33m;[39m[0m
2026-10-04T22:44:18.2990367Z 
2026-10-04T22:44:18.2991143Z       at node_modules/react-reconciler/cjs/react-reconciler.development.js:16307:19
2026-10-04T22:44:18.2992793Z       at runWithFiberInDEV (node_modules/react-reconciler/cjs/react-reconciler.development.js:2508:13)
2026-10-04T22:44:18.2994750Z       at warnIfUpdatesNotWrappedWithActDEV (node_modules/react-reconciler/cjs/react-reconciler.development.js:16306:9)
2026-10-04T22:44:18.2997036Z       at scheduleUpdateOnFiber (node_modules/react-reconciler/cjs/react-reconciler.development.js:14070:11)
2026-10-04T22:44:18.2998880Z       at dispatchSetStateInternal (node_modules/react-reconciler/cjs/react-reconciler.development.js:6784:13)
2026-10-04T22:44:18.3000679Z       at dispatchSetState (node_modules/react-reconciler/cjs/react-reconciler.development.js:6741:7)
2026-10-04T22:44:18.3002169Z       at setError (src/components/coach/setup/GetPaidPanel.tsx:93:7)
2026-10-04T22:44:18.3003242Z       at fn (src/utils/authEvents.ts:27:31)
2026-10-04T22:44:18.3004082Z           at Array.forEach (<anonymous>)
2026-10-04T22:44:18.3005103Z       at Object.forEach [as emit] (src/utils/authEvents.ts:27:15)
2026-10-04T22:44:18.3006638Z       at Object.emit (src/components/coach/setup/__tests__/w2FixRound118.test.tsx:430:16)
2026-10-04T22:44:18.3008191Z       at asyncGeneratorStep (node_modules/@babel/runtime/helpers/asyncToGenerator.js:3:17)
2026-10-04T22:44:18.3009627Z       at _next (node_modules/@babel/runtime/helpers/asyncToGenerator.js:17:9)
2026-10-04T22:44:18.3010457Z 
2026-10-04T22:44:18.3010854Z     console.error
2026-10-04T22:44:18.3011781Z       An update to GetPaidPanel inside a test was not wrapped in act(...).
2026-10-04T22:44:18.3012787Z       
2026-10-04T22:44:18.3013850Z       When testing, code that causes React state updates should be wrapped into act(...):
2026-10-04T22:44:18.3014967Z       
2026-10-04T22:44:18.3015802Z       act(() => {
2026-10-04T22:44:18.3016484Z         /* fire events that update state */
2026-10-04T22:44:18.3017194Z       });
2026-10-04T22:44:18.3017793Z       /* assert on the output */
2026-10-04T22:44:18.3018440Z       
2026-10-04T22:44:18.3019983Z       This ensures that you're testing the behavior the user would see in the browser. Learn more at https://react.dev/link/wrap-tests-with-act
2026-10-04T22:44:18.3021360Z 
2026-10-04T22:44:18.3022060Z     [0m [90m 92 |[39m       setStale([36mnull[39m)[33m;[39m
2026-10-04T22:44:18.3023151Z      [90m 93 |[39m       setError([36mnull[39m)[33m;[39m
2026-10-04T22:44:18.3024341Z     [31m[1m>[22m[39m[90m 94 |[39m       setFailed([36mnull[39m)[33m;[39m
2026-10-04T22:44:18.3025577Z      [90m    |[39m       [31m[1m^[22m[39m
2026-10-04T22:44:18.3026713Z      [90m 95 |[39m       setOpening([36mfalse[39m)[33m;[39m
2026-10-04T22:44:18.3027883Z      [90m 96 |[39m       setChecking([36mfalse[39m)[33m;[39m
2026-10-04T22:44:18.3029087Z      [90m 97 |[39m       setLoading([36mfalse[39m)[33m;[39m[0m
2026-10-04T22:44:18.3029783Z 
2026-10-04T22:44:18.3030580Z       at node_modules/react-reconciler/cjs/react-reconciler.development.js:16307:19
2026-10-04T22:44:18.3032223Z       at runWithFiberInDEV (node_modules/react-reconciler/cjs/react-reconciler.development.js:2508:13)
2026-10-04T22:44:18.3034216Z       at warnIfUpdatesNotWrappedWithActDEV (node_modules/react-reconciler/cjs/react-reconciler.development.js:16306:9)
2026-10-04T22:44:18.3036377Z       at scheduleUpdateOnFiber (node_modules/react-reconciler/cjs/react-reconciler.development.js:14070:11)
2026-10-04T22:44:18.3038174Z       at dispatchSetStateInternal (node_modules/react-reconciler/cjs/react-reconciler.development.js:6784:13)
2026-10-04T22:44:18.3039931Z       at dispatchSetState (node_modules/react-reconciler/cjs/react-reconciler.development.js:6741:7)
2026-10-04T22:44:18.3041400Z       at setFailed (src/components/coach/setup/GetPaidPanel.tsx:94:7)
2026-10-04T22:44:18.3042422Z       at fn (src/utils/authEvents.ts:27:31)
2026-10-04T22:44:18.3043268Z           at Array.forEach (<anonymous>)
2026-10-04T22:44:18.3044373Z       at Object.forEach [as emit] (src/utils/authEvents.ts:27:15)
2026-10-04T22:44:18.3045828Z       at Object.emit (src/components/coach/setup/__tests__/w2FixRound118.test.tsx:430:16)
2026-10-04T22:44:18.3047298Z       at asyncGeneratorStep (node_modules/@babel/runtime/helpers/asyncToGenerator.js:3:17)
2026-10-04T22:44:18.3048642Z       at _next (node_modules/@babel/runtime/helpers/asyncToGenerator.js:17:9)
2026-10-04T22:44:18.3049402Z 
2026-10-04T22:44:18.3049875Z     console.error
2026-10-04T22:44:18.3050692Z       An update to GetPaidPanel inside a test was not wrapped in act(...).
2026-10-04T22:44:18.3051635Z       
2026-10-04T22:44:18.3052647Z       When testing, code that causes React state updates should be wrapped into act(...):
2026-10-04T22:44:18.3053717Z       
2026-10-04T22:44:18.3054345Z       act(() => {
2026-10-04T22:44:18.3055122Z         /* fire events that update state */
2026-10-04T22:44:18.3056081Z       });
2026-10-04T22:44:18.3056729Z       /* assert on the output */
2026-10-04T22:44:18.3057429Z       
2026-10-04T22:44:18.3058857Z       This ensures that you're testing the behavior the user would see in the browser. Learn more at https://react.dev/link/wrap-tests-with-act
2026-10-04T22:44:18.3060174Z 
2026-10-04T22:44:18.3060864Z     [0m [90m 93 |[39m       setError([36mnull[39m)[33m;[39m
2026-10-04T22:44:18.3062065Z      [90m 94 |[39m       setFailed([36mnull[39m)[33m;[39m
2026-10-04T22:44:18.3063406Z     [31m[1m>[22m[39m[90m 95 |[39m       setOpening([36mfalse[39m)[33m;[39m
2026-10-04T22:44:18.3064566Z      [90m    |[39m       [31m[1m^[22m[39m
2026-10-04T22:44:18.3065834Z      [90m 96 |[39m       setChecking([36mfalse[39m)[33m;[39m
2026-10-04T22:44:18.3067035Z      [90m 97 |[39m       setLoading([36mfalse[39m)[33m;[39m
2026-10-04T22:44:18.3068052Z      [90m 98 |[39m     })[33m;[39m[0m
2026-10-04T22:44:18.3068629Z 
2026-10-04T22:44:18.3069362Z       at node_modules/react-reconciler/cjs/react-reconciler.development.js:16307:19
2026-10-04T22:44:18.3071227Z       at runWithFiberInDEV (node_modules/react-reconciler/cjs/react-reconciler.development.js:2508:13)
2026-10-04T22:44:18.3073354Z       at warnIfUpdatesNotWrappedWithActDEV (node_modules/react-reconciler/cjs/react-reconciler.development.js:16306:9)
2026-10-04T22:44:18.3075264Z       at scheduleUpdateOnFiber (node_modules/react-reconciler/cjs/react-reconciler.development.js:14070:11)
2026-10-04T22:44:18.3077391Z       at dispatchSetStateInternal (node_modules/react-reconciler/cjs/react-reconciler.development.js:6784:13)
2026-10-04T22:44:18.3079100Z       at dispatchSetState (node_modules/react-reconciler/cjs/react-reconciler.development.js:6741:7)
2026-10-04T22:44:18.3080524Z       at setOpening (src/components/coach/setup/GetPaidPanel.tsx:95:7)
2026-10-04T22:44:18.3081505Z       at fn (src/utils/authEvents.ts:27:31)
2026-10-04T22:44:18.3082304Z           at Array.forEach (<anonymous>)
2026-10-04T22:44:18.3083259Z       at Object.forEach [as emit] (src/utils/authEvents.ts:27:15)
2026-10-04T22:44:18.3084510Z       at Object.emit (src/components/coach/setup/__tests__/w2FixRound118.test.tsx:430:16)
2026-10-04T22:44:18.3086128Z       at asyncGeneratorStep (node_modules/@babel/runtime/helpers/asyncToGenerator.js:3:17)
2026-10-04T22:44:18.3087297Z       at _next (node_modules/@babel/runtime/helpers/asyncToGenerator.js:17:9)
2026-10-04T22:44:18.3088034Z 
2026-10-04T22:44:18.3088363Z     console.error
2026-10-04T22:44:18.3089265Z       An update to GetPaidPanel inside a test was not wrapped in act(...).
2026-10-04T22:44:18.3090230Z       
2026-10-04T22:44:18.3091159Z       When testing, code that causes React state updates should be wrapped into act(...):
2026-10-04T22:44:18.3092174Z       
2026-10-04T22:44:18.3092745Z       act(() => {
2026-10-04T22:44:18.3093410Z         /* fire events that update state */
2026-10-04T22:44:18.3094176Z       });
2026-10-04T22:44:18.3094834Z       /* assert on the output */
2026-10-04T22:44:18.3095674Z       
2026-10-04T22:44:18.3097119Z       This ensures that you're testing the behavior the user would see in the browser. Learn more at https://react.dev/link/wrap-tests-with-act
2026-10-04T22:44:18.3098397Z 
2026-10-04T22:44:18.3099153Z     [0m [90m 94 |[39m       setFailed([36mnull[39m)[33m;[39m
2026-10-04T22:44:18.3100324Z      [90m 95 |[39m       setOpening([36mfalse[39m)[33m;[39m
2026-10-04T22:44:18.3101665Z     [31m[1m>[22m[39m[90m 96 |[39m       setChecking([36mfalse[39m)[33m;[39m
2026-10-04T22:44:18.3102882Z      [90m    |[39m       [31m[1m^[22m[39m
2026-10-04T22:44:18.3104015Z      [90m 97 |[39m       setLoading([36mfalse[39m)[33m;[39m
2026-10-04T22:44:18.3105038Z      [90m 98 |[39m     })[33m;[39m
2026-10-04T22:44:18.3106278Z      [90m 99 |[39m     [36mreturn[39m () [33m=>[39m {[0m
2026-10-04T22:44:18.3106923Z 
2026-10-04T22:44:18.3107701Z       at node_modules/react-reconciler/cjs/react-reconciler.development.js:16307:19
2026-10-04T22:44:18.3109389Z       at runWithFiberInDEV (node_modules/react-reconciler/cjs/react-reconciler.development.js:2508:13)
2026-10-04T22:44:18.3111365Z       at warnIfUpdatesNotWrappedWithActDEV (node_modules/react-reconciler/cjs/react-reconciler.development.js:16306:9)
2026-10-04T22:44:18.3113388Z       at scheduleUpdateOnFiber (node_modules/react-reconciler/cjs/react-reconciler.development.js:14070:11)
2026-10-04T22:44:18.3115535Z       at dispatchSetStateInternal (node_modules/react-reconciler/cjs/react-reconciler.development.js:6784:13)
2026-10-04T22:44:18.3117414Z       at dispatchSetState (node_modules/react-reconciler/cjs/react-reconciler.development.js:6741:7)
2026-10-04T22:44:18.3118912Z       at setChecking (src/components/coach/setup/GetPaidPanel.tsx:96:7)
2026-10-04T22:44:18.3119989Z       at fn (src/utils/authEvents.ts:27:31)
2026-10-04T22:44:18.3120853Z           at Array.forEach (<anonymous>)
2026-10-04T22:44:18.3121884Z       at Object.forEach [as emit] (src/utils/authEvents.ts:27:15)
2026-10-04T22:44:18.3123208Z       at Object.emit (src/components/coach/setup/__tests__/w2FixRound118.test.tsx:430:16)
2026-10-04T22:44:18.3125034Z       at asyncGeneratorStep (node_modules/@babel/runtime/helpers/asyncToGenerator.js:3:17)
2026-10-04T22:44:18.3126888Z       at _next (node_modules/@babel/runtime/helpers/asyncToGenerator.js:17:9)
2026-10-04T22:44:18.3127669Z 
2026-10-04T22:44:18.3128041Z     console.error
2026-10-04T22:44:18.3128963Z       An update to GetPaidPanel inside a test was not wrapped in act(...).
2026-10-04T22:44:18.3129895Z       
2026-10-04T22:44:18.3130991Z       When testing, code that causes React state updates should be wrapped into act(...):
2026-10-04T22:44:18.3132066Z       
2026-10-04T22:44:18.3132610Z       act(() => {
2026-10-04T22:44:18.3133328Z         /* fire events that update state */
2026-10-04T22:44:18.3134072Z       });
2026-10-04T22:44:18.3134707Z       /* assert on the output */
2026-10-04T22:44:18.3135610Z       
2026-10-04T22:44:18.3137055Z       This ensures that you're testing the behavior the user would see in the browser. Learn more at https://react.dev/link/wrap-tests-with-act
2026-10-04T22:44:18.3138237Z 
2026-10-04T22:44:18.3138966Z     [0m [90m  95 |[39m       setOpening([36mfalse[39m)[33m;[39m
2026-10-04T22:44:18.3140155Z      [90m  96 |[39m       setChecking([36mfalse[39m)[33m;[39m
2026-10-04T22:44:18.3141463Z     [31m[1m>[22m[39m[90m  97 |[39m       setLoading([36mfalse[39m)[33m;[39m
2026-10-04T22:44:18.3142598Z      [90m     |[39m       [31m[1m^[22m[39m
2026-10-04T22:44:18.3143507Z      [90m  98 |[39m     })[33m;[39m
2026-10-04T22:44:18.3144522Z      [90m  99 |[39m     [36mreturn[39m () [33m=>[39m {
2026-10-04T22:44:18.3145992Z      [90m 100 |[39m       mounted[33m.[39mcurrent [33m=[39m [36mfalse[39m[33m;[39m[0m
2026-10-04T22:44:18.3146839Z 
2026-10-04T22:44:18.3147584Z       at node_modules/react-reconciler/cjs/react-reconciler.development.js:16307:19
2026-10-04T22:44:18.3149127Z       at runWithFiberInDEV (node_modules/react-reconciler/cjs/react-reconciler.development.js:2508:13)
2026-10-04T22:44:18.3151041Z       at warnIfUpdatesNotWrappedWithActDEV (node_modules/react-reconciler/cjs/react-reconciler.development.js:16306:9)
2026-10-04T22:44:18.3152948Z       at scheduleUpdateOnFiber (node_modules/react-reconciler/cjs/react-reconciler.development.js:14070:11)
2026-10-04T22:44:18.3154782Z       at dispatchSetStateInternal (node_modules/react-reconciler/cjs/react-reconciler.development.js:6784:13)
2026-10-04T22:44:18.3156724Z       at dispatchSetState (node_modules/react-reconciler/cjs/react-reconciler.development.js:6741:7)
2026-10-04T22:44:18.3158148Z       at setLoading (src/components/coach/setup/GetPaidPanel.tsx:97:7)
2026-10-04T22:44:18.3159193Z       at fn (src/utils/authEvents.ts:27:31)
2026-10-04T22:44:18.3160028Z           at Array.forEach (<anonymous>)
2026-10-04T22:44:18.3160975Z       at Object.forEach [as emit] (src/utils/authEvents.ts:27:15)
2026-10-04T22:44:18.3162260Z       at Object.emit (src/components/coach/setup/__tests__/w2FixRound118.test.tsx:430:16)
2026-10-04T22:44:18.3163688Z       at asyncGeneratorStep (node_modules/@babel/runtime/helpers/asyncToGenerator.js:3:17)
2026-10-04T22:44:18.3165006Z       at _next (node_modules/@babel/runtime/helpers/asyncToGenerator.js:17:9)
2026-10-04T22:44:18.3165988Z 
2026-10-04T22:44:18.3166382Z     console.warn
2026-10-04T22:44:18.3168428Z       SafeAreaView has been deprecated and will be removed in a future release. Please use 'react-native-safe-area-context' instead. See https://github.com/AppAndFlow/react-native-safe-area-context
2026-10-04T22:44:18.3170162Z 
2026-10-04T22:44:18.3171703Z     [0m [90m 25 |[39m   [36mconst[39m section [33m=[39m route[33m.[39mparams[33m?[39m[33m.[39msection [33m?[39m[33m?[39m [32m"get_paid"[39m[33m;[39m
2026-10-04T22:44:18.3173323Z      [90m 26 |[39m   [36mreturn[39m (
2026-10-04T22:44:18.3174986Z     [31m[1m>[22m[39m[90m 27 |[39m     [33m<[39m[33mSafeAreaView[39m style[33m=[39m{styles[33m.[39mcontainer}[33m>[39m
2026-10-04T22:44:18.3176686Z      [90m    |[39m      [31m[1m^[22m[39m
2026-10-04T22:44:18.3178627Z      [90m 28 |[39m       [33m<[39m[33mScrollView[39m contentContainerStyle[33m=[39m{styles[33m.[39minner}[33m>[39m
2026-10-04T22:44:18.3180699Z      [90m 29 |[39m         [33m<[39m[33mTouchableOpacity[39m
2026-10-04T22:44:18.3182164Z      [90m 30 |[39m           onPress[33m=[39m{() [33m=>[39m navigation[33m.[39mgoBack()}[0m
2026-10-04T22:44:18.3183047Z 
2026-10-04T22:44:18.3183785Z       at warn (node_modules/react-native/Libraries/Utilities/warnOnce.js:27:11)
2026-10-04T22:44:18.3185239Z       at Object.warnOnce [as SafeAreaView] (node_modules/react-native/index.js:101:5)
2026-10-04T22:44:18.3186831Z       at SafeAreaView (src/screens/coach/setup/CoachSetupScreen.tsx:27:6)
2026-10-04T22:44:18.3188486Z       at Object.react_stack_bottom_frame (node_modules/react-reconciler/cjs/react-reconciler.development.js:17596:20)
2026-10-04T22:44:18.3190351Z       at renderWithHooks (node_modules/react-reconciler/cjs/react-reconciler.development.js:5335:22)
2026-10-04T22:44:18.3192228Z       at updateFunctionComponent (node_modules/react-reconciler/cjs/react-reconciler.development.js:7720:19)
2026-10-04T22:44:18.3193999Z       at beginWork (node_modules/react-reconciler/cjs/react-reconciler.development.js:9277:18)
2026-10-04T22:44:18.3195960Z       at runWithFiberInDEV (node_modules/react-reconciler/cjs/react-reconciler.development.js:2508:13)
2026-10-04T22:44:18.3197666Z       at performUnitOfWork (node_modules/react-reconciler/cjs/react-reconciler.development.js:15273:22)
2026-10-04T22:44:18.3199371Z       at workLoopSync (node_modules/react-reconciler/cjs/react-reconciler.development.js:15099:41)
2026-10-04T22:44:18.3201045Z       at renderRootSync (node_modules/react-reconciler/cjs/react-reconciler.development.js:15080:11)
2026-10-04T22:44:18.3202756Z       at performWorkOnRoot (node_modules/react-reconciler/cjs/react-reconciler.development.js:14165:11)
2026-10-04T22:44:18.3204784Z       at performWorkOnRootViaSchedulerTask (node_modules/react-reconciler/cjs/react-reconciler.development.js:3335:7)
2026-10-04T22:44:18.3206670Z       at flushActQueue (node_modules/react/cjs/react.development.js:590:34)
2026-10-04T22:44:18.3207873Z       at node_modules/react/cjs/react.development.js:847:21
2026-10-04T22:44:18.3208497Z 
2026-10-04T22:44:18.3706521Z 
2026-10-04T22:44:18.3711723Z Test Suites: 12 passed, 12 total
2026-10-04T22:44:18.3712184Z Tests:       83 passed, 83 total
2026-10-04T22:44:18.3712492Z Snapshots:   0 total
2026-10-04T22:44:18.3712750Z Time:        12.647 s
2026-10-04T22:44:18.3717462Z Ran all test suites matching /src\/lib\/coachSetup\/__tests__\/w1FixRound119.test.ts|src\/lib\/coachSetup\/__tests__\/w1FixRound118.test.ts|src\/lib\/coachSetup\/__tests__\/audit119RetiredWriter.test.ts|src\/lib\/coachSetup\/__tests__\/audit119Replay.test.ts|src\/lib\/coachSetup\/__tests__\/audOpusW12_119_345.test.ts|src\/components\/coach\/setup\/__tests__\/connectCopyStates.test.ts|src\/components\/coach\/setup\/__tests__\/audit119Lifecycle.test.tsx|src\/components\/coach\/setup\/__tests__\/audOpusW12_119_346.test.tsx|src\/components\/coach\/setup\/__tests__\/packageCreateDurability.test.tsx|src\/components\/coach\/setup\/__tests__\/packageCreateIdempotency.test.tsx|src\/components\/coach\/setup\/__tests__\/w2FixRound118.test.tsx|src\/components\/coach\/setup\/__tests__\/w2FixRound119.test.tsx/i.
2026-10-04T22:44:18.3993101Z Post job cleanup.
2026-10-04T22:44:18.5192753Z Cache hit occurred on the primary key node-cache-Linux-x64-npm-d337c1813e25f31cc43e8d80f8de0d0cb6af6de1f93566771485fa27a2bebc06, not saving cache.
2026-10-04T22:44:18.5354305Z Post job cleanup.
2026-10-04T22:44:18.6196965Z [command]/usr/bin/git version
2026-10-04T22:44:18.6235120Z git version 2.55.0
2026-10-04T22:44:18.6278479Z Temporarily overriding HOME='/home/runner/work/_temp/4d7b4761-fd29-40cf-bd7b-6a7f5de678b6' before making global git config changes
2026-10-04T22:44:18.6280147Z Adding repository directory to the temporary git global config as a safe directory
2026-10-04T22:44:18.6285816Z [command]/usr/bin/git config --global --add safe.directory /home/runner/work/growth-project-mobile/growth-project-mobile
2026-10-04T22:44:18.6317916Z Removing SSH command configuration
2026-10-04T22:44:18.6325158Z [command]/usr/bin/git config --local --name-only --get-regexp core\.sshCommand
2026-10-04T22:44:18.6361231Z [command]/usr/bin/git submodule foreach --recursive sh -c "git config --local --name-only --get-regexp 'core\.sshCommand' && git config --local --unset-all 'core.sshCommand' || :"
2026-10-04T22:44:18.6589640Z Removing HTTP extra header
2026-10-04T22:44:18.6595605Z [command]/usr/bin/git config --local --name-only --get-regexp http\.https\:\/\/github\.com\/\.extraheader
2026-10-04T22:44:18.6630786Z [command]/usr/bin/git submodule foreach --recursive sh -c "git config --local --name-only --get-regexp 'http\.https\:\/\/github\.com\/\.extraheader' && git config --local --unset-all 'http.https://github.com/.extraheader' || :"
2026-10-04T22:44:18.6855136Z Removing includeIf entries pointing to credentials config files
2026-10-04T22:44:18.6863106Z [command]/usr/bin/git config --local --name-only --get-regexp ^includeIf\.gitdir:
2026-10-04T22:44:18.6893982Z includeif.gitdir:/home/runner/work/growth-project-mobile/growth-project-mobile/.git.path
2026-10-04T22:44:18.6895749Z includeif.gitdir:/home/runner/work/growth-project-mobile/growth-project-mobile/.git/worktrees/*.path
2026-10-04T22:44:18.6896820Z includeif.gitdir:/github/workspace/.git.path
2026-10-04T22:44:18.6897569Z includeif.gitdir:/github/workspace/.git/worktrees/*.path
2026-10-04T22:44:18.6916801Z [command]/usr/bin/git config --local --get-all includeif.gitdir:/home/runner/work/growth-project-mobile/growth-project-mobile/.git.path
2026-10-04T22:44:18.6938688Z /home/runner/work/_temp/git-credentials-a6cb57cf-f4f7-41fd-b050-5d048fcc8d2f.config
2026-10-04T22:44:18.6961032Z [command]/usr/bin/git config --local --unset includeif.gitdir:/home/runner/work/growth-project-mobile/growth-project-mobile/.git.path /home/runner/work/_temp/git-credentials-a6cb57cf-f4f7-41fd-b050-5d048fcc8d2f.config
2026-10-04T22:44:18.6992089Z [command]/usr/bin/git config --local --get-all includeif.gitdir:/home/runner/work/growth-project-mobile/growth-project-mobile/.git/worktrees/*.path
2026-10-04T22:44:18.7017705Z /home/runner/work/_temp/git-credentials-a6cb57cf-f4f7-41fd-b050-5d048fcc8d2f.config
2026-10-04T22:44:18.7029317Z [command]/usr/bin/git config --local --unset includeif.gitdir:/home/runner/work/growth-project-mobile/growth-project-mobile/.git/worktrees/*.path /home/runner/work/_temp/git-credentials-a6cb57cf-f4f7-41fd-b050-5d048fcc8d2f.config
2026-10-04T22:44:18.7066628Z [command]/usr/bin/git config --local --get-all includeif.gitdir:/github/workspace/.git.path
2026-10-04T22:44:18.7092311Z /github/runner_temp/git-credentials-a6cb57cf-f4f7-41fd-b050-5d048fcc8d2f.config
2026-10-04T22:44:18.7102564Z [command]/usr/bin/git config --local --unset includeif.gitdir:/github/workspace/.git.path /github/runner_temp/git-credentials-a6cb57cf-f4f7-41fd-b050-5d048fcc8d2f.config
2026-10-04T22:44:18.7138830Z [command]/usr/bin/git config --local --get-all includeif.gitdir:/github/workspace/.git/worktrees/*.path
2026-10-04T22:44:18.7165104Z /github/runner_temp/git-credentials-a6cb57cf-f4f7-41fd-b050-5d048fcc8d2f.config
2026-10-04T22:44:18.7173249Z [command]/usr/bin/git config --local --unset includeif.gitdir:/github/workspace/.git/worktrees/*.path /github/runner_temp/git-credentials-a6cb57cf-f4f7-41fd-b050-5d048fcc8d2f.config
2026-10-04T22:44:18.7211653Z [command]/usr/bin/git submodule foreach --recursive git config --local --show-origin --name-only --get-regexp remote.origin.url
2026-10-04T22:44:18.7472363Z Removing credentials config '/home/runner/work/_temp/git-credentials-a6cb57cf-f4f7-41fd-b050-5d048fcc8d2f.config'
2026-10-04T22:44:18.7652303Z Cleaning up orphan processes
