2026-10-05T23:49:40.0351928Z Current runner version: '2.337.0'
2026-10-05T23:49:40.0379056Z ##[group]Runner Image Provisioner
2026-10-05T23:49:40.0380021Z Hosted Compute Agent
2026-10-05T23:49:40.0380736Z Version: 20260901.588
2026-10-05T23:49:40.0381408Z Commit: f88ec8081b781fac6c440065ac7ff9e710ce3d0b
2026-10-05T23:49:40.0382168Z Build Date: 2026-09-01T19:56:44Z
2026-10-05T23:49:40.0382957Z Worker ID: {2c827dd5-858e-4794-96e4-610ea46d64b4}
2026-10-05T23:49:40.0383915Z Azure Region: westus
2026-10-05T23:49:40.0384553Z ##[endgroup]
2026-10-05T23:49:40.0386056Z ##[group]Operating System
2026-10-05T23:49:40.0386754Z Ubuntu
2026-10-05T23:49:40.0387418Z 24.04.5
2026-10-05T23:49:40.0388048Z LTS
2026-10-05T23:49:40.0388637Z ##[endgroup]
2026-10-05T23:49:40.0389240Z ##[group]Runner Image
2026-10-05T23:49:40.0389873Z Image: ubuntu-24.04
2026-10-05T23:49:40.0390612Z Version: 20260927.320.1
2026-10-05T23:49:40.0391968Z Included Software: https://github.com/actions/runner-images/blob/ubuntu24/20260927.320/images/ubuntu/Ubuntu2404-Readme.md
2026-10-05T23:49:40.0393764Z Image Release: https://github.com/actions/runner-images/releases/tag/ubuntu24%2F20260927.320
2026-10-05T23:49:40.0394798Z ##[endgroup]
2026-10-05T23:49:40.0396147Z ##[group]GITHUB_TOKEN Permissions
2026-10-05T23:49:40.0398373Z Contents: read
2026-10-05T23:49:40.0399403Z Metadata: read
2026-10-05T23:49:40.0400007Z Packages: read
2026-10-05T23:49:40.0400579Z ##[endgroup]
2026-10-05T23:49:40.0402797Z Secret source: Actions
2026-10-05T23:49:40.0404031Z Cache mode: write
2026-10-05T23:49:40.0405063Z Prepare workflow directory
2026-10-05T23:49:40.0735157Z Prepare all required actions
2026-10-05T23:49:40.0800909Z Getting action download info
2026-10-05T23:49:40.5648948Z Download action repository 'actions/checkout@v6' (SHA:d23441a48e516b6c34aea4fa41551a30e30af803)
2026-10-05T23:49:40.6461858Z Download action repository 'actions/setup-node@v6' (SHA:249970729cb0ef3589644e2896645e5dc5ba9c38)
2026-10-05T23:49:40.8312993Z Complete job name: targeted
2026-10-05T23:49:40.9043519Z ##[group]Run actions/checkout@v6
2026-10-05T23:49:40.9044422Z with:
2026-10-05T23:49:40.9045010Z   repository: BradleyGleavePortfolio/growth-project-mobile
2026-10-05T23:49:40.9049366Z   token: ***
2026-10-05T23:49:40.9049829Z   ssh-strict: true
2026-10-05T23:49:40.9050309Z   ssh-user: git
2026-10-05T23:49:40.9050785Z   persist-credentials: true
2026-10-05T23:49:40.9051301Z   clean: true
2026-10-05T23:49:40.9051769Z   sparse-checkout-cone-mode: true
2026-10-05T23:49:40.9052306Z   fetch-depth: 1
2026-10-05T23:49:40.9052754Z   fetch-tags: false
2026-10-05T23:49:40.9053443Z   show-progress: true
2026-10-05T23:49:40.9053919Z   lfs: false
2026-10-05T23:49:40.9054367Z   submodules: false
2026-10-05T23:49:40.9054839Z   set-safe-directory: true
2026-10-05T23:49:40.9055365Z   allow-unsafe-pr-checkout: false
2026-10-05T23:49:40.9056095Z ##[endgroup]
2026-10-05T23:49:41.0026464Z Syncing repository: BradleyGleavePortfolio/growth-project-mobile
2026-10-05T23:49:41.0028956Z ##[group]Getting Git version info
2026-10-05T23:49:41.0030021Z Working directory is '/home/runner/work/growth-project-mobile/growth-project-mobile'
2026-10-05T23:49:41.0031568Z [command]/usr/bin/git version
2026-10-05T23:49:41.0075008Z git version 2.55.0
2026-10-05T23:49:41.0105223Z ##[endgroup]
2026-10-05T23:49:41.0121974Z Temporarily overriding HOME='/home/runner/work/_temp/4a93b6e3-7b28-4568-af98-02a1a7a3c412' before making global git config changes
2026-10-05T23:49:41.0124705Z Adding repository directory to the temporary git global config as a safe directory
2026-10-05T23:49:41.0127721Z [command]/usr/bin/git config --global --add safe.directory /home/runner/work/growth-project-mobile/growth-project-mobile
2026-10-05T23:49:41.0171150Z Deleting the contents of '/home/runner/work/growth-project-mobile/growth-project-mobile'
2026-10-05T23:49:41.0175653Z ##[group]Determining repository object format
2026-10-05T23:49:41.0177981Z ##[endgroup]
2026-10-05T23:49:41.0178853Z ##[group]Initializing the repository
2026-10-05T23:49:41.0182268Z [command]/usr/bin/git init /home/runner/work/growth-project-mobile/growth-project-mobile
2026-10-05T23:49:41.0251505Z hint: Using 'master' as the name for the initial branch. This default branch name
2026-10-05T23:49:41.0253622Z hint: will change to "main" in Git 3.0. To configure the initial branch name
2026-10-05T23:49:41.0255278Z hint: to use in all of your new repositories, which will suppress this warning,
2026-10-05T23:49:41.0256062Z hint: call:
2026-10-05T23:49:41.0256477Z hint:
2026-10-05T23:49:41.0257004Z hint: 	git config --global init.defaultBranch <name>
2026-10-05T23:49:41.0257630Z hint:
2026-10-05T23:49:41.0258226Z hint: Names commonly chosen instead of 'master' are 'main', 'trunk' and
2026-10-05T23:49:41.0259162Z hint: 'development'. The just-created branch can be renamed via this command:
2026-10-05T23:49:41.0259908Z hint:
2026-10-05T23:49:41.0260334Z hint: 	git branch -m <name>
2026-10-05T23:49:41.0260816Z hint:
2026-10-05T23:49:41.0261483Z hint: Disable this message with "git config set advice.defaultBranchName false"
2026-10-05T23:49:41.0262979Z Initialized empty Git repository in /home/runner/work/growth-project-mobile/growth-project-mobile/.git/
2026-10-05T23:49:41.0266105Z [command]/usr/bin/git remote add origin https://github.com/BradleyGleavePortfolio/growth-project-mobile
2026-10-05T23:49:41.0304696Z ##[endgroup]
2026-10-05T23:49:41.0305481Z ##[group]Disabling automatic garbage collection
2026-10-05T23:49:41.0308648Z [command]/usr/bin/git config --local gc.auto 0
2026-10-05T23:49:41.0338597Z ##[endgroup]
2026-10-05T23:49:41.0339965Z ##[group]Setting up auth
2026-10-05T23:49:41.0340520Z Removing SSH command configuration
2026-10-05T23:49:41.0346033Z [command]/usr/bin/git config --local --name-only --get-regexp core\.sshCommand
2026-10-05T23:49:41.0376757Z [command]/usr/bin/git submodule foreach --recursive sh -c "git config --local --name-only --get-regexp 'core\.sshCommand' && git config --local --unset-all 'core.sshCommand' || :"
2026-10-05T23:49:41.0677694Z Removing HTTP extra header
2026-10-05T23:49:41.0683316Z [command]/usr/bin/git config --local --name-only --get-regexp http\.https\:\/\/github\.com\/\.extraheader
2026-10-05T23:49:41.0715836Z [command]/usr/bin/git submodule foreach --recursive sh -c "git config --local --name-only --get-regexp 'http\.https\:\/\/github\.com\/\.extraheader' && git config --local --unset-all 'http.https://github.com/.extraheader' || :"
2026-10-05T23:49:41.0947330Z Removing includeIf entries pointing to credentials config files
2026-10-05T23:49:41.0953710Z [command]/usr/bin/git config --local --name-only --get-regexp ^includeIf\.gitdir:
2026-10-05T23:49:41.0987645Z [command]/usr/bin/git submodule foreach --recursive git config --local --show-origin --name-only --get-regexp remote.origin.url
2026-10-05T23:49:41.1241805Z [command]/usr/bin/git config --file /home/runner/work/_temp/git-credentials-95c6d1ed-0b6a-4d94-8c68-e5cfee9170a0.config http.https://github.com/.extraheader AUTHORIZATION: basic ***
2026-10-05T23:49:41.1284681Z [command]/usr/bin/git config --local includeIf.gitdir:/home/runner/work/growth-project-mobile/growth-project-mobile/.git.path /home/runner/work/_temp/git-credentials-95c6d1ed-0b6a-4d94-8c68-e5cfee9170a0.config
2026-10-05T23:49:41.1320078Z [command]/usr/bin/git config --local includeIf.gitdir:/home/runner/work/growth-project-mobile/growth-project-mobile/.git/worktrees/*.path /home/runner/work/_temp/git-credentials-95c6d1ed-0b6a-4d94-8c68-e5cfee9170a0.config
2026-10-05T23:49:41.1359092Z [command]/usr/bin/git config --local includeIf.gitdir:/github/workspace/.git.path /github/runner_temp/git-credentials-95c6d1ed-0b6a-4d94-8c68-e5cfee9170a0.config
2026-10-05T23:49:41.1395289Z [command]/usr/bin/git config --local includeIf.gitdir:/github/workspace/.git/worktrees/*.path /github/runner_temp/git-credentials-95c6d1ed-0b6a-4d94-8c68-e5cfee9170a0.config
2026-10-05T23:49:41.1436770Z ##[endgroup]
2026-10-05T23:49:41.1438137Z ##[group]Fetching the repository
2026-10-05T23:49:41.1447145Z [command]/usr/bin/git -c protocol.version=2 fetch --no-tags --prune --no-recurse-submodules --depth=1 origin +5b50cb49d0c0a4b44eb94d9a38da867c8dd133fb:refs/remotes/origin/audit/AUD-SOL-WM1-122/347-publish
2026-10-05T23:49:42.1014838Z From https://github.com/BradleyGleavePortfolio/growth-project-mobile
2026-10-05T23:49:42.1017167Z  * [new ref]         5b50cb49d0c0a4b44eb94d9a38da867c8dd133fb -> origin/audit/AUD-SOL-WM1-122/347-publish
2026-10-05T23:49:42.1024281Z [command]/usr/bin/git branch --list --remote origin/audit/AUD-SOL-WM1-122/347-publish
2026-10-05T23:49:42.1051374Z   origin/audit/AUD-SOL-WM1-122/347-publish
2026-10-05T23:49:42.1062279Z [command]/usr/bin/git rev-parse refs/remotes/origin/audit/AUD-SOL-WM1-122/347-publish
2026-10-05T23:49:42.1086261Z 5b50cb49d0c0a4b44eb94d9a38da867c8dd133fb
2026-10-05T23:49:42.1096382Z ##[endgroup]
2026-10-05T23:49:42.1097198Z ##[group]Determining the checkout info
2026-10-05T23:49:42.1098052Z ##[endgroup]
2026-10-05T23:49:42.1100240Z [command]/usr/bin/git sparse-checkout disable
2026-10-05T23:49:42.1152405Z [command]/usr/bin/git config --local --unset-all extensions.worktreeConfig
2026-10-05T23:49:42.1186303Z ##[group]Checking out the ref
2026-10-05T23:49:42.1190582Z [command]/usr/bin/git checkout --progress --force -B audit/AUD-SOL-WM1-122/347-publish refs/remotes/origin/audit/AUD-SOL-WM1-122/347-publish
2026-10-05T23:49:42.2281030Z Switched to a new branch 'audit/AUD-SOL-WM1-122/347-publish'
2026-10-05T23:49:42.2284142Z branch 'audit/AUD-SOL-WM1-122/347-publish' set up to track 'origin/audit/AUD-SOL-WM1-122/347-publish'.
2026-10-05T23:49:42.2293758Z ##[endgroup]
2026-10-05T23:49:42.2337885Z [command]/usr/bin/git log -1 --format=%H
2026-10-05T23:49:42.2363015Z 5b50cb49d0c0a4b44eb94d9a38da867c8dd133fb
2026-10-05T23:49:42.2741006Z ##[group]Run actions/setup-node@v6
2026-10-05T23:49:42.2742303Z with:
2026-10-05T23:49:42.2743417Z   node-version: 22.13
2026-10-05T23:49:42.2744485Z   cache: npm
2026-10-05T23:49:42.2745486Z   check-latest: false
2026-10-05T23:49:42.2756147Z   token: ***
2026-10-05T23:49:42.2757196Z   package-manager-cache: true
2026-10-05T23:49:42.2758383Z ##[endgroup]
2026-10-05T23:49:42.4202036Z Attempting to download 22.13...
2026-10-05T23:49:43.0582500Z Acquiring 22.13.1 - x64 from https://github.com/actions/node-versions/releases/download/22.13.1-12900459766/node-22.13.1-linux-x64.tar.gz
2026-10-05T23:49:43.4754552Z Extracting ...
2026-10-05T23:49:43.4866388Z [command]/usr/bin/tar xz --strip 1 --warning=no-unknown-keyword --overwrite -C /home/runner/work/_temp/f3166365-417b-4475-8e89-2c634da2261f -f /home/runner/work/_temp/0bd26143-841f-4fa4-92f5-2992ba0f5bbb
2026-10-05T23:49:44.7505342Z Adding to the cache ...
2026-10-05T23:49:46.4368451Z ##[group]Environment details
2026-10-05T23:49:46.6812989Z node: v22.13.1
2026-10-05T23:49:46.6813849Z npm: 10.9.2
2026-10-05T23:49:46.6814165Z yarn: 1.22.22
2026-10-05T23:49:46.6824403Z ##[endgroup]
2026-10-05T23:49:46.6854098Z [command]/opt/hostedtoolcache/node/22.13.1/x64/bin/npm config get cache
2026-10-05T23:49:46.7763740Z /home/runner/.npm
2026-10-05T23:49:47.0294481Z Cache hit for: node-cache-Linux-x64-npm-d337c1813e25f31cc43e8d80f8de0d0cb6af6de1f93566771485fa27a2bebc06
2026-10-05T23:49:48.3052567Z Received 0 of 241027159 (0.0%), 0.0 MBs/sec
2026-10-05T23:49:49.3066150Z Received 125829120 of 241027159 (52.2%), 60.0 MBs/sec
2026-10-05T23:49:50.1551931Z Received 241027159 of 241027159 (100.0%), 80.7 MBs/sec
2026-10-05T23:49:50.1552667Z Cache Size: ~230 MB (241027159 B)
2026-10-05T23:49:50.1672834Z [command]/usr/bin/tar -xf /home/runner/work/_temp/5e3a6e21-e3f6-4cac-a621-9621ae423f66/cache.tzst -P -C /home/runner/work/growth-project-mobile/growth-project-mobile --use-compress-program unzstd
2026-10-05T23:49:50.8081945Z Cache restored successfully
2026-10-05T23:49:50.8207906Z Cache restored from key: node-cache-Linux-x64-npm-d337c1813e25f31cc43e8d80f8de0d0cb6af6de1f93566771485fa27a2bebc06
2026-10-05T23:49:50.8421573Z ##[group]Run npm ci
2026-10-05T23:49:50.8421910Z [36;1mnpm ci[0m
2026-10-05T23:49:50.8668019Z shell: /usr/bin/bash -e {0}
2026-10-05T23:49:50.8668340Z ##[endgroup]
2026-10-05T23:49:55.7630978Z npm warn deprecated inflight@1.0.6: This module is not supported, and leaks memory. Do not use it. Check out lru-cache if you want a good and tested way to coalesce async requests by a key value, which is much more comprehensive and powerful.
2026-10-05T23:49:55.9423397Z npm warn deprecated @humanwhocodes/config-array@0.13.0: Use @eslint/config-array instead
2026-10-05T23:49:55.9553813Z npm warn deprecated whatwg-encoding@2.0.0: Use @exodus/bytes instead for a more spec-conformant and faster implementation
2026-10-05T23:49:55.9596314Z npm warn deprecated rimraf@3.0.2: Rimraf versions prior to v4 are no longer supported
2026-10-05T23:49:55.9799800Z npm warn deprecated abab@2.0.6: Use your platform's native atob() and btoa() methods instead
2026-10-05T23:49:56.1168408Z npm warn deprecated @humanwhocodes/object-schema@2.0.3: Use @eslint/object-schema instead
2026-10-05T23:49:56.1203280Z npm warn deprecated glob@7.2.3: Old versions of glob are not supported, and contain widely publicized security vulnerabilities, which have been fixed in the current version. Please update. Support for old versions may be purchased (at exorbitant rates) by contacting i@izs.me
2026-10-05T23:49:56.1211222Z npm warn deprecated glob@7.2.3: Old versions of glob are not supported, and contain widely publicized security vulnerabilities, which have been fixed in the current version. Please update. Support for old versions may be purchased (at exorbitant rates) by contacting i@izs.me
2026-10-05T23:49:56.1231685Z npm warn deprecated glob@7.2.3: Old versions of glob are not supported, and contain widely publicized security vulnerabilities, which have been fixed in the current version. Please update. Support for old versions may be purchased (at exorbitant rates) by contacting i@izs.me
2026-10-05T23:49:56.1235857Z npm warn deprecated glob@7.2.3: Old versions of glob are not supported, and contain widely publicized security vulnerabilities, which have been fixed in the current version. Please update. Support for old versions may be purchased (at exorbitant rates) by contacting i@izs.me
2026-10-05T23:49:56.1279685Z npm warn deprecated glob@7.2.3: Old versions of glob are not supported, and contain widely publicized security vulnerabilities, which have been fixed in the current version. Please update. Support for old versions may be purchased (at exorbitant rates) by contacting i@izs.me
2026-10-05T23:49:56.1549205Z npm warn deprecated glob@7.1.6: Old versions of glob are not supported, and contain widely publicized security vulnerabilities, which have been fixed in the current version. Please update. Support for old versions may be purchased (at exorbitant rates) by contacting i@izs.me
2026-10-05T23:49:56.1946142Z npm warn deprecated domexception@4.0.0: Use your platform's native DOMException instead
2026-10-05T23:49:56.6290464Z npm warn deprecated @xmldom/xmldom@0.7.13: this version has critical issues, please update to the latest version
2026-10-05T23:49:57.1422530Z npm warn deprecated uuid@7.0.3: uuid@10 and below is no longer supported.  For ESM codebases, update to uuid@latest.  For CommonJS codebases, use uuid@11 (but be aware this version will likely be deprecated in 2028).
2026-10-05T23:50:00.3348597Z npm warn deprecated eslint@8.57.1: This version is no longer supported. Please see https://eslint.org/version-support for other options.
2026-10-05T23:50:54.3616694Z 
2026-10-05T23:50:54.3617641Z added 1108 packages, and audited 1109 packages in 1m
2026-10-05T23:50:54.3618049Z 
2026-10-05T23:50:54.3618300Z 187 packages are looking for funding
2026-10-05T23:50:54.3618772Z   run `npm fund` for details
2026-10-05T23:50:54.7568344Z 
2026-10-05T23:50:54.7569212Z 88 vulnerabilities (1 low, 16 moderate, 71 high)
2026-10-05T23:50:54.7569607Z 
2026-10-05T23:50:54.7569848Z To address issues that do not require attention, run:
2026-10-05T23:50:54.7570676Z   npm audit fix
2026-10-05T23:50:54.7570918Z 
2026-10-05T23:50:54.7571162Z To address all issues (including breaking changes), run:
2026-10-05T23:50:54.7571546Z   npm audit fix --force
2026-10-05T23:50:54.7571714Z 
2026-10-05T23:50:54.7572052Z Run `npm audit` for details.
2026-10-05T23:50:54.9631312Z ##[group]Run set -euo pipefail
2026-10-05T23:50:54.9631646Z [36;1mset -euo pipefail[0m
2026-10-05T23:50:54.9632037Z [36;1mtest -s .ci-lane-specs || { echo "missing .ci-lane-specs"; exit 2; }[0m
2026-10-05T23:50:54.9632545Z [36;1mmapfile -t SPECS < <(grep -vE '^\s*(#|$)' .ci-lane-specs)[0m
2026-10-05T23:50:54.9632932Z [36;1mecho "specs: ${SPECS[*]}"[0m
2026-10-05T23:50:54.9633465Z [36;1mnpx jest --ci "${SPECS[@]}"[0m
2026-10-05T23:50:54.9704061Z shell: /usr/bin/bash --noprofile --norc -e -o pipefail {0}
2026-10-05T23:50:54.9704427Z ##[endgroup]
2026-10-05T23:50:54.9809984Z specs: src/__tests__/audit122WM1DraftPublish.test.tsx src/__tests__/CoachPackageEditScreen.w3FixRound4.test.tsx
2026-10-05T23:51:07.3952659Z FAIL src/__tests__/audit122WM1DraftPublish.test.tsx (10.436 s)
2026-10-05T23:51:07.3954219Z   ● editing a draft to $199, then tapping Make Coaching live, cannot sell the older $99 offer
2026-10-05T23:51:07.3954742Z 
2026-10-05T23:51:07.3955176Z     expect(received).toBe(expected) // Object.is equality
2026-10-05T23:51:07.3955549Z 
2026-10-05T23:51:07.3955709Z     Expected: true
2026-10-05T23:51:07.3956063Z     Received: false
2026-10-05T23:51:07.3956272Z 
2026-10-05T23:51:07.3956977Z     [0m [90m 107 |[39m   [90m// Valid behavior: save the current displayed offer first, or stop and[39m
2026-10-05T23:51:07.3958231Z      [90m 108 |[39m   [90m// require Save changes. Silently publishing the previous price is invalid.[39m
2026-10-05T23:51:07.3960362Z     [31m[1m>[22m[39m[90m 109 |[39m   expect(mockPost[33m.[39mmock[33m.[39mcalls[33m.[39mlength [33m===[39m [35m0[39m [33m||[39m publicPrice [33m===[39m [35m19900[39m)[33m.[39mtoBe([36mtrue[39m)[33m;[39m
2026-10-05T23:51:07.3962083Z      [90m     |[39m                                                                     [31m[1m^[22m[39m
2026-10-05T23:51:07.3962811Z      [90m 110 |[39m })[33m;[39m
2026-10-05T23:51:07.3963551Z      [90m 111 |[39m[0m
2026-10-05T23:51:07.3963805Z 
2026-10-05T23:51:07.3964266Z       at Object.toBe (src/__tests__/audit122WM1DraftPublish.test.tsx:109:69)
2026-10-05T23:51:07.3965305Z       at asyncGeneratorStep (node_modules/@babel/runtime/helpers/asyncToGenerator.js:3:17)
2026-10-05T23:51:07.3966298Z       at _next (node_modules/@babel/runtime/helpers/asyncToGenerator.js:17:9)
2026-10-05T23:51:07.3966782Z 
2026-10-05T23:51:08.6433993Z PASS src/__tests__/CoachPackageEditScreen.w3FixRound4.test.tsx (11.928 s)
2026-10-05T23:51:08.6686877Z   ● Console
2026-10-05T23:51:08.6687192Z 
2026-10-05T23:51:08.6687356Z     console.warn
2026-10-05T23:51:08.6688206Z       Passing an object as the argument to 'navigate' is deprecated. Use 'navigate(name, params, options)' instead.
2026-10-05T23:51:08.6688854Z 
2026-10-05T23:51:08.6689599Z     [0m [90m 304 |[39m         [90m// CommonActions.reset equivalent via dispatch with a single route.[39m
2026-10-05T23:51:08.6690568Z      [90m 305 |[39m         navigation[33m.[39mdispatch(
2026-10-05T23:51:08.6691504Z     [31m[1m>[22m[39m[90m 306 |[39m           [33mCommonActions[39m[33m.[39mnavigate({
2026-10-05T23:51:08.6692283Z      [90m     |[39m                         [31m[1m^[22m[39m
2026-10-05T23:51:08.6693308Z      [90m 307 |[39m             name[33m:[39m [32m"CoachPackageEdit"[39m[33m,[39m
2026-10-05T23:51:08.6694655Z      [90m 308 |[39m             params[33m:[39m { packageId[33m:[39m res[33m.[39mdata[33m.[39mid[33m,[39m initialPackage[33m:[39m res[33m.[39mdata }[33m,[39m
2026-10-05T23:51:08.6695766Z      [90m 309 |[39m           })[33m,[39m[0m
2026-10-05T23:51:08.6696077Z 
2026-10-05T23:51:08.6696626Z       at Object.warn [as navigate] (node_modules/@react-navigation/routers/src/CommonActions.tsx:132:13)
2026-10-05T23:51:08.6697693Z       at navigate (src/screens/coach/payments/CoachPackageEditScreen.tsx:306:25)
2026-10-05T23:51:08.6698658Z       at asyncGeneratorStep (node_modules/@babel/runtime/helpers/asyncToGenerator.js:3:17)
2026-10-05T23:51:08.6700360Z       at _next (node_modules/@babel/runtime/helpers/asyncToGenerator.js:17:9)
2026-10-05T23:51:08.6700882Z 
2026-10-05T23:51:08.7398843Z 
2026-10-05T23:51:08.7404495Z Test Suites: 1 failed, 1 passed, 2 total
2026-10-05T23:51:08.7405042Z Tests:       1 failed, 5 passed, 6 total
2026-10-05T23:51:08.7405390Z Snapshots:   0 total
2026-10-05T23:51:08.7405664Z Time:        12.602 s
2026-10-05T23:51:08.7406419Z Ran all test suites matching /src\/__tests__\/audit122WM1DraftPublish.test.tsx|src\/__tests__\/CoachPackageEditScreen.w3FixRound4.test.tsx/i.
2026-10-05T23:51:08.7579367Z ##[error]Process completed with exit code 1.
2026-10-05T23:51:08.7723855Z Post job cleanup.
2026-10-05T23:51:08.8593286Z [command]/usr/bin/git version
2026-10-05T23:51:08.8629815Z git version 2.55.0
2026-10-05T23:51:08.8667363Z Temporarily overriding HOME='/home/runner/work/_temp/5f13ebf2-bcad-4c46-b696-c891493360be' before making global git config changes
2026-10-05T23:51:08.8668280Z Adding repository directory to the temporary git global config as a safe directory
2026-10-05T23:51:08.8672721Z [command]/usr/bin/git config --global --add safe.directory /home/runner/work/growth-project-mobile/growth-project-mobile
2026-10-05T23:51:08.8707197Z Removing SSH command configuration
2026-10-05T23:51:08.8713947Z [command]/usr/bin/git config --local --name-only --get-regexp core\.sshCommand
2026-10-05T23:51:08.8751303Z [command]/usr/bin/git submodule foreach --recursive sh -c "git config --local --name-only --get-regexp 'core\.sshCommand' && git config --local --unset-all 'core.sshCommand' || :"
2026-10-05T23:51:08.8992777Z Removing HTTP extra header
2026-10-05T23:51:08.8998630Z [command]/usr/bin/git config --local --name-only --get-regexp http\.https\:\/\/github\.com\/\.extraheader
2026-10-05T23:51:08.9035651Z [command]/usr/bin/git submodule foreach --recursive sh -c "git config --local --name-only --get-regexp 'http\.https\:\/\/github\.com\/\.extraheader' && git config --local --unset-all 'http.https://github.com/.extraheader' || :"
2026-10-05T23:51:08.9277697Z Removing includeIf entries pointing to credentials config files
2026-10-05T23:51:08.9284616Z [command]/usr/bin/git config --local --name-only --get-regexp ^includeIf\.gitdir:
2026-10-05T23:51:08.9314107Z includeif.gitdir:/home/runner/work/growth-project-mobile/growth-project-mobile/.git.path
2026-10-05T23:51:08.9315023Z includeif.gitdir:/home/runner/work/growth-project-mobile/growth-project-mobile/.git/worktrees/*.path
2026-10-05T23:51:08.9315616Z includeif.gitdir:/github/workspace/.git.path
2026-10-05T23:51:08.9316069Z includeif.gitdir:/github/workspace/.git/worktrees/*.path
2026-10-05T23:51:08.9323317Z [command]/usr/bin/git config --local --get-all includeif.gitdir:/home/runner/work/growth-project-mobile/growth-project-mobile/.git.path
2026-10-05T23:51:08.9348943Z /home/runner/work/_temp/git-credentials-95c6d1ed-0b6a-4d94-8c68-e5cfee9170a0.config
2026-10-05T23:51:08.9361117Z [command]/usr/bin/git config --local --unset includeif.gitdir:/home/runner/work/growth-project-mobile/growth-project-mobile/.git.path /home/runner/work/_temp/git-credentials-95c6d1ed-0b6a-4d94-8c68-e5cfee9170a0.config
2026-10-05T23:51:08.9398687Z [command]/usr/bin/git config --local --get-all includeif.gitdir:/home/runner/work/growth-project-mobile/growth-project-mobile/.git/worktrees/*.path
2026-10-05T23:51:08.9421386Z /home/runner/work/_temp/git-credentials-95c6d1ed-0b6a-4d94-8c68-e5cfee9170a0.config
2026-10-05T23:51:08.9430916Z [command]/usr/bin/git config --local --unset includeif.gitdir:/home/runner/work/growth-project-mobile/growth-project-mobile/.git/worktrees/*.path /home/runner/work/_temp/git-credentials-95c6d1ed-0b6a-4d94-8c68-e5cfee9170a0.config
2026-10-05T23:51:08.9464702Z [command]/usr/bin/git config --local --get-all includeif.gitdir:/github/workspace/.git.path
2026-10-05T23:51:08.9486983Z /github/runner_temp/git-credentials-95c6d1ed-0b6a-4d94-8c68-e5cfee9170a0.config
2026-10-05T23:51:08.9494528Z [command]/usr/bin/git config --local --unset includeif.gitdir:/github/workspace/.git.path /github/runner_temp/git-credentials-95c6d1ed-0b6a-4d94-8c68-e5cfee9170a0.config
2026-10-05T23:51:08.9527937Z [command]/usr/bin/git config --local --get-all includeif.gitdir:/github/workspace/.git/worktrees/*.path
2026-10-05T23:51:08.9550626Z /github/runner_temp/git-credentials-95c6d1ed-0b6a-4d94-8c68-e5cfee9170a0.config
2026-10-05T23:51:08.9560024Z [command]/usr/bin/git config --local --unset includeif.gitdir:/github/workspace/.git/worktrees/*.path /github/runner_temp/git-credentials-95c6d1ed-0b6a-4d94-8c68-e5cfee9170a0.config
2026-10-05T23:51:08.9600937Z [command]/usr/bin/git submodule foreach --recursive git config --local --show-origin --name-only --get-regexp remote.origin.url
2026-10-05T23:51:08.9857373Z Removing credentials config '/home/runner/work/_temp/git-credentials-95c6d1ed-0b6a-4d94-8c68-e5cfee9170a0.config'
2026-10-05T23:51:09.0059395Z Cleaning up orphan processes
