2026-10-06T21:00:31.1797749Z Current runner version: '2.337.0'
2026-10-06T21:00:31.1821674Z ##[group]Runner Image Provisioner
2026-10-06T21:00:31.1822515Z Hosted Compute Agent
2026-10-06T21:00:31.1823203Z Version: 20260901.588
2026-10-06T21:00:31.1824143Z Commit: f88ec8081b781fac6c440065ac7ff9e710ce3d0b
2026-10-06T21:00:31.1824870Z Build Date: 2026-09-01T19:56:44Z
2026-10-06T21:00:31.1825702Z Worker ID: {4a295c4c-1e24-4b46-8bdb-9a1b9e0f9776}
2026-10-06T21:00:31.1826421Z Azure Region: westus
2026-10-06T21:00:31.1827027Z ##[endgroup]
2026-10-06T21:00:31.1828634Z ##[group]Operating System
2026-10-06T21:00:31.1829317Z Ubuntu
2026-10-06T21:00:31.1829958Z 24.04.5
2026-10-06T21:00:31.1830476Z LTS
2026-10-06T21:00:31.1831357Z ##[endgroup]
2026-10-06T21:00:31.1831957Z ##[group]Runner Image
2026-10-06T21:00:31.1832583Z Image: ubuntu-24.04
2026-10-06T21:00:31.1833280Z Version: 20260927.320.1
2026-10-06T21:00:31.1834751Z Included Software: https://github.com/actions/runner-images/blob/ubuntu24/20260927.320/images/ubuntu/Ubuntu2404-Readme.md
2026-10-06T21:00:31.1836405Z Image Release: https://github.com/actions/runner-images/releases/tag/ubuntu24%2F20260927.320
2026-10-06T21:00:31.1837403Z ##[endgroup]
2026-10-06T21:00:31.1838638Z ##[group]GITHUB_TOKEN Permissions
2026-10-06T21:00:31.1840527Z Contents: read
2026-10-06T21:00:31.1841247Z Metadata: read
2026-10-06T21:00:31.1841841Z Packages: read
2026-10-06T21:00:31.1842433Z ##[endgroup]
2026-10-06T21:00:31.1844897Z Secret source: Actions
2026-10-06T21:00:31.1845945Z Cache mode: write
2026-10-06T21:00:31.1846650Z Prepare workflow directory
2026-10-06T21:00:31.2342082Z Prepare all required actions
2026-10-06T21:00:31.2390584Z Getting action download info
2026-10-06T21:00:31.6006599Z Download action repository 'actions/checkout@v6' (SHA:d23441a48e516b6c34aea4fa41551a30e30af803)
2026-10-06T21:00:31.7136627Z Download action repository 'actions/setup-node@v6' (SHA:249970729cb0ef3589644e2896645e5dc5ba9c38)
2026-10-06T21:00:31.9034657Z Complete job name: targeted
2026-10-06T21:00:31.9541592Z ##[group]Checking docker version
2026-10-06T21:00:31.9555413Z ##[command]/usr/bin/docker version --format '{{.Server.APIVersion}}'
2026-10-06T21:00:32.0799723Z '1.48'
2026-10-06T21:00:32.0812357Z Docker daemon API version: '1.48'
2026-10-06T21:00:32.0813141Z ##[command]/usr/bin/docker version --format '{{.Client.APIVersion}}'
2026-10-06T21:00:32.0970445Z '1.48'
2026-10-06T21:00:32.0982346Z Docker client API version: '1.48'
2026-10-06T21:00:32.0987060Z ##[endgroup]
2026-10-06T21:00:32.0990283Z ##[group]Clean up resources from previous jobs
2026-10-06T21:00:32.0996227Z ##[command]/usr/bin/docker ps --all --quiet --no-trunc --filter "label=7a8c0b"
2026-10-06T21:00:32.1142594Z ##[command]/usr/bin/docker network prune --force --filter "label=7a8c0b"
2026-10-06T21:00:32.1269765Z ##[endgroup]
2026-10-06T21:00:32.1270288Z ##[group]Create local container network
2026-10-06T21:00:32.1280251Z ##[command]/usr/bin/docker network create --label 7a8c0b github_network_cdf4b2dd48904587b6edfef8d255af10
2026-10-06T21:00:32.1811025Z 07bb0e4c75bc09346a5323cc46a8f27faf170bd55f28eb7567af9bef984767fb
2026-10-06T21:00:32.1829145Z ##[endgroup]
2026-10-06T21:00:32.1853976Z ##[group]Starting redis service container
2026-10-06T21:00:32.1877502Z ##[command]/usr/bin/docker pull redis:7-alpine
2026-10-06T21:00:33.3684204Z 7-alpine: Pulling from library/redis
2026-10-06T21:00:33.6435491Z 16333ee0c00f: Pulling fs layer
2026-10-06T21:00:33.6436843Z 83234986c742: Pulling fs layer
2026-10-06T21:00:33.6437777Z 7eb50503c2b0: Pulling fs layer
2026-10-06T21:00:33.6438659Z 1522f9c6f453: Pulling fs layer
2026-10-06T21:00:33.6439695Z 9928009b15c8: Pulling fs layer
2026-10-06T21:00:33.6440849Z 4f4fb700ef54: Pulling fs layer
2026-10-06T21:00:33.6441782Z 4eb14bae0e1d: Pulling fs layer
2026-10-06T21:00:33.6442535Z 1522f9c6f453: Waiting
2026-10-06T21:00:33.6443208Z 9928009b15c8: Waiting
2026-10-06T21:00:33.6444241Z 4f4fb700ef54: Waiting
2026-10-06T21:00:33.6444938Z 4eb14bae0e1d: Waiting
2026-10-06T21:00:33.8609289Z 7eb50503c2b0: Verifying Checksum
2026-10-06T21:00:33.8614969Z 7eb50503c2b0: Download complete
2026-10-06T21:00:33.8671879Z 83234986c742: Verifying Checksum
2026-10-06T21:00:33.8672839Z 83234986c742: Download complete
2026-10-06T21:00:33.8929084Z 16333ee0c00f: Download complete
2026-10-06T21:00:33.9945164Z 16333ee0c00f: Pull complete
2026-10-06T21:00:34.0956547Z 9928009b15c8: Verifying Checksum
2026-10-06T21:00:34.0958491Z 9928009b15c8: Download complete
2026-10-06T21:00:34.2265888Z 1522f9c6f453: Verifying Checksum
2026-10-06T21:00:34.2266431Z 1522f9c6f453: Download complete
2026-10-06T21:00:34.3049620Z 4eb14bae0e1d: Verifying Checksum
2026-10-06T21:00:34.3050373Z 4eb14bae0e1d: Download complete
2026-10-06T21:00:34.4488958Z 4f4fb700ef54: Download complete
2026-10-06T21:00:36.2864140Z 83234986c742: Pull complete
2026-10-06T21:00:36.4231925Z 7eb50503c2b0: Pull complete
2026-10-06T21:00:36.6067577Z 1522f9c6f453: Pull complete
2026-10-06T21:00:36.6150725Z 9928009b15c8: Pull complete
2026-10-06T21:00:36.6225256Z 4f4fb700ef54: Pull complete
2026-10-06T21:00:36.6416560Z 4eb14bae0e1d: Pull complete
2026-10-06T21:00:36.6458103Z Digest: sha256:858f009f9709ce576febc734aa78b8f6d624b82571f9ddb6bda4377c833b3499
2026-10-06T21:00:36.6470234Z Status: Downloaded newer image for redis:7-alpine
2026-10-06T21:00:36.6479188Z docker.io/library/redis:7-alpine
2026-10-06T21:00:36.6517120Z ##[command]/usr/bin/docker create --name 5b4351d688fb472fb044dcc29276b126_redis7alpine_3380ed --label 7a8c0b --network github_network_cdf4b2dd48904587b6edfef8d255af10 --network-alias redis -p 6379:6379 --health-cmd "redis-cli ping" --health-interval 5s --health-timeout 3s --health-retries 10 -e GITHUB_ACTIONS=true -e CI=true redis:7-alpine
2026-10-06T21:00:36.6761321Z 9d8424a334f7aa83369574869b2075a105a3677f7aa19d9229f6ff5ac4446e2e
2026-10-06T21:00:36.6781093Z ##[command]/usr/bin/docker start 9d8424a334f7aa83369574869b2075a105a3677f7aa19d9229f6ff5ac4446e2e
2026-10-06T21:00:37.5365032Z 9d8424a334f7aa83369574869b2075a105a3677f7aa19d9229f6ff5ac4446e2e
2026-10-06T21:00:37.5376777Z ##[command]/usr/bin/docker ps --all --filter id=9d8424a334f7aa83369574869b2075a105a3677f7aa19d9229f6ff5ac4446e2e --filter status=running --no-trunc --format "{{.ID}} {{.Status}}"
2026-10-06T21:00:37.5490811Z 9d8424a334f7aa83369574869b2075a105a3677f7aa19d9229f6ff5ac4446e2e Up Less than a second (health: starting)
2026-10-06T21:00:37.5508165Z ##[command]/usr/bin/docker port 9d8424a334f7aa83369574869b2075a105a3677f7aa19d9229f6ff5ac4446e2e
2026-10-06T21:00:37.5621606Z 6379/tcp -> 0.0.0.0:6379
2026-10-06T21:00:37.5622310Z 6379/tcp -> [::]:6379
2026-10-06T21:00:37.5667274Z ##[endgroup]
2026-10-06T21:00:37.5675679Z ##[group]Waiting for all services to be ready
2026-10-06T21:00:37.5688913Z ##[command]/usr/bin/docker inspect --format="{{if .Config.Healthcheck}}{{print .State.Health.Status}}{{end}}" 9d8424a334f7aa83369574869b2075a105a3677f7aa19d9229f6ff5ac4446e2e
2026-10-06T21:00:37.5802987Z starting
2026-10-06T21:00:37.5823291Z redis service is starting, waiting 2 seconds before checking again.
2026-10-06T21:00:39.5828089Z ##[command]/usr/bin/docker inspect --format="{{if .Config.Healthcheck}}{{print .State.Health.Status}}{{end}}" 9d8424a334f7aa83369574869b2075a105a3677f7aa19d9229f6ff5ac4446e2e
2026-10-06T21:00:39.5957240Z starting
2026-10-06T21:00:39.5970243Z redis service is starting, waiting 4 seconds before checking again.
2026-10-06T21:00:43.9557069Z ##[command]/usr/bin/docker inspect --format="{{if .Config.Healthcheck}}{{print .State.Health.Status}}{{end}}" 9d8424a334f7aa83369574869b2075a105a3677f7aa19d9229f6ff5ac4446e2e
2026-10-06T21:00:43.9729157Z healthy
2026-10-06T21:00:43.9744935Z redis service is healthy.
2026-10-06T21:00:43.9745616Z ##[endgroup]
2026-10-06T21:00:44.0037441Z ##[group]Run actions/checkout@v6
2026-10-06T21:00:44.0038332Z with:
2026-10-06T21:00:44.0038641Z   repository: BradleyGleavePortfolio/growth-project-backend
2026-10-06T21:00:44.0040999Z   token: ***
2026-10-06T21:00:44.0041223Z   ssh-strict: true
2026-10-06T21:00:44.0041462Z   ssh-user: git
2026-10-06T21:00:44.0041672Z   persist-credentials: true
2026-10-06T21:00:44.0041904Z   clean: true
2026-10-06T21:00:44.0042332Z   sparse-checkout-cone-mode: true
2026-10-06T21:00:44.0042588Z   fetch-depth: 1
2026-10-06T21:00:44.0042790Z   fetch-tags: false
2026-10-06T21:00:44.0043006Z   show-progress: true
2026-10-06T21:00:44.0043212Z   lfs: false
2026-10-06T21:00:44.0043400Z   submodules: false
2026-10-06T21:00:44.0043808Z   set-safe-directory: true
2026-10-06T21:00:44.0044058Z   allow-unsafe-pr-checkout: false
2026-10-06T21:00:44.0044649Z ##[endgroup]
2026-10-06T21:00:44.1115729Z Syncing repository: BradleyGleavePortfolio/growth-project-backend
2026-10-06T21:00:44.1117237Z ##[group]Getting Git version info
2026-10-06T21:00:44.1117761Z Working directory is '/home/runner/work/growth-project-backend/growth-project-backend'
2026-10-06T21:00:44.1118439Z [command]/usr/bin/git version
2026-10-06T21:00:44.1130017Z git version 2.55.0
2026-10-06T21:00:44.1155020Z ##[endgroup]
2026-10-06T21:00:44.1170100Z Temporarily overriding HOME='/home/runner/work/_temp/00983db1-ac6c-4ba0-8b7d-8439b654ded7' before making global git config changes
2026-10-06T21:00:44.1171521Z Adding repository directory to the temporary git global config as a safe directory
2026-10-06T21:00:44.1176581Z [command]/usr/bin/git config --global --add safe.directory /home/runner/work/growth-project-backend/growth-project-backend
2026-10-06T21:00:44.1331712Z Deleting the contents of '/home/runner/work/growth-project-backend/growth-project-backend'
2026-10-06T21:00:44.1335919Z ##[group]Determining repository object format
2026-10-06T21:00:44.1338489Z ##[endgroup]
2026-10-06T21:00:44.1339046Z ##[group]Initializing the repository
2026-10-06T21:00:44.1344091Z [command]/usr/bin/git init /home/runner/work/growth-project-backend/growth-project-backend
2026-10-06T21:00:44.1458301Z hint: Using 'master' as the name for the initial branch. This default branch name
2026-10-06T21:00:44.1459218Z hint: will change to "main" in Git 3.0. To configure the initial branch name
2026-10-06T21:00:44.1460216Z hint: to use in all of your new repositories, which will suppress this warning,
2026-10-06T21:00:44.1461204Z hint: call:
2026-10-06T21:00:44.1461714Z hint:
2026-10-06T21:00:44.1462368Z hint: 	git config --global init.defaultBranch <name>
2026-10-06T21:00:44.1463149Z hint:
2026-10-06T21:00:44.1464098Z hint: Names commonly chosen instead of 'master' are 'main', 'trunk' and
2026-10-06T21:00:44.1465103Z hint: 'development'. The just-created branch can be renamed via this command:
2026-10-06T21:00:44.1466090Z hint:
2026-10-06T21:00:44.1466481Z hint: 	git branch -m <name>
2026-10-06T21:00:44.1466927Z hint:
2026-10-06T21:00:44.1467533Z hint: Disable this message with "git config set advice.defaultBranchName false"
2026-10-06T21:00:44.1468786Z Initialized empty Git repository in /home/runner/work/growth-project-backend/growth-project-backend/.git/
2026-10-06T21:00:44.1475411Z [command]/usr/bin/git remote add origin https://github.com/BradleyGleavePortfolio/growth-project-backend
2026-10-06T21:00:44.1526928Z ##[endgroup]
2026-10-06T21:00:44.1527607Z ##[group]Disabling automatic garbage collection
2026-10-06T21:00:44.1531646Z [command]/usr/bin/git config --local gc.auto 0
2026-10-06T21:00:44.1561164Z ##[endgroup]
2026-10-06T21:00:44.1562007Z ##[group]Setting up auth
2026-10-06T21:00:44.1562682Z Removing SSH command configuration
2026-10-06T21:00:44.1569392Z [command]/usr/bin/git config --local --name-only --get-regexp core\.sshCommand
2026-10-06T21:00:44.1599923Z [command]/usr/bin/git submodule foreach --recursive sh -c "git config --local --name-only --get-regexp 'core\.sshCommand' && git config --local --unset-all 'core.sshCommand' || :"
2026-10-06T21:00:44.1947824Z Removing HTTP extra header
2026-10-06T21:00:44.1951885Z [command]/usr/bin/git config --local --name-only --get-regexp http\.https\:\/\/github\.com\/\.extraheader
2026-10-06T21:00:44.1981771Z [command]/usr/bin/git submodule foreach --recursive sh -c "git config --local --name-only --get-regexp 'http\.https\:\/\/github\.com\/\.extraheader' && git config --local --unset-all 'http.https://github.com/.extraheader' || :"
2026-10-06T21:00:44.2190877Z Removing includeIf entries pointing to credentials config files
2026-10-06T21:00:44.2198090Z [command]/usr/bin/git config --local --name-only --get-regexp ^includeIf\.gitdir:
2026-10-06T21:00:44.2228326Z [command]/usr/bin/git submodule foreach --recursive git config --local --show-origin --name-only --get-regexp remote.origin.url
2026-10-06T21:00:44.2444687Z [command]/usr/bin/git config --file /home/runner/work/_temp/git-credentials-6e14df54-64d9-4fe2-9ea9-39a13d7e18e9.config http.https://github.com/.extraheader AUTHORIZATION: basic ***
2026-10-06T21:00:44.2478320Z [command]/usr/bin/git config --local includeIf.gitdir:/home/runner/work/growth-project-backend/growth-project-backend/.git.path /home/runner/work/_temp/git-credentials-6e14df54-64d9-4fe2-9ea9-39a13d7e18e9.config
2026-10-06T21:00:44.2508731Z [command]/usr/bin/git config --local includeIf.gitdir:/home/runner/work/growth-project-backend/growth-project-backend/.git/worktrees/*.path /home/runner/work/_temp/git-credentials-6e14df54-64d9-4fe2-9ea9-39a13d7e18e9.config
2026-10-06T21:00:44.2540409Z [command]/usr/bin/git config --local includeIf.gitdir:/github/workspace/.git.path /github/runner_temp/git-credentials-6e14df54-64d9-4fe2-9ea9-39a13d7e18e9.config
2026-10-06T21:00:44.2570053Z [command]/usr/bin/git config --local includeIf.gitdir:/github/workspace/.git/worktrees/*.path /github/runner_temp/git-credentials-6e14df54-64d9-4fe2-9ea9-39a13d7e18e9.config
2026-10-06T21:00:44.2597848Z ##[endgroup]
2026-10-06T21:00:44.2598335Z ##[group]Fetching the repository
2026-10-06T21:00:44.2606032Z [command]/usr/bin/git -c protocol.version=2 fetch --no-tags --prune --no-recurse-submodules --depth=1 origin +ca42522165de5fc9b845b11bd3e1f1980ee9d2a3:refs/remotes/origin/ci/AUDIT-19-125-backend-mainfail
2026-10-06T21:00:46.0889573Z From https://github.com/BradleyGleavePortfolio/growth-project-backend
2026-10-06T21:00:46.0890461Z  * [new ref]         ca42522165de5fc9b845b11bd3e1f1980ee9d2a3 -> origin/ci/AUDIT-19-125-backend-mainfail
2026-10-06T21:00:46.0905677Z [command]/usr/bin/git branch --list --remote origin/ci/AUDIT-19-125-backend-mainfail
2026-10-06T21:00:46.0928350Z   origin/ci/AUDIT-19-125-backend-mainfail
2026-10-06T21:00:46.0937171Z [command]/usr/bin/git rev-parse refs/remotes/origin/ci/AUDIT-19-125-backend-mainfail
2026-10-06T21:00:46.0958335Z ca42522165de5fc9b845b11bd3e1f1980ee9d2a3
2026-10-06T21:00:46.0962226Z ##[endgroup]
2026-10-06T21:00:46.0962864Z ##[group]Determining the checkout info
2026-10-06T21:00:46.0963748Z ##[endgroup]
2026-10-06T21:00:46.0967986Z [command]/usr/bin/git sparse-checkout disable
2026-10-06T21:00:46.1018629Z [command]/usr/bin/git config --local --unset-all extensions.worktreeConfig
2026-10-06T21:00:46.1044527Z ##[group]Checking out the ref
2026-10-06T21:00:46.1050168Z [command]/usr/bin/git checkout --progress --force -B ci/AUDIT-19-125-backend-mainfail refs/remotes/origin/ci/AUDIT-19-125-backend-mainfail
2026-10-06T21:00:46.3554344Z Switched to a new branch 'ci/AUDIT-19-125-backend-mainfail'
2026-10-06T21:00:46.3560092Z branch 'ci/AUDIT-19-125-backend-mainfail' set up to track 'origin/ci/AUDIT-19-125-backend-mainfail'.
2026-10-06T21:00:46.3570788Z ##[endgroup]
2026-10-06T21:00:46.3617220Z [command]/usr/bin/git log -1 --format=%H
2026-10-06T21:00:46.3640982Z ca42522165de5fc9b845b11bd3e1f1980ee9d2a3
2026-10-06T21:00:46.3897516Z ##[group]Run actions/setup-node@v6
2026-10-06T21:00:46.3897808Z with:
2026-10-06T21:00:46.3898003Z   node-version: 20
2026-10-06T21:00:46.3898211Z   cache: npm
2026-10-06T21:00:46.3898414Z   check-latest: false
2026-10-06T21:00:46.3900606Z   token: ***
2026-10-06T21:00:46.3900823Z   package-manager-cache: true
2026-10-06T21:00:46.3901070Z ##[endgroup]
2026-10-06T21:00:46.5265803Z Attempting to download 20...
2026-10-06T21:00:47.1273357Z Acquiring 20.20.2 - x64 from https://github.com/actions/node-versions/releases/download/20.20.2-23521894959/node-20.20.2-linux-x64.tar.gz
2026-10-06T21:00:47.5586197Z Extracting ...
2026-10-06T21:00:47.5707400Z [command]/usr/bin/tar xz --strip 1 --warning=no-unknown-keyword --overwrite -C /home/runner/work/_temp/e2390061-fe44-4bd4-8924-3939b6450317 -f /home/runner/work/_temp/1ca4bc0c-cc08-4fb6-ba70-ebd0392fb7cc
2026-10-06T21:00:48.5676545Z Adding to the cache ...
2026-10-06T21:00:50.2358332Z ##[group]Environment details
2026-10-06T21:00:50.4548168Z node: v20.20.2
2026-10-06T21:00:50.4548679Z npm: 10.8.2
2026-10-06T21:00:50.4549072Z yarn: 1.22.22
2026-10-06T21:00:50.4549896Z ##[endgroup]
2026-10-06T21:00:50.4570033Z [command]/opt/hostedtoolcache/node/20.20.2/x64/bin/npm config get cache
2026-10-06T21:00:50.5576649Z /home/runner/.npm
2026-10-06T21:00:50.8378033Z Cache hit for: node-cache-Linux-x64-npm-7384df648a9115772c8035d3138d97d9f937374a11862398ed2f60e6fe31bf63
2026-10-06T21:00:52.1490536Z Received 0 of 86834698 (0.0%), 0.0 MBs/sec
2026-10-06T21:00:53.0029121Z Received 86834698 of 86834698 (100.0%), 44.7 MBs/sec
2026-10-06T21:00:53.0030175Z Cache Size: ~83 MB (86834698 B)
2026-10-06T21:00:53.0137746Z [command]/usr/bin/tar -xf /home/runner/work/_temp/f6ae6688-c6ce-4d45-9939-fb7246a7a183/cache.tzst -P -C /home/runner/work/growth-project-backend/growth-project-backend --use-compress-program unzstd
2026-10-06T21:00:53.1808762Z Cache restored successfully
2026-10-06T21:00:53.1855438Z Cache restored from key: node-cache-Linux-x64-npm-7384df648a9115772c8035d3138d97d9f937374a11862398ed2f60e6fe31bf63
2026-10-06T21:00:53.2055843Z ##[group]Run npm ci
2026-10-06T21:00:53.2056137Z [36;1mnpm ci[0m
2026-10-06T21:00:53.2273872Z shell: /usr/bin/bash -e {0}
2026-10-06T21:00:53.2274221Z ##[endgroup]
2026-10-06T21:00:59.1477324Z npm warn deprecated inflight@1.0.6: This module is not supported, and leaks memory. Do not use it. Check out lru-cache if you want a good and tested way to coalesce async requests by a key value, which is much more comprehensive and powerful.
2026-10-06T21:01:00.0371017Z npm warn deprecated jpeg-exif@1.1.4: Package no longer supported. Contact Support at https://www.npmjs.com/support for more info.
2026-10-06T21:01:01.1692678Z npm warn deprecated glob@7.2.3: Old versions of glob are not supported, and contain widely publicized security vulnerabilities, which have been fixed in the current version. Please update. Support for old versions may be purchased (at exorbitant rates) by contacting i@izs.me
2026-10-06T21:01:02.4200763Z npm warn deprecated glob@10.5.0: Old versions of glob are not supported, and contain widely publicized security vulnerabilities, which have been fixed in the current version. Please update. Support for old versions may be purchased (at exorbitant rates) by contacting i@izs.me
2026-10-06T21:01:02.4457825Z npm warn deprecated glob@10.5.0: Old versions of glob are not supported, and contain widely publicized security vulnerabilities, which have been fixed in the current version. Please update. Support for old versions may be purchased (at exorbitant rates) by contacting i@izs.me
2026-10-06T21:01:02.4818168Z npm warn deprecated glob@10.5.0: Old versions of glob are not supported, and contain widely publicized security vulnerabilities, which have been fixed in the current version. Please update. Support for old versions may be purchased (at exorbitant rates) by contacting i@izs.me
2026-10-06T21:01:17.8475196Z 
2026-10-06T21:01:17.8476563Z > growth-project-backend@1.0.0 postinstall
2026-10-06T21:01:17.8477433Z > prisma generate
2026-10-06T21:01:17.8477711Z 
2026-10-06T21:01:18.7904128Z Prisma schema loaded from prisma/schema.prisma
2026-10-06T21:01:24.5154748Z ┌─────────────────────────────────────────────────────────┐
2026-10-06T21:01:24.5156022Z │  Update available 6.19.3 -> 8.0.0-rc.20                 │
2026-10-06T21:01:24.5157550Z │                                                         │
2026-10-06T21:01:24.5158433Z │  This is a major update - please follow the guide at    │
2026-10-06T21:01:24.5159473Z │  https://pris.ly/d/major-version-upgrade                │
2026-10-06T21:01:24.5160296Z │                                                         │
2026-10-06T21:01:24.5161060Z │  Run the following to update                            │
2026-10-06T21:01:24.5162477Z │    npm i --save-dev prisma@latest                       │
2026-10-06T21:01:24.5163406Z │    npm i @prisma/client@latest                          │
2026-10-06T21:01:24.5164628Z └─────────────────────────────────────────────────────────┘
2026-10-06T21:01:24.5165070Z 
2026-10-06T21:01:24.5185052Z ✔ Generated Prisma Client (v6.19.3) to ./node_modules/@prisma/client in 3.59s
2026-10-06T21:01:24.5197465Z 
2026-10-06T21:01:24.5198101Z Start by importing your Prisma Client (See: https://pris.ly/d/importing-client)
2026-10-06T21:01:24.5198659Z 
2026-10-06T21:01:24.5198999Z Tip: Want to turn off tips and other hints? https://pris.ly/tip-4-nohints
2026-10-06T21:01:24.5199390Z 
2026-10-06T21:01:24.5789641Z 
2026-10-06T21:01:24.5790387Z > growth-project-backend@1.0.0 prepare
2026-10-06T21:01:24.5790935Z > lefthook install
2026-10-06T21:01:24.5791102Z 
2026-10-06T21:01:24.6313761Z sync hooks: ✔️(commit-msg, pre-commit)
2026-10-06T21:01:24.6489687Z 
2026-10-06T21:01:24.6490193Z added 1115 packages, and audited 1116 packages in 31s
2026-10-06T21:01:24.6490704Z 
2026-10-06T21:01:24.6491017Z 203 packages are looking for funding
2026-10-06T21:01:24.6491397Z   run `npm fund` for details
2026-10-06T21:01:24.6831539Z 
2026-10-06T21:01:24.6832302Z 23 vulnerabilities (20 moderate, 3 high)
2026-10-06T21:01:24.6832716Z 
2026-10-06T21:01:24.6834145Z To address issues that do not require attention, run:
2026-10-06T21:01:24.6835081Z   npm audit fix
2026-10-06T21:01:24.6844844Z 
2026-10-06T21:01:24.6848345Z To address all issues (including breaking changes), run:
2026-10-06T21:01:24.6849218Z   npm audit fix --force
2026-10-06T21:01:24.6849714Z 
2026-10-06T21:01:24.6850011Z Run `npm audit` for details.
2026-10-06T21:01:24.7449539Z ##[group]Run npx prisma generate
2026-10-06T21:01:24.7449874Z [36;1mnpx prisma generate[0m
2026-10-06T21:01:24.7512949Z shell: /usr/bin/bash -e {0}
2026-10-06T21:01:24.7513223Z ##[endgroup]
2026-10-06T21:01:25.9703667Z Prisma schema loaded from prisma/schema.prisma
2026-10-06T21:01:31.6724248Z 
2026-10-06T21:01:31.7358720Z ✔ Generated Prisma Client (v6.19.3) to ./node_modules/@prisma/client in 3.60s
2026-10-06T21:01:31.7359099Z 
2026-10-06T21:01:31.7359470Z Start by importing your Prisma Client (See: https://pris.ly/d/importing-client)
2026-10-06T21:01:31.7359832Z 
2026-10-06T21:01:31.7360373Z Tip: Need your database queries to be 1000x faster? Accelerate offers you that and more: https://pris.ly/tip-2-accelerate
2026-10-06T21:01:31.7360847Z 
2026-10-06T21:01:31.7916534Z ##[group]Run set -euo pipefail
2026-10-06T21:01:31.7916877Z [36;1mset -euo pipefail[0m
2026-10-06T21:01:31.7917273Z [36;1mtest -s .ci-lane-specs || { echo "missing .ci-lane-specs"; exit 2; }[0m
2026-10-06T21:01:31.7917774Z [36;1mmapfile -t SPECS < <(grep -vE '^\s*(#|$)' .ci-lane-specs)[0m
2026-10-06T21:01:31.7918145Z [36;1mecho "specs: ${SPECS[*]}"[0m
2026-10-06T21:01:31.7918441Z [36;1mnpx jest --ci --runInBand "${SPECS[@]}"[0m
2026-10-06T21:01:31.7981387Z shell: /usr/bin/bash --noprofile --norc -e -o pipefail {0}
2026-10-06T21:01:31.7981778Z env:
2026-10-06T21:01:31.7982014Z   NODE_OPTIONS: --max-old-space-size=4096
2026-10-06T21:01:31.7982384Z   THROTTLER_LIVE_REDIS_URL: redis://localhost:6379/0
2026-10-06T21:01:31.7982716Z ##[endgroup]
2026-10-06T21:01:31.8074637Z specs: test/help-support-channels.spec.ts
2026-10-06T21:01:33.2924428Z FAIL test/help-support-channels.spec.ts (48 MB heap size)
2026-10-06T21:01:33.2927580Z   public help support channels
2026-10-06T21:01:33.2930448Z     ✕ describes the in-app support route with email as an alternative (5 ms)
2026-10-06T21:01:33.2931815Z     ✕ does not promise a phone line or round-the-clock response (4 ms)
2026-10-06T21:01:33.2932340Z 
2026-10-06T21:01:33.2933280Z   ● public help support channels › describes the in-app support route with email as an alternative
2026-10-06T21:01:33.2934289Z 
2026-10-06T21:01:33.2934633Z     expect(received).toContain(expected) // indexOf
2026-10-06T21:01:33.2935063Z 
2026-10-06T21:01:33.2935320Z     Expected substring: "Settings"
2026-10-06T21:01:33.2936385Z     Received string:    "<!doctype html>
2026-10-06T21:01:33.2936937Z     <html lang=\"en\">
2026-10-06T21:01:33.2937462Z     <head>
2026-10-06T21:01:33.2937879Z     <meta charset=\"utf-8\" />
2026-10-06T21:01:33.2938588Z     <meta name=\"viewport\" content=\"width=device-width,initial-scale=1\" />
2026-10-06T21:01:33.2939468Z     <meta name=\"robots\" content=\"index,follow\" />
2026-10-06T21:01:33.2940429Z     <title>Contact support — The Growth Project</title>
2026-10-06T21:01:33.2941021Z     <style>
2026-10-06T21:01:33.2941488Z       :root { color-scheme: light; }
2026-10-06T21:01:33.2942258Z       html, body { margin: 0; padding: 0; background: #FBF8F3; color: #1F1B16; }
2026-10-06T21:01:33.2943975Z       body { font-family: -apple-system, BlinkMacSystemFont, \"Segoe UI\", system-ui, sans-serif; min-height: 100vh; padding: 32px 20px 64px; }
2026-10-06T21:01:33.2945427Z       main { max-width: 760px; width: 100%; margin: 0 auto; text-align: left; }
2026-10-06T21:01:33.2946909Z       header.brand { display: flex; align-items: center; justify-content: space-between; margin-bottom: 40px; gap: 16px; flex-wrap: wrap; }
2026-10-06T21:01:33.2948995Z       header.brand .wordmark { font-family: \"Iowan Old Style\", Georgia, serif; font-weight: 500; font-size: 18px; letter-spacing: 0.02em; color: #1F1B16; text-decoration: none; }
2026-10-06T21:01:33.2950518Z       nav.help-nav { display: flex; gap: 16px; flex-wrap: wrap; }
2026-10-06T21:01:33.2951454Z       nav.help-nav .nav-link { color: #8A7F6E; text-decoration: none; font-size: 14px; }
2026-10-06T21:01:33.2952310Z       nav.help-nav .nav-link.active { color: #1F1B16; }
2026-10-06T21:01:33.2952962Z       nav.help-nav .nav-link:hover { color: #1F1B16; }
2026-10-06T21:01:33.2954527Z       h1 { font-family: \"Iowan Old Style\", Georgia, serif; font-weight: 500; font-size: 40px; line-height: 1.1; letter-spacing: -0.01em; margin: 0 0 8px 0; }
2026-10-06T21:01:33.2974353Z       p.reviewed { margin: 0 0 28px 0; font-size: 12px; letter-spacing: 0.12em; text-transform: uppercase; color: #8A7F6E; }
2026-10-06T21:01:33.2975731Z       p.intro { font-size: 18px; line-height: 1.6; margin: 0 0 36px 0; color: #3A332B; }
2026-10-06T21:01:33.2976618Z       section { margin: 0 0 32px 0; }
2026-10-06T21:01:33.2977959Z       section h2 { font-family: \"Iowan Old Style\", Georgia, serif; font-weight: 500; font-size: 22px; line-height: 1.3; margin: 0 0 12px 0; color: #1F1B16; }
2026-10-06T21:01:33.2980320Z       section h3 { font-family: \"Iowan Old Style\", Georgia, serif; font-weight: 500; font-size: 17px; line-height: 1.35; margin: 18px 0 6px 0; color: #1F1B16; }
2026-10-06T21:01:33.2982018Z       section p { font-size: 16px; line-height: 1.6; margin: 0 0 12px 0; color: #3A332B; }
2026-10-06T21:01:33.2982692Z       section ul { margin: 0 0 12px 0; padding: 0 0 0 20px; }
2026-10-06T21:01:33.2983230Z       section li { font-size: 16px; line-height: 1.6; margin: 0 0 6px 0; color: #3A332B; }
2026-10-06T21:01:33.2984148Z       section p.links a { color: #1F1B16; text-decoration: underline; }
2026-10-06T21:01:33.2984851Z       table.intake { border-collapse: collapse; width: 100%; margin: 0 0 12px 0; font-size: 14px; }
2026-10-06T21:01:33.2985757Z       table.intake th, table.intake td { text-align: left; padding: 8px 10px; border-bottom: 1px solid #E8E1D4; vertical-align: top; color: #3A332B; }
2026-10-06T21:01:33.2986541Z       table.intake th { font-weight: 600; color: #1F1B16; background: #F4EFE6; }
2026-10-06T21:01:33.2987212Z       p.footnote { margin: 40px 0 0 0; font-size: 13px; line-height: 1.55; color: #8A7F6E; font-style: italic; }
2026-10-06T21:01:33.2988323Z       footer.brand-footer { margin-top: 48px; padding-top: 24px; border-top: 1px solid #E8E1D4; font-size: 13px; color: #8A7F6E; display: flex; gap: 16px; flex-wrap: wrap; justify-content: space-between; }
2026-10-06T21:01:33.2989274Z       footer.brand-footer a { color: #8A7F6E; text-decoration: underline; }
2026-10-06T21:01:33.2989662Z     </style>
2026-10-06T21:01:33.2989868Z     </head>
2026-10-06T21:01:33.2990059Z     <body>
2026-10-06T21:01:33.2990471Z     <main>
2026-10-06T21:01:33.2990695Z       <header class=\"brand\">
2026-10-06T21:01:33.2991054Z         <a class=\"wordmark\" href=\"/\">The Growth Project</a>
2026-10-06T21:01:33.2993084Z         <nav class=\"help-nav\"><a class=\"nav-link\" href=\"/help\">Overview</a><a class=\"nav-link\" href=\"/help/setup\">Setup</a><a class=\"nav-link\" href=\"/help/first-client\">First client</a><a class=\"nav-link\" href=\"/help/tour\">Tour</a><a class=\"nav-link\" href=\"/help/faq\">FAQ</a><a class=\"nav-link\" href=\"/help/support\">Support</a><a class=\"nav-link active\" href=\"/help/contact\">Contact</a><a class=\"nav-link\" href=\"/help/delete-account\">Delete account</a></nav>
2026-10-06T21:01:33.2995194Z       </header>
2026-10-06T21:01:33.2995447Z       <h1>Contact support</h1>
2026-10-06T21:01:33.2995783Z       <p class=\"reviewed\">Last reviewed 2026-10-05</p>
2026-10-06T21:01:33.2996996Z       <p class=\"intro\">Write to Bradleyapple1031@gmail.com. Email is the canonical transport. Read What support covers first — the fastest support reply is the one that fits a request we can actually answer.</p>
2026-10-06T21:01:33.2997841Z       <section>
2026-10-06T21:01:33.2998116Z         <h2>What to include</h2>
2026-10-06T21:01:33.2998370Z         <ul>
2026-10-06T21:01:33.2999211Z           <li>Account email. The address on your coach account. If you signed in with Apple hidden-relay address, send the relay address — it is what we look up by.</li>
2026-10-06T21:01:33.3000427Z           <li>What you were trying to do. One sentence. &quot;Send my first invite&quot;, &quot;open the billing portal&quot;, &quot;see a client thread&quot;.</li>
2026-10-06T21:01:33.3001392Z           <li>What actually happened. One or two sentences. Include the exact error text if there was one.</li>
2026-10-06T21:01:33.3002225Z           <li>When it happened. Approximate time and timezone is fine. We use it to find the request in the logs.</li>
2026-10-06T21:01:33.3003067Z           <li>Screenshots, if a UI is involved. Crop to the relevant region; we do not need the whole desktop.</li>
2026-10-06T21:01:33.3004308Z           <li>A client account email, if the issue involves them. Only share an email; do not share their password, payment details, or health information.</li>
2026-10-06T21:01:33.3004993Z         </ul>
2026-10-06T21:01:33.3005219Z       </section>
2026-10-06T21:01:33.3005444Z       <section>
2026-10-06T21:01:33.3005909Z         <h2>Intake schema</h2>
2026-10-06T21:01:33.3006965Z         <p>For operators or vendors building a contact form against this inbox in the future, the canonical intake fields are listed below. There is no separate API endpoint today; email is the transport.</p>
2026-10-06T21:01:33.3007885Z         <table class=\"intake\">
2026-10-06T21:01:33.3008167Z           <thead>
2026-10-06T21:01:33.3008536Z             <tr><th>Field</th><th>Type</th><th>Required</th><th>Notes</th></tr>
2026-10-06T21:01:33.3008922Z           </thead>
2026-10-06T21:01:33.3009178Z           <tbody>
2026-10-06T21:01:33.3009699Z           <tr><td>account_email</td><td>email</td><td>yes</td><td>Coach account email or Apple relay address.</td></tr>
2026-10-06T21:01:33.3010608Z           <tr><td>category</td><td>enum</td><td>yes</td><td>One of: outage, billing, client_signup, data, security, account_merge, other.</td></tr>
2026-10-06T21:01:33.3011466Z           <tr><td>subject</td><td>string</td><td>yes</td><td>Free-form, up to 120 characters.</td></tr>
2026-10-06T21:01:33.3012214Z           <tr><td>body</td><td>string</td><td>yes</td><td>Free-form. Plain text is fine; markdown is rendered.</td></tr>
2026-10-06T21:01:33.3013037Z           <tr><td>client_email</td><td>email</td><td>no</td><td>Set only when the issue is about a specific client.</td></tr>
2026-10-06T21:01:33.3014056Z           <tr><td>attachments</td><td>file[]</td><td>no</td><td>Up to 5 files, 10 MB each. Images, PDFs, plain text only.</td></tr>
2026-10-06T21:01:33.3014893Z           <tr><td>console_url</td><td>string</td><td>no</td><td>The URL the coach was on when the issue happened.</td></tr>
2026-10-06T21:01:33.3015935Z           <tr><td>user_agent</td><td>string</td><td>no</td><td>Auto-filled by the form, useful for browser-specific issues.</td></tr>
2026-10-06T21:01:33.3016757Z           <tr><td>ts_iso</td><td>datetime</td><td>yes</td><td>ISO-8601 client timestamp, auto-filled.</td></tr>
2026-10-06T21:01:33.3017246Z           </tbody>
2026-10-06T21:01:33.3017465Z         </table>
2026-10-06T21:01:33.3017698Z       </section>
2026-10-06T21:01:33.3017918Z       <section>
2026-10-06T21:01:33.3018180Z         <h2>What not to send</h2>
2026-10-06T21:01:33.3018554Z         <p>A few items we will never need and cannot use:</p>
2026-10-06T21:01:33.3018917Z         <ul>
2026-10-06T21:01:33.3019274Z           <li>Passwords. We will never ask, and we cannot use them.</li>
2026-10-06T21:01:33.3019816Z           <li>Card numbers. Card management lives in the Stripe portal.</li>
2026-10-06T21:01:33.3020997Z           <li>Personal health information that the client did not consent to share with us. Coach-client conversations can stay between you and your client; support does not need them to investigate account or platform issues.</li>
2026-10-06T21:01:33.3021982Z         </ul>
2026-10-06T21:01:33.3022204Z       </section>
2026-10-06T21:01:33.3022417Z       <section>
2026-10-06T21:01:33.3022691Z         <h2>Response expectations</h2>
2026-10-06T21:01:33.3023988Z         <p>See the SLAs on What support covers. If you have not heard back within the stated window, reply to your own thread — do not open a second one. Replies bump priority; new threads start from the back.</p>
2026-10-06T21:01:33.3024868Z       </section>
2026-10-06T21:01:33.3025653Z       <p class=\"footnote\">There is no chat or phone line. Email is the only support channel today; if and when a form or in-app channel is added, this page will say so.</p>
2026-10-06T21:01:33.3026430Z       <footer class=\"brand-footer\">
2026-10-06T21:01:33.3026767Z         <span>The Growth Project</span>
2026-10-06T21:01:33.3027869Z         <span><a href=\"/privacy\">Privacy Policy</a> · <a href=\"/consumer-health-privacy\">Consumer Health Data Privacy Policy</a> · <a href=\"/help/delete-account\">Delete your account</a></span>
2026-10-06T21:01:33.3028951Z         <span><a href=\"mailto:Bradleyapple1031@gmail.com\">Bradleyapple1031@gmail.com</a></span>
2026-10-06T21:01:33.3029455Z       </footer>
2026-10-06T21:01:33.3029683Z     </main>
2026-10-06T21:01:33.3030056Z     </body>
2026-10-06T21:01:33.3030260Z     </html>"
2026-10-06T21:01:33.3030396Z 
2026-10-06T21:01:33.3030972Z     [0m [90m 4 |[39m   it([32m'describes the in-app support route with email as an alternative'[39m[33m,[39m () [33m=>[39m {
2026-10-06T21:01:33.3031871Z      [90m 5 |[39m     [36mconst[39m html [33m=[39m renderHelpPage([32m'contact'[39m)[33m;[39m
2026-10-06T21:01:33.3032667Z     [31m[1m>[22m[39m[90m 6 |[39m     expect(html)[33m.[39mtoContain([32m'Settings'[39m)[33m;[39m
2026-10-06T21:01:33.3033259Z      [90m   |[39m                  [31m[1m^[22m[39m
2026-10-06T21:01:33.3034169Z      [90m 7 |[39m     expect(html)[33m.[39mtoContain([32m'Support'[39m)[33m;[39m
2026-10-06T21:01:33.3034925Z      [90m 8 |[39m     expect(html)[33m.[39mtoContain([32m'in-app support chat'[39m)[33m;[39m
2026-10-06T21:01:33.3035682Z      [90m 9 |[39m     expect(html)[33m.[39mtoContain([33mSUPPORT_EMAIL[39m)[33m;[39m[0m
2026-10-06T21:01:33.3036032Z 
2026-10-06T21:01:33.3036303Z       at Object.<anonymous> (test/help-support-channels.spec.ts:6:18)
2026-10-06T21:01:33.3036604Z 
2026-10-06T21:01:33.3037027Z   ● public help support channels › does not promise a phone line or round-the-clock response
2026-10-06T21:01:33.3037432Z 
2026-10-06T21:01:33.3037611Z     expect(received).toContain(expected) // indexOf
2026-10-06T21:01:33.3037846Z 
2026-10-06T21:01:33.3038027Z     Expected substring: "There is no phone line."
2026-10-06T21:01:33.3038390Z     Received string:    "<!doctype html>
2026-10-06T21:01:33.3038692Z     <html lang=\"en\">
2026-10-06T21:01:33.3039120Z     <head>
2026-10-06T21:01:33.3039361Z     <meta charset=\"utf-8\" />
2026-10-06T21:01:33.3039788Z     <meta name=\"viewport\" content=\"width=device-width,initial-scale=1\" />
2026-10-06T21:01:33.3040297Z     <meta name=\"robots\" content=\"index,follow\" />
2026-10-06T21:01:33.3040784Z     <title>Contact support — The Growth Project</title>
2026-10-06T21:01:33.3041112Z     <style>
2026-10-06T21:01:33.3041378Z       :root { color-scheme: light; }
2026-10-06T21:01:33.3041826Z       html, body { margin: 0; padding: 0; background: #FBF8F3; color: #1F1B16; }
2026-10-06T21:01:33.3042688Z       body { font-family: -apple-system, BlinkMacSystemFont, \"Segoe UI\", system-ui, sans-serif; min-height: 100vh; padding: 32px 20px 64px; }
2026-10-06T21:01:33.3043469Z       main { max-width: 760px; width: 100%; margin: 0 auto; text-align: left; }
2026-10-06T21:01:33.3044450Z       header.brand { display: flex; align-items: center; justify-content: space-between; margin-bottom: 40px; gap: 16px; flex-wrap: wrap; }
2026-10-06T21:01:33.3045678Z       header.brand .wordmark { font-family: \"Iowan Old Style\", Georgia, serif; font-weight: 500; font-size: 18px; letter-spacing: 0.02em; color: #1F1B16; text-decoration: none; }
2026-10-06T21:01:33.3046569Z       nav.help-nav { display: flex; gap: 16px; flex-wrap: wrap; }
2026-10-06T21:01:33.3047135Z       nav.help-nav .nav-link { color: #8A7F6E; text-decoration: none; font-size: 14px; }
2026-10-06T21:01:33.3047686Z       nav.help-nav .nav-link.active { color: #1F1B16; }
2026-10-06T21:01:33.3048088Z       nav.help-nav .nav-link:hover { color: #1F1B16; }
2026-10-06T21:01:33.3048901Z       h1 { font-family: \"Iowan Old Style\", Georgia, serif; font-weight: 500; font-size: 40px; line-height: 1.1; letter-spacing: -0.01em; margin: 0 0 8px 0; }
2026-10-06T21:01:33.3049932Z       p.reviewed { margin: 0 0 28px 0; font-size: 12px; letter-spacing: 0.12em; text-transform: uppercase; color: #8A7F6E; }
2026-10-06T21:01:33.3050678Z       p.intro { font-size: 18px; line-height: 1.6; margin: 0 0 36px 0; color: #3A332B; }
2026-10-06T21:01:33.3051160Z       section { margin: 0 0 32px 0; }
2026-10-06T21:01:33.3051910Z       section h2 { font-family: \"Iowan Old Style\", Georgia, serif; font-weight: 500; font-size: 22px; line-height: 1.3; margin: 0 0 12px 0; color: #1F1B16; }
2026-10-06T21:01:33.3053194Z       section h3 { font-family: \"Iowan Old Style\", Georgia, serif; font-weight: 500; font-size: 17px; line-height: 1.35; margin: 18px 0 6px 0; color: #1F1B16; }
2026-10-06T21:01:33.3054224Z       section p { font-size: 16px; line-height: 1.6; margin: 0 0 12px 0; color: #3A332B; }
2026-10-06T21:01:33.3054773Z       section ul { margin: 0 0 12px 0; padding: 0 0 0 20px; }
2026-10-06T21:01:33.3055329Z       section li { font-size: 16px; line-height: 1.6; margin: 0 0 6px 0; color: #3A332B; }
2026-10-06T21:01:33.3055940Z       section p.links a { color: #1F1B16; text-decoration: underline; }
2026-10-06T21:01:33.3056591Z       table.intake { border-collapse: collapse; width: 100%; margin: 0 0 12px 0; font-size: 14px; }
2026-10-06T21:01:33.3057558Z       table.intake th, table.intake td { text-align: left; padding: 8px 10px; border-bottom: 1px solid #E8E1D4; vertical-align: top; color: #3A332B; }
2026-10-06T21:01:33.3058402Z       table.intake th { font-weight: 600; color: #1F1B16; background: #F4EFE6; }
2026-10-06T21:01:33.3059103Z       p.footnote { margin: 40px 0 0 0; font-size: 13px; line-height: 1.55; color: #8A7F6E; font-style: italic; }
2026-10-06T21:01:33.3060305Z       footer.brand-footer { margin-top: 48px; padding-top: 24px; border-top: 1px solid #E8E1D4; font-size: 13px; color: #8A7F6E; display: flex; gap: 16px; flex-wrap: wrap; justify-content: space-between; }
2026-10-06T21:01:33.3061375Z       footer.brand-footer a { color: #8A7F6E; text-decoration: underline; }
2026-10-06T21:01:33.3061808Z     </style>
2026-10-06T21:01:33.3062034Z     </head>
2026-10-06T21:01:33.3062248Z     <body>
2026-10-06T21:01:33.3062475Z     <main>
2026-10-06T21:01:33.3062706Z       <header class=\"brand\">
2026-10-06T21:01:33.3063994Z         <a class=\"wordmark\" href=\"/\">The Growth Project</a>
2026-10-06T21:01:33.3066807Z         <nav class=\"help-nav\"><a class=\"nav-link\" href=\"/help\">Overview</a><a class=\"nav-link\" href=\"/help/setup\">Setup</a><a class=\"nav-link\" href=\"/help/first-client\">First client</a><a class=\"nav-link\" href=\"/help/tour\">Tour</a><a class=\"nav-link\" href=\"/help/faq\">FAQ</a><a class=\"nav-link\" href=\"/help/support\">Support</a><a class=\"nav-link active\" href=\"/help/contact\">Contact</a><a class=\"nav-link\" href=\"/help/delete-account\">Delete account</a></nav>
2026-10-06T21:01:33.3068491Z       </header>
2026-10-06T21:01:33.3068755Z       <h1>Contact support</h1>
2026-10-06T21:01:33.3069124Z       <p class=\"reviewed\">Last reviewed 2026-10-05</p>
2026-10-06T21:01:33.3070421Z       <p class=\"intro\">Write to Bradleyapple1031@gmail.com. Email is the canonical transport. Read What support covers first — the fastest support reply is the one that fits a request we can actually answer.</p>
2026-10-06T21:01:33.3071550Z       <section>
2026-10-06T21:01:33.3071837Z         <h2>What to include</h2>
2026-10-06T21:01:33.3072130Z         <ul>
2026-10-06T21:01:33.3073083Z           <li>Account email. The address on your coach account. If you signed in with Apple hidden-relay address, send the relay address — it is what we look up by.</li>
2026-10-06T21:01:33.3074539Z           <li>What you were trying to do. One sentence. &quot;Send my first invite&quot;, &quot;open the billing portal&quot;, &quot;see a client thread&quot;.</li>
2026-10-06T21:01:33.3075563Z           <li>What actually happened. One or two sentences. Include the exact error text if there was one.</li>
2026-10-06T21:01:33.3076468Z           <li>When it happened. Approximate time and timezone is fine. We use it to find the request in the logs.</li>
2026-10-06T21:01:33.3077358Z           <li>Screenshots, if a UI is involved. Crop to the relevant region; we do not need the whole desktop.</li>
2026-10-06T21:01:33.3078408Z           <li>A client account email, if the issue involves them. Only share an email; do not share their password, payment details, or health information.</li>
2026-10-06T21:01:33.3079133Z         </ul>
2026-10-06T21:01:33.3079376Z       </section>
2026-10-06T21:01:33.3079602Z       <section>
2026-10-06T21:01:33.3079881Z         <h2>Intake schema</h2>
2026-10-06T21:01:33.3081368Z         <p>For operators or vendors building a contact form against this inbox in the future, the canonical intake fields are listed below. There is no separate API endpoint today; email is the transport.</p>
2026-10-06T21:01:33.3082522Z         <table class=\"intake\">
2026-10-06T21:01:33.3082824Z           <thead>
2026-10-06T21:01:33.3083265Z             <tr><th>Field</th><th>Type</th><th>Required</th><th>Notes</th></tr>
2026-10-06T21:01:33.3083821Z           </thead>
2026-10-06T21:01:33.3084076Z           <tbody>
2026-10-06T21:01:33.3084611Z           <tr><td>account_email</td><td>email</td><td>yes</td><td>Coach account email or Apple relay address.</td></tr>
2026-10-06T21:01:33.3085570Z           <tr><td>category</td><td>enum</td><td>yes</td><td>One of: outage, billing, client_signup, data, security, account_merge, other.</td></tr>
2026-10-06T21:01:33.3086503Z           <tr><td>subject</td><td>string</td><td>yes</td><td>Free-form, up to 120 characters.</td></tr>
2026-10-06T21:01:33.3087311Z           <tr><td>body</td><td>string</td><td>yes</td><td>Free-form. Plain text is fine; markdown is rendered.</td></tr>
2026-10-06T21:01:33.3088202Z           <tr><td>client_email</td><td>email</td><td>no</td><td>Set only when the issue is about a specific client.</td></tr>
2026-10-06T21:01:33.3089110Z           <tr><td>attachments</td><td>file[]</td><td>no</td><td>Up to 5 files, 10 MB each. Images, PDFs, plain text only.</td></tr>
2026-10-06T21:01:33.3090000Z           <tr><td>console_url</td><td>string</td><td>no</td><td>The URL the coach was on when the issue happened.</td></tr>
2026-10-06T21:01:33.3090917Z           <tr><td>user_agent</td><td>string</td><td>no</td><td>Auto-filled by the form, useful for browser-specific issues.</td></tr>
2026-10-06T21:01:33.3092016Z           <tr><td>ts_iso</td><td>datetime</td><td>yes</td><td>ISO-8601 client timestamp, auto-filled.</td></tr>
2026-10-06T21:01:33.3092546Z           </tbody>
2026-10-06T21:01:33.3092774Z         </table>
2026-10-06T21:01:33.3093018Z       </section>
2026-10-06T21:01:33.3093252Z       <section>
2026-10-06T21:01:33.3093679Z         <h2>What not to send</h2>
2026-10-06T21:01:33.3094092Z         <p>A few items we will never need and cannot use:</p>
2026-10-06T21:01:33.3094475Z         <ul>
2026-10-06T21:01:33.3094863Z           <li>Passwords. We will never ask, and we cannot use them.</li>
2026-10-06T21:01:33.3095429Z           <li>Card numbers. Card management lives in the Stripe portal.</li>
2026-10-06T21:01:33.3096675Z           <li>Personal health information that the client did not consent to share with us. Coach-client conversations can stay between you and your client; support does not need them to investigate account or platform issues.</li>
2026-10-06T21:01:33.3097701Z         </ul>
2026-10-06T21:01:33.3097969Z       </section>
2026-10-06T21:01:33.3098209Z       <section>
2026-10-06T21:01:33.3098471Z         <h2>Response expectations</h2>
2026-10-06T21:01:33.3099722Z         <p>See the SLAs on What support covers. If you have not heard back within the stated window, reply to your own thread — do not open a second one. Replies bump priority; new threads start from the back.</p>
2026-10-06T21:01:33.3100655Z       </section>
2026-10-06T21:01:33.3101433Z       <p class=\"footnote\">There is no chat or phone line. Email is the only support channel today; if and when a form or in-app channel is added, this page will say so.</p>
2026-10-06T21:01:33.3102255Z       <footer class=\"brand-footer\">
2026-10-06T21:01:33.3102607Z         <span>The Growth Project</span>
2026-10-06T21:01:33.3104041Z         <span><a href=\"/privacy\">Privacy Policy</a> · <a href=\"/consumer-health-privacy\">Consumer Health Data Privacy Policy</a> · <a href=\"/help/delete-account\">Delete your account</a></span>
2026-10-06T21:01:33.3105193Z         <span><a href=\"mailto:Bradleyapple1031@gmail.com\">Bradleyapple1031@gmail.com</a></span>
2026-10-06T21:01:33.3105702Z       </footer>
2026-10-06T21:01:33.3105933Z     </main>
2026-10-06T21:01:33.3106166Z     </body>
2026-10-06T21:01:33.3106394Z     </html>"
2026-10-06T21:01:33.3106516Z 
2026-10-06T21:01:33.3107327Z     [0m [90m 15 |[39m   it([32m'does not promise a phone line or round-the-clock response'[39m[33m,[39m () [33m=>[39m {
2026-10-06T21:01:33.3108306Z      [90m 16 |[39m     [36mconst[39m html [33m=[39m renderHelpPage([32m'contact'[39m)[33m;[39m
2026-10-06T21:01:33.3109241Z     [31m[1m>[22m[39m[90m 17 |[39m     expect(html)[33m.[39mtoContain([32m'There is no phone line.'[39m)[33m;[39m
2026-10-06T21:01:33.3110092Z      [90m    |[39m                  [31m[1m^[22m[39m
2026-10-06T21:01:33.3111101Z      [90m 18 |[39m     expect(renderHelpPage([32m'support'[39m))[33m.[39mtoContain([32m'We do not run a 24/7 desk.'[39m)[33m;[39m
2026-10-06T21:01:33.3111920Z      [90m 19 |[39m   })[33m;[39m
2026-10-06T21:01:33.3112364Z      [90m 20 |[39m })[33m;[39m[0m
2026-10-06T21:01:33.3112594Z 
2026-10-06T21:01:33.3112909Z       at Object.<anonymous> (test/help-support-channels.spec.ts:17:18)
2026-10-06T21:01:33.3113329Z 
2026-10-06T21:01:33.3113691Z Test Suites: 1 failed, 1 total
2026-10-06T21:01:33.3114105Z Tests:       2 failed, 2 total
2026-10-06T21:01:33.3114444Z Snapshots:   0 total
2026-10-06T21:01:33.3114768Z Time:        0.664 s
2026-10-06T21:01:33.3115297Z Ran all test suites matching test/help-support-channels.spec.ts.
2026-10-06T21:01:33.3254004Z ##[error]Process completed with exit code 1.
2026-10-06T21:01:33.3371219Z Post job cleanup.
2026-10-06T21:01:33.4207825Z [command]/usr/bin/git version
2026-10-06T21:01:33.4244005Z git version 2.55.0
2026-10-06T21:01:33.4284648Z Temporarily overriding HOME='/home/runner/work/_temp/159b28d7-ebcc-4420-b39c-e25b8d5eb75b' before making global git config changes
2026-10-06T21:01:33.4286643Z Adding repository directory to the temporary git global config as a safe directory
2026-10-06T21:01:33.4291035Z [command]/usr/bin/git config --global --add safe.directory /home/runner/work/growth-project-backend/growth-project-backend
2026-10-06T21:01:33.4321527Z Removing SSH command configuration
2026-10-06T21:01:33.4328417Z [command]/usr/bin/git config --local --name-only --get-regexp core\.sshCommand
2026-10-06T21:01:33.4362201Z [command]/usr/bin/git submodule foreach --recursive sh -c "git config --local --name-only --get-regexp 'core\.sshCommand' && git config --local --unset-all 'core.sshCommand' || :"
2026-10-06T21:01:33.4588009Z Removing HTTP extra header
2026-10-06T21:01:33.4592490Z [command]/usr/bin/git config --local --name-only --get-regexp http\.https\:\/\/github\.com\/\.extraheader
2026-10-06T21:01:33.4624372Z [command]/usr/bin/git submodule foreach --recursive sh -c "git config --local --name-only --get-regexp 'http\.https\:\/\/github\.com\/\.extraheader' && git config --local --unset-all 'http.https://github.com/.extraheader' || :"
2026-10-06T21:01:33.4848068Z Removing includeIf entries pointing to credentials config files
2026-10-06T21:01:33.4855039Z [command]/usr/bin/git config --local --name-only --get-regexp ^includeIf\.gitdir:
2026-10-06T21:01:33.4881922Z includeif.gitdir:/home/runner/work/growth-project-backend/growth-project-backend/.git.path
2026-10-06T21:01:33.4884069Z includeif.gitdir:/home/runner/work/growth-project-backend/growth-project-backend/.git/worktrees/*.path
2026-10-06T21:01:33.4885266Z includeif.gitdir:/github/workspace/.git.path
2026-10-06T21:01:33.4886096Z includeif.gitdir:/github/workspace/.git/worktrees/*.path
2026-10-06T21:01:33.4892812Z [command]/usr/bin/git config --local --get-all includeif.gitdir:/home/runner/work/growth-project-backend/growth-project-backend/.git.path
2026-10-06T21:01:33.4913993Z /home/runner/work/_temp/git-credentials-6e14df54-64d9-4fe2-9ea9-39a13d7e18e9.config
2026-10-06T21:01:33.4925564Z [command]/usr/bin/git config --local --unset includeif.gitdir:/home/runner/work/growth-project-backend/growth-project-backend/.git.path /home/runner/work/_temp/git-credentials-6e14df54-64d9-4fe2-9ea9-39a13d7e18e9.config
2026-10-06T21:01:33.4960068Z [command]/usr/bin/git config --local --get-all includeif.gitdir:/home/runner/work/growth-project-backend/growth-project-backend/.git/worktrees/*.path
2026-10-06T21:01:33.4980615Z /home/runner/work/_temp/git-credentials-6e14df54-64d9-4fe2-9ea9-39a13d7e18e9.config
2026-10-06T21:01:33.4990174Z [command]/usr/bin/git config --local --unset includeif.gitdir:/home/runner/work/growth-project-backend/growth-project-backend/.git/worktrees/*.path /home/runner/work/_temp/git-credentials-6e14df54-64d9-4fe2-9ea9-39a13d7e18e9.config
2026-10-06T21:01:33.5022339Z [command]/usr/bin/git config --local --get-all includeif.gitdir:/github/workspace/.git.path
2026-10-06T21:01:33.5042721Z /github/runner_temp/git-credentials-6e14df54-64d9-4fe2-9ea9-39a13d7e18e9.config
2026-10-06T21:01:33.5052247Z [command]/usr/bin/git config --local --unset includeif.gitdir:/github/workspace/.git.path /github/runner_temp/git-credentials-6e14df54-64d9-4fe2-9ea9-39a13d7e18e9.config
2026-10-06T21:01:33.5084500Z [command]/usr/bin/git config --local --get-all includeif.gitdir:/github/workspace/.git/worktrees/*.path
2026-10-06T21:01:33.5106536Z /github/runner_temp/git-credentials-6e14df54-64d9-4fe2-9ea9-39a13d7e18e9.config
2026-10-06T21:01:33.5115103Z [command]/usr/bin/git config --local --unset includeif.gitdir:/github/workspace/.git/worktrees/*.path /github/runner_temp/git-credentials-6e14df54-64d9-4fe2-9ea9-39a13d7e18e9.config
2026-10-06T21:01:33.5150695Z [command]/usr/bin/git submodule foreach --recursive git config --local --show-origin --name-only --get-regexp remote.origin.url
2026-10-06T21:01:33.5394602Z Removing credentials config '/home/runner/work/_temp/git-credentials-6e14df54-64d9-4fe2-9ea9-39a13d7e18e9.config'
2026-10-06T21:01:33.5506038Z Print service container logs: 5b4351d688fb472fb044dcc29276b126_redis7alpine_3380ed
2026-10-06T21:01:33.5510653Z ##[command]/usr/bin/docker logs --details 9d8424a334f7aa83369574869b2075a105a3677f7aa19d9229f6ff5ac4446e2e
2026-10-06T21:01:33.5631963Z  1:C 06 Oct 2026 21:00:37.541 # WARNING Memory overcommit must be enabled! Without it, a background save or replication may fail under low memory condition. Being disabled, it can also cause failures without low memory condition, see https://github.com/jemalloc/jemalloc/issues/1328. To fix this issue add 'vm.overcommit_memory = 1' to /etc/sysctl.conf and then reboot or run the command 'sysctl vm.overcommit_memory=1' for this to take effect.
2026-10-06T21:01:33.5634928Z  1:C 06 Oct 2026 21:00:37.541 * oO0OoO0OoO0Oo Redis is starting oO0OoO0OoO0Oo
2026-10-06T21:01:33.5635857Z  1:C 06 Oct 2026 21:00:37.541 * Redis version=7.4.11, bits=64, commit=00000000, modified=0, pid=1, just started
2026-10-06T21:01:33.5637313Z  1:C 06 Oct 2026 21:00:37.541 # Warning: no config file specified, using the default config. In order to specify a config file use redis-server /path/to/redis.conf
2026-10-06T21:01:33.5638147Z  1:M 06 Oct 2026 21:00:37.541 * monotonic clock: POSIX clock_gettime
2026-10-06T21:01:33.5638613Z  1:M 06 Oct 2026 21:00:37.542 * Running mode=standalone, port=6379.
2026-10-06T21:01:33.5638986Z  1:M 06 Oct 2026 21:00:37.542 * Server initialized
2026-10-06T21:01:33.5639364Z  1:M 06 Oct 2026 21:00:37.542 * Ready to accept connections tcp
2026-10-06T21:01:33.5647987Z Stop and remove container: 5b4351d688fb472fb044dcc29276b126_redis7alpine_3380ed
2026-10-06T21:01:33.5653199Z ##[command]/usr/bin/docker rm --force 9d8424a334f7aa83369574869b2075a105a3677f7aa19d9229f6ff5ac4446e2e
2026-10-06T21:01:34.9002959Z 9d8424a334f7aa83369574869b2075a105a3677f7aa19d9229f6ff5ac4446e2e
2026-10-06T21:01:34.9030770Z Remove container network: github_network_cdf4b2dd48904587b6edfef8d255af10
2026-10-06T21:01:34.9035986Z ##[command]/usr/bin/docker network rm github_network_cdf4b2dd48904587b6edfef8d255af10
2026-10-06T21:01:34.9960246Z github_network_cdf4b2dd48904587b6edfef8d255af10
2026-10-06T21:01:35.0044174Z Cleaning up orphan processes
