targeted	Set up job	﻿2026-10-04T20:01:14.9352331Z Current runner version: '2.337.0'
targeted	Set up job	2026-10-04T20:01:14.9368905Z ##[group]Runner Image Provisioner
targeted	Set up job	2026-10-04T20:01:14.9369559Z Hosted Compute Agent
targeted	Set up job	2026-10-04T20:01:14.9369960Z Version: 20260901.588
targeted	Set up job	2026-10-04T20:01:14.9370383Z Commit: f88ec8081b781fac6c440065ac7ff9e710ce3d0b
targeted	Set up job	2026-10-04T20:01:14.9370812Z Build Date: 2026-09-01T19:56:44Z
targeted	Set up job	2026-10-04T20:01:14.9371252Z Worker ID: {ebf3b2d1-8822-4ced-87b3-2b416439c4b7}
targeted	Set up job	2026-10-04T20:01:14.9371671Z Azure Region: centralus
targeted	Set up job	2026-10-04T20:01:14.9372069Z ##[endgroup]
targeted	Set up job	2026-10-04T20:01:14.9372918Z ##[group]Operating System
targeted	Set up job	2026-10-04T20:01:14.9373276Z Ubuntu
targeted	Set up job	2026-10-04T20:01:14.9373633Z 24.04.5
targeted	Set up job	2026-10-04T20:01:14.9373943Z LTS
targeted	Set up job	2026-10-04T20:01:14.9374245Z ##[endgroup]
targeted	Set up job	2026-10-04T20:01:14.9374648Z ##[group]Runner Image
targeted	Set up job	2026-10-04T20:01:14.9374999Z Image: ubuntu-24.04
targeted	Set up job	2026-10-04T20:01:14.9375359Z Version: 20260927.320.1
targeted	Set up job	2026-10-04T20:01:14.9375977Z Included Software: https://github.com/actions/runner-images/blob/ubuntu24/20260927.320/images/ubuntu/Ubuntu2404-Readme.md
targeted	Set up job	2026-10-04T20:01:14.9377026Z Image Release: https://github.com/actions/runner-images/releases/tag/ubuntu24%2F20260927.320
targeted	Set up job	2026-10-04T20:01:14.9377578Z ##[endgroup]
targeted	Set up job	2026-10-04T20:01:14.9378312Z ##[group]GITHUB_TOKEN Permissions
targeted	Set up job	2026-10-04T20:01:14.9379767Z Contents: read
targeted	Set up job	2026-10-04T20:01:14.9380417Z Metadata: read
targeted	Set up job	2026-10-04T20:01:14.9380754Z Packages: read
targeted	Set up job	2026-10-04T20:01:14.9381077Z ##[endgroup]
targeted	Set up job	2026-10-04T20:01:14.9382419Z Secret source: Actions
targeted	Set up job	2026-10-04T20:01:14.9382990Z Cache mode: write
targeted	Set up job	2026-10-04T20:01:14.9383558Z Prepare workflow directory
targeted	Set up job	2026-10-04T20:01:14.9608371Z Prepare all required actions
targeted	Set up job	2026-10-04T20:01:14.9638209Z Getting action download info
targeted	Set up job	2026-10-04T20:01:15.1936635Z Download action repository 'actions/checkout@v6' (SHA:d23441a48e516b6c34aea4fa41551a30e30af803)
targeted	Set up job	2026-10-04T20:01:15.3827401Z Download action repository 'actions/setup-node@v6' (SHA:249970729cb0ef3589644e2896645e5dc5ba9c38)
targeted	Set up job	2026-10-04T20:01:15.7191695Z Complete job name: targeted
targeted	Run actions/checkout@v6	﻿2026-10-04T20:01:15.7625189Z ##[group]Run actions/checkout@v6
targeted	Run actions/checkout@v6	2026-10-04T20:01:15.7625690Z with:
targeted	Run actions/checkout@v6	2026-10-04T20:01:15.7625983Z   repository: BradleyGleavePortfolio/growth-project-mobile
targeted	Run actions/checkout@v6	2026-10-04T20:01:15.7628368Z   token: ***
targeted	Run actions/checkout@v6	2026-10-04T20:01:15.7628601Z   ssh-strict: true
targeted	Run actions/checkout@v6	2026-10-04T20:01:15.7628839Z   ssh-user: git
targeted	Run actions/checkout@v6	2026-10-04T20:01:15.7629176Z   persist-credentials: true
targeted	Run actions/checkout@v6	2026-10-04T20:01:15.7629435Z   clean: true
targeted	Run actions/checkout@v6	2026-10-04T20:01:15.7629674Z   sparse-checkout-cone-mode: true
targeted	Run actions/checkout@v6	2026-10-04T20:01:15.7629952Z   fetch-depth: 1
targeted	Run actions/checkout@v6	2026-10-04T20:01:15.7630183Z   fetch-tags: false
targeted	Run actions/checkout@v6	2026-10-04T20:01:15.7630425Z   show-progress: true
targeted	Run actions/checkout@v6	2026-10-04T20:01:15.7630664Z   lfs: false
targeted	Run actions/checkout@v6	2026-10-04T20:01:15.7630886Z   submodules: false
targeted	Run actions/checkout@v6	2026-10-04T20:01:15.7631128Z   set-safe-directory: true
targeted	Run actions/checkout@v6	2026-10-04T20:01:15.7631400Z   allow-unsafe-pr-checkout: false
targeted	Run actions/checkout@v6	2026-10-04T20:01:15.7631788Z ##[endgroup]
targeted	Run actions/checkout@v6	2026-10-04T20:01:15.8277000Z Syncing repository: BradleyGleavePortfolio/growth-project-mobile
targeted	Run actions/checkout@v6	2026-10-04T20:01:15.8278105Z ##[group]Getting Git version info
targeted	Run actions/checkout@v6	2026-10-04T20:01:15.8278656Z Working directory is '/home/runner/work/growth-project-mobile/growth-project-mobile'
targeted	Run actions/checkout@v6	2026-10-04T20:01:15.8279594Z [command]/usr/bin/git version
targeted	Run actions/checkout@v6	2026-10-04T20:01:15.8960597Z git version 2.55.0
targeted	Run actions/checkout@v6	2026-10-04T20:01:15.8972837Z ##[endgroup]
targeted	Run actions/checkout@v6	2026-10-04T20:01:15.8980748Z Temporarily overriding HOME='/home/runner/work/_temp/7796afbd-2a7e-4bfc-a0c3-43ed57641627' before making global git config changes
targeted	Run actions/checkout@v6	2026-10-04T20:01:15.8981477Z Adding repository directory to the temporary git global config as a safe directory
targeted	Run actions/checkout@v6	2026-10-04T20:01:15.8983796Z [command]/usr/bin/git config --global --add safe.directory /home/runner/work/growth-project-mobile/growth-project-mobile
targeted	Run actions/checkout@v6	2026-10-04T20:01:15.9226099Z Deleting the contents of '/home/runner/work/growth-project-mobile/growth-project-mobile'
targeted	Run actions/checkout@v6	2026-10-04T20:01:15.9228727Z ##[group]Determining repository object format
targeted	Run actions/checkout@v6	2026-10-04T20:01:15.9230251Z ##[endgroup]
targeted	Run actions/checkout@v6	2026-10-04T20:01:15.9230758Z ##[group]Initializing the repository
targeted	Run actions/checkout@v6	2026-10-04T20:01:15.9232699Z [command]/usr/bin/git init /home/runner/work/growth-project-mobile/growth-project-mobile
targeted	Run actions/checkout@v6	2026-10-04T20:01:15.9536712Z hint: Using 'master' as the name for the initial branch. This default branch name
targeted	Run actions/checkout@v6	2026-10-04T20:01:15.9537727Z hint: will change to "main" in Git 3.0. To configure the initial branch name
targeted	Run actions/checkout@v6	2026-10-04T20:01:15.9538629Z hint: to use in all of your new repositories, which will suppress this warning,
targeted	Run actions/checkout@v6	2026-10-04T20:01:15.9539546Z hint: call:
targeted	Run actions/checkout@v6	2026-10-04T20:01:15.9539951Z hint:
targeted	Run actions/checkout@v6	2026-10-04T20:01:15.9540445Z hint: 	git config --global init.defaultBranch <name>
targeted	Run actions/checkout@v6	2026-10-04T20:01:15.9541039Z hint:
targeted	Run actions/checkout@v6	2026-10-04T20:01:15.9541618Z hint: Names commonly chosen instead of 'master' are 'main', 'trunk' and
targeted	Run actions/checkout@v6	2026-10-04T20:01:15.9542484Z hint: 'development'. The just-created branch can be renamed via this command:
targeted	Run actions/checkout@v6	2026-10-04T20:01:15.9543207Z hint:
targeted	Run actions/checkout@v6	2026-10-04T20:01:15.9543625Z hint: 	git branch -m <name>
targeted	Run actions/checkout@v6	2026-10-04T20:01:15.9544092Z hint:
targeted	Run actions/checkout@v6	2026-10-04T20:01:15.9544674Z hint: Disable this message with "git config set advice.defaultBranchName false"
targeted	Run actions/checkout@v6	2026-10-04T20:01:15.9545791Z Initialized empty Git repository in /home/runner/work/growth-project-mobile/growth-project-mobile/.git/
targeted	Run actions/checkout@v6	2026-10-04T20:01:15.9547646Z [command]/usr/bin/git remote add origin https://github.com/BradleyGleavePortfolio/growth-project-mobile
targeted	Run actions/checkout@v6	2026-10-04T20:01:15.9723860Z ##[endgroup]
targeted	Run actions/checkout@v6	2026-10-04T20:01:15.9724604Z ##[group]Disabling automatic garbage collection
targeted	Run actions/checkout@v6	2026-10-04T20:01:15.9725666Z [command]/usr/bin/git config --local gc.auto 0
targeted	Run actions/checkout@v6	2026-10-04T20:01:15.9825074Z ##[endgroup]
targeted	Run actions/checkout@v6	2026-10-04T20:01:15.9825871Z ##[group]Setting up auth
targeted	Run actions/checkout@v6	2026-10-04T20:01:15.9826149Z Removing SSH command configuration
targeted	Run actions/checkout@v6	2026-10-04T20:01:15.9829486Z [command]/usr/bin/git config --local --name-only --get-regexp core\.sshCommand
targeted	Run actions/checkout@v6	2026-10-04T20:01:15.9850642Z [command]/usr/bin/git submodule foreach --recursive sh -c "git config --local --name-only --get-regexp 'core\.sshCommand' && git config --local --unset-all 'core.sshCommand' || :"
targeted	Run actions/checkout@v6	2026-10-04T20:01:16.0124824Z Removing HTTP extra header
targeted	Run actions/checkout@v6	2026-10-04T20:01:16.0128146Z [command]/usr/bin/git config --local --name-only --get-regexp http\.https\:\/\/github\.com\/\.extraheader
targeted	Run actions/checkout@v6	2026-10-04T20:01:16.0149870Z [command]/usr/bin/git submodule foreach --recursive sh -c "git config --local --name-only --get-regexp 'http\.https\:\/\/github\.com\/\.extraheader' && git config --local --unset-all 'http.https://github.com/.extraheader' || :"
targeted	Run actions/checkout@v6	2026-10-04T20:01:16.0304925Z Removing includeIf entries pointing to credentials config files
targeted	Run actions/checkout@v6	2026-10-04T20:01:16.0308328Z [command]/usr/bin/git config --local --name-only --get-regexp ^includeIf\.gitdir:
targeted	Run actions/checkout@v6	2026-10-04T20:01:16.0329822Z [command]/usr/bin/git submodule foreach --recursive git config --local --show-origin --name-only --get-regexp remote.origin.url
targeted	Run actions/checkout@v6	2026-10-04T20:01:16.0493150Z [command]/usr/bin/git config --file /home/runner/work/_temp/git-credentials-b196e78f-fc33-419c-8c88-94018e239bdb.config http.https://github.com/.extraheader AUTHORIZATION: basic ***
targeted	Run actions/checkout@v6	2026-10-04T20:01:16.0522318Z [command]/usr/bin/git config --local includeIf.gitdir:/home/runner/work/growth-project-mobile/growth-project-mobile/.git.path /home/runner/work/_temp/git-credentials-b196e78f-fc33-419c-8c88-94018e239bdb.config
targeted	Run actions/checkout@v6	2026-10-04T20:01:16.0543639Z [command]/usr/bin/git config --local includeIf.gitdir:/home/runner/work/growth-project-mobile/growth-project-mobile/.git/worktrees/*.path /home/runner/work/_temp/git-credentials-b196e78f-fc33-419c-8c88-94018e239bdb.config
targeted	Run actions/checkout@v6	2026-10-04T20:01:16.0622433Z [command]/usr/bin/git config --local includeIf.gitdir:/github/workspace/.git.path /github/runner_temp/git-credentials-b196e78f-fc33-419c-8c88-94018e239bdb.config
targeted	Run actions/checkout@v6	2026-10-04T20:01:16.0646509Z [command]/usr/bin/git config --local includeIf.gitdir:/github/workspace/.git/worktrees/*.path /github/runner_temp/git-credentials-b196e78f-fc33-419c-8c88-94018e239bdb.config
targeted	Run actions/checkout@v6	2026-10-04T20:01:16.0786123Z ##[endgroup]
targeted	Run actions/checkout@v6	2026-10-04T20:01:16.0786842Z ##[group]Fetching the repository
targeted	Run actions/checkout@v6	2026-10-04T20:01:16.0792433Z [command]/usr/bin/git -c protocol.version=2 fetch --no-tags --prune --no-recurse-submodules --depth=1 origin +4248c5fcc397f56c0479038caa01af8f0b8ce466:refs/remotes/origin/audit/AUD-SOL-S12-119/342-refusal
targeted	Run actions/checkout@v6	2026-10-04T20:01:17.1932341Z From https://github.com/BradleyGleavePortfolio/growth-project-mobile
targeted	Run actions/checkout@v6	2026-10-04T20:01:17.1934577Z  * [new ref]         4248c5fcc397f56c0479038caa01af8f0b8ce466 -> origin/audit/AUD-SOL-S12-119/342-refusal
targeted	Run actions/checkout@v6	2026-10-04T20:01:17.1940110Z [command]/usr/bin/git branch --list --remote origin/audit/AUD-SOL-S12-119/342-refusal
targeted	Run actions/checkout@v6	2026-10-04T20:01:17.1966390Z   origin/audit/AUD-SOL-S12-119/342-refusal
targeted	Run actions/checkout@v6	2026-10-04T20:01:17.1981074Z [command]/usr/bin/git rev-parse refs/remotes/origin/audit/AUD-SOL-S12-119/342-refusal
targeted	Run actions/checkout@v6	2026-10-04T20:01:17.1992927Z 4248c5fcc397f56c0479038caa01af8f0b8ce466
targeted	Run actions/checkout@v6	2026-10-04T20:01:17.1996416Z ##[endgroup]
targeted	Run actions/checkout@v6	2026-10-04T20:01:17.1997374Z ##[group]Determining the checkout info
targeted	Run actions/checkout@v6	2026-10-04T20:01:17.1998425Z ##[endgroup]
targeted	Run actions/checkout@v6	2026-10-04T20:01:17.2000996Z [command]/usr/bin/git sparse-checkout disable
targeted	Run actions/checkout@v6	2026-10-04T20:01:17.2367942Z [command]/usr/bin/git config --local --unset-all extensions.worktreeConfig
targeted	Run actions/checkout@v6	2026-10-04T20:01:17.2391746Z ##[group]Checking out the ref
targeted	Run actions/checkout@v6	2026-10-04T20:01:17.2394732Z [command]/usr/bin/git checkout --progress --force -B audit/AUD-SOL-S12-119/342-refusal refs/remotes/origin/audit/AUD-SOL-S12-119/342-refusal
targeted	Run actions/checkout@v6	2026-10-04T20:01:17.4103124Z Switched to a new branch 'audit/AUD-SOL-S12-119/342-refusal'
targeted	Run actions/checkout@v6	2026-10-04T20:01:17.4106568Z branch 'audit/AUD-SOL-S12-119/342-refusal' set up to track 'origin/audit/AUD-SOL-S12-119/342-refusal'.
targeted	Run actions/checkout@v6	2026-10-04T20:01:17.4115603Z ##[endgroup]
targeted	Run actions/checkout@v6	2026-10-04T20:01:17.4152207Z [command]/usr/bin/git log -1 --format=%H
targeted	Run actions/checkout@v6	2026-10-04T20:01:17.4171217Z 4248c5fcc397f56c0479038caa01af8f0b8ce466
targeted	Run actions/setup-node@v6	﻿2026-10-04T20:01:17.4363681Z ##[group]Run actions/setup-node@v6
targeted	Run actions/setup-node@v6	2026-10-04T20:01:17.4363885Z with:
targeted	Run actions/setup-node@v6	2026-10-04T20:01:17.4364030Z   node-version: 22.13
targeted	Run actions/setup-node@v6	2026-10-04T20:01:17.4364177Z   cache: npm
targeted	Run actions/setup-node@v6	2026-10-04T20:01:17.4364321Z   check-latest: false
targeted	Run actions/setup-node@v6	2026-10-04T20:01:17.4365729Z   token: ***
targeted	Run actions/setup-node@v6	2026-10-04T20:01:17.4365877Z   package-manager-cache: true
targeted	Run actions/setup-node@v6	2026-10-04T20:01:17.4366048Z ##[endgroup]
targeted	Run actions/setup-node@v6	2026-10-04T20:01:17.5379713Z Attempting to download 22.13...
targeted	Run actions/setup-node@v6	2026-10-04T20:01:18.9065550Z Acquiring 22.13.1 - x64 from https://github.com/actions/node-versions/releases/download/22.13.1-12900459766/node-22.13.1-linux-x64.tar.gz
targeted	Run actions/setup-node@v6	2026-10-04T20:01:19.3989831Z Extracting ...
targeted	Run actions/setup-node@v6	2026-10-04T20:01:19.4082990Z [command]/usr/bin/tar xz --strip 1 --warning=no-unknown-keyword --overwrite -C /home/runner/work/_temp/0cf5ad42-3f6d-4efe-b8ed-6e5ee8a8d563 -f /home/runner/work/_temp/30f48e9b-f980-44a6-a9ca-6269b49707af
targeted	Run actions/setup-node@v6	2026-10-04T20:01:20.2892254Z Adding to the cache ...
targeted	Run actions/setup-node@v6	2026-10-04T20:01:22.0675825Z ##[group]Environment details
targeted	Run actions/setup-node@v6	2026-10-04T20:01:22.2143881Z node: v22.13.1
targeted	Run actions/setup-node@v6	2026-10-04T20:01:22.2144469Z npm: 10.9.2
targeted	Run actions/setup-node@v6	2026-10-04T20:01:22.2144643Z yarn: 1.22.22
targeted	Run actions/setup-node@v6	2026-10-04T20:01:22.2145101Z ##[endgroup]
targeted	Run actions/setup-node@v6	2026-10-04T20:01:22.2158453Z [command]/opt/hostedtoolcache/node/22.13.1/x64/bin/npm config get cache
targeted	Run actions/setup-node@v6	2026-10-04T20:01:22.2756289Z /home/runner/.npm
targeted	Run actions/setup-node@v6	2026-10-04T20:01:22.4228778Z Cache hit for: node-cache-Linux-x64-npm-d337c1813e25f31cc43e8d80f8de0d0cb6af6de1f93566771485fa27a2bebc06
targeted	Run actions/setup-node@v6	2026-10-04T20:01:23.5880026Z Received 125829120 of 241027159 (52.2%), 119.9 MBs/sec
targeted	Run actions/setup-node@v6	2026-10-04T20:01:24.0631722Z Received 241027159 of 241027159 (100.0%), 155.7 MBs/sec
targeted	Run actions/setup-node@v6	2026-10-04T20:01:24.0632375Z Cache Size: ~230 MB (241027159 B)
targeted	Run actions/setup-node@v6	2026-10-04T20:01:24.0687694Z [command]/usr/bin/tar -xf /home/runner/work/_temp/d9e70d10-7ec2-4ad4-9785-3b17f1cca608/cache.tzst -P -C /home/runner/work/growth-project-mobile/growth-project-mobile --use-compress-program unzstd
targeted	Run actions/setup-node@v6	2026-10-04T20:01:25.1614815Z Cache restored successfully
targeted	Run actions/setup-node@v6	2026-10-04T20:01:25.1716409Z Cache restored from key: node-cache-Linux-x64-npm-d337c1813e25f31cc43e8d80f8de0d0cb6af6de1f93566771485fa27a2bebc06
targeted	Run npm ci	﻿2026-10-04T20:01:25.1892527Z ##[group]Run npm ci
targeted	Run npm ci	2026-10-04T20:01:25.1892741Z ^[[36;1mnpm ci^[[0m
targeted	Run npm ci	2026-10-04T20:01:25.2720855Z shell: /usr/bin/bash -e {0}
targeted	Run npm ci	2026-10-04T20:01:25.2721046Z ##[endgroup]
targeted	Run npm ci	2026-10-04T20:01:28.2253324Z npm warn deprecated inflight@1.0.6: This module is not supported, and leaks memory. Do not use it. Check out lru-cache if you want a good and tested way to coalesce async requests by a key value, which is much more comprehensive and powerful.
targeted	Run npm ci	2026-10-04T20:01:28.3348214Z npm warn deprecated @humanwhocodes/config-array@0.13.0: Use @eslint/config-array instead
targeted	Run npm ci	2026-10-04T20:01:28.3411960Z npm warn deprecated whatwg-encoding@2.0.0: Use @exodus/bytes instead for a more spec-conformant and faster implementation
targeted	Run npm ci	2026-10-04T20:01:28.3434798Z npm warn deprecated rimraf@3.0.2: Rimraf versions prior to v4 are no longer supported
targeted	Run npm ci	2026-10-04T20:01:28.3541677Z npm warn deprecated abab@2.0.6: Use your platform's native atob() and btoa() methods instead
targeted	Run npm ci	2026-10-04T20:01:28.4184810Z npm warn deprecated @humanwhocodes/object-schema@2.0.3: Use @eslint/object-schema instead
targeted	Run npm ci	2026-10-04T20:01:28.4201244Z npm warn deprecated glob@7.2.3: Old versions of glob are not supported, and contain widely publicized security vulnerabilities, which have been fixed in the current version. Please update. Support for old versions may be purchased (at exorbitant rates) by contacting i@izs.me
targeted	Run npm ci	2026-10-04T20:01:28.4202858Z npm warn deprecated glob@7.2.3: Old versions of glob are not supported, and contain widely publicized security vulnerabilities, which have been fixed in the current version. Please update. Support for old versions may be purchased (at exorbitant rates) by contacting i@izs.me
targeted	Run npm ci	2026-10-04T20:01:28.4214711Z npm warn deprecated glob@7.2.3: Old versions of glob are not supported, and contain widely publicized security vulnerabilities, which have been fixed in the current version. Please update. Support for old versions may be purchased (at exorbitant rates) by contacting i@izs.me
targeted	Run npm ci	2026-10-04T20:01:28.4220672Z npm warn deprecated glob@7.2.3: Old versions of glob are not supported, and contain widely publicized security vulnerabilities, which have been fixed in the current version. Please update. Support for old versions may be purchased (at exorbitant rates) by contacting i@izs.me
targeted	Run npm ci	2026-10-04T20:01:28.4231142Z npm warn deprecated glob@7.2.3: Old versions of glob are not supported, and contain widely publicized security vulnerabilities, which have been fixed in the current version. Please update. Support for old versions may be purchased (at exorbitant rates) by contacting i@izs.me
targeted	Run npm ci	2026-10-04T20:01:28.4414474Z npm warn deprecated glob@7.1.6: Old versions of glob are not supported, and contain widely publicized security vulnerabilities, which have been fixed in the current version. Please update. Support for old versions may be purchased (at exorbitant rates) by contacting i@izs.me
targeted	Run npm ci	2026-10-04T20:01:28.4657363Z npm warn deprecated domexception@4.0.0: Use your platform's native DOMException instead
targeted	Run npm ci	2026-10-04T20:01:28.7065903Z npm warn deprecated @xmldom/xmldom@0.7.13: this version has critical issues, please update to the latest version
targeted	Run npm ci	2026-10-04T20:01:29.2656569Z npm warn deprecated uuid@7.0.3: uuid@10 and below is no longer supported.  For ESM codebases, update to uuid@latest.  For CommonJS codebases, use uuid@11 (but be aware this version will likely be deprecated in 2028).
targeted	Run npm ci	2026-10-04T20:01:31.5153783Z npm warn deprecated eslint@8.57.1: This version is no longer supported. Please see https://eslint.org/version-support for other options.
targeted	Run npm ci	2026-10-04T20:02:03.7763591Z 
targeted	Run npm ci	2026-10-04T20:02:03.7764342Z added 1108 packages, and audited 1109 packages in 38s
targeted	Run npm ci	2026-10-04T20:02:03.7764544Z 
targeted	Run npm ci	2026-10-04T20:02:03.7766639Z 187 packages are looking for funding
targeted	Run npm ci	2026-10-04T20:02:03.7766838Z   run `npm fund` for details
targeted	Run npm ci	2026-10-04T20:02:04.0044885Z 
targeted	Run npm ci	2026-10-04T20:02:04.0045679Z 88 vulnerabilities (1 low, 16 moderate, 71 high)
targeted	Run npm ci	2026-10-04T20:02:04.0045923Z 
targeted	Run npm ci	2026-10-04T20:02:04.0046100Z To address issues that do not require attention, run:
targeted	Run npm ci	2026-10-04T20:02:04.0046385Z   npm audit fix
targeted	Run npm ci	2026-10-04T20:02:04.0047099Z 
targeted	Run npm ci	2026-10-04T20:02:04.0047304Z To address all issues (including breaking changes), run:
targeted	Run npm ci	2026-10-04T20:02:04.0047516Z   npm audit fix --force
targeted	Run npm ci	2026-10-04T20:02:04.0047598Z 
targeted	Run npm ci	2026-10-04T20:02:04.0047668Z Run `npm audit` for details.
targeted	Targeted jest	﻿2026-10-04T20:02:04.1589586Z ##[group]Run set -euo pipefail
targeted	Targeted jest	2026-10-04T20:02:04.1589954Z ^[[36;1mset -euo pipefail^[[0m
targeted	Targeted jest	2026-10-04T20:02:04.1590170Z ^[[36;1mtest -s .ci-lane-specs || { echo "missing .ci-lane-specs"; exit 2; }^[[0m
targeted	Targeted jest	2026-10-04T20:02:04.1590423Z ^[[36;1mmapfile -t SPECS < <(grep -vE '^\s*(#|$)' .ci-lane-specs)^[[0m
targeted	Targeted jest	2026-10-04T20:02:04.1590613Z ^[[36;1mecho "specs: ${SPECS[*]}"^[[0m
targeted	Targeted jest	2026-10-04T20:02:04.1590756Z ^[[36;1mnpx jest --ci "${SPECS[@]}"^[[0m
targeted	Targeted jest	2026-10-04T20:02:04.1645064Z shell: /usr/bin/bash --noprofile --norc -e -o pipefail {0}
targeted	Targeted jest	2026-10-04T20:02:04.1645262Z ##[endgroup]
targeted	Targeted jest	2026-10-04T20:02:04.1726397Z specs: src/lib/__tests__/audSolS12119.replayRefusal.test.ts src/lib/__tests__/packagePayment.sheet2.test.ts src/lib/__tests__/packagePayment.replyCodes.test.ts src/config/__tests__/wallets.test.ts
targeted	Targeted jest	2026-10-04T20:02:07.4838597Z PASS src/lib/__tests__/packagePayment.sheet2.test.ts
targeted	Targeted jest	2026-10-04T20:02:07.4879294Z PASS src/lib/__tests__/packagePayment.replyCodes.test.ts
targeted	Targeted jest	2026-10-04T20:02:07.4972195Z PASS src/config/__tests__/wallets.test.ts
targeted	Targeted jest	2026-10-04T20:02:07.5553595Z FAIL src/lib/__tests__/audSolS12119.replayRefusal.test.ts
targeted	Targeted jest	2026-10-04T20:02:07.5554717Z   ● AUD-SOL-S12-119 refusal after an unresolved payment › an archived package refusal says nothing about the earlier same-key charge
targeted	Targeted jest	2026-10-04T20:02:07.5555062Z 
targeted	Targeted jest	2026-10-04T20:02:07.5555157Z     expect(received).not.toMatch(expected)
targeted	Targeted jest	2026-10-04T20:02:07.5555271Z 
targeted	Targeted jest	2026-10-04T20:02:07.5555416Z     Expected pattern: not /nothing was charged|not charged|did not go through/i
targeted	Targeted jest	2026-10-04T20:02:07.5556330Z     Received string:      "This plan is no longer offered, so nothing was charged. Pull down to see your coach’s current plans, or message your coach."
targeted	Targeted jest	2026-10-04T20:02:07.5556607Z 
targeted	Targeted jest	2026-10-04T20:02:07.5556715Z     ^[[0m ^[[90m 16 |^[[39m     )^[[33m;^[[39m
targeted	Targeted jest	2026-10-04T20:02:07.5557066Z      ^[[90m 17 |^[[39m     expect(n^[[33m.^[[39mmessage)^[[33m.^[[39mtoMatch(^[[35m/no longer offered/i^[[39m)^[[33m;^[[39m
targeted	Targeted jest	2026-10-04T20:02:07.5557515Z     ^[[31m^[[1m>^[[22m^[[39m^[[90m 18 |^[[39m     expect(n^[[33m.^[[39mmessage)^[[33m.^[[39mnot^[[33m.^[[39mtoMatch(unpaidClaim)^[[33m;^[[39m
targeted	Targeted jest	2026-10-04T20:02:07.5557899Z      ^[[90m    |^[[39m                           ^[[31m^[[1m^^[[22m^[[39m
targeted	Targeted jest	2026-10-04T20:02:07.5558106Z      ^[[90m 19 |^[[39m   })^[[33m;^[[39m
targeted	Targeted jest	2026-10-04T20:02:07.5558265Z      ^[[90m 20 |^[[39m
targeted	Targeted jest	2026-10-04T20:02:07.5558641Z      ^[[90m 21 |^[[39m   it(^[[32m'share-link package availability also cannot prove an earlier attempt unpaid'^[[39m^[[33m,^[[39m () ^[[33m=>^[[39m {^[[0m
targeted	Targeted jest	2026-10-04T20:02:07.5558892Z 
targeted	Targeted jest	2026-10-04T20:02:07.5559180Z       at Object.toMatch (src/lib/__tests__/audSolS12119.replayRefusal.test.ts:18:27)
targeted	Targeted jest	2026-10-04T20:02:07.5559414Z 
targeted	Targeted jest	2026-10-04T20:02:07.5559778Z   ● AUD-SOL-S12-119 refusal after an unresolved payment › share-link package availability also cannot prove an earlier attempt unpaid
targeted	Targeted jest	2026-10-04T20:02:07.5560034Z 
targeted	Targeted jest	2026-10-04T20:02:07.5560114Z     expect(received).not.toMatch(expected)
targeted	Targeted jest	2026-10-04T20:02:07.5560220Z 
targeted	Targeted jest	2026-10-04T20:02:07.5560353Z     Expected pattern: not /nothing was charged|not charged|did not go through/i
targeted	Targeted jest	2026-10-04T20:02:07.5560912Z     Received string:      "This plan cannot be bought from this account. It is either no longer offered or it belongs to a coach you are not connected with. Nothing was charged. Message the coach who shared the link."
targeted	Targeted jest	2026-10-04T20:02:07.5561282Z 
targeted	Targeted jest	2026-10-04T20:02:07.5561581Z     ^[[0m ^[[90m 24 |^[[39m       ^[[32m'payment_intent'^[[39m^[[33m,^[[39m ^[[32m'def01234'^[[39m^[[33m,^[[39m { surface^[[33m:^[[39m ^[[32m'share_link'^[[39m }^[[33m,^[[39m
targeted	Targeted jest	2026-10-04T20:02:07.5561908Z      ^[[90m 25 |^[[39m     )^[[33m;^[[39m
targeted	Targeted jest	2026-10-04T20:02:07.5562246Z     ^[[31m^[[1m>^[[22m^[[39m^[[90m 26 |^[[39m     expect(n^[[33m.^[[39mmessage)^[[33m.^[[39mnot^[[33m.^[[39mtoMatch(unpaidClaim)^[[33m;^[[39m
targeted	Targeted jest	2026-10-04T20:02:07.5562573Z      ^[[90m    |^[[39m                           ^[[31m^[[1m^^[[22m^[[39m
targeted	Targeted jest	2026-10-04T20:02:07.5562779Z      ^[[90m 27 |^[[39m   })^[[33m;^[[39m
targeted	Targeted jest	2026-10-04T20:02:07.5562931Z      ^[[90m 28 |^[[39m
targeted	Targeted jest	2026-10-04T20:02:07.5563286Z      ^[[90m 29 |^[[39m   it(^[[32m'control: unknown transport keeps the repaired uncertainty and reference'^[[39m^[[33m,^[[39m () ^[[33m=>^[[39m {^[[0m
targeted	Targeted jest	2026-10-04T20:02:07.5564173Z 
targeted	Targeted jest	2026-10-04T20:02:07.5564415Z       at Object.toMatch (src/lib/__tests__/audSolS12119.replayRefusal.test.ts:26:27)
targeted	Targeted jest	2026-10-04T20:02:07.5564649Z 
targeted	Targeted jest	2026-10-04T20:02:07.5812924Z Test Suites: 1 failed, 3 passed, 4 total
targeted	Targeted jest	2026-10-04T20:02:07.5813359Z Tests:       2 failed, 47 passed, 49 total
targeted	Targeted jest	2026-10-04T20:02:07.5813672Z Snapshots:   0 total
targeted	Targeted jest	2026-10-04T20:02:07.5813869Z Time:        2.732 s
targeted	Targeted jest	2026-10-04T20:02:07.5814787Z Ran all test suites matching /src\/lib\/__tests__\/audSolS12119.replayRefusal.test.ts|src\/lib\/__tests__\/packagePayment.sheet2.test.ts|src\/lib\/__tests__\/packagePayment.replyCodes.test.ts|src\/config\/__tests__\/wallets.test.ts/i.
targeted	Targeted jest	2026-10-04T20:02:07.5971776Z ##[error]Process completed with exit code 1.
targeted	Post Run actions/checkout@v6	﻿2026-10-04T20:02:07.6057548Z Post job cleanup.
targeted	Post Run actions/checkout@v6	2026-10-04T20:02:07.6556005Z [command]/usr/bin/git version
targeted	Post Run actions/checkout@v6	2026-10-04T20:02:07.6581575Z git version 2.55.0
targeted	Post Run actions/checkout@v6	2026-10-04T20:02:07.6602993Z Temporarily overriding HOME='/home/runner/work/_temp/235e557d-e0d9-4064-92b0-a1f08ef9919e' before making global git config changes
targeted	Post Run actions/checkout@v6	2026-10-04T20:02:07.6603527Z Adding repository directory to the temporary git global config as a safe directory
targeted	Post Run actions/checkout@v6	2026-10-04T20:02:07.6606228Z [command]/usr/bin/git config --global --add safe.directory /home/runner/work/growth-project-mobile/growth-project-mobile
targeted	Post Run actions/checkout@v6	2026-10-04T20:02:07.6627976Z Removing SSH command configuration
targeted	Post Run actions/checkout@v6	2026-10-04T20:02:07.6631464Z [command]/usr/bin/git config --local --name-only --get-regexp core\.sshCommand
targeted	Post Run actions/checkout@v6	2026-10-04T20:02:07.6680430Z [command]/usr/bin/git submodule foreach --recursive sh -c "git config --local --name-only --get-regexp 'core\.sshCommand' && git config --local --unset-all 'core.sshCommand' || :"
targeted	Post Run actions/checkout@v6	2026-10-04T20:02:07.6841576Z Removing HTTP extra header
targeted	Post Run actions/checkout@v6	2026-10-04T20:02:07.6844391Z [command]/usr/bin/git config --local --name-only --get-regexp http\.https\:\/\/github\.com\/\.extraheader
targeted	Post Run actions/checkout@v6	2026-10-04T20:02:07.6866417Z [command]/usr/bin/git submodule foreach --recursive sh -c "git config --local --name-only --get-regexp 'http\.https\:\/\/github\.com\/\.extraheader' && git config --local --unset-all 'http.https://github.com/.extraheader' || :"
targeted	Post Run actions/checkout@v6	2026-10-04T20:02:07.7021816Z Removing includeIf entries pointing to credentials config files
targeted	Post Run actions/checkout@v6	2026-10-04T20:02:07.7024960Z [command]/usr/bin/git config --local --name-only --get-regexp ^includeIf\.gitdir:
targeted	Post Run actions/checkout@v6	2026-10-04T20:02:07.7043874Z includeif.gitdir:/home/runner/work/growth-project-mobile/growth-project-mobile/.git.path
targeted	Post Run actions/checkout@v6	2026-10-04T20:02:07.7044427Z includeif.gitdir:/home/runner/work/growth-project-mobile/growth-project-mobile/.git/worktrees/*.path
targeted	Post Run actions/checkout@v6	2026-10-04T20:02:07.7044736Z includeif.gitdir:/github/workspace/.git.path
targeted	Post Run actions/checkout@v6	2026-10-04T20:02:07.7044962Z includeif.gitdir:/github/workspace/.git/worktrees/*.path
targeted	Post Run actions/checkout@v6	2026-10-04T20:02:07.7050151Z [command]/usr/bin/git config --local --get-all includeif.gitdir:/home/runner/work/growth-project-mobile/growth-project-mobile/.git.path
targeted	Post Run actions/checkout@v6	2026-10-04T20:02:07.7065939Z /home/runner/work/_temp/git-credentials-b196e78f-fc33-419c-8c88-94018e239bdb.config
targeted	Post Run actions/checkout@v6	2026-10-04T20:02:07.7073026Z [command]/usr/bin/git config --local --unset includeif.gitdir:/home/runner/work/growth-project-mobile/growth-project-mobile/.git.path /home/runner/work/_temp/git-credentials-b196e78f-fc33-419c-8c88-94018e239bdb.config
targeted	Post Run actions/checkout@v6	2026-10-04T20:02:07.7097442Z [command]/usr/bin/git config --local --get-all includeif.gitdir:/home/runner/work/growth-project-mobile/growth-project-mobile/.git/worktrees/*.path
targeted	Post Run actions/checkout@v6	2026-10-04T20:02:07.7113301Z /home/runner/work/_temp/git-credentials-b196e78f-fc33-419c-8c88-94018e239bdb.config
targeted	Post Run actions/checkout@v6	2026-10-04T20:02:07.7119585Z [command]/usr/bin/git config --local --unset includeif.gitdir:/home/runner/work/growth-project-mobile/growth-project-mobile/.git/worktrees/*.path /home/runner/work/_temp/git-credentials-b196e78f-fc33-419c-8c88-94018e239bdb.config
targeted	Post Run actions/checkout@v6	2026-10-04T20:02:07.7143605Z [command]/usr/bin/git config --local --get-all includeif.gitdir:/github/workspace/.git.path
targeted	Post Run actions/checkout@v6	2026-10-04T20:02:07.7158894Z /github/runner_temp/git-credentials-b196e78f-fc33-419c-8c88-94018e239bdb.config
targeted	Post Run actions/checkout@v6	2026-10-04T20:02:07.7164036Z [command]/usr/bin/git config --local --unset includeif.gitdir:/github/workspace/.git.path /github/runner_temp/git-credentials-b196e78f-fc33-419c-8c88-94018e239bdb.config
targeted	Post Run actions/checkout@v6	2026-10-04T20:02:07.7187367Z [command]/usr/bin/git config --local --get-all includeif.gitdir:/github/workspace/.git/worktrees/*.path
targeted	Post Run actions/checkout@v6	2026-10-04T20:02:07.7202599Z /github/runner_temp/git-credentials-b196e78f-fc33-419c-8c88-94018e239bdb.config
targeted	Post Run actions/checkout@v6	2026-10-04T20:02:07.7209753Z [command]/usr/bin/git config --local --unset includeif.gitdir:/github/workspace/.git/worktrees/*.path /github/runner_temp/git-credentials-b196e78f-fc33-419c-8c88-94018e239bdb.config
targeted	Post Run actions/checkout@v6	2026-10-04T20:02:07.7237906Z [command]/usr/bin/git submodule foreach --recursive git config --local --show-origin --name-only --get-regexp remote.origin.url
targeted	Post Run actions/checkout@v6	2026-10-04T20:02:07.7392040Z Removing credentials config '/home/runner/work/_temp/git-credentials-b196e78f-fc33-419c-8c88-94018e239bdb.config'
targeted	Complete job	﻿2026-10-04T20:02:07.7504012Z Cleaning up orphan processes
