2026-10-05T17:32:42.0558051Z Current runner version: '2.337.0'
2026-10-05T17:32:42.0582832Z ##[group]Runner Image Provisioner
2026-10-05T17:32:42.0583669Z Hosted Compute Agent
2026-10-05T17:32:42.0584227Z Version: 20260901.588
2026-10-05T17:32:42.0584991Z Commit: f88ec8081b781fac6c440065ac7ff9e710ce3d0b
2026-10-05T17:32:42.0585971Z Build Date: 2026-09-01T19:56:44Z
2026-10-05T17:32:42.0586730Z Worker ID: {1ada6513-8d66-49b0-b318-c8cb58c46486}
2026-10-05T17:32:42.0587455Z Azure Region: westus3
2026-10-05T17:32:42.0588014Z ##[endgroup]
2026-10-05T17:32:42.0589761Z ##[group]Operating System
2026-10-05T17:32:42.0590433Z Ubuntu
2026-10-05T17:32:42.0591011Z 24.04.5
2026-10-05T17:32:42.0591532Z LTS
2026-10-05T17:32:42.0592041Z ##[endgroup]
2026-10-05T17:32:42.0593094Z ##[group]Runner Image
2026-10-05T17:32:42.0593729Z Image: ubuntu-24.04
2026-10-05T17:32:42.0594332Z Version: 20260927.320.1
2026-10-05T17:32:42.0595991Z Included Software: https://github.com/actions/runner-images/blob/ubuntu24/20260927.320/images/ubuntu/Ubuntu2404-Readme.md
2026-10-05T17:32:42.0597658Z Image Release: https://github.com/actions/runner-images/releases/tag/ubuntu24%2F20260927.320
2026-10-05T17:32:42.0598659Z ##[endgroup]
2026-10-05T17:32:42.0599867Z ##[group]GITHUB_TOKEN Permissions
2026-10-05T17:32:42.0601793Z Contents: read
2026-10-05T17:32:42.0602454Z Metadata: read
2026-10-05T17:32:42.0603063Z Packages: read
2026-10-05T17:32:42.0603609Z ##[endgroup]
2026-10-05T17:32:42.0606000Z Secret source: Actions
2026-10-05T17:32:42.0606966Z Cache mode: write
2026-10-05T17:32:42.0607754Z Prepare workflow directory
2026-10-05T17:32:42.1061315Z Prepare all required actions
2026-10-05T17:32:42.1109143Z Getting action download info
2026-10-05T17:32:42.4370663Z Download action repository 'actions/checkout@v6' (SHA:d23441a48e516b6c34aea4fa41551a30e30af803)
2026-10-05T17:32:42.5374682Z Download action repository 'actions/setup-node@v6' (SHA:249970729cb0ef3589644e2896645e5dc5ba9c38)
2026-10-05T17:32:42.7384864Z Complete job name: targeted
2026-10-05T17:32:42.7917902Z ##[group]Checking docker version
2026-10-05T17:32:42.7931525Z ##[command]/usr/bin/docker version --format '{{.Server.APIVersion}}'
2026-10-05T17:32:42.9002925Z '1.48'
2026-10-05T17:32:42.9020329Z Docker daemon API version: '1.48'
2026-10-05T17:32:42.9021175Z ##[command]/usr/bin/docker version --format '{{.Client.APIVersion}}'
2026-10-05T17:32:42.9184461Z '1.48'
2026-10-05T17:32:42.9197833Z Docker client API version: '1.48'
2026-10-05T17:32:42.9203351Z ##[endgroup]
2026-10-05T17:32:42.9207176Z ##[group]Clean up resources from previous jobs
2026-10-05T17:32:42.9212974Z ##[command]/usr/bin/docker ps --all --quiet --no-trunc --filter "label=8f9d9e"
2026-10-05T17:32:42.9356953Z ##[command]/usr/bin/docker network prune --force --filter "label=8f9d9e"
2026-10-05T17:32:42.9489432Z ##[endgroup]
2026-10-05T17:32:42.9489980Z ##[group]Create local container network
2026-10-05T17:32:42.9500434Z ##[command]/usr/bin/docker network create --label 8f9d9e github_network_c01b486c393d4f95bb1f34a19a636deb
2026-10-05T17:32:43.0004572Z 081a30ff6b12f33bb2845aea5f8dad430760cbe6ea57558d8e62a233f98305cb
2026-10-05T17:32:43.0025133Z ##[endgroup]
2026-10-05T17:32:43.0049358Z ##[group]Starting redis service container
2026-10-05T17:32:43.0071541Z ##[command]/usr/bin/docker pull redis:7-alpine
2026-10-05T17:32:43.7834155Z 7-alpine: Pulling from library/redis
2026-10-05T17:32:44.0109926Z 16333ee0c00f: Pulling fs layer
2026-10-05T17:32:44.0112065Z 83234986c742: Pulling fs layer
2026-10-05T17:32:44.0113693Z 7eb50503c2b0: Pulling fs layer
2026-10-05T17:32:44.0115109Z 1522f9c6f453: Pulling fs layer
2026-10-05T17:32:44.0117013Z 9928009b15c8: Pulling fs layer
2026-10-05T17:32:44.0118247Z 4f4fb700ef54: Pulling fs layer
2026-10-05T17:32:44.0119063Z 4eb14bae0e1d: Pulling fs layer
2026-10-05T17:32:44.0119799Z 9928009b15c8: Waiting
2026-10-05T17:32:44.0120471Z 1522f9c6f453: Waiting
2026-10-05T17:32:44.0121137Z 4eb14bae0e1d: Waiting
2026-10-05T17:32:44.0121843Z 4f4fb700ef54: Waiting
2026-10-05T17:32:44.1787105Z 83234986c742: Verifying Checksum
2026-10-05T17:32:44.1789544Z 83234986c742: Download complete
2026-10-05T17:32:44.1811270Z 7eb50503c2b0: Verifying Checksum
2026-10-05T17:32:44.1813303Z 7eb50503c2b0: Download complete
2026-10-05T17:32:44.1963007Z 16333ee0c00f: Download complete
2026-10-05T17:32:44.3107443Z 16333ee0c00f: Pull complete
2026-10-05T17:32:44.3365280Z 83234986c742: Pull complete
2026-10-05T17:32:44.3483242Z 9928009b15c8: Download complete
2026-10-05T17:32:44.3777705Z 4f4fb700ef54: Verifying Checksum
2026-10-05T17:32:44.3778725Z 4f4fb700ef54: Download complete
2026-10-05T17:32:44.3869072Z 1522f9c6f453: Verifying Checksum
2026-10-05T17:32:44.3869676Z 1522f9c6f453: Download complete
2026-10-05T17:32:44.4921392Z 7eb50503c2b0: Pull complete
2026-10-05T17:32:44.5158929Z 4eb14bae0e1d: Verifying Checksum
2026-10-05T17:32:44.5160038Z 4eb14bae0e1d: Download complete
2026-10-05T17:32:44.6884689Z 1522f9c6f453: Pull complete
2026-10-05T17:32:44.7013768Z 9928009b15c8: Pull complete
2026-10-05T17:32:44.7090750Z 4f4fb700ef54: Pull complete
2026-10-05T17:32:44.7213057Z 4eb14bae0e1d: Pull complete
2026-10-05T17:32:44.7252394Z Digest: sha256:858f009f9709ce576febc734aa78b8f6d624b82571f9ddb6bda4377c833b3499
2026-10-05T17:32:44.7263925Z Status: Downloaded newer image for redis:7-alpine
2026-10-05T17:32:44.7273489Z docker.io/library/redis:7-alpine
2026-10-05T17:32:44.7307113Z ##[command]/usr/bin/docker create --name 6e17efb909a449fbbe83f8148483876b_redis7alpine_f173c2 --label 8f9d9e --network github_network_c01b486c393d4f95bb1f34a19a636deb --network-alias redis -p 6379:6379 --health-cmd "redis-cli ping" --health-interval 5s --health-timeout 3s --health-retries 10 -e GITHUB_ACTIONS=true -e CI=true redis:7-alpine
2026-10-05T17:32:44.7568764Z 41610c5afc5d3fcf339e1f65c903b0e699b62e6c26142a9c4e3ea4cb6831c3c7
2026-10-05T17:32:44.7593861Z ##[command]/usr/bin/docker start 41610c5afc5d3fcf339e1f65c903b0e699b62e6c26142a9c4e3ea4cb6831c3c7
2026-10-05T17:32:44.9811480Z 41610c5afc5d3fcf339e1f65c903b0e699b62e6c26142a9c4e3ea4cb6831c3c7
2026-10-05T17:32:44.9831786Z ##[command]/usr/bin/docker ps --all --filter id=41610c5afc5d3fcf339e1f65c903b0e699b62e6c26142a9c4e3ea4cb6831c3c7 --filter status=running --no-trunc --format "{{.ID}} {{.Status}}"
2026-10-05T17:32:44.9953462Z 41610c5afc5d3fcf339e1f65c903b0e699b62e6c26142a9c4e3ea4cb6831c3c7 Up Less than a second (health: starting)
2026-10-05T17:32:44.9973746Z ##[command]/usr/bin/docker port 41610c5afc5d3fcf339e1f65c903b0e699b62e6c26142a9c4e3ea4cb6831c3c7
2026-10-05T17:32:45.0090003Z 6379/tcp -> 0.0.0.0:6379
2026-10-05T17:32:45.0090599Z 6379/tcp -> [::]:6379
2026-10-05T17:32:45.0134551Z ##[endgroup]
2026-10-05T17:32:45.0143628Z ##[group]Waiting for all services to be ready
2026-10-05T17:32:45.0157264Z ##[command]/usr/bin/docker inspect --format="{{if .Config.Healthcheck}}{{print .State.Health.Status}}{{end}}" 41610c5afc5d3fcf339e1f65c903b0e699b62e6c26142a9c4e3ea4cb6831c3c7
2026-10-05T17:32:45.0273950Z starting
2026-10-05T17:32:45.0295432Z redis service is starting, waiting 2 seconds before checking again.
2026-10-05T17:32:47.0306876Z ##[command]/usr/bin/docker inspect --format="{{if .Config.Healthcheck}}{{print .State.Health.Status}}{{end}}" 41610c5afc5d3fcf339e1f65c903b0e699b62e6c26142a9c4e3ea4cb6831c3c7
2026-10-05T17:32:47.0424450Z starting
2026-10-05T17:32:47.0437940Z redis service is starting, waiting 4 seconds before checking again.
2026-10-05T17:32:51.2790408Z ##[command]/usr/bin/docker inspect --format="{{if .Config.Healthcheck}}{{print .State.Health.Status}}{{end}}" 41610c5afc5d3fcf339e1f65c903b0e699b62e6c26142a9c4e3ea4cb6831c3c7
2026-10-05T17:32:51.2911842Z healthy
2026-10-05T17:32:51.2928127Z redis service is healthy.
2026-10-05T17:32:51.2928775Z ##[endgroup]
2026-10-05T17:32:51.3212606Z ##[group]Run actions/checkout@v6
2026-10-05T17:32:51.3213190Z with:
2026-10-05T17:32:51.3213499Z   repository: BradleyGleavePortfolio/growth-project-backend
2026-10-05T17:32:51.3216420Z   token: ***
2026-10-05T17:32:51.3216655Z   ssh-strict: true
2026-10-05T17:32:51.3216885Z   ssh-user: git
2026-10-05T17:32:51.3217098Z   persist-credentials: true
2026-10-05T17:32:51.3217331Z   clean: true
2026-10-05T17:32:51.3217773Z   sparse-checkout-cone-mode: true
2026-10-05T17:32:51.3218027Z   fetch-depth: 1
2026-10-05T17:32:51.3218220Z   fetch-tags: false
2026-10-05T17:32:51.3218431Z   show-progress: true
2026-10-05T17:32:51.3218634Z   lfs: false
2026-10-05T17:32:51.3218823Z   submodules: false
2026-10-05T17:32:51.3219025Z   set-safe-directory: true
2026-10-05T17:32:51.3219261Z   allow-unsafe-pr-checkout: false
2026-10-05T17:32:51.3219779Z ##[endgroup]
2026-10-05T17:32:51.4302384Z Syncing repository: BradleyGleavePortfolio/growth-project-backend
2026-10-05T17:32:51.4303942Z ##[group]Getting Git version info
2026-10-05T17:32:51.4304465Z Working directory is '/home/runner/work/growth-project-backend/growth-project-backend'
2026-10-05T17:32:51.4305222Z [command]/usr/bin/git version
2026-10-05T17:32:51.4333172Z git version 2.55.0
2026-10-05T17:32:51.4358479Z ##[endgroup]
2026-10-05T17:32:51.4374968Z Temporarily overriding HOME='/home/runner/work/_temp/4075d976-6ee8-481f-b23d-b83e6912a9d0' before making global git config changes
2026-10-05T17:32:51.4376765Z Adding repository directory to the temporary git global config as a safe directory
2026-10-05T17:32:51.4381867Z [command]/usr/bin/git config --global --add safe.directory /home/runner/work/growth-project-backend/growth-project-backend
2026-10-05T17:32:51.4433085Z Deleting the contents of '/home/runner/work/growth-project-backend/growth-project-backend'
2026-10-05T17:32:51.4437264Z ##[group]Determining repository object format
2026-10-05T17:32:51.4439869Z ##[endgroup]
2026-10-05T17:32:51.4440357Z ##[group]Initializing the repository
2026-10-05T17:32:51.4444508Z [command]/usr/bin/git init /home/runner/work/growth-project-backend/growth-project-backend
2026-10-05T17:32:51.4571776Z hint: Using 'master' as the name for the initial branch. This default branch name
2026-10-05T17:32:51.4572520Z hint: will change to "main" in Git 3.0. To configure the initial branch name
2026-10-05T17:32:51.4573053Z hint: to use in all of your new repositories, which will suppress this warning,
2026-10-05T17:32:51.4573475Z hint: call:
2026-10-05T17:32:51.4573665Z hint:
2026-10-05T17:32:51.4574399Z hint: 	git config --global init.defaultBranch <name>
2026-10-05T17:32:51.4575021Z hint:
2026-10-05T17:32:51.4575444Z hint: Names commonly chosen instead of 'master' are 'main', 'trunk' and
2026-10-05T17:32:51.4576242Z hint: 'development'. The just-created branch can be renamed via this command:
2026-10-05T17:32:51.4576884Z hint:
2026-10-05T17:32:51.4577264Z hint: 	git branch -m <name>
2026-10-05T17:32:51.4577693Z hint:
2026-10-05T17:32:51.4578295Z hint: Disable this message with "git config set advice.defaultBranchName false"
2026-10-05T17:32:51.4579541Z Initialized empty Git repository in /home/runner/work/growth-project-backend/growth-project-backend/.git/
2026-10-05T17:32:51.4588376Z [command]/usr/bin/git remote add origin https://github.com/BradleyGleavePortfolio/growth-project-backend
2026-10-05T17:32:51.4640627Z ##[endgroup]
2026-10-05T17:32:51.4641154Z ##[group]Disabling automatic garbage collection
2026-10-05T17:32:51.4646550Z [command]/usr/bin/git config --local gc.auto 0
2026-10-05T17:32:51.4676581Z ##[endgroup]
2026-10-05T17:32:51.4677402Z ##[group]Setting up auth
2026-10-05T17:32:51.4678099Z Removing SSH command configuration
2026-10-05T17:32:51.4685286Z [command]/usr/bin/git config --local --name-only --get-regexp core\.sshCommand
2026-10-05T17:32:51.4715838Z [command]/usr/bin/git submodule foreach --recursive sh -c "git config --local --name-only --get-regexp 'core\.sshCommand' && git config --local --unset-all 'core.sshCommand' || :"
2026-10-05T17:32:51.5081154Z Removing HTTP extra header
2026-10-05T17:32:51.5087148Z [command]/usr/bin/git config --local --name-only --get-regexp http\.https\:\/\/github\.com\/\.extraheader
2026-10-05T17:32:51.5118709Z [command]/usr/bin/git submodule foreach --recursive sh -c "git config --local --name-only --get-regexp 'http\.https\:\/\/github\.com\/\.extraheader' && git config --local --unset-all 'http.https://github.com/.extraheader' || :"
2026-10-05T17:32:51.5334098Z Removing includeIf entries pointing to credentials config files
2026-10-05T17:32:51.5340906Z [command]/usr/bin/git config --local --name-only --get-regexp ^includeIf\.gitdir:
2026-10-05T17:32:51.5370707Z [command]/usr/bin/git submodule foreach --recursive git config --local --show-origin --name-only --get-regexp remote.origin.url
2026-10-05T17:32:51.5599711Z [command]/usr/bin/git config --file /home/runner/work/_temp/git-credentials-ffed8083-fa1c-468f-bc13-22ab7c2964e4.config http.https://github.com/.extraheader AUTHORIZATION: basic ***
2026-10-05T17:32:51.5635872Z [command]/usr/bin/git config --local includeIf.gitdir:/home/runner/work/growth-project-backend/growth-project-backend/.git.path /home/runner/work/_temp/git-credentials-ffed8083-fa1c-468f-bc13-22ab7c2964e4.config
2026-10-05T17:32:51.5665453Z [command]/usr/bin/git config --local includeIf.gitdir:/home/runner/work/growth-project-backend/growth-project-backend/.git/worktrees/*.path /home/runner/work/_temp/git-credentials-ffed8083-fa1c-468f-bc13-22ab7c2964e4.config
2026-10-05T17:32:51.5697863Z [command]/usr/bin/git config --local includeIf.gitdir:/github/workspace/.git.path /github/runner_temp/git-credentials-ffed8083-fa1c-468f-bc13-22ab7c2964e4.config
2026-10-05T17:32:51.5727322Z [command]/usr/bin/git config --local includeIf.gitdir:/github/workspace/.git/worktrees/*.path /github/runner_temp/git-credentials-ffed8083-fa1c-468f-bc13-22ab7c2964e4.config
2026-10-05T17:32:51.5790602Z ##[endgroup]
2026-10-05T17:32:51.5791078Z ##[group]Fetching the repository
2026-10-05T17:32:51.5799040Z [command]/usr/bin/git -c protocol.version=2 fetch --no-tags --prune --no-recurse-submodules --depth=1 origin +56c1b5da49a99874c042748978f833aa00987984:refs/remotes/origin/audit/AUD-SOL-D6-120/687-1
2026-10-05T17:32:53.5583615Z From https://github.com/BradleyGleavePortfolio/growth-project-backend
2026-10-05T17:32:53.5584746Z  * [new ref]         56c1b5da49a99874c042748978f833aa00987984 -> origin/audit/AUD-SOL-D6-120/687-1
2026-10-05T17:32:53.5596236Z [command]/usr/bin/git branch --list --remote origin/audit/AUD-SOL-D6-120/687-1
2026-10-05T17:32:53.5621753Z   origin/audit/AUD-SOL-D6-120/687-1
2026-10-05T17:32:53.5631096Z [command]/usr/bin/git rev-parse refs/remotes/origin/audit/AUD-SOL-D6-120/687-1
2026-10-05T17:32:53.5652590Z 56c1b5da49a99874c042748978f833aa00987984
2026-10-05T17:32:53.5663624Z ##[endgroup]
2026-10-05T17:32:53.5663993Z ##[group]Determining the checkout info
2026-10-05T17:32:53.5664406Z ##[endgroup]
2026-10-05T17:32:53.5671929Z [command]/usr/bin/git sparse-checkout disable
2026-10-05T17:32:53.5721767Z [command]/usr/bin/git config --local --unset-all extensions.worktreeConfig
2026-10-05T17:32:53.5749890Z ##[group]Checking out the ref
2026-10-05T17:32:53.5753963Z [command]/usr/bin/git checkout --progress --force -B audit/AUD-SOL-D6-120/687-1 refs/remotes/origin/audit/AUD-SOL-D6-120/687-1
2026-10-05T17:32:53.8014934Z Switched to a new branch 'audit/AUD-SOL-D6-120/687-1'
2026-10-05T17:32:53.8021901Z branch 'audit/AUD-SOL-D6-120/687-1' set up to track 'origin/audit/AUD-SOL-D6-120/687-1'.
2026-10-05T17:32:53.8033088Z ##[endgroup]
2026-10-05T17:32:53.8080898Z [command]/usr/bin/git log -1 --format=%H
2026-10-05T17:32:53.8107598Z 56c1b5da49a99874c042748978f833aa00987984
2026-10-05T17:32:53.8369655Z ##[group]Run actions/setup-node@v6
2026-10-05T17:32:53.8369950Z with:
2026-10-05T17:32:53.8370141Z   node-version: 20
2026-10-05T17:32:53.8370343Z   cache: npm
2026-10-05T17:32:53.8370533Z   check-latest: false
2026-10-05T17:32:53.8373079Z   token: ***
2026-10-05T17:32:53.8373285Z   package-manager-cache: true
2026-10-05T17:32:53.8373526Z ##[endgroup]
2026-10-05T17:32:53.9771408Z Attempting to download 20...
2026-10-05T17:32:54.9623763Z Acquiring 20.20.2 - x64 from https://github.com/actions/node-versions/releases/download/20.20.2-23521894959/node-20.20.2-linux-x64.tar.gz
2026-10-05T17:32:55.4956377Z Extracting ...
2026-10-05T17:32:55.5150218Z [command]/usr/bin/tar xz --strip 1 --warning=no-unknown-keyword --overwrite -C /home/runner/work/_temp/f9814762-77d3-4349-bb3a-f6ec538ee216 -f /home/runner/work/_temp/2b9e260c-dc7e-4f50-ba75-c47eedaf93dc
2026-10-05T17:32:56.4993660Z Adding to the cache ...
2026-10-05T17:32:58.2717006Z ##[group]Environment details
2026-10-05T17:32:58.4939820Z node: v20.20.2
2026-10-05T17:32:58.4940256Z npm: 10.8.2
2026-10-05T17:32:58.4940590Z yarn: 1.22.22
2026-10-05T17:32:58.4941269Z ##[endgroup]
2026-10-05T17:32:58.4959235Z [command]/opt/hostedtoolcache/node/20.20.2/x64/bin/npm config get cache
2026-10-05T17:32:58.6020846Z /home/runner/.npm
2026-10-05T17:32:58.8120581Z Cache hit for: node-cache-Linux-x64-npm-07f78abbac5e2cbfcef112b8b919e298f8da38fa5e6aaf98a3625ef672bd5b12
2026-10-05T17:33:00.0330978Z Received 37748736 of 86828135 (43.5%), 36.0 MBs/sec
2026-10-05T17:33:00.3774264Z Received 86828135 of 86828135 (100.0%), 61.6 MBs/sec
2026-10-05T17:33:00.3775973Z Cache Size: ~83 MB (86828135 B)
2026-10-05T17:33:00.3885947Z [command]/usr/bin/tar -xf /home/runner/work/_temp/592abecf-efc3-433c-84d0-4dac3b3b366d/cache.tzst -P -C /home/runner/work/growth-project-backend/growth-project-backend --use-compress-program unzstd
2026-10-05T17:33:00.5686971Z Cache restored successfully
2026-10-05T17:33:00.5740507Z Cache restored from key: node-cache-Linux-x64-npm-07f78abbac5e2cbfcef112b8b919e298f8da38fa5e6aaf98a3625ef672bd5b12
2026-10-05T17:33:00.5928699Z ##[group]Run npm ci
2026-10-05T17:33:00.5928993Z [36;1mnpm ci[0m
2026-10-05T17:33:00.6181193Z shell: /usr/bin/bash -e {0}
2026-10-05T17:33:00.6181543Z ##[endgroup]
2026-10-05T17:33:06.4328485Z npm warn deprecated inflight@1.0.6: This module is not supported, and leaks memory. Do not use it. Check out lru-cache if you want a good and tested way to coalesce async requests by a key value, which is much more comprehensive and powerful.
2026-10-05T17:33:07.2881815Z npm warn deprecated jpeg-exif@1.1.4: Package no longer supported. Contact Support at https://www.npmjs.com/support for more info.
2026-10-05T17:33:08.9160088Z npm warn deprecated glob@7.2.3: Old versions of glob are not supported, and contain widely publicized security vulnerabilities, which have been fixed in the current version. Please update. Support for old versions may be purchased (at exorbitant rates) by contacting i@izs.me
2026-10-05T17:33:10.4221601Z npm warn deprecated glob@10.5.0: Old versions of glob are not supported, and contain widely publicized security vulnerabilities, which have been fixed in the current version. Please update. Support for old versions may be purchased (at exorbitant rates) by contacting i@izs.me
2026-10-05T17:33:10.4350253Z npm warn deprecated glob@10.5.0: Old versions of glob are not supported, and contain widely publicized security vulnerabilities, which have been fixed in the current version. Please update. Support for old versions may be purchased (at exorbitant rates) by contacting i@izs.me
2026-10-05T17:33:10.5177309Z npm warn deprecated glob@10.5.0: Old versions of glob are not supported, and contain widely publicized security vulnerabilities, which have been fixed in the current version. Please update. Support for old versions may be purchased (at exorbitant rates) by contacting i@izs.me
2026-10-05T17:33:23.7753687Z 
2026-10-05T17:33:23.7754424Z > growth-project-backend@1.0.0 postinstall
2026-10-05T17:33:23.7755286Z > prisma generate
2026-10-05T17:33:23.7755815Z 
2026-10-05T17:33:24.7254352Z Prisma schema loaded from prisma/schema.prisma
2026-10-05T17:33:28.7149393Z ┌─────────────────────────────────────────────────────────┐
2026-10-05T17:33:28.7149940Z 
2026-10-05T17:33:28.7151044Z │  Update available 6.19.3 -> 8.0.0-rc.20                 │
2026-10-05T17:33:28.7151910Z │                                                         │
2026-10-05T17:33:28.7152809Z │  This is a major update - please follow the guide at    │
2026-10-05T17:33:28.7153769Z │  https://pris.ly/d/major-version-upgrade                │
2026-10-05T17:33:28.7154662Z │                                                         │
2026-10-05T17:33:28.7155471Z │  Run the following to update                            │
2026-10-05T17:33:28.7156574Z │    npm i --save-dev prisma@latest                       │
2026-10-05T17:33:28.7157947Z │    npm i @prisma/client@latest                          │
2026-10-05T17:33:28.7158845Z └─────────────────────────────────────────────────────────┘
2026-10-05T17:33:28.7159932Z ✔ Generated Prisma Client (v6.19.3) to ./node_modules/@prisma/client in 2.21s
2026-10-05T17:33:28.7160493Z 
2026-10-05T17:33:28.7161083Z Start by importing your Prisma Client (See: https://pris.ly/d/importing-client)
2026-10-05T17:33:28.7161670Z 
2026-10-05T17:33:28.7162517Z Tip: Interested in query caching in just a few lines of code? Try Accelerate today! https://pris.ly/tip-3-accelerate
2026-10-05T17:33:28.7163323Z 
2026-10-05T17:33:28.7722638Z 
2026-10-05T17:33:28.7723244Z > growth-project-backend@1.0.0 prepare
2026-10-05T17:33:28.7723714Z > lefthook install
2026-10-05T17:33:28.7723889Z 
2026-10-05T17:33:28.8237504Z sync hooks: ✔️(commit-msg, pre-commit)
2026-10-05T17:33:28.8403142Z 
2026-10-05T17:33:28.8404032Z added 1115 packages, and audited 1116 packages in 28s
2026-10-05T17:33:28.8404388Z 
2026-10-05T17:33:28.8404570Z 202 packages are looking for funding
2026-10-05T17:33:28.8404911Z   run `npm fund` for details
2026-10-05T17:33:28.8437579Z 
2026-10-05T17:33:28.8437921Z 3 high severity vulnerabilities
2026-10-05T17:33:28.8438759Z 
2026-10-05T17:33:28.8439417Z To address all issues (including breaking changes), run:
2026-10-05T17:33:28.8440194Z   npm audit fix --force
2026-10-05T17:33:28.8440515Z 
2026-10-05T17:33:28.8440778Z Run `npm audit` for details.
2026-10-05T17:33:28.9078071Z ##[group]Run npx prisma generate
2026-10-05T17:33:28.9078417Z [36;1mnpx prisma generate[0m
2026-10-05T17:33:28.9143588Z shell: /usr/bin/bash -e {0}
2026-10-05T17:33:28.9143873Z ##[endgroup]
2026-10-05T17:33:30.1629537Z Prisma schema loaded from prisma/schema.prisma
2026-10-05T17:33:34.2353089Z 
2026-10-05T17:33:34.2354412Z ✔ Generated Prisma Client (v6.19.3) to ./node_modules/@prisma/client in 2.23s
2026-10-05T17:33:34.2354899Z 
2026-10-05T17:33:34.2355392Z Start by importing your Prisma Client (See: https://pris.ly/d/importing-client)
2026-10-05T17:33:34.2356250Z 
2026-10-05T17:33:34.2356676Z Tip: Want to turn off tips and other hints? https://pris.ly/tip-4-nohints
2026-10-05T17:33:34.2357081Z 
2026-10-05T17:33:34.3536833Z ##[group]Run set -euo pipefail
2026-10-05T17:33:34.3537199Z [36;1mset -euo pipefail[0m
2026-10-05T17:33:34.3537605Z [36;1mtest -s .ci-lane-specs || { echo "missing .ci-lane-specs"; exit 2; }[0m
2026-10-05T17:33:34.3538097Z [36;1mmapfile -t SPECS < <(grep -vE '^\s*(#|$)' .ci-lane-specs)[0m
2026-10-05T17:33:34.3538452Z [36;1mecho "specs: ${SPECS[*]}"[0m
2026-10-05T17:33:34.3538746Z [36;1mnpx jest --ci --runInBand "${SPECS[@]}"[0m
2026-10-05T17:33:34.3608058Z shell: /usr/bin/bash --noprofile --norc -e -o pipefail {0}
2026-10-05T17:33:34.3608417Z env:
2026-10-05T17:33:34.3608651Z   NODE_OPTIONS: --max-old-space-size=4096
2026-10-05T17:33:34.3609000Z   THROTTLER_LIVE_REDIS_URL: redis://localhost:6379/0
2026-10-05T17:33:34.3609313Z ##[endgroup]
2026-10-05T17:33:34.3704507Z specs: test/zz-sol116-d1-probe.spec.ts test/zz-sol118-687-probe.spec.ts test/dunning-v2-foundation-fixes.spec.ts test/dunning-v2-cadence.spec.ts test/dunning-v2-copy.spec.ts
2026-10-05T17:33:37.2329811Z [31m[Nest] 3054  - [39m10/05/2026, 5:33:37 PM [31m  ERROR[39m [38;5;3m[NotificationsService] [39m[31mpushToUser ticket error for user coach-a: unknown[39m
2026-10-05T17:33:37.3008920Z PASS test/dunning-v2-foundation-fixes.spec.ts (136 MB heap size)
2026-10-05T17:33:37.4921956Z PASS test/dunning-v2-copy.spec.ts (145 MB heap size)
2026-10-05T17:33:37.7400464Z PASS test/dunning-v2-cadence.spec.ts (160 MB heap size)
2026-10-05T17:33:38.0651940Z PASS test/zz-sol118-687-probe.spec.ts (181 MB heap size)
2026-10-05T17:33:38.2376931Z PASS test/zz-sol116-d1-probe.spec.ts (193 MB heap size)
2026-10-05T17:33:38.2435906Z 
2026-10-05T17:33:38.2496501Z Test Suites: 5 passed, 5 total
2026-10-05T17:33:38.2546563Z Tests:       85 passed, 85 total
2026-10-05T17:33:38.2586310Z Snapshots:   0 total
2026-10-05T17:33:38.2588237Z Time:        2.993 s
2026-10-05T17:33:38.2589337Z Ran all test suites matching test/zz-sol116-d1-probe.spec.ts|test/zz-sol118-687-probe.spec.ts|test/dunning-v2-foundation-fixes.spec.ts|test/dunning-v2-cadence.spec.ts|test/dunning-v2-copy.spec.ts.
2026-10-05T17:33:38.3753928Z Post job cleanup.
2026-10-05T17:33:38.4973642Z Cache hit occurred on the primary key node-cache-Linux-x64-npm-07f78abbac5e2cbfcef112b8b919e298f8da38fa5e6aaf98a3625ef672bd5b12, not saving cache.
2026-10-05T17:33:38.5103439Z Post job cleanup.
2026-10-05T17:33:38.5992216Z [command]/usr/bin/git version
2026-10-05T17:33:38.6030084Z git version 2.55.0
2026-10-05T17:33:38.6071190Z Temporarily overriding HOME='/home/runner/work/_temp/6bc011df-eb4d-40f5-b8bc-1934a5dad136' before making global git config changes
2026-10-05T17:33:38.6072862Z Adding repository directory to the temporary git global config as a safe directory
2026-10-05T17:33:38.6076760Z [command]/usr/bin/git config --global --add safe.directory /home/runner/work/growth-project-backend/growth-project-backend
2026-10-05T17:33:38.6108943Z Removing SSH command configuration
2026-10-05T17:33:38.6116398Z [command]/usr/bin/git config --local --name-only --get-regexp core\.sshCommand
2026-10-05T17:33:38.6150568Z [command]/usr/bin/git submodule foreach --recursive sh -c "git config --local --name-only --get-regexp 'core\.sshCommand' && git config --local --unset-all 'core.sshCommand' || :"
2026-10-05T17:33:38.6382928Z Removing HTTP extra header
2026-10-05T17:33:38.6389098Z [command]/usr/bin/git config --local --name-only --get-regexp http\.https\:\/\/github\.com\/\.extraheader
2026-10-05T17:33:38.6423080Z [command]/usr/bin/git submodule foreach --recursive sh -c "git config --local --name-only --get-regexp 'http\.https\:\/\/github\.com\/\.extraheader' && git config --local --unset-all 'http.https://github.com/.extraheader' || :"
2026-10-05T17:33:38.6646858Z Removing includeIf entries pointing to credentials config files
2026-10-05T17:33:38.6654618Z [command]/usr/bin/git config --local --name-only --get-regexp ^includeIf\.gitdir:
2026-10-05T17:33:38.6688817Z includeif.gitdir:/home/runner/work/growth-project-backend/growth-project-backend/.git.path
2026-10-05T17:33:38.6690584Z includeif.gitdir:/home/runner/work/growth-project-backend/growth-project-backend/.git/worktrees/*.path
2026-10-05T17:33:38.6691876Z includeif.gitdir:/github/workspace/.git.path
2026-10-05T17:33:38.6692842Z includeif.gitdir:/github/workspace/.git/worktrees/*.path
2026-10-05T17:33:38.6701413Z [command]/usr/bin/git config --local --get-all includeif.gitdir:/home/runner/work/growth-project-backend/growth-project-backend/.git.path
2026-10-05T17:33:38.6725830Z /home/runner/work/_temp/git-credentials-ffed8083-fa1c-468f-bc13-22ab7c2964e4.config
2026-10-05T17:33:38.6737880Z [command]/usr/bin/git config --local --unset includeif.gitdir:/home/runner/work/growth-project-backend/growth-project-backend/.git.path /home/runner/work/_temp/git-credentials-ffed8083-fa1c-468f-bc13-22ab7c2964e4.config
2026-10-05T17:33:38.6775264Z [command]/usr/bin/git config --local --get-all includeif.gitdir:/home/runner/work/growth-project-backend/growth-project-backend/.git/worktrees/*.path
2026-10-05T17:33:38.6800215Z /home/runner/work/_temp/git-credentials-ffed8083-fa1c-468f-bc13-22ab7c2964e4.config
2026-10-05T17:33:38.6809755Z [command]/usr/bin/git config --local --unset includeif.gitdir:/home/runner/work/growth-project-backend/growth-project-backend/.git/worktrees/*.path /home/runner/work/_temp/git-credentials-ffed8083-fa1c-468f-bc13-22ab7c2964e4.config
2026-10-05T17:33:38.6853215Z [command]/usr/bin/git config --local --get-all includeif.gitdir:/github/workspace/.git.path
2026-10-05T17:33:38.6875536Z /github/runner_temp/git-credentials-ffed8083-fa1c-468f-bc13-22ab7c2964e4.config
2026-10-05T17:33:38.6886287Z [command]/usr/bin/git config --local --unset includeif.gitdir:/github/workspace/.git.path /github/runner_temp/git-credentials-ffed8083-fa1c-468f-bc13-22ab7c2964e4.config
2026-10-05T17:33:38.6922825Z [command]/usr/bin/git config --local --get-all includeif.gitdir:/github/workspace/.git/worktrees/*.path
2026-10-05T17:33:38.6947313Z /github/runner_temp/git-credentials-ffed8083-fa1c-468f-bc13-22ab7c2964e4.config
2026-10-05T17:33:38.6954503Z [command]/usr/bin/git config --local --unset includeif.gitdir:/github/workspace/.git/worktrees/*.path /github/runner_temp/git-credentials-ffed8083-fa1c-468f-bc13-22ab7c2964e4.config
2026-10-05T17:33:38.6991495Z [command]/usr/bin/git submodule foreach --recursive git config --local --show-origin --name-only --get-regexp remote.origin.url
2026-10-05T17:33:38.7246076Z Removing credentials config '/home/runner/work/_temp/git-credentials-ffed8083-fa1c-468f-bc13-22ab7c2964e4.config'
2026-10-05T17:33:38.7403005Z Print service container logs: 6e17efb909a449fbbe83f8148483876b_redis7alpine_f173c2
2026-10-05T17:33:38.7408215Z ##[command]/usr/bin/docker logs --details 41610c5afc5d3fcf339e1f65c903b0e699b62e6c26142a9c4e3ea4cb6831c3c7
2026-10-05T17:33:38.7548880Z  1:C 05 Oct 2026 17:32:44.986 # WARNING Memory overcommit must be enabled! Without it, a background save or replication may fail under low memory condition. Being disabled, it can also cause failures without low memory condition, see https://github.com/jemalloc/jemalloc/issues/1328. To fix this issue add 'vm.overcommit_memory = 1' to /etc/sysctl.conf and then reboot or run the command 'sysctl vm.overcommit_memory=1' for this to take effect.
2026-10-05T17:33:38.7551793Z  1:C 05 Oct 2026 17:32:44.986 * oO0OoO0OoO0Oo Redis is starting oO0OoO0OoO0Oo
2026-10-05T17:33:38.7552735Z  1:C 05 Oct 2026 17:32:44.986 * Redis version=7.4.11, bits=64, commit=00000000, modified=0, pid=1, just started
2026-10-05T17:33:38.7554223Z  1:C 05 Oct 2026 17:32:44.986 # Warning: no config file specified, using the default config. In order to specify a config file use redis-server /path/to/redis.conf
2026-10-05T17:33:38.7555033Z  1:M 05 Oct 2026 17:32:44.986 * monotonic clock: POSIX clock_gettime
2026-10-05T17:33:38.7555451Z  1:M 05 Oct 2026 17:32:44.987 * Running mode=standalone, port=6379.
2026-10-05T17:33:38.7556094Z  1:M 05 Oct 2026 17:32:44.987 * Server initialized
2026-10-05T17:33:38.7556457Z  1:M 05 Oct 2026 17:32:44.987 * Ready to accept connections tcp
2026-10-05T17:33:38.7577947Z Stop and remove container: 6e17efb909a449fbbe83f8148483876b_redis7alpine_f173c2
2026-10-05T17:33:38.7583246Z ##[command]/usr/bin/docker rm --force 41610c5afc5d3fcf339e1f65c903b0e699b62e6c26142a9c4e3ea4cb6831c3c7
2026-10-05T17:33:38.9772219Z 41610c5afc5d3fcf339e1f65c903b0e699b62e6c26142a9c4e3ea4cb6831c3c7
2026-10-05T17:33:38.9800592Z Remove container network: github_network_c01b486c393d4f95bb1f34a19a636deb
2026-10-05T17:33:38.9805135Z ##[command]/usr/bin/docker network rm github_network_c01b486c393d4f95bb1f34a19a636deb
2026-10-05T17:33:39.0752651Z github_network_c01b486c393d4f95bb1f34a19a636deb
2026-10-05T17:33:39.0824475Z Cleaning up orphan processes
