2026-10-04T18:15:39.3421985Z Current runner version: '2.337.0'
2026-10-04T18:15:39.3452785Z ##[group]Runner Image Provisioner
2026-10-04T18:15:39.3453811Z Hosted Compute Agent
2026-10-04T18:15:39.3454550Z Version: 20260901.588
2026-10-04T18:15:39.3455385Z Commit: f88ec8081b781fac6c440065ac7ff9e710ce3d0b
2026-10-04T18:15:39.3456269Z Build Date: 2026-09-01T19:56:44Z
2026-10-04T18:15:39.3457215Z Worker ID: {f07a04c2-4bbf-4b63-a03a-3fedf0ba29a2}
2026-10-04T18:15:39.3458096Z Azure Region: westus3
2026-10-04T18:15:39.3458815Z ##[endgroup]
2026-10-04T18:15:39.3460761Z ##[group]Operating System
2026-10-04T18:15:39.3461752Z Ubuntu
2026-10-04T18:15:39.3462367Z 24.04.5
2026-10-04T18:15:39.3463086Z LTS
2026-10-04T18:15:39.3463803Z ##[endgroup]
2026-10-04T18:15:39.3464522Z ##[group]Runner Image
2026-10-04T18:15:39.3465285Z Image: ubuntu-24.04
2026-10-04T18:15:39.3465989Z Version: 20260927.320.1
2026-10-04T18:15:39.3467674Z Included Software: https://github.com/actions/runner-images/blob/ubuntu24/20260927.320/images/ubuntu/Ubuntu2404-Readme.md
2026-10-04T18:15:39.3469745Z Image Release: https://github.com/actions/runner-images/releases/tag/ubuntu24%2F20260927.320
2026-10-04T18:15:39.3471236Z ##[endgroup]
2026-10-04T18:15:39.3472821Z ##[group]GITHUB_TOKEN Permissions
2026-10-04T18:15:39.3475322Z Contents: read
2026-10-04T18:15:39.3475975Z Metadata: read
2026-10-04T18:15:39.3477174Z Packages: read
2026-10-04T18:15:39.3477843Z ##[endgroup]
2026-10-04T18:15:39.3480353Z Secret source: Actions
2026-10-04T18:15:39.3481722Z Cache mode: write
2026-10-04T18:15:39.3482845Z Prepare workflow directory
2026-10-04T18:15:39.3786827Z Prepare all required actions
2026-10-04T18:15:39.3827374Z Getting action download info
2026-10-04T18:15:39.6854731Z Download action repository 'actions/checkout@v6' (SHA:d23441a48e516b6c34aea4fa41551a30e30af803)
2026-10-04T18:15:39.8213891Z Download action repository 'actions/setup-node@v6' (SHA:249970729cb0ef3589644e2896645e5dc5ba9c38)
2026-10-04T18:15:40.0198744Z Complete job name: targeted
2026-10-04T18:15:40.0793063Z ##[group]Run actions/checkout@v6
2026-10-04T18:15:40.0793769Z with:
2026-10-04T18:15:40.0794214Z   repository: BradleyGleavePortfolio/growth-project-mobile
2026-10-04T18:15:40.0797259Z   token: ***
2026-10-04T18:15:40.0797619Z   ssh-strict: true
2026-10-04T18:15:40.0797971Z   ssh-user: git
2026-10-04T18:15:40.0798322Z   persist-credentials: true
2026-10-04T18:15:40.0798705Z   clean: true
2026-10-04T18:15:40.0799060Z   sparse-checkout-cone-mode: true
2026-10-04T18:15:40.0799472Z   fetch-depth: 1
2026-10-04T18:15:40.0799812Z   fetch-tags: false
2026-10-04T18:15:40.0800161Z   show-progress: true
2026-10-04T18:15:40.0800506Z   lfs: false
2026-10-04T18:15:40.0800970Z   submodules: false
2026-10-04T18:15:40.0801330Z   set-safe-directory: true
2026-10-04T18:15:40.0801736Z   allow-unsafe-pr-checkout: false
2026-10-04T18:15:40.0802327Z ##[endgroup]
2026-10-04T18:15:40.1606822Z Syncing repository: BradleyGleavePortfolio/growth-project-mobile
2026-10-04T18:15:40.1608488Z ##[group]Getting Git version info
2026-10-04T18:15:40.1609178Z Working directory is '/home/runner/work/growth-project-mobile/growth-project-mobile'
2026-10-04T18:15:40.1610115Z [command]/usr/bin/git version
2026-10-04T18:15:40.1642307Z git version 2.55.0
2026-10-04T18:15:40.1659108Z ##[endgroup]
2026-10-04T18:15:40.1670606Z Temporarily overriding HOME='/home/runner/work/_temp/08e72f07-2f29-4c68-a662-d01175e4cb20' before making global git config changes
2026-10-04T18:15:40.1672172Z Adding repository directory to the temporary git global config as a safe directory
2026-10-04T18:15:40.1675068Z [command]/usr/bin/git config --global --add safe.directory /home/runner/work/growth-project-mobile/growth-project-mobile
2026-10-04T18:15:40.1713384Z Deleting the contents of '/home/runner/work/growth-project-mobile/growth-project-mobile'
2026-10-04T18:15:40.1717005Z ##[group]Determining repository object format
2026-10-04T18:15:40.1718918Z ##[endgroup]
2026-10-04T18:15:40.1719489Z ##[group]Initializing the repository
2026-10-04T18:15:40.1722674Z [command]/usr/bin/git init /home/runner/work/growth-project-mobile/growth-project-mobile
2026-10-04T18:15:40.1789910Z hint: Using 'master' as the name for the initial branch. This default branch name
2026-10-04T18:15:40.1790704Z hint: will change to "main" in Git 3.0. To configure the initial branch name
2026-10-04T18:15:40.1791573Z hint: to use in all of your new repositories, which will suppress this warning,
2026-10-04T18:15:40.1792167Z hint: call:
2026-10-04T18:15:40.1792490Z hint:
2026-10-04T18:15:40.1792906Z hint: 	git config --global init.defaultBranch <name>
2026-10-04T18:15:40.1793396Z hint:
2026-10-04T18:15:40.1793846Z hint: Names commonly chosen instead of 'master' are 'main', 'trunk' and
2026-10-04T18:15:40.1794557Z hint: 'development'. The just-created branch can be renamed via this command:
2026-10-04T18:15:40.1795124Z hint:
2026-10-04T18:15:40.1795458Z hint: 	git branch -m <name>
2026-10-04T18:15:40.1795837Z hint:
2026-10-04T18:15:40.1796358Z hint: Disable this message with "git config set advice.defaultBranchName false"
2026-10-04T18:15:40.1800803Z Initialized empty Git repository in /home/runner/work/growth-project-mobile/growth-project-mobile/.git/
2026-10-04T18:15:40.1809495Z [command]/usr/bin/git remote add origin https://github.com/BradleyGleavePortfolio/growth-project-mobile
2026-10-04T18:15:40.1848385Z ##[endgroup]
2026-10-04T18:15:40.1849031Z ##[group]Disabling automatic garbage collection
2026-10-04T18:15:40.1850702Z [command]/usr/bin/git config --local gc.auto 0
2026-10-04T18:15:40.1876281Z ##[endgroup]
2026-10-04T18:15:40.1877333Z ##[group]Setting up auth
2026-10-04T18:15:40.1877833Z Removing SSH command configuration
2026-10-04T18:15:40.1882368Z [command]/usr/bin/git config --local --name-only --get-regexp core\.sshCommand
2026-10-04T18:15:40.1907010Z [command]/usr/bin/git submodule foreach --recursive sh -c "git config --local --name-only --get-regexp 'core\.sshCommand' && git config --local --unset-all 'core.sshCommand' || :"
2026-10-04T18:15:40.2173749Z Removing HTTP extra header
2026-10-04T18:15:40.2178117Z [command]/usr/bin/git config --local --name-only --get-regexp http\.https\:\/\/github\.com\/\.extraheader
2026-10-04T18:15:40.2205428Z [command]/usr/bin/git submodule foreach --recursive sh -c "git config --local --name-only --get-regexp 'http\.https\:\/\/github\.com\/\.extraheader' && git config --local --unset-all 'http.https://github.com/.extraheader' || :"
2026-10-04T18:15:40.2382122Z Removing includeIf entries pointing to credentials config files
2026-10-04T18:15:40.2386787Z [command]/usr/bin/git config --local --name-only --get-regexp ^includeIf\.gitdir:
2026-10-04T18:15:40.2412056Z [command]/usr/bin/git submodule foreach --recursive git config --local --show-origin --name-only --get-regexp remote.origin.url
2026-10-04T18:15:40.2598686Z [command]/usr/bin/git config --file /home/runner/work/_temp/git-credentials-a414b33e-44d1-4928-aa22-185121dcb539.config http.https://github.com/.extraheader AUTHORIZATION: basic ***
2026-10-04T18:15:40.2630315Z [command]/usr/bin/git config --local includeIf.gitdir:/home/runner/work/growth-project-mobile/growth-project-mobile/.git.path /home/runner/work/_temp/git-credentials-a414b33e-44d1-4928-aa22-185121dcb539.config
2026-10-04T18:15:40.2657361Z [command]/usr/bin/git config --local includeIf.gitdir:/home/runner/work/growth-project-mobile/growth-project-mobile/.git/worktrees/*.path /home/runner/work/_temp/git-credentials-a414b33e-44d1-4928-aa22-185121dcb539.config
2026-10-04T18:15:40.2685520Z [command]/usr/bin/git config --local includeIf.gitdir:/github/workspace/.git.path /github/runner_temp/git-credentials-a414b33e-44d1-4928-aa22-185121dcb539.config
2026-10-04T18:15:40.2711869Z [command]/usr/bin/git config --local includeIf.gitdir:/github/workspace/.git/worktrees/*.path /github/runner_temp/git-credentials-a414b33e-44d1-4928-aa22-185121dcb539.config
2026-10-04T18:15:40.2742838Z ##[endgroup]
2026-10-04T18:15:40.2743436Z ##[group]Fetching the repository
2026-10-04T18:15:40.2749075Z [command]/usr/bin/git -c protocol.version=2 fetch --no-tags --prune --no-recurse-submodules --depth=1 origin +00703129aaae749b11fe132fab7f99a0f9f5a609:refs/remotes/origin/audit/AUD-SOL-PV3-118/368-replay-r2
2026-10-04T18:15:42.1425138Z From https://github.com/BradleyGleavePortfolio/growth-project-mobile
2026-10-04T18:15:42.1426663Z  * [new ref]         00703129aaae749b11fe132fab7f99a0f9f5a609 -> origin/audit/AUD-SOL-PV3-118/368-replay-r2
2026-10-04T18:15:42.1433849Z [command]/usr/bin/git branch --list --remote origin/audit/AUD-SOL-PV3-118/368-replay-r2
2026-10-04T18:15:42.1455494Z   origin/audit/AUD-SOL-PV3-118/368-replay-r2
2026-10-04T18:15:42.1462581Z [command]/usr/bin/git rev-parse refs/remotes/origin/audit/AUD-SOL-PV3-118/368-replay-r2
2026-10-04T18:15:42.1480616Z 00703129aaae749b11fe132fab7f99a0f9f5a609
2026-10-04T18:15:42.1484449Z ##[endgroup]
2026-10-04T18:15:42.1485473Z ##[group]Determining the checkout info
2026-10-04T18:15:42.1486680Z ##[endgroup]
2026-10-04T18:15:42.1488991Z [command]/usr/bin/git sparse-checkout disable
2026-10-04T18:15:42.1581365Z [command]/usr/bin/git config --local --unset-all extensions.worktreeConfig
2026-10-04T18:15:42.1607096Z ##[group]Checking out the ref
2026-10-04T18:15:42.1610067Z [command]/usr/bin/git checkout --progress --force -B audit/AUD-SOL-PV3-118/368-replay-r2 refs/remotes/origin/audit/AUD-SOL-PV3-118/368-replay-r2
2026-10-04T18:15:42.2438259Z Switched to a new branch 'audit/AUD-SOL-PV3-118/368-replay-r2'
2026-10-04T18:15:42.2440670Z branch 'audit/AUD-SOL-PV3-118/368-replay-r2' set up to track 'origin/audit/AUD-SOL-PV3-118/368-replay-r2'.
2026-10-04T18:15:42.2450458Z ##[endgroup]
2026-10-04T18:15:42.2486657Z [command]/usr/bin/git log -1 --format=%H
2026-10-04T18:15:42.2508019Z 00703129aaae749b11fe132fab7f99a0f9f5a609
2026-10-04T18:15:42.2816030Z ##[group]Run actions/setup-node@v6
2026-10-04T18:15:42.2816991Z with:
2026-10-04T18:15:42.2817683Z   node-version: 22.13
2026-10-04T18:15:42.2818436Z   cache: npm
2026-10-04T18:15:42.2819139Z   check-latest: false
2026-10-04T18:15:42.2826151Z   token: ***
2026-10-04T18:15:42.2826891Z   package-manager-cache: true
2026-10-04T18:15:42.2827769Z ##[endgroup]
2026-10-04T18:15:42.3982260Z Attempting to download 22.13...
2026-10-04T18:15:43.4945881Z Acquiring 22.13.1 - x64 from https://github.com/actions/node-versions/releases/download/22.13.1-12900459766/node-22.13.1-linux-x64.tar.gz
2026-10-04T18:15:44.0234500Z Extracting ...
2026-10-04T18:15:44.0336339Z [command]/usr/bin/tar xz --strip 1 --warning=no-unknown-keyword --overwrite -C /home/runner/work/_temp/77ad23cd-d884-48d6-9b94-aafa44058c4e -f /home/runner/work/_temp/229b356e-e879-44fa-a462-730df81e1353
2026-10-04T18:15:45.0113071Z Adding to the cache ...
2026-10-04T18:15:47.7780385Z ##[group]Environment details
2026-10-04T18:15:47.9634018Z node: v22.13.1
2026-10-04T18:15:47.9634417Z npm: 10.9.2
2026-10-04T18:15:47.9634667Z yarn: 1.22.22
2026-10-04T18:15:47.9642216Z ##[endgroup]
2026-10-04T18:15:47.9657483Z [command]/opt/hostedtoolcache/node/22.13.1/x64/bin/npm config get cache
2026-10-04T18:15:48.0409109Z /home/runner/.npm
2026-10-04T18:15:48.2865441Z Cache hit for: node-cache-Linux-x64-npm-d337c1813e25f31cc43e8d80f8de0d0cb6af6de1f93566771485fa27a2bebc06
2026-10-04T18:15:49.5004697Z Received 33554432 of 241027159 (13.9%), 32.0 MBs/sec
2026-10-04T18:15:50.5007209Z Received 213909504 of 241027159 (88.7%), 101.9 MBs/sec
2026-10-04T18:15:50.6099856Z Received 241027159 of 241027159 (100.0%), 108.9 MBs/sec
2026-10-04T18:15:50.6114207Z Cache Size: ~230 MB (241027159 B)
2026-10-04T18:15:50.6131022Z [command]/usr/bin/tar -xf /home/runner/work/_temp/bb8d2cdd-b424-44a1-a856-45044905e264/cache.tzst -P -C /home/runner/work/growth-project-mobile/growth-project-mobile --use-compress-program unzstd
2026-10-04T18:15:51.3654974Z Cache restored successfully
2026-10-04T18:15:51.3754914Z Cache restored from key: node-cache-Linux-x64-npm-d337c1813e25f31cc43e8d80f8de0d0cb6af6de1f93566771485fa27a2bebc06
2026-10-04T18:15:51.4438305Z ##[group]Run npm ci
2026-10-04T18:15:51.4438611Z [36;1mnpm ci[0m
2026-10-04T18:15:52.3441942Z shell: /usr/bin/bash -e {0}
2026-10-04T18:15:52.3442269Z ##[endgroup]
2026-10-04T18:15:57.5212317Z npm warn deprecated inflight@1.0.6: This module is not supported, and leaks memory. Do not use it. Check out lru-cache if you want a good and tested way to coalesce async requests by a key value, which is much more comprehensive and powerful.
2026-10-04T18:15:57.7080368Z npm warn deprecated @humanwhocodes/config-array@0.13.0: Use @eslint/config-array instead
2026-10-04T18:15:57.7177305Z npm warn deprecated whatwg-encoding@2.0.0: Use @exodus/bytes instead for a more spec-conformant and faster implementation
2026-10-04T18:15:57.7213708Z npm warn deprecated rimraf@3.0.2: Rimraf versions prior to v4 are no longer supported
2026-10-04T18:15:57.7371489Z npm warn deprecated abab@2.0.6: Use your platform's native atob() and btoa() methods instead
2026-10-04T18:15:57.8200719Z npm warn deprecated @humanwhocodes/object-schema@2.0.3: Use @eslint/object-schema instead
2026-10-04T18:15:57.8211491Z npm warn deprecated glob@7.2.3: Old versions of glob are not supported, and contain widely publicized security vulnerabilities, which have been fixed in the current version. Please update. Support for old versions may be purchased (at exorbitant rates) by contacting i@izs.me
2026-10-04T18:15:57.8214873Z npm warn deprecated glob@7.2.3: Old versions of glob are not supported, and contain widely publicized security vulnerabilities, which have been fixed in the current version. Please update. Support for old versions may be purchased (at exorbitant rates) by contacting i@izs.me
2026-10-04T18:15:57.8223849Z npm warn deprecated glob@7.2.3: Old versions of glob are not supported, and contain widely publicized security vulnerabilities, which have been fixed in the current version. Please update. Support for old versions may be purchased (at exorbitant rates) by contacting i@izs.me
2026-10-04T18:15:57.8226806Z npm warn deprecated glob@7.2.3: Old versions of glob are not supported, and contain widely publicized security vulnerabilities, which have been fixed in the current version. Please update. Support for old versions may be purchased (at exorbitant rates) by contacting i@izs.me
2026-10-04T18:15:57.8243072Z npm warn deprecated glob@7.2.3: Old versions of glob are not supported, and contain widely publicized security vulnerabilities, which have been fixed in the current version. Please update. Support for old versions may be purchased (at exorbitant rates) by contacting i@izs.me
2026-10-04T18:15:58.2018161Z npm warn deprecated glob@7.1.6: Old versions of glob are not supported, and contain widely publicized security vulnerabilities, which have been fixed in the current version. Please update. Support for old versions may be purchased (at exorbitant rates) by contacting i@izs.me
2026-10-04T18:15:58.3169154Z npm warn deprecated domexception@4.0.0: Use your platform's native DOMException instead
2026-10-04T18:15:58.6762281Z npm warn deprecated @xmldom/xmldom@0.7.13: this version has critical issues, please update to the latest version
2026-10-04T18:15:59.8662683Z npm warn deprecated uuid@7.0.3: uuid@10 and below is no longer supported.  For ESM codebases, update to uuid@latest.  For CommonJS codebases, use uuid@11 (but be aware this version will likely be deprecated in 2028).
2026-10-04T18:16:03.0514654Z npm warn deprecated eslint@8.57.1: This version is no longer supported. Please see https://eslint.org/version-support for other options.
2026-10-04T18:16:45.7308523Z 
2026-10-04T18:16:45.7312388Z added 1108 packages, and audited 1109 packages in 53s
2026-10-04T18:16:45.7312714Z 
2026-10-04T18:16:45.7312917Z 187 packages are looking for funding
2026-10-04T18:16:45.7313248Z   run `npm fund` for details
2026-10-04T18:16:46.0349236Z 
2026-10-04T18:16:46.0350010Z 88 vulnerabilities (1 low, 16 moderate, 71 high)
2026-10-04T18:16:46.0350239Z 
2026-10-04T18:16:46.0350427Z To address issues that do not require attention, run:
2026-10-04T18:16:46.0351359Z   npm audit fix
2026-10-04T18:16:46.0351588Z 
2026-10-04T18:16:46.0351855Z To address all issues (including breaking changes), run:
2026-10-04T18:16:46.0352236Z   npm audit fix --force
2026-10-04T18:16:46.0352656Z 
2026-10-04T18:16:46.0352788Z Run `npm audit` for details.
2026-10-04T18:16:46.1910734Z ##[group]Run set -euo pipefail
2026-10-04T18:16:46.1911365Z [36;1mset -euo pipefail[0m
2026-10-04T18:16:46.1911687Z [36;1mtest -s .ci-lane-specs || { echo "missing .ci-lane-specs"; exit 2; }[0m
2026-10-04T18:16:46.1912082Z [36;1mmapfile -t SPECS < <(grep -vE '^\s*(#|$)' .ci-lane-specs)[0m
2026-10-04T18:16:46.1912364Z [36;1mecho "specs: ${SPECS[*]}"[0m
2026-10-04T18:16:46.1912589Z [36;1mnpx jest --ci "${SPECS[@]}"[0m
2026-10-04T18:16:46.1968749Z shell: /usr/bin/bash --noprofile --norc -e -o pipefail {0}
2026-10-04T18:16:46.1969045Z ##[endgroup]
2026-10-04T18:16:46.2056562Z specs: src/screens/settings/__tests__/DeleteAccountScreen.test.tsx src/screens/settings/__tests__/audit-sol-fu2-118-apple-outcome.test.tsx src/lib/__tests__/appleAccountCopy.test.ts
2026-10-04T18:16:50.5801588Z PASS src/lib/__tests__/appleAccountCopy.test.ts
2026-10-04T18:16:55.7445258Z PASS src/screens/settings/__tests__/audit-sol-fu2-118-apple-outcome.test.tsx (7.918 s)
2026-10-04T18:16:56.5754142Z PASS src/screens/settings/__tests__/DeleteAccountScreen.test.tsx (8.815 s)
2026-10-04T18:16:57.1047545Z A worker process has failed to exit gracefully and has been force exited. This is likely caused by tests leaking due to improper teardown. Try running with --detectOpenHandles to find leaks. Active timers can also cause this, ensure that .unref() was called on them.
2026-10-04T18:16:57.1066108Z 
2026-10-04T18:16:57.1070517Z Test Suites: 3 passed, 3 total
2026-10-04T18:16:57.1071045Z Tests:       68 passed, 68 total
2026-10-04T18:16:57.1071445Z Snapshots:   0 total
2026-10-04T18:16:57.1071725Z Time:        9.91 s
2026-10-04T18:16:57.1073006Z Ran all test suites matching /src\/screens\/settings\/__tests__\/DeleteAccountScreen.test.tsx|src\/screens\/settings\/__tests__\/audit-sol-fu2-118-apple-outcome.test.tsx|src\/lib\/__tests__\/appleAccountCopy.test.ts/i.
2026-10-04T18:16:57.1285226Z Post job cleanup.
2026-10-04T18:16:57.2224731Z Cache hit occurred on the primary key node-cache-Linux-x64-npm-d337c1813e25f31cc43e8d80f8de0d0cb6af6de1f93566771485fa27a2bebc06, not saving cache.
2026-10-04T18:16:57.2347587Z Post job cleanup.
2026-10-04T18:16:57.3028317Z [command]/usr/bin/git version
2026-10-04T18:16:57.3058600Z git version 2.55.0
2026-10-04T18:16:57.3087756Z Temporarily overriding HOME='/home/runner/work/_temp/97838032-ef5a-41e6-a767-13b53bde7365' before making global git config changes
2026-10-04T18:16:57.3088439Z Adding repository directory to the temporary git global config as a safe directory
2026-10-04T18:16:57.3092266Z [command]/usr/bin/git config --global --add safe.directory /home/runner/work/growth-project-mobile/growth-project-mobile
2026-10-04T18:16:57.3117924Z Removing SSH command configuration
2026-10-04T18:16:57.3123155Z [command]/usr/bin/git config --local --name-only --get-regexp core\.sshCommand
2026-10-04T18:16:57.3151744Z [command]/usr/bin/git submodule foreach --recursive sh -c "git config --local --name-only --get-regexp 'core\.sshCommand' && git config --local --unset-all 'core.sshCommand' || :"
2026-10-04T18:16:57.3342840Z Removing HTTP extra header
2026-10-04T18:16:57.3347237Z [command]/usr/bin/git config --local --name-only --get-regexp http\.https\:\/\/github\.com\/\.extraheader
2026-10-04T18:16:57.3375644Z [command]/usr/bin/git submodule foreach --recursive sh -c "git config --local --name-only --get-regexp 'http\.https\:\/\/github\.com\/\.extraheader' && git config --local --unset-all 'http.https://github.com/.extraheader' || :"
2026-10-04T18:16:57.3564765Z Removing includeIf entries pointing to credentials config files
2026-10-04T18:16:57.3570707Z [command]/usr/bin/git config --local --name-only --get-regexp ^includeIf\.gitdir:
2026-10-04T18:16:57.3597053Z includeif.gitdir:/home/runner/work/growth-project-mobile/growth-project-mobile/.git.path
2026-10-04T18:16:57.3597785Z includeif.gitdir:/home/runner/work/growth-project-mobile/growth-project-mobile/.git/worktrees/*.path
2026-10-04T18:16:57.3598250Z includeif.gitdir:/github/workspace/.git.path
2026-10-04T18:16:57.3599230Z includeif.gitdir:/github/workspace/.git/worktrees/*.path
2026-10-04T18:16:57.3604107Z [command]/usr/bin/git config --local --get-all includeif.gitdir:/home/runner/work/growth-project-mobile/growth-project-mobile/.git.path
2026-10-04T18:16:57.3623576Z /home/runner/work/_temp/git-credentials-a414b33e-44d1-4928-aa22-185121dcb539.config
2026-10-04T18:16:57.3632024Z [command]/usr/bin/git config --local --unset includeif.gitdir:/home/runner/work/growth-project-mobile/growth-project-mobile/.git.path /home/runner/work/_temp/git-credentials-a414b33e-44d1-4928-aa22-185121dcb539.config
2026-10-04T18:16:57.3662553Z [command]/usr/bin/git config --local --get-all includeif.gitdir:/home/runner/work/growth-project-mobile/growth-project-mobile/.git/worktrees/*.path
2026-10-04T18:16:57.3682125Z /home/runner/work/_temp/git-credentials-a414b33e-44d1-4928-aa22-185121dcb539.config
2026-10-04T18:16:57.3689897Z [command]/usr/bin/git config --local --unset includeif.gitdir:/home/runner/work/growth-project-mobile/growth-project-mobile/.git/worktrees/*.path /home/runner/work/_temp/git-credentials-a414b33e-44d1-4928-aa22-185121dcb539.config
2026-10-04T18:16:57.3719293Z [command]/usr/bin/git config --local --get-all includeif.gitdir:/github/workspace/.git.path
2026-10-04T18:16:57.3738802Z /github/runner_temp/git-credentials-a414b33e-44d1-4928-aa22-185121dcb539.config
2026-10-04T18:16:57.3744707Z [command]/usr/bin/git config --local --unset includeif.gitdir:/github/workspace/.git.path /github/runner_temp/git-credentials-a414b33e-44d1-4928-aa22-185121dcb539.config
2026-10-04T18:16:57.3771893Z [command]/usr/bin/git config --local --get-all includeif.gitdir:/github/workspace/.git/worktrees/*.path
2026-10-04T18:16:57.3789686Z /github/runner_temp/git-credentials-a414b33e-44d1-4928-aa22-185121dcb539.config
2026-10-04T18:16:57.3797215Z [command]/usr/bin/git config --local --unset includeif.gitdir:/github/workspace/.git/worktrees/*.path /github/runner_temp/git-credentials-a414b33e-44d1-4928-aa22-185121dcb539.config
2026-10-04T18:16:57.3905414Z [command]/usr/bin/git submodule foreach --recursive git config --local --show-origin --name-only --get-regexp remote.origin.url
2026-10-04T18:16:57.4098577Z Removing credentials config '/home/runner/work/_temp/git-credentials-a414b33e-44d1-4928-aa22-185121dcb539.config'
2026-10-04T18:16:57.4265236Z Cleaning up orphan processes
