2026-10-04T19:50:35.9583543Z Current runner version: '2.337.0'
2026-10-04T19:50:35.9600342Z ##[group]Runner Image Provisioner
2026-10-04T19:50:35.9600861Z Hosted Compute Agent
2026-10-04T19:50:35.9601210Z Version: 20260901.588
2026-10-04T19:50:35.9601659Z Commit: f88ec8081b781fac6c440065ac7ff9e710ce3d0b
2026-10-04T19:50:35.9602082Z Build Date: 2026-09-01T19:56:44Z
2026-10-04T19:50:35.9602500Z Worker ID: {7b78693f-033f-4df6-9f4e-0a8683385399}
2026-10-04T19:50:35.9602956Z Azure Region: centralus
2026-10-04T19:50:35.9603303Z ##[endgroup]
2026-10-04T19:50:35.9604104Z ##[group]Operating System
2026-10-04T19:50:35.9604499Z Ubuntu
2026-10-04T19:50:35.9604799Z 24.04.5
2026-10-04T19:50:35.9605153Z LTS
2026-10-04T19:50:35.9605462Z ##[endgroup]
2026-10-04T19:50:35.9605851Z ##[group]Runner Image
2026-10-04T19:50:35.9606212Z Image: ubuntu-24.04
2026-10-04T19:50:35.9606577Z Version: 20260927.320.1
2026-10-04T19:50:35.9607347Z Included Software: https://github.com/actions/runner-images/blob/ubuntu24/20260927.320/images/ubuntu/Ubuntu2404-Readme.md
2026-10-04T19:50:35.9608263Z Image Release: https://github.com/actions/runner-images/releases/tag/ubuntu24%2F20260927.320
2026-10-04T19:50:35.9608827Z ##[endgroup]
2026-10-04T19:50:35.9609546Z ##[group]GITHUB_TOKEN Permissions
2026-10-04T19:50:35.9610798Z Contents: read
2026-10-04T19:50:35.9611164Z Metadata: read
2026-10-04T19:50:35.9611550Z Packages: read
2026-10-04T19:50:35.9611881Z ##[endgroup]
2026-10-04T19:50:35.9613166Z Secret source: Actions
2026-10-04T19:50:35.9613728Z Cache mode: write
2026-10-04T19:50:35.9614125Z Prepare workflow directory
2026-10-04T19:50:36.1043509Z Prepare all required actions
2026-10-04T19:50:36.1086067Z Getting action download info
2026-10-04T19:50:36.3412499Z Download action repository 'actions/checkout@v6' (SHA:d23441a48e516b6c34aea4fa41551a30e30af803)
2026-10-04T19:50:36.9387312Z Download action repository 'actions/setup-node@v6' (SHA:249970729cb0ef3589644e2896645e5dc5ba9c38)
2026-10-04T19:50:37.6121769Z Complete job name: mwb-3-live-tests
2026-10-04T19:50:37.6534644Z ##[group]Checking docker version
2026-10-04T19:50:37.6543372Z ##[command]/usr/bin/docker version --format '{{.Server.APIVersion}}'
2026-10-04T19:50:38.7519063Z '1.48'
2026-10-04T19:50:38.7526395Z Docker daemon API version: '1.48'
2026-10-04T19:50:38.7526671Z ##[command]/usr/bin/docker version --format '{{.Client.APIVersion}}'
2026-10-04T19:50:38.7747780Z '1.48'
2026-10-04T19:50:38.7759377Z Docker client API version: '1.48'
2026-10-04T19:50:38.7764051Z ##[endgroup]
2026-10-04T19:50:38.7765234Z ##[group]Clean up resources from previous jobs
2026-10-04T19:50:38.7769403Z ##[command]/usr/bin/docker ps --all --quiet --no-trunc --filter "label=9a69ff"
2026-10-04T19:50:38.7914738Z ##[command]/usr/bin/docker network prune --force --filter "label=9a69ff"
2026-10-04T19:50:38.8003294Z ##[endgroup]
2026-10-04T19:50:38.8003476Z ##[group]Create local container network
2026-10-04T19:50:38.8009230Z ##[command]/usr/bin/docker network create --label 9a69ff github_network_107270af792a422ab2478d14e26cb36f
2026-10-04T19:50:38.8377534Z 800ee264f8ebcc9eeac0b2d14cc0efe588fd2cd2db2d8b05b4816af4cb2b7447
2026-10-04T19:50:38.8393571Z ##[endgroup]
2026-10-04T19:50:38.8411149Z ##[group]Starting postgres service container
2026-10-04T19:50:38.8425003Z ##[command]/usr/bin/docker pull postgres:15
2026-10-04T19:50:39.4360237Z 15: Pulling from library/postgres
2026-10-04T19:50:39.5816327Z 6b37362b3da7: Pulling fs layer
2026-10-04T19:50:39.5816678Z 0d791b2b75ae: Pulling fs layer
2026-10-04T19:50:39.5816893Z 0d39881c83f7: Pulling fs layer
2026-10-04T19:50:39.5817104Z c95afe7c234f: Pulling fs layer
2026-10-04T19:50:39.5817308Z bc176b99a33a: Pulling fs layer
2026-10-04T19:50:39.5817511Z 08a5cd487deb: Pulling fs layer
2026-10-04T19:50:39.5817721Z eb4d92aaee0a: Pulling fs layer
2026-10-04T19:50:39.5817928Z 75a4dff090e8: Pulling fs layer
2026-10-04T19:50:39.5818146Z afe9a40fb214: Pulling fs layer
2026-10-04T19:50:39.5818385Z ca5e97c0cd7d: Pulling fs layer
2026-10-04T19:50:39.5818596Z 53fa82bdba52: Pulling fs layer
2026-10-04T19:50:39.5818838Z 7b9c6b8e5e6e: Pulling fs layer
2026-10-04T19:50:39.5819284Z b65147f15943: Pulling fs layer
2026-10-04T19:50:39.5819477Z 170d9ea1cd85: Pulling fs layer
2026-10-04T19:50:39.5819665Z c95afe7c234f: Waiting
2026-10-04T19:50:39.5819960Z bc176b99a33a: Waiting
2026-10-04T19:50:39.5820113Z afe9a40fb214: Waiting
2026-10-04T19:50:39.5820228Z 08a5cd487deb: Waiting
2026-10-04T19:50:39.5820339Z eb4d92aaee0a: Waiting
2026-10-04T19:50:39.5820454Z 75a4dff090e8: Waiting
2026-10-04T19:50:39.5820565Z ca5e97c0cd7d: Waiting
2026-10-04T19:50:39.5820675Z 53fa82bdba52: Waiting
2026-10-04T19:50:39.5820786Z 7b9c6b8e5e6e: Waiting
2026-10-04T19:50:39.5820897Z b65147f15943: Waiting
2026-10-04T19:50:39.5821007Z 170d9ea1cd85: Waiting
2026-10-04T19:50:39.7183787Z 0d791b2b75ae: Verifying Checksum
2026-10-04T19:50:39.7184148Z 0d791b2b75ae: Download complete
2026-10-04T19:50:39.8513956Z 0d39881c83f7: Verifying Checksum
2026-10-04T19:50:39.8532308Z 0d39881c83f7: Download complete
2026-10-04T19:50:39.8845338Z 6b37362b3da7: Verifying Checksum
2026-10-04T19:50:39.8847933Z 6b37362b3da7: Download complete
2026-10-04T19:50:39.9096182Z c95afe7c234f: Verifying Checksum
2026-10-04T19:50:39.9096737Z c95afe7c234f: Download complete
2026-10-04T19:50:40.0647333Z 08a5cd487deb: Verifying Checksum
2026-10-04T19:50:40.0647701Z 08a5cd487deb: Download complete
2026-10-04T19:50:40.0676282Z eb4d92aaee0a: Download complete
2026-10-04T19:50:40.0867531Z bc176b99a33a: Verifying Checksum
2026-10-04T19:50:40.0868877Z bc176b99a33a: Download complete
2026-10-04T19:50:40.2259456Z 75a4dff090e8: Verifying Checksum
2026-10-04T19:50:40.2260104Z 75a4dff090e8: Download complete
2026-10-04T19:50:40.2484895Z ca5e97c0cd7d: Verifying Checksum
2026-10-04T19:50:40.2485255Z ca5e97c0cd7d: Download complete
2026-10-04T19:50:40.3655873Z 53fa82bdba52: Verifying Checksum
2026-10-04T19:50:40.3656419Z 53fa82bdba52: Download complete
2026-10-04T19:50:40.3848157Z 7b9c6b8e5e6e: Verifying Checksum
2026-10-04T19:50:40.3848833Z 7b9c6b8e5e6e: Download complete
2026-10-04T19:50:40.4878263Z b65147f15943: Verifying Checksum
2026-10-04T19:50:40.4878664Z b65147f15943: Download complete
2026-10-04T19:50:40.5117409Z 170d9ea1cd85: Download complete
2026-10-04T19:50:40.5393767Z 6b37362b3da7: Pull complete
2026-10-04T19:50:40.6768936Z afe9a40fb214: Verifying Checksum
2026-10-04T19:50:40.6769204Z afe9a40fb214: Download complete
2026-10-04T19:50:41.7613602Z 0d791b2b75ae: Pull complete
2026-10-04T19:50:41.9829317Z 0d39881c83f7: Pull complete
2026-10-04T19:50:42.0223692Z c95afe7c234f: Pull complete
2026-10-04T19:50:42.3399424Z bc176b99a33a: Pull complete
2026-10-04T19:50:42.4105287Z 08a5cd487deb: Pull complete
2026-10-04T19:50:42.4178010Z eb4d92aaee0a: Pull complete
2026-10-04T19:50:42.4251837Z 75a4dff090e8: Pull complete
2026-10-04T19:50:45.5783483Z afe9a40fb214: Pull complete
2026-10-04T19:50:45.5888557Z ca5e97c0cd7d: Pull complete
2026-10-04T19:50:45.5950052Z 53fa82bdba52: Pull complete
2026-10-04T19:50:45.6024745Z 7b9c6b8e5e6e: Pull complete
2026-10-04T19:50:45.6080983Z b65147f15943: Pull complete
2026-10-04T19:50:45.6152039Z 170d9ea1cd85: Pull complete
2026-10-04T19:50:45.6178476Z Digest: sha256:724292da1f2e50bdccfc3302ce75bbba7f4a6076701b588cc795fcac65683550
2026-10-04T19:50:45.6188105Z Status: Downloaded newer image for postgres:15
2026-10-04T19:50:45.6194633Z docker.io/library/postgres:15
2026-10-04T19:50:45.6241705Z ##[command]/usr/bin/docker create --name 4e570e75428e4568acc59be593057188_postgres15_baa5cb --label 9a69ff --network github_network_107270af792a422ab2478d14e26cb36f --network-alias postgres -p 5432:5432 --health-cmd "pg_isready -U postgres" --health-interval 10s --health-timeout 5s --health-retries 10 -e "POSTGRES_USER=postgres" -e "POSTGRES_PASSWORD=postgres" -e "POSTGRES_DB=postgres" -e GITHUB_ACTIONS=true -e CI=true postgres:15
2026-10-04T19:50:45.6438024Z a27230fadea3194e552ab46953de1697ae33c4b32c962dce42484b1ea2bb2541
2026-10-04T19:50:45.6457973Z ##[command]/usr/bin/docker start a27230fadea3194e552ab46953de1697ae33c4b32c962dce42484b1ea2bb2541
2026-10-04T19:50:46.4142844Z a27230fadea3194e552ab46953de1697ae33c4b32c962dce42484b1ea2bb2541
2026-10-04T19:50:46.4161734Z ##[command]/usr/bin/docker ps --all --filter id=a27230fadea3194e552ab46953de1697ae33c4b32c962dce42484b1ea2bb2541 --filter status=running --no-trunc --format "{{.ID}} {{.Status}}"
2026-10-04T19:50:46.4342920Z a27230fadea3194e552ab46953de1697ae33c4b32c962dce42484b1ea2bb2541 Up Less than a second (health: starting)
2026-10-04T19:50:46.4358517Z ##[command]/usr/bin/docker port a27230fadea3194e552ab46953de1697ae33c4b32c962dce42484b1ea2bb2541
2026-10-04T19:50:46.4749628Z 5432/tcp -> 0.0.0.0:5432
2026-10-04T19:50:46.4750346Z 5432/tcp -> [::]:5432
2026-10-04T19:50:46.4782116Z ##[endgroup]
2026-10-04T19:50:46.4790286Z ##[group]Waiting for all services to be ready
2026-10-04T19:50:46.4801705Z ##[command]/usr/bin/docker inspect --format="{{if .Config.Healthcheck}}{{print .State.Health.Status}}{{end}}" a27230fadea3194e552ab46953de1697ae33c4b32c962dce42484b1ea2bb2541
2026-10-04T19:50:46.4891714Z starting
2026-10-04T19:50:46.4909545Z postgres service is starting, waiting 2 seconds before checking again.
2026-10-04T19:50:48.4908482Z ##[command]/usr/bin/docker inspect --format="{{if .Config.Healthcheck}}{{print .State.Health.Status}}{{end}}" a27230fadea3194e552ab46953de1697ae33c4b32c962dce42484b1ea2bb2541
2026-10-04T19:50:48.5001755Z starting
2026-10-04T19:50:48.5012715Z postgres service is starting, waiting 3 seconds before checking again.
2026-10-04T19:50:52.3410295Z ##[command]/usr/bin/docker inspect --format="{{if .Config.Healthcheck}}{{print .State.Health.Status}}{{end}}" a27230fadea3194e552ab46953de1697ae33c4b32c962dce42484b1ea2bb2541
2026-10-04T19:50:52.3502401Z starting
2026-10-04T19:50:52.3521388Z postgres service is starting, waiting 7 seconds before checking again.
2026-10-04T19:50:59.3594150Z ##[command]/usr/bin/docker inspect --format="{{if .Config.Healthcheck}}{{print .State.Health.Status}}{{end}}" a27230fadea3194e552ab46953de1697ae33c4b32c962dce42484b1ea2bb2541
2026-10-04T19:50:59.3688682Z healthy
2026-10-04T19:50:59.3703849Z postgres service is healthy.
2026-10-04T19:50:59.3704320Z ##[endgroup]
2026-10-04T19:50:59.3934909Z ##[group]Run actions/checkout@v6
2026-10-04T19:50:59.3935163Z with:
2026-10-04T19:50:59.3935335Z   repository: BradleyGleavePortfolio/growth-project-backend
2026-10-04T19:50:59.3936766Z   token: ***
2026-10-04T19:50:59.3936883Z   ssh-strict: true
2026-10-04T19:50:59.3936997Z   ssh-user: git
2026-10-04T19:50:59.3937118Z   persist-credentials: true
2026-10-04T19:50:59.3937256Z   clean: true
2026-10-04T19:50:59.3937383Z   sparse-checkout-cone-mode: true
2026-10-04T19:50:59.3937525Z   fetch-depth: 1
2026-10-04T19:50:59.3937637Z   fetch-tags: false
2026-10-04T19:50:59.3937753Z   show-progress: true
2026-10-04T19:50:59.3937870Z   lfs: false
2026-10-04T19:50:59.3937973Z   submodules: false
2026-10-04T19:50:59.3938092Z   set-safe-directory: true
2026-10-04T19:50:59.3938229Z   allow-unsafe-pr-checkout: false
2026-10-04T19:50:59.3938437Z env:
2026-10-04T19:50:59.3938670Z   DATABASE_URL: ***localhost:5432/postgres
2026-10-04T19:50:59.3938899Z   DIRECT_URL: ***localhost:5432/postgres
2026-10-04T19:50:59.3939176Z   MWB3_TEST_DATABASE_URL: ***localhost:5432/postgres
2026-10-04T19:50:59.3939343Z ##[endgroup]
2026-10-04T19:50:59.4607171Z Syncing repository: BradleyGleavePortfolio/growth-project-backend
2026-10-04T19:50:59.4608004Z ##[group]Getting Git version info
2026-10-04T19:50:59.4608276Z Working directory is '/home/runner/work/growth-project-backend/growth-project-backend'
2026-10-04T19:50:59.4608639Z [command]/usr/bin/git version
2026-10-04T19:50:59.4670770Z git version 2.55.0
2026-10-04T19:50:59.4684549Z ##[endgroup]
2026-10-04T19:50:59.4693692Z Temporarily overriding HOME='/home/runner/work/_temp/3de6ddd3-35c9-4398-b741-a531da2a98a6' before making global git config changes
2026-10-04T19:50:59.4694151Z Adding repository directory to the temporary git global config as a safe directory
2026-10-04T19:50:59.4697848Z [command]/usr/bin/git config --global --add safe.directory /home/runner/work/growth-project-backend/growth-project-backend
2026-10-04T19:50:59.4740988Z Deleting the contents of '/home/runner/work/growth-project-backend/growth-project-backend'
2026-10-04T19:50:59.4743226Z ##[group]Determining repository object format
2026-10-04T19:50:59.4744838Z ##[endgroup]
2026-10-04T19:50:59.4745179Z ##[group]Initializing the repository
2026-10-04T19:50:59.4748462Z [command]/usr/bin/git init /home/runner/work/growth-project-backend/growth-project-backend
2026-10-04T19:50:59.4849666Z hint: Using 'master' as the name for the initial branch. This default branch name
2026-10-04T19:50:59.4850197Z hint: will change to "main" in Git 3.0. To configure the initial branch name
2026-10-04T19:50:59.4850622Z hint: to use in all of your new repositories, which will suppress this warning,
2026-10-04T19:50:59.4850896Z hint: call:
2026-10-04T19:50:59.4851013Z hint:
2026-10-04T19:50:59.4851192Z hint: 	git config --global init.defaultBranch <name>
2026-10-04T19:50:59.4851369Z hint:
2026-10-04T19:50:59.4851547Z hint: Names commonly chosen instead of 'master' are 'main', 'trunk' and
2026-10-04T19:50:59.4851868Z hint: 'development'. The just-created branch can be renamed via this command:
2026-10-04T19:50:59.4852081Z hint:
2026-10-04T19:50:59.4852202Z hint: 	git branch -m <name>
2026-10-04T19:50:59.4852353Z hint:
2026-10-04T19:50:59.4852650Z hint: Disable this message with "git config set advice.defaultBranchName false"
2026-10-04T19:50:59.4853241Z Initialized empty Git repository in /home/runner/work/growth-project-backend/growth-project-backend/.git/
2026-10-04T19:50:59.4860778Z [command]/usr/bin/git remote add origin https://github.com/BradleyGleavePortfolio/growth-project-backend
2026-10-04T19:50:59.4898537Z ##[endgroup]
2026-10-04T19:50:59.4898771Z ##[group]Disabling automatic garbage collection
2026-10-04T19:50:59.4901455Z [command]/usr/bin/git config --local gc.auto 0
2026-10-04T19:50:59.4923794Z ##[endgroup]
2026-10-04T19:50:59.4924009Z ##[group]Setting up auth
2026-10-04T19:50:59.4924968Z Removing SSH command configuration
2026-10-04T19:50:59.4928908Z [command]/usr/bin/git config --local --name-only --get-regexp core\.sshCommand
2026-10-04T19:50:59.4952110Z [command]/usr/bin/git submodule foreach --recursive sh -c "git config --local --name-only --get-regexp 'core\.sshCommand' && git config --local --unset-all 'core.sshCommand' || :"
2026-10-04T19:50:59.5236349Z Removing HTTP extra header
2026-10-04T19:50:59.5241124Z [command]/usr/bin/git config --local --name-only --get-regexp http\.https\:\/\/github\.com\/\.extraheader
2026-10-04T19:50:59.5265080Z [command]/usr/bin/git submodule foreach --recursive sh -c "git config --local --name-only --get-regexp 'http\.https\:\/\/github\.com\/\.extraheader' && git config --local --unset-all 'http.https://github.com/.extraheader' || :"
2026-10-04T19:50:59.5428722Z Removing includeIf entries pointing to credentials config files
2026-10-04T19:50:59.5434059Z [command]/usr/bin/git config --local --name-only --get-regexp ^includeIf\.gitdir:
2026-10-04T19:50:59.5459653Z [command]/usr/bin/git submodule foreach --recursive git config --local --show-origin --name-only --get-regexp remote.origin.url
2026-10-04T19:50:59.5629512Z [command]/usr/bin/git config --file /home/runner/work/_temp/git-credentials-5cf0b49f-c33f-4216-b7b0-04ed41f79484.config http.https://github.com/.extraheader AUTHORIZATION: basic ***
2026-10-04T19:50:59.5657469Z [command]/usr/bin/git config --local includeIf.gitdir:/home/runner/work/growth-project-backend/growth-project-backend/.git.path /home/runner/work/_temp/git-credentials-5cf0b49f-c33f-4216-b7b0-04ed41f79484.config
2026-10-04T19:50:59.5681299Z [command]/usr/bin/git config --local includeIf.gitdir:/home/runner/work/growth-project-backend/growth-project-backend/.git/worktrees/*.path /home/runner/work/_temp/git-credentials-5cf0b49f-c33f-4216-b7b0-04ed41f79484.config
2026-10-04T19:50:59.5706391Z [command]/usr/bin/git config --local includeIf.gitdir:/github/workspace/.git.path /github/runner_temp/git-credentials-5cf0b49f-c33f-4216-b7b0-04ed41f79484.config
2026-10-04T19:50:59.5735472Z [command]/usr/bin/git config --local includeIf.gitdir:/github/workspace/.git/worktrees/*.path /github/runner_temp/git-credentials-5cf0b49f-c33f-4216-b7b0-04ed41f79484.config
2026-10-04T19:50:59.5756162Z ##[endgroup]
2026-10-04T19:50:59.5756475Z ##[group]Fetching the repository
2026-10-04T19:50:59.5762626Z [command]/usr/bin/git -c protocol.version=2 fetch --no-tags --prune --no-recurse-submodules --depth=1 origin +b8f3d2b94f9d230cec29f1f868121eeb0014be30:refs/remotes/pull/674/merge
2026-10-04T19:51:01.0820657Z From https://github.com/BradleyGleavePortfolio/growth-project-backend
2026-10-04T19:51:01.0821415Z  * [new ref]         b8f3d2b94f9d230cec29f1f868121eeb0014be30 -> pull/674/merge
2026-10-04T19:51:01.0826874Z ##[endgroup]
2026-10-04T19:51:01.0827452Z ##[group]Determining the checkout info
2026-10-04T19:51:01.0828052Z ##[endgroup]
2026-10-04T19:51:01.0831520Z [command]/usr/bin/git sparse-checkout disable
2026-10-04T19:51:01.0875156Z [command]/usr/bin/git config --local --unset-all extensions.worktreeConfig
2026-10-04T19:51:01.0898580Z ##[group]Checking out the ref
2026-10-04T19:51:01.0901198Z [command]/usr/bin/git checkout --progress --force refs/remotes/pull/674/merge
2026-10-04T19:51:01.2436929Z Note: switching to 'refs/remotes/pull/674/merge'.
2026-10-04T19:51:01.2437167Z 
2026-10-04T19:51:01.2437367Z You are in 'detached HEAD' state. You can look around, make experimental
2026-10-04T19:51:01.2437770Z changes and commit them, and you can discard any commits you make in this
2026-10-04T19:51:01.2438163Z state without impacting any branches by switching back to a branch.
2026-10-04T19:51:01.2438505Z 
2026-10-04T19:51:01.2438658Z If you want to create a new branch to retain commits you create, you may
2026-10-04T19:51:01.2439032Z do so (now or later) by using -c with the switch command. Example:
2026-10-04T19:51:01.2439247Z 
2026-10-04T19:51:01.2439343Z   git switch -c <new-branch-name>
2026-10-04T19:51:01.2439492Z 
2026-10-04T19:51:01.2439582Z Or undo this operation with:
2026-10-04T19:51:01.2439717Z 
2026-10-04T19:51:01.2439961Z   git switch -
2026-10-04T19:51:01.2440085Z 
2026-10-04T19:51:01.2440521Z Turn off this advice by setting config variable advice.detachedHead to false
2026-10-04T19:51:01.2440770Z 
2026-10-04T19:51:01.2441044Z HEAD is now at b8f3d2b Merge 4964477594195ae02b5ddf0f3c12c76a9484c3de into 3e9a9a75f8ec2071526555af068e7fad36cd09e6
2026-10-04T19:51:01.2450019Z ##[endgroup]
2026-10-04T19:51:01.2488651Z [command]/usr/bin/git log -1 --format=%H
2026-10-04T19:51:01.2508258Z b8f3d2b94f9d230cec29f1f868121eeb0014be30
2026-10-04T19:51:01.2689090Z ##[group]Run actions/setup-node@v6
2026-10-04T19:51:01.2689242Z with:
2026-10-04T19:51:01.2689354Z   node-version: 20
2026-10-04T19:51:01.2689467Z   cache: npm
2026-10-04T19:51:01.2689578Z   check-latest: false
2026-10-04T19:51:01.2691127Z   token: ***
2026-10-04T19:51:01.2691249Z   package-manager-cache: true
2026-10-04T19:51:01.2691387Z env:
2026-10-04T19:51:01.2691623Z   DATABASE_URL: ***localhost:5432/postgres
2026-10-04T19:51:01.2691868Z   DIRECT_URL: ***localhost:5432/postgres
2026-10-04T19:51:01.2692107Z   MWB3_TEST_DATABASE_URL: ***localhost:5432/postgres
2026-10-04T19:51:01.2692282Z ##[endgroup]
2026-10-04T19:51:01.3817635Z Attempting to download 20...
2026-10-04T19:51:02.0941158Z Acquiring 20.20.2 - x64 from https://github.com/actions/node-versions/releases/download/20.20.2-23521894959/node-20.20.2-linux-x64.tar.gz
2026-10-04T19:51:02.5416581Z Extracting ...
2026-10-04T19:51:02.5496767Z [command]/usr/bin/tar xz --strip 1 --warning=no-unknown-keyword --overwrite -C /home/runner/work/_temp/cb14a74c-3570-4483-969e-492bf8d66776 -f /home/runner/work/_temp/2a480f67-fc23-41aa-a101-78f4de3ec9b0
2026-10-04T19:51:03.2978023Z Adding to the cache ...
2026-10-04T19:51:04.7358561Z ##[group]Environment details
2026-10-04T19:51:04.9962439Z node: v20.20.2
2026-10-04T19:51:04.9962628Z npm: 10.8.2
2026-10-04T19:51:04.9962739Z yarn: 1.22.22
2026-10-04T19:51:04.9963103Z ##[endgroup]
2026-10-04T19:51:04.9975056Z [command]/opt/hostedtoolcache/node/20.20.2/x64/bin/npm config get cache
2026-10-04T19:51:05.0619255Z /home/runner/.npm
2026-10-04T19:51:05.2162950Z Cache hit for: node-cache-Linux-x64-npm-07f78abbac5e2cbfcef112b8b919e298f8da38fa5e6aaf98a3625ef672bd5b12
2026-10-04T19:51:06.2149502Z Received 86828135 of 86828135 (100.0%), 97.3 MBs/sec
2026-10-04T19:51:06.2150322Z Cache Size: ~83 MB (86828135 B)
2026-10-04T19:51:06.2231745Z [command]/usr/bin/tar -xf /home/runner/work/_temp/3d29511e-b65b-450c-bd27-5f1672e15b66/cache.tzst -P -C /home/runner/work/growth-project-backend/growth-project-backend --use-compress-program unzstd
2026-10-04T19:51:06.3607689Z Cache restored successfully
2026-10-04T19:51:06.3647339Z Cache restored from key: node-cache-Linux-x64-npm-07f78abbac5e2cbfcef112b8b919e298f8da38fa5e6aaf98a3625ef672bd5b12
2026-10-04T19:51:06.3802708Z ##[group]Run npm ci
2026-10-04T19:51:06.3802893Z [36;1mnpm ci[0m
2026-10-04T19:51:06.3980812Z shell: /usr/bin/bash -e {0}
2026-10-04T19:51:06.3980974Z env:
2026-10-04T19:51:06.3981338Z   DATABASE_URL: ***localhost:5432/postgres
2026-10-04T19:51:06.3981572Z   DIRECT_URL: ***localhost:5432/postgres
2026-10-04T19:51:06.3981837Z   MWB3_TEST_DATABASE_URL: ***localhost:5432/postgres
2026-10-04T19:51:06.3982013Z ##[endgroup]
2026-10-04T19:51:09.8794291Z npm warn deprecated jpeg-exif@1.1.4: Package no longer supported. Contact Support at https://www.npmjs.com/support for more info.
2026-10-04T19:51:09.8988092Z npm warn deprecated inflight@1.0.6: This module is not supported, and leaks memory. Do not use it. Check out lru-cache if you want a good and tested way to coalesce async requests by a key value, which is much more comprehensive and powerful.
2026-10-04T19:51:11.5660949Z npm warn deprecated glob@7.2.3: Old versions of glob are not supported, and contain widely publicized security vulnerabilities, which have been fixed in the current version. Please update. Support for old versions may be purchased (at exorbitant rates) by contacting i@izs.me
2026-10-04T19:51:12.5928681Z npm warn deprecated glob@10.5.0: Old versions of glob are not supported, and contain widely publicized security vulnerabilities, which have been fixed in the current version. Please update. Support for old versions may be purchased (at exorbitant rates) by contacting i@izs.me
2026-10-04T19:51:12.6157677Z npm warn deprecated glob@10.5.0: Old versions of glob are not supported, and contain widely publicized security vulnerabilities, which have been fixed in the current version. Please update. Support for old versions may be purchased (at exorbitant rates) by contacting i@izs.me
2026-10-04T19:51:12.6754708Z npm warn deprecated glob@10.5.0: Old versions of glob are not supported, and contain widely publicized security vulnerabilities, which have been fixed in the current version. Please update. Support for old versions may be purchased (at exorbitant rates) by contacting i@izs.me
2026-10-04T19:51:19.2308716Z 
2026-10-04T19:51:19.2309688Z > growth-project-backend@1.0.0 postinstall
2026-10-04T19:51:19.2310189Z > prisma generate
2026-10-04T19:51:19.2310325Z 
2026-10-04T19:51:19.7640457Z Prisma schema loaded from prisma/schema.prisma
2026-10-04T19:51:21.9435604Z ┌─────────────────────────────────────────────────────────┐
2026-10-04T19:51:21.9436405Z │  Update available 6.19.3 -> 8.0.0-rc.19                 │
2026-10-04T19:51:21.9436581Z 
2026-10-04T19:51:21.9436972Z ✔ Generated Prisma Client (v6.19.3) to ./node_modules/@prisma/client in 1.18s
2026-10-04T19:51:21.9437201Z 
2026-10-04T19:51:21.9437658Z Start by importing your Prisma Client (See: https://pris.ly/d/importing-client)
2026-10-04T19:51:21.9437838Z 
2026-10-04T19:51:21.9438263Z Tip: Interested in query caching in just a few lines of code? Try Accelerate today! https://pris.ly/tip-3-accelerate
2026-10-04T19:51:21.9438536Z 
2026-10-04T19:51:21.9438956Z │                                                         │
2026-10-04T19:51:21.9439366Z │  This is a major update - please follow the guide at    │
2026-10-04T19:51:21.9439905Z │  https://pris.ly/d/major-version-upgrade                │
2026-10-04T19:51:21.9440408Z │                                                         │
2026-10-04T19:51:21.9440907Z │  Run the following to update                            │
2026-10-04T19:51:21.9441745Z │    npm i --save-dev prisma@latest                       │
2026-10-04T19:51:21.9442243Z │    npm i @prisma/client@latest                          │
2026-10-04T19:51:21.9442696Z └─────────────────────────────────────────────────────────┘
2026-10-04T19:51:21.9905923Z 
2026-10-04T19:51:21.9906316Z > growth-project-backend@1.0.0 prepare
2026-10-04T19:51:21.9906553Z > lefthook install
2026-10-04T19:51:21.9906634Z 
2026-10-04T19:51:22.0292013Z sync hooks: ✔️(pre-commit, commit-msg)
2026-10-04T19:51:22.0408662Z 
2026-10-04T19:51:22.0409071Z added 1115 packages, and audited 1116 packages in 16s
2026-10-04T19:51:22.0409629Z 
2026-10-04T19:51:22.0409926Z 202 packages are looking for funding
2026-10-04T19:51:22.0410184Z   run `npm fund` for details
2026-10-04T19:51:22.0447313Z 
2026-10-04T19:51:22.0447561Z 3 high severity vulnerabilities
2026-10-04T19:51:22.0447725Z 
2026-10-04T19:51:22.0447914Z To address all issues (including breaking changes), run:
2026-10-04T19:51:22.0448181Z   npm audit fix --force
2026-10-04T19:51:22.0448266Z 
2026-10-04T19:51:22.0448451Z Run `npm audit` for details.
2026-10-04T19:51:22.0973227Z ##[group]Run npx prisma generate
2026-10-04T19:51:22.0973424Z [36;1mnpx prisma generate[0m
2026-10-04T19:51:22.1034137Z shell: /usr/bin/bash -e {0}
2026-10-04T19:51:22.1034289Z env:
2026-10-04T19:51:22.1034791Z   DATABASE_URL: ***localhost:5432/postgres
2026-10-04T19:51:22.1035078Z   DIRECT_URL: ***localhost:5432/postgres
2026-10-04T19:51:22.1035317Z   MWB3_TEST_DATABASE_URL: ***localhost:5432/postgres
2026-10-04T19:51:22.1035487Z ##[endgroup]
2026-10-04T19:51:22.8161475Z Prisma schema loaded from prisma/schema.prisma
2026-10-04T19:51:24.9736406Z 
2026-10-04T19:51:24.9737503Z ✔ Generated Prisma Client (v6.19.3) to ./node_modules/@prisma/client in 1.14s
2026-10-04T19:51:24.9737821Z 
2026-10-04T19:51:24.9738128Z Start by importing your Prisma Client (See: https://pris.ly/d/importing-client)
2026-10-04T19:51:24.9738390Z 
2026-10-04T19:51:24.9738670Z Tip: Want to turn off tips and other hints? https://pris.ly/tip-4-nohints
2026-10-04T19:51:24.9738900Z 
2026-10-04T19:51:25.0248063Z ##[group]Run sudo apt-get update && sudo apt-get install -y postgresql-client
2026-10-04T19:51:25.0248388Z [36;1msudo apt-get update && sudo apt-get install -y postgresql-client[0m
2026-10-04T19:51:25.0298354Z shell: /usr/bin/bash -e {0}
2026-10-04T19:51:25.0298491Z env:
2026-10-04T19:51:25.0298843Z   DATABASE_URL: ***localhost:5432/postgres
2026-10-04T19:51:25.0299065Z   DIRECT_URL: ***localhost:5432/postgres
2026-10-04T19:51:25.0299300Z   MWB3_TEST_DATABASE_URL: ***localhost:5432/postgres
2026-10-04T19:51:25.0299464Z ##[endgroup]
2026-10-04T19:51:25.1532839Z Get:1 file:/etc/apt/apt-mirrors.txt Mirrorlist [144 B]
2026-10-04T19:51:25.1757522Z Get:6 https://packages.microsoft.com/ubuntu/24.04/prod noble InRelease [3600 B]
2026-10-04T19:51:25.1942323Z Hit:2 http://azure.archive.ubuntu.com/ubuntu noble InRelease
2026-10-04T19:51:25.1950920Z Get:3 http://azure.archive.ubuntu.com/ubuntu noble-updates InRelease [126 kB]
2026-10-04T19:51:25.2022484Z Get:4 http://azure.archive.ubuntu.com/ubuntu noble-backports InRelease [126 kB]
2026-10-04T19:51:25.2070359Z Get:5 http://azure.archive.ubuntu.com/ubuntu noble-security InRelease [126 kB]
2026-10-04T19:51:25.2765485Z Get:7 https://packages.microsoft.com/ubuntu/24.04/prod noble/main arm64 Packages [458 kB]
2026-10-04T19:51:25.2999328Z Get:8 https://packages.microsoft.com/ubuntu/24.04/prod noble/main amd64 Packages [511 kB]
2026-10-04T19:51:25.3080591Z Get:9 https://packages.microsoft.com/ubuntu/24.04/prod noble/main armhf Packages [12.6 kB]
2026-10-04T19:51:25.3681960Z Get:10 http://azure.archive.ubuntu.com/ubuntu noble-updates/main amd64 Packages [1364 kB]
2026-10-04T19:51:25.3734549Z Get:11 http://azure.archive.ubuntu.com/ubuntu noble-updates/main Translation-en [304 kB]
2026-10-04T19:51:25.3788249Z Get:12 http://azure.archive.ubuntu.com/ubuntu noble-updates/main amd64 Components [181 kB]
2026-10-04T19:51:25.3804102Z Get:13 http://azure.archive.ubuntu.com/ubuntu noble-updates/universe amd64 Packages [1699 kB]
2026-10-04T19:51:25.3882096Z Get:14 http://azure.archive.ubuntu.com/ubuntu noble-updates/universe Translation-en [341 kB]
2026-10-04T19:51:25.3903005Z Get:15 http://azure.archive.ubuntu.com/ubuntu noble-updates/universe amd64 Components [388 kB]
2026-10-04T19:51:25.3932353Z Get:16 http://azure.archive.ubuntu.com/ubuntu noble-updates/restricted amd64 Packages [1720 kB]
2026-10-04T19:51:25.4010279Z Get:17 http://azure.archive.ubuntu.com/ubuntu noble-updates/restricted Translation-en [394 kB]
2026-10-04T19:51:25.4014742Z Get:18 http://azure.archive.ubuntu.com/ubuntu noble-updates/multiverse amd64 Components [940 B]
2026-10-04T19:51:25.4118825Z Get:19 http://azure.archive.ubuntu.com/ubuntu noble-backports/main amd64 Components [5776 B]
2026-10-04T19:51:25.4662131Z Get:20 http://azure.archive.ubuntu.com/ubuntu noble-backports/universe amd64 Components [12.6 kB]
2026-10-04T19:51:25.4671533Z Get:21 http://azure.archive.ubuntu.com/ubuntu noble-security/main amd64 Packages [1069 kB]
2026-10-04T19:51:25.4710150Z Get:22 http://azure.archive.ubuntu.com/ubuntu noble-security/main Translation-en [221 kB]
2026-10-04T19:51:25.4723280Z Get:23 http://azure.archive.ubuntu.com/ubuntu noble-security/main amd64 Components [46.4 kB]
2026-10-04T19:51:25.4732695Z Get:24 http://azure.archive.ubuntu.com/ubuntu noble-security/universe amd64 Packages [1216 kB]
2026-10-04T19:51:25.4775671Z Get:25 http://azure.archive.ubuntu.com/ubuntu noble-security/universe Translation-en [244 kB]
2026-10-04T19:51:25.4789961Z Get:26 http://azure.archive.ubuntu.com/ubuntu noble-security/universe amd64 Components [76.4 kB]
2026-10-04T19:51:25.4799378Z Get:27 http://azure.archive.ubuntu.com/ubuntu noble-security/restricted amd64 Packages [1566 kB]
2026-10-04T19:51:25.4855537Z Get:28 http://azure.archive.ubuntu.com/ubuntu noble-security/restricted Translation-en [361 kB]
2026-10-04T19:51:34.5400038Z Fetched 12.6 MB in 1s (11.3 MB/s)
2026-10-04T19:51:35.0863013Z Reading package lists...
2026-10-04T19:51:35.1109745Z Reading package lists...
2026-10-04T19:51:35.2422839Z Building dependency tree...
2026-10-04T19:51:35.2428476Z Reading state information...
2026-10-04T19:51:35.3727278Z The following NEW packages will be installed:
2026-10-04T19:51:35.3727681Z   postgresql-client
2026-10-04T19:51:35.3852418Z 0 upgraded, 1 newly installed, 0 to remove and 25 not upgraded.
2026-10-04T19:51:35.3852805Z Need to get 11.6 kB of archives.
2026-10-04T19:51:35.3853175Z After this operation, 17.4 kB of additional disk space will be used.
2026-10-04T19:51:35.3853592Z Get:1 file:/etc/apt/apt-mirrors.txt Mirrorlist [144 B]
2026-10-04T19:51:35.4568157Z Get:2 http://azure.archive.ubuntu.com/ubuntu noble-updates/main amd64 postgresql-client all 16+257build1.1 [11.6 kB]
2026-10-04T19:51:35.6510109Z Fetched 11.6 kB in 0s (146 kB/s)
2026-10-04T19:51:35.7176952Z Selecting previously unselected package postgresql-client.
2026-10-04T19:51:35.7914090Z (Reading database ... 
2026-10-04T19:51:35.7914564Z (Reading database ... 5%
2026-10-04T19:51:35.7914871Z (Reading database ... 10%
2026-10-04T19:51:35.7915057Z (Reading database ... 15%
2026-10-04T19:51:35.7915200Z (Reading database ... 20%
2026-10-04T19:51:35.7915342Z (Reading database ... 25%
2026-10-04T19:51:35.7915477Z (Reading database ... 30%
2026-10-04T19:51:35.7915615Z (Reading database ... 35%
2026-10-04T19:51:35.7915755Z (Reading database ... 40%
2026-10-04T19:51:35.7915891Z (Reading database ... 45%
2026-10-04T19:51:35.7916029Z (Reading database ... 50%
2026-10-04T19:51:35.8350582Z (Reading database ... 55%
2026-10-04T19:51:36.3472980Z (Reading database ... 60%
2026-10-04T19:51:36.6213306Z (Reading database ... 65%
2026-10-04T19:51:36.9264001Z (Reading database ... 70%
2026-10-04T19:51:37.2140151Z (Reading database ... 75%
2026-10-04T19:51:37.6250919Z (Reading database ... 80%
2026-10-04T19:51:38.2114273Z (Reading database ... 85%
2026-10-04T19:51:38.8752241Z (Reading database ... 90%
2026-10-04T19:51:39.5961483Z (Reading database ... 95%
2026-10-04T19:51:39.5962029Z (Reading database ... 100%
2026-10-04T19:51:39.5962299Z (Reading database ... 202296 files and directories currently installed.)
2026-10-04T19:51:39.6000041Z Preparing to unpack .../postgresql-client_16+257build1.1_all.deb ...
2026-10-04T19:51:39.6034314Z Unpacking postgresql-client (16+257build1.1) ...
2026-10-04T19:51:39.6332855Z Setting up postgresql-client (16+257build1.1) ...
2026-10-04T19:51:40.6724653Z 
2026-10-04T19:51:40.6725291Z Running kernel seems to be up-to-date.
2026-10-04T19:51:40.6725556Z 
2026-10-04T19:51:40.6725693Z No services need to be restarted.
2026-10-04T19:51:40.6725852Z 
2026-10-04T19:51:40.6725984Z No containers need to be restarted.
2026-10-04T19:51:40.6726137Z 
2026-10-04T19:51:40.6726295Z No user sessions are running outdated binaries.
2026-10-04T19:51:40.6726480Z 
2026-10-04T19:51:40.6726717Z No VM guests are running outdated hypervisor (qemu) binaries on this host.
2026-10-04T19:51:41.4545243Z ##[group]Run psql "$DATABASE_URL" -v ON_ERROR_STOP=1 -c \
2026-10-04T19:51:41.4545515Z [36;1mpsql "$DATABASE_URL" -v ON_ERROR_STOP=1 -c \[0m
2026-10-04T19:51:41.4545952Z [36;1m  "DO \$do\$ BEGIN IF NOT EXISTS (SELECT 1 FROM pg_roles WHERE rolname = 'app_authenticated') THEN CREATE ROLE app_authenticated NOLOGIN NOINHERIT NOBYPASSRLS; END IF; END \$do\$;"[0m
2026-10-04T19:51:41.4599503Z shell: /usr/bin/bash -e {0}
2026-10-04T19:51:41.4599654Z env:
2026-10-04T19:51:41.4600139Z   DATABASE_URL: ***localhost:5432/postgres
2026-10-04T19:51:41.4600379Z   DIRECT_URL: ***localhost:5432/postgres
2026-10-04T19:51:41.4600627Z   MWB3_TEST_DATABASE_URL: ***localhost:5432/postgres
2026-10-04T19:51:41.4600806Z ##[endgroup]
2026-10-04T19:51:41.5889683Z DO
2026-10-04T19:51:41.5926559Z ##[group]Run npx jest \
2026-10-04T19:51:41.5926740Z [36;1mnpx jest \[0m
2026-10-04T19:51:41.5926885Z [36;1m  test/mwb-3-lock-token.spec.ts \[0m
2026-10-04T19:51:41.5927081Z [36;1m  test/mwb-3-autosave.controller.spec.ts \[0m
2026-10-04T19:51:41.5927286Z [36;1m  test/mwb-3-autosave.service.spec.ts \[0m
2026-10-04T19:51:41.5927479Z [36;1m  test/mwb-3-undo.spec.ts \[0m
2026-10-04T19:51:41.5927659Z [36;1m  test/mwb-3-revision-prune.cron.spec.ts \[0m
2026-10-04T19:51:41.5927866Z [36;1m  test/profile-put-concurrency.live.spec.ts \[0m
2026-10-04T19:51:41.5928082Z [36;1m  test/onboarding-tenancy-fence.live.spec.ts \[0m
2026-10-04T19:51:41.5928283Z [36;1m  --runInBand --testTimeout=120000[0m
2026-10-04T19:51:41.5981744Z shell: /usr/bin/bash -e {0}
2026-10-04T19:51:41.5981892Z env:
2026-10-04T19:51:41.5982206Z   DATABASE_URL: ***localhost:5432/postgres
2026-10-04T19:51:41.5982445Z   DIRECT_URL: ***localhost:5432/postgres
2026-10-04T19:51:41.5982724Z   MWB3_TEST_DATABASE_URL: ***localhost:5432/postgres
2026-10-04T19:51:41.5982913Z   NODE_OPTIONS: --max-old-space-size=4096
2026-10-04T19:51:41.5983073Z ##[endgroup]
2026-10-04T19:51:44.2463719Z [33m[Nest] 3298  - [39m10/04/2026, 7:51:43 PM [33m   WARN[39m [38;5;3m[AnalyticsService] [39m[33mPOSTHOG_KEY not set — analytics are disabled (no-op mode).[39m
2026-10-04T19:51:44.2470332Z [33m[Nest] 3298  - [39m10/04/2026, 7:51:43 PM [33m   WARN[39m [38;5;3m[AnalyticsService] [39m[33mPOSTHOG_KEY not set — analytics are disabled (no-op mode).[39m
2026-10-04T19:51:44.2477251Z [33m[Nest] 3298  - [39m10/04/2026, 7:51:43 PM [33m   WARN[39m [38;5;3m[AnalyticsService] [39m[33mPOSTHOG_KEY not set — analytics are disabled (no-op mode).[39m
2026-10-04T19:51:45.5747283Z [33m[Nest] 3298  - [39m10/04/2026, 7:51:45 PM [33m   WARN[39m [38;5;3m[AnalyticsService] [39m[33mPOSTHOG_KEY not set — analytics are disabled (no-op mode).[39m
2026-10-04T19:51:45.7417554Z PASS test/mwb-3-lock-token.spec.ts (134 MB heap size)
2026-10-04T19:51:48.8274120Z [33m[Nest] 3298  - [39m10/04/2026, 7:51:48 PM [33m   WARN[39m [38;5;3m[AnalyticsService] [39m[33mPOSTHOG_KEY not set — analytics are disabled (no-op mode).[39m
2026-10-04T19:51:48.8453667Z PASS test/mwb-3-autosave.controller.spec.ts (171 MB heap size)
2026-10-04T19:51:51.4875941Z [33m[Nest] 3298  - [39m10/04/2026, 7:51:51 PM [33m   WARN[39m [38;5;3m[AnalyticsService] [39m[33mPOSTHOG_KEY not set — analytics are disabled (no-op mode).[39m
2026-10-04T19:51:51.5787362Z PASS test/mwb-3-autosave.service.spec.ts (123 MB heap size)
2026-10-04T19:51:51.8000059Z [31m[Nest] 3298  - [39m10/04/2026, 7:51:51 PM [31m  ERROR[39m [38;5;3m[WorkoutBuilderRevisionPruneCron] [39m[31mRevision prune failed for plan B: boom[39m
2026-10-04T19:51:51.8001024Z Error: boom
2026-10-04T19:51:51.8002035Z     at Object.<anonymous> (/home/runner/work/growth-project-backend/growth-project-backend/test/mwb-3-revision-prune.cron.spec.ts:81:30)
2026-10-04T19:51:51.8003329Z     at Promise.finally.completed (/home/runner/work/growth-project-backend/growth-project-backend/node_modules/jest-circus/build/jestAdapterInit.js:1561:28)
2026-10-04T19:51:51.8004145Z     at new Promise (<anonymous>)
2026-10-04T19:51:51.8004962Z     at callAsyncCircusFn (/home/runner/work/growth-project-backend/growth-project-backend/node_modules/jest-circus/build/jestAdapterInit.js:1501:10)
2026-10-04T19:51:51.8006129Z     at _callCircusTest (/home/runner/work/growth-project-backend/growth-project-backend/node_modules/jest-circus/build/jestAdapterInit.js:1011:40)
2026-10-04T19:51:51.8007228Z     at _runTest (/home/runner/work/growth-project-backend/growth-project-backend/node_modules/jest-circus/build/jestAdapterInit.js:951:3)
2026-10-04T19:51:51.8008293Z     at /home/runner/work/growth-project-backend/growth-project-backend/node_modules/jest-circus/build/jestAdapterInit.js:853:7
2026-10-04T19:51:51.8010454Z     at _runTestsForDescribeBlock (/home/runner/work/growth-project-backend/growth-project-backend/node_modules/jest-circus/build/jestAdapterInit.js:866:11)
2026-10-04T19:51:51.8011758Z     at _runTestsForDescribeBlock (/home/runner/work/growth-project-backend/growth-project-backend/node_modules/jest-circus/build/jestAdapterInit.js:861:11)
2026-10-04T19:51:51.8012881Z     at run (/home/runner/work/growth-project-backend/growth-project-backend/node_modules/jest-circus/build/jestAdapterInit.js:765:3)
2026-10-04T19:51:51.8014055Z     at runAndTransformResultsToJestFormat (/home/runner/work/growth-project-backend/growth-project-backend/node_modules/jest-circus/build/jestAdapterInit.js:1993:21)
2026-10-04T19:51:51.8015210Z     at jestAdapter (/home/runner/work/growth-project-backend/growth-project-backend/node_modules/jest-circus/build/runner.js:111:19)
2026-10-04T19:51:51.8016261Z     at runTestInternal (/home/runner/work/growth-project-backend/growth-project-backend/node_modules/jest-runner/build/index.js:276:16)
2026-10-04T19:51:51.8017309Z     at runTest (/home/runner/work/growth-project-backend/growth-project-backend/node_modules/jest-runner/build/index.js:344:7)
2026-10-04T19:51:51.8019409Z [31m[Nest] 3298  - [39m10/04/2026, 7:51:51 PM [31m  ERROR[39m [38;5;3m[WorkoutBuilderRevisionPruneCron] [39m[31mRevision prune sweep failed to enumerate plans: db down[39m
2026-10-04T19:51:51.8020315Z Error: db down
2026-10-04T19:51:51.8020926Z     at Object.<anonymous> (/home/runner/work/growth-project-backend/growth-project-backend/test/mwb-3-revision-prune.cron.spec.ts:103:28)
2026-10-04T19:51:51.8022005Z     at Promise.finally.completed (/home/runner/work/growth-project-backend/growth-project-backend/node_modules/jest-circus/build/jestAdapterInit.js:1561:28)
2026-10-04T19:51:51.8022730Z     at new Promise (<anonymous>)
2026-10-04T19:51:51.8023406Z     at callAsyncCircusFn (/home/runner/work/growth-project-backend/growth-project-backend/node_modules/jest-circus/build/jestAdapterInit.js:1501:10)
2026-10-04T19:51:51.8024431Z     at _callCircusTest (/home/runner/work/growth-project-backend/growth-project-backend/node_modules/jest-circus/build/jestAdapterInit.js:1011:40)
2026-10-04T19:51:51.8025421Z     at _runTest (/home/runner/work/growth-project-backend/growth-project-backend/node_modules/jest-circus/build/jestAdapterInit.js:951:3)
2026-10-04T19:51:51.8026340Z     at /home/runner/work/growth-project-backend/growth-project-backend/node_modules/jest-circus/build/jestAdapterInit.js:853:7
2026-10-04T19:51:51.8027656Z     at _runTestsForDescribeBlock (/home/runner/work/growth-project-backend/growth-project-backend/node_modules/jest-circus/build/jestAdapterInit.js:866:11)
2026-10-04T19:51:51.8028770Z     at _runTestsForDescribeBlock (/home/runner/work/growth-project-backend/growth-project-backend/node_modules/jest-circus/build/jestAdapterInit.js:861:11)
2026-10-04T19:51:51.8029752Z     at run (/home/runner/work/growth-project-backend/growth-project-backend/node_modules/jest-circus/build/jestAdapterInit.js:765:3)
2026-10-04T19:51:51.8030930Z     at runAndTransformResultsToJestFormat (/home/runner/work/growth-project-backend/growth-project-backend/node_modules/jest-circus/build/jestAdapterInit.js:1993:21)
2026-10-04T19:51:51.8031984Z     at jestAdapter (/home/runner/work/growth-project-backend/growth-project-backend/node_modules/jest-circus/build/runner.js:111:19)
2026-10-04T19:51:51.8032872Z     at runTestInternal (/home/runner/work/growth-project-backend/growth-project-backend/node_modules/jest-runner/build/index.js:276:16)
2026-10-04T19:51:51.8033754Z     at runTest (/home/runner/work/growth-project-backend/growth-project-backend/node_modules/jest-runner/build/index.js:344:7)
2026-10-04T19:51:51.8918730Z [95m[Nest] 3298  - [39m10/04/2026, 7:51:51 PM [95m  DEBUG[39m [38;5;3m[WorkoutBuilderRevisionPruneCron] [39m[95mFEATURE_MWB_AUTOSAVE_UNDO off — revision prune skipped[39m
2026-10-04T19:51:51.8919478Z [32m[Nest] 3298  - [39m10/04/2026, 7:51:51 PM [32m    LOG[39m [38;5;3m[WorkoutBuilderRevisionPruneCron] [39m[32mStarting MWB-3 revision prune sweep[39m
2026-10-04T19:51:51.8921145Z [32m[Nest] 3298  - [39m10/04/2026, 7:51:51 PM [32m    LOG[39m [38;5;3m[WorkoutBuilderRevisionPruneCron] [39m[32mMWB-3 revision prune sweep complete: 2 plan(s) pruned, 8 revision(s) deleted[39m
2026-10-04T19:51:51.8921863Z [32m[Nest] 3298  - [39m10/04/2026, 7:51:51 PM [32m    LOG[39m [38;5;3m[WorkoutBuilderRevisionPruneCron] [39m[32mStarting MWB-3 revision prune sweep[39m
2026-10-04T19:51:55.3113394Z [33m[Nest] 3298  - [39m10/04/2026, 7:51:55 PM [33m   WARN[39m [38;5;3m[AnalyticsService] [39m[33mPOSTHOG_KEY not set — analytics are disabled (no-op mode).[39m
2026-10-04T19:51:55.3114438Z [32m[Nest] 3298  - [39m10/04/2026, 7:51:55 PM [32m    LOG[39m [38;5;3m[WorkoutBuilderRevisionPruneCron] [39m[32mStarting MWB-3 revision prune sweep[39m
2026-10-04T19:51:55.3115308Z [32m[Nest] 3298  - [39m10/04/2026, 7:51:55 PM [32m    LOG[39m [38;5;3m[WorkoutBuilderRevisionPruneCron] [39m[32mMWB-3 revision prune sweep complete: 1 plan(s) pruned, 10 revision(s) deleted[39m
2026-10-04T19:51:55.4269477Z PASS test/mwb-3-revision-prune.cron.spec.ts (158 MB heap size)
2026-10-04T19:51:58.1190950Z [33m[Nest] 3298  - [39m10/04/2026, 7:51:58 PM [33m   WARN[39m [38;5;3m[AnalyticsService] [39m[33mPOSTHOG_KEY not set — analytics are disabled (no-op mode).[39m
2026-10-04T19:51:58.2276462Z PASS test/mwb-3-undo.spec.ts (176 MB heap size)
2026-10-04T19:52:01.1441003Z PASS test/onboarding-tenancy-fence.live.spec.ts (135 MB heap size)
2026-10-04T19:52:03.6451434Z PASS test/profile-put-concurrency.live.spec.ts (171 MB heap size)
2026-10-04T19:52:03.6475114Z 
2026-10-04T19:52:03.6486451Z Test Suites: 7 passed, 7 total
2026-10-04T19:52:03.6486849Z Tests:       62 passed, 62 total
2026-10-04T19:52:03.6487194Z Snapshots:   0 total
2026-10-04T19:52:03.6487471Z Time:        21.516 s
2026-10-04T19:52:03.6488794Z Ran all test suites matching test/mwb-3-lock-token.spec.ts|test/mwb-3-autosave.controller.spec.ts|test/mwb-3-autosave.service.spec.ts|test/mwb-3-undo.spec.ts|test/mwb-3-revision-prune.cron.spec.ts|test/profile-put-concurrency.live.spec.ts|test/onboarding-tenancy-fence.live.spec.ts.
2026-10-04T19:52:03.7923894Z ##[group]Run npx jest --config jest.rls.config.js test/rls-mwb3-autosave-undo.spec.ts --runInBand --testTimeout=120000
2026-10-04T19:52:03.7924373Z [36;1mnpx jest --config jest.rls.config.js test/rls-mwb3-autosave-undo.spec.ts --runInBand --testTimeout=120000[0m
2026-10-04T19:52:03.7976996Z shell: /usr/bin/bash -e {0}
2026-10-04T19:52:03.7977139Z env:
2026-10-04T19:52:03.7977443Z   DATABASE_URL: ***localhost:5432/postgres
2026-10-04T19:52:03.7977679Z   DIRECT_URL: ***localhost:5432/postgres
2026-10-04T19:52:03.7977934Z   MWB3_TEST_DATABASE_URL: ***localhost:5432/postgres
2026-10-04T19:52:03.7978123Z   NODE_OPTIONS: --max-old-space-size=4096
2026-10-04T19:52:03.7978281Z ##[endgroup]
2026-10-04T19:52:07.9375460Z [33m[Nest] 3678  - [39m10/04/2026, 7:52:07 PM [33m   WARN[39m [38;5;3m[AnalyticsService] [39m[33mPOSTHOG_KEY not set — analytics are disabled (no-op mode).[39m
2026-10-04T19:52:08.0262789Z PASS rls-live test/rls-mwb3-autosave-undo.spec.ts (145 MB heap size)
2026-10-04T19:52:08.0263824Z   MWB-3 #13 — WorkoutPlanRevision RLS (sub-coach cross-tenant)
2026-10-04T19:52:08.0270652Z     ✓ a sub-coach on the team CAN read its head coach plan revision (12 ms)
2026-10-04T19:52:08.0271263Z     ✓ a sub-coach CANNOT read another tenant (foreign coach) revision (8 ms)
2026-10-04T19:52:08.0271909Z     ✓ the head coach cannot read the foreign tenant revision either (8 ms)
2026-10-04T19:52:08.0273277Z     ✓ the foreign coach cannot read the head coach revision (7 ms)
2026-10-04T19:52:08.0273759Z     ✓ service_role bypasses RLS and sees both revisions (6 ms)
2026-10-04T19:52:08.0274427Z     ✓ the head coach CAN read its own plan revision (7 ms)
2026-10-04T19:52:08.0274893Z   MWB-3 #1/#8 — autosave concurrency (real service, live DB)
2026-10-04T19:52:08.0275484Z     ✓ #1/#8 two parallel autosaves at base 0: exactly one commits, the other gets a typed 409 (84 ms)
2026-10-04T19:52:08.0275815Z 
2026-10-04T19:52:08.0287458Z Test Suites: 1 passed, 1 total
2026-10-04T19:52:08.0287797Z Tests:       7 passed, 7 total
2026-10-04T19:52:08.0288035Z Snapshots:   0 total
2026-10-04T19:52:08.0288238Z Time:        3.736 s
2026-10-04T19:52:08.0288587Z Ran all test suites matching test/rls-mwb3-autosave-undo.spec.ts.
2026-10-04T19:52:08.1648987Z ##[group]Run npx jest test/roman/roman-session-erase.live.spec.ts --runInBand --testTimeout=120000
2026-10-04T19:52:08.1649687Z [36;1mnpx jest test/roman/roman-session-erase.live.spec.ts --runInBand --testTimeout=120000[0m
2026-10-04T19:52:08.1707259Z shell: /usr/bin/bash -e {0}
2026-10-04T19:52:08.1707480Z env:
2026-10-04T19:52:08.1707886Z   DATABASE_URL: ***localhost:5432/postgres
2026-10-04T19:52:08.1708241Z   DIRECT_URL: ***localhost:5432/postgres
2026-10-04T19:52:08.1708617Z   MWB3_TEST_DATABASE_URL: ***localhost:5432/postgres
2026-10-04T19:52:08.1708902Z   NODE_OPTIONS: --max-old-space-size=4096
2026-10-04T19:52:08.1709140Z ##[endgroup]
2026-10-04T19:52:12.2318360Z [31m[Nest] 3775  - [39m10/04/2026, 7:52:12 PM [31m  ERROR[39m [38;5;3m[RomanService] [39m[31mroman.erase_incomplete session=cmuu8m2m7005l1owvxvgrl1g1 messages_left=1[39m
2026-10-04T19:52:12.2471632Z PASS test/roman/roman-session-erase.live.spec.ts (100 MB heap size)
2026-10-04T19:52:12.2480638Z   B-635-1 / C-635-1 live: Roman delete erases and frees the day key (Postgres)
2026-10-04T19:52:12.2481402Z     ✓ negative control: Postgres rejects a second row on a day key a deleted row still holds (69 ms)
2026-10-04T19:52:12.2482012Z     ✓ open -> append -> delete -> open the same day gives a fresh empty session that takes turns (23 ms)
2026-10-04T19:52:12.2482544Z     ✓ concurrent opens after a delete converge on one fresh session (26 ms)
2026-10-04T19:52:12.2483072Z     ✓ the old deleted session stays deleted: a late append to it is a 404 and stores nothing (12 ms)
2026-10-04T19:52:12.2483554Z     ✓ a delete racing an append leaves no transcript behind (50 ms)
2026-10-04T19:52:12.2483954Z     ✓ delete + reopen never resets the daily cap (14 ms)
2026-10-04T19:52:12.2484492Z     ✓ C-635-1: a legacy tombstone holding today's key is erased on open and a fresh session opens (14 ms)
2026-10-04T19:52:12.2485084Z     ✓ C-635-1: the sweep erases every legacy tombstone, is idempotent, and leaves live chats alone (17 ms)
2026-10-04T19:52:12.2485794Z     ✓ B-635-2: the list pages every live chat newest first; delete-all erases prior days and today on both surfaces, nobody else, cap kept (42 ms)
2026-10-04T19:52:12.2486818Z     ✓ B-635-2 / C-635-2: a prior-day chat is erased by id; a repeat delete is a 204; a foreign id is the coded 404 (10 ms)
2026-10-04T19:52:12.2487433Z     ✓ C-635-3: under a role that RLS stops from deleting, delete is a coded 503 and the chat is left whole (75 ms)
2026-10-04T19:52:12.2487704Z 
2026-10-04T19:52:12.2510695Z Test Suites: 1 passed, 1 total
2026-10-04T19:52:12.2511034Z Tests:       11 passed, 11 total
2026-10-04T19:52:12.2511271Z Snapshots:   0 total
2026-10-04T19:52:12.2511471Z Time:        3.644 s
2026-10-04T19:52:12.2511871Z Ran all test suites matching test/roman/roman-session-erase.live.spec.ts.
2026-10-04T19:52:12.3776780Z ##[group]Run npx jest test/refund-reversal-concurrency.live.spec.ts --runInBand --testTimeout=120000
2026-10-04T19:52:12.3777221Z [36;1mnpx jest test/refund-reversal-concurrency.live.spec.ts --runInBand --testTimeout=120000[0m
2026-10-04T19:52:12.3829962Z shell: /usr/bin/bash -e {0}
2026-10-04T19:52:12.3830128Z env:
2026-10-04T19:52:12.3830422Z   DATABASE_URL: ***localhost:5432/postgres
2026-10-04T19:52:12.3830657Z   DIRECT_URL: ***localhost:5432/postgres
2026-10-04T19:52:12.3830905Z   MWB3_TEST_DATABASE_URL: ***localhost:5432/postgres
2026-10-04T19:52:12.3831094Z   NODE_OPTIONS: --max-old-space-size=4096
2026-10-04T19:52:12.3831256Z ##[endgroup]
2026-10-04T19:52:16.6015057Z [33m[Nest] 3857  - [39m10/04/2026, 7:52:16 PM [33m   WARN[39m [38;5;3m[RefundDisputeHandlerService] [39m[33mhead-coach transfer reverse pending purchase=pd dispute=pd-cd code=error[39m
2026-10-04T19:52:16.7166700Z FAIL test/refund-reversal-concurrency.live.spec.ts (131 MB heap size)
2026-10-04T19:52:16.7167463Z   B-674-1 live: concurrent reversals of different refunds both count
2026-10-04T19:52:16.7168414Z     ✓ ledger slices: refunds of 2,000 and 1,000 behind held slice locks reverse 200 + 100 and 1,800 + 900 (79 ms)
2026-10-04T19:52:16.7169242Z     ✓ head-coach transfer: two refunds recording behind a held transfer lock reverse 100 + 50 (40 ms)
2026-10-04T19:52:16.7170229Z     ✓ chargeback first close: overlapping deliveries elect one closed_at, used by every posting (160 ms)
2026-10-04T19:52:16.7171035Z     ✕ refund first success: overlapping deliveries elect one posted_at, used by every posting (92 ms)
2026-10-04T19:52:16.7171435Z 
2026-10-04T19:52:16.7172354Z   ● B-674-1 live: concurrent reversals of different refunds both count › refund first success: overlapping deliveries elect one posted_at, used by every posting
2026-10-04T19:52:16.7172935Z 
2026-10-04T19:52:16.7173242Z     expect(received).toEqual(expected) // deep equality
2026-10-04T19:52:16.7173482Z 
2026-10-04T19:52:16.7173586Z     - Expected  - 0
2026-10-04T19:52:16.7173818Z     + Received  + 1
2026-10-04T19:52:16.7173938Z 
2026-10-04T19:52:16.7174021Z       Set {
2026-10-04T19:52:16.7174198Z         1791143536621,
2026-10-04T19:52:16.7174440Z     +   1791143536694,
2026-10-04T19:52:16.7174952Z       }
2026-10-04T19:52:16.7175101Z 
2026-10-04T19:52:16.7175784Z     [0m [90m 254 |[39m     expect(row)[33m.[39mtoMatchObject({ ledger_reversed[33m:[39m [36mtrue[39m[33m,[39m transfer_reversed[33m:[39m [36mtrue[39m })[33m;[39m
2026-10-04T19:52:16.7177192Z      [90m 255 |[39m     expect(postings[33m.[39mmap((p) [33m=>[39m p[33m.[39mcents)[33m.[39msort((x[33m,[39m y) [33m=>[39m x [33m-[39m y))[33m.[39mtoEqual([[35m50[39m[33m,[39m [35m100[39m[33m,[39m [35m900[39m])[33m;[39m
2026-10-04T19:52:16.7178441Z     [31m[1m>[22m[39m[90m 256 |[39m     expect([36mnew[39m [33mSet[39m(postings[33m.[39mmap((p) [33m=>[39m p[33m.[39mposted_at[33m.[39mgetTime())))[33m.[39mtoEqual(
2026-10-04T19:52:16.7179259Z      [90m     |[39m                                                                 [31m[1m^[22m[39m
2026-10-04T19:52:16.7180049Z      [90m 257 |[39m       [36mnew[39m [33mSet[39m([row[33m.[39mposted_at[33m?[39m[33m.[39mgetTime()])[33m,[39m
2026-10-04T19:52:16.7180534Z      [90m 258 |[39m     )[33m;[39m
2026-10-04T19:52:16.7181394Z      [90m 259 |[39m   }[33m,[39m [35m90[39m_000)[33m;[39m[0m
2026-10-04T19:52:16.7181603Z 
2026-10-04T19:52:16.7181865Z       at Object.<anonymous> (test/refund-reversal-concurrency.live.spec.ts:256:65)
2026-10-04T19:52:16.7182177Z 
2026-10-04T19:52:16.7192854Z Test Suites: 1 failed, 1 total
2026-10-04T19:52:16.7193180Z Tests:       1 failed, 3 passed, 4 total
2026-10-04T19:52:16.7193445Z Snapshots:   0 total
2026-10-04T19:52:16.7193653Z Time:        3.905 s
2026-10-04T19:52:16.7194026Z Ran all test suites matching test/refund-reversal-concurrency.live.spec.ts.
2026-10-04T19:52:16.8528189Z ##[error]Process completed with exit code 1.
2026-10-04T19:52:16.8601100Z Post job cleanup.
2026-10-04T19:52:16.9146926Z [command]/usr/bin/git version
2026-10-04T19:52:16.9175312Z git version 2.55.0
2026-10-04T19:52:16.9197487Z Temporarily overriding HOME='/home/runner/work/_temp/c7d72723-5cc4-43f6-86ba-df9641dfa1e1' before making global git config changes
2026-10-04T19:52:16.9198281Z Adding repository directory to the temporary git global config as a safe directory
2026-10-04T19:52:16.9200985Z [command]/usr/bin/git config --global --add safe.directory /home/runner/work/growth-project-backend/growth-project-backend
2026-10-04T19:52:16.9225871Z Removing SSH command configuration
2026-10-04T19:52:16.9230302Z [command]/usr/bin/git config --local --name-only --get-regexp core\.sshCommand
2026-10-04T19:52:16.9256258Z [command]/usr/bin/git submodule foreach --recursive sh -c "git config --local --name-only --get-regexp 'core\.sshCommand' && git config --local --unset-all 'core.sshCommand' || :"
2026-10-04T19:52:16.9437335Z Removing HTTP extra header
2026-10-04T19:52:16.9440984Z [command]/usr/bin/git config --local --name-only --get-regexp http\.https\:\/\/github\.com\/\.extraheader
2026-10-04T19:52:16.9466179Z [command]/usr/bin/git submodule foreach --recursive sh -c "git config --local --name-only --get-regexp 'http\.https\:\/\/github\.com\/\.extraheader' && git config --local --unset-all 'http.https://github.com/.extraheader' || :"
2026-10-04T19:52:16.9637676Z Removing includeIf entries pointing to credentials config files
2026-10-04T19:52:16.9642818Z [command]/usr/bin/git config --local --name-only --get-regexp ^includeIf\.gitdir:
2026-10-04T19:52:16.9664440Z includeif.gitdir:/home/runner/work/growth-project-backend/growth-project-backend/.git.path
2026-10-04T19:52:16.9665118Z includeif.gitdir:/home/runner/work/growth-project-backend/growth-project-backend/.git/worktrees/*.path
2026-10-04T19:52:16.9665698Z includeif.gitdir:/github/workspace/.git.path
2026-10-04T19:52:16.9666132Z includeif.gitdir:/github/workspace/.git/worktrees/*.path
2026-10-04T19:52:16.9672126Z [command]/usr/bin/git config --local --get-all includeif.gitdir:/home/runner/work/growth-project-backend/growth-project-backend/.git.path
2026-10-04T19:52:16.9688676Z /home/runner/work/_temp/git-credentials-5cf0b49f-c33f-4216-b7b0-04ed41f79484.config
2026-10-04T19:52:16.9695951Z [command]/usr/bin/git config --local --unset includeif.gitdir:/home/runner/work/growth-project-backend/growth-project-backend/.git.path /home/runner/work/_temp/git-credentials-5cf0b49f-c33f-4216-b7b0-04ed41f79484.config
2026-10-04T19:52:16.9722470Z [command]/usr/bin/git config --local --get-all includeif.gitdir:/home/runner/work/growth-project-backend/growth-project-backend/.git/worktrees/*.path
2026-10-04T19:52:16.9739094Z /home/runner/work/_temp/git-credentials-5cf0b49f-c33f-4216-b7b0-04ed41f79484.config
2026-10-04T19:52:16.9745147Z [command]/usr/bin/git config --local --unset includeif.gitdir:/home/runner/work/growth-project-backend/growth-project-backend/.git/worktrees/*.path /home/runner/work/_temp/git-credentials-5cf0b49f-c33f-4216-b7b0-04ed41f79484.config
2026-10-04T19:52:16.9769653Z [command]/usr/bin/git config --local --get-all includeif.gitdir:/github/workspace/.git.path
2026-10-04T19:52:16.9786211Z /github/runner_temp/git-credentials-5cf0b49f-c33f-4216-b7b0-04ed41f79484.config
2026-10-04T19:52:16.9791093Z [command]/usr/bin/git config --local --unset includeif.gitdir:/github/workspace/.git.path /github/runner_temp/git-credentials-5cf0b49f-c33f-4216-b7b0-04ed41f79484.config
2026-10-04T19:52:16.9814185Z [command]/usr/bin/git config --local --get-all includeif.gitdir:/github/workspace/.git/worktrees/*.path
2026-10-04T19:52:16.9830239Z /github/runner_temp/git-credentials-5cf0b49f-c33f-4216-b7b0-04ed41f79484.config
2026-10-04T19:52:16.9835521Z [command]/usr/bin/git config --local --unset includeif.gitdir:/github/workspace/.git/worktrees/*.path /github/runner_temp/git-credentials-5cf0b49f-c33f-4216-b7b0-04ed41f79484.config
2026-10-04T19:52:16.9885640Z [command]/usr/bin/git submodule foreach --recursive git config --local --show-origin --name-only --get-regexp remote.origin.url
2026-10-04T19:52:17.0051756Z Removing credentials config '/home/runner/work/_temp/git-credentials-5cf0b49f-c33f-4216-b7b0-04ed41f79484.config'
2026-10-04T19:52:17.0207270Z Print service container logs: 4e570e75428e4568acc59be593057188_postgres15_baa5cb
2026-10-04T19:52:17.0210418Z ##[command]/usr/bin/docker logs --details a27230fadea3194e552ab46953de1697ae33c4b32c962dce42484b1ea2bb2541
2026-10-04T19:52:17.0301762Z  The files belonging to this database system will be owned by user "postgres".
2026-10-04T19:52:17.0302826Z  initdb: warning: enabling "trust" authentication for local connections
2026-10-04T19:52:17.0303436Z  initdb: hint: You can change this by editing pg_hba.conf or using the option -A, or --auth-local and --auth-host, the next time you run initdb.
2026-10-04T19:52:17.0304239Z  2026-10-04 19:50:47.329 UTC [1] LOG:  starting PostgreSQL 15.19 (Debian 15.19-1.pgdg13+2) on x86_64-pc-linux-gnu, compiled by gcc (Debian 14.2.0-19) 14.2.0, 64-bit
2026-10-04T19:52:17.0304822Z  2026-10-04 19:50:47.329 UTC [1] LOG:  listening on IPv4 address "0.0.0.0", port 5432
2026-10-04T19:52:17.0305143Z  2026-10-04 19:50:47.329 UTC [1] LOG:  listening on IPv6 address "::", port 5432
2026-10-04T19:52:17.0305429Z  2026-10-04 19:50:47.330 UTC [1] LOG:  listening on Unix socket "/var/run/postgresql/.s.PGSQL.5432"
2026-10-04T19:52:17.0305742Z  2026-10-04 19:50:47.331 UTC [63] LOG:  database system was shut down at 2026-10-04 19:50:47 UTC
2026-10-04T19:52:17.0306022Z  2026-10-04 19:50:47.334 UTC [1] LOG:  database system is ready to accept connections
2026-10-04T19:52:17.0306341Z  2026-10-04 19:52:03.579 UTC [134] ERROR:  duplicate key value violates unique constraint "UserProfile_user_id_key"
2026-10-04T19:52:17.0306674Z  2026-10-04 19:52:03.579 UTC [134] DETAIL:  Key (user_id)=(b606-3-live-new-client) already exists.
2026-10-04T19:52:17.0310101Z  2026-10-04 19:52:03.579 UTC [134] STATEMENT:  INSERT INTO "public"."UserProfile" ("id","user_id","height_cm","current_weight_lbs","target_weight_lbs","date_of_birth","sex","activity_level","goal_type","workout_experience","has_gym_membership","macro_target_calories","macro_target_protein_g","macro_target_carbs_g","macro_target_fat_g","weight_unit","calorie_display","onboardingCompleted","injuries","updated_at") VALUES ($1,$2,$3,$4,$5,$6,CAST($7::text AS "public"."Sex"),CAST($8::text AS "public"."ActivityLevel"),CAST($9::text AS "public"."GoalType"),CAST($10::text AS "public"."WorkoutExperience"),$11,$12,$13,$14,$15,$16,$17,$18,$19,$20) RETURNING "public"."UserProfile"."id", "public"."UserProfile"."user_id", "public"."UserProfile"."height_cm", "public"."UserProfile"."current_weight_lbs", "public"."UserProfile"."target_weight_lbs", "public"."UserProfile"."date_of_birth", "public"."UserProfile"."sex"::text, "public"."UserProfile"."activity_level"::text, "public"."UserProfile"."goal_type"::text, "public"."UserProfile"."workout_experience"::text, "public"."UserProfile"."has_gym_membership", "public"."UserProfile"."preferred_snacks", "public"."UserProfile"."dietary_pattern", "public"."UserProfile"."dietary_restrictions", "public"."UserProfile"."workout_days_per_week", "public"."UserProfile"."equipment_access", "public"."UserProfile"."macro_target_calories", "public"."UserProfile"."macro_target_protein_g", "public"."UserProfile"."macro_target_carbs_g", "public"."UserProfile"."macro_target_fat_g", "public"."UserProfile"."avatar_url", "public"."UserProfile"."bio", "public"."UserProfile"."weight_unit", "public"."UserProfile"."meals_per_day", "public"."UserProfile"."water_goal_oz", "public"."UserProfile"."calorie_display", "public"."UserProfile"."onboardingCompleted", "public"."UserProfile"."injuries", "public"."UserProfile"."food_preferences", "public"."UserProfile"."preferred_training_time", "public"."UserProfile"."updated_at"
2026-10-04T19:52:17.0314008Z  2026-10-04 19:52:07.965 UTC [147] ERROR:  could not serialize access due to concurrent update
2026-10-04T19:52:17.0314386Z  2026-10-04 19:52:07.965 UTC [147] STATEMENT:  
2026-10-04T19:52:17.0314754Z  	      SELECT "head_revision_id", "version" FROM "WorkoutPlan" WHERE "id" = $1 FOR UPDATE
2026-10-04T19:52:17.0315089Z  	    
2026-10-04T19:52:17.0315546Z  2026-10-04 19:52:11.889 UTC [148] ERROR:  duplicate key value violates unique constraint "RomanSession_user_id_surface_day_key_key"
2026-10-04T19:52:17.0315964Z  2026-10-04 19:52:11.889 UTC [148] DETAIL:  Key (user_id, surface, day_key)=(b635-live-me, client, 2026-10-04) already exists.
2026-10-04T19:52:17.0317454Z  2026-10-04 19:52:11.889 UTC [148] STATEMENT:  INSERT INTO "public"."RomanSession" ("id","user_id","surface","day_key","message_count","started_at","last_activity_at","quips_in_session","exclamation_used","created_at","updated_at") VALUES ($1,$2,CAST($3::text AS "public"."RomanSurface"),$4,$5,$6,$7,$8,$9,$10,$11) RETURNING "public"."RomanSession"."id", "public"."RomanSession"."user_id", "public"."RomanSession"."surface"::text, "public"."RomanSession"."day_key", "public"."RomanSession"."message_count", "public"."RomanSession"."started_at", "public"."RomanSession"."last_activity_at", "public"."RomanSession"."quips_in_session", "public"."RomanSession"."exclamation_used", "public"."RomanSession"."subject_context_json", "public"."RomanSession"."created_at", "public"."RomanSession"."updated_at", "public"."RomanSession"."deleted_at"
2026-10-04T19:52:17.0318945Z  2026-10-04 19:52:12.083 UTC [149] ERROR:  duplicate key value violates unique constraint "RomanSession_user_id_surface_day_key_key"
2026-10-04T19:52:17.0319351Z  2026-10-04 19:52:12.083 UTC [149] DETAIL:  Key (user_id, surface, day_key)=(b635-live-me, client, 2026-10-04) already exists.
2026-10-04T19:52:17.0320935Z  2026-10-04 19:52:12.083 UTC [149] STATEMENT:  INSERT INTO "public"."RomanSession" ("id","user_id","surface","day_key","message_count","started_at","last_activity_at","quips_in_session","exclamation_used","created_at","updated_at") VALUES ($1,$2,CAST($3::text AS "public"."RomanSurface"),$4,$5,$6,$7,$8,$9,$10,$11) RETURNING "public"."RomanSession"."id", "public"."RomanSession"."user_id", "public"."RomanSession"."surface"::text, "public"."RomanSession"."day_key", "public"."RomanSession"."message_count", "public"."RomanSession"."started_at", "public"."RomanSession"."last_activity_at", "public"."RomanSession"."quips_in_session", "public"."RomanSession"."exclamation_used", "public"."RomanSession"."subject_context_json", "public"."RomanSession"."created_at", "public"."RomanSession"."updated_at", "public"."RomanSession"."deleted_at"
2026-10-04T19:52:17.0322307Z  This user must also own the server process.
2026-10-04T19:52:17.0322461Z  
2026-10-04T19:52:17.0322623Z  The database cluster will be initialized with locale "en_US.utf8".
2026-10-04T19:52:17.0322866Z  The default database encoding has accordingly been set to "UTF8".
2026-10-04T19:52:17.0323099Z  The default text search configuration will be set to "english".
2026-10-04T19:52:17.0323282Z  
2026-10-04T19:52:17.0323399Z  Data page checksums are disabled.
2026-10-04T19:52:17.0323537Z  
2026-10-04T19:52:17.0323705Z  fixing permissions on existing directory /var/lib/postgresql/data ... ok
2026-10-04T19:52:17.0323960Z  creating subdirectories ... ok
2026-10-04T19:52:17.0324141Z  selecting dynamic shared memory implementation ... posix
2026-10-04T19:52:17.0324335Z  selecting default max_connections ... 100
2026-10-04T19:52:17.0324509Z  selecting default shared_buffers ... 128MB
2026-10-04T19:52:17.0324775Z  selecting default time zone ... Etc/UTC
2026-10-04T19:52:17.0324934Z  creating configuration files ... ok
2026-10-04T19:52:17.0325093Z  running bootstrap script ... ok
2026-10-04T19:52:17.0325264Z  performing post-bootstrap initialization ... ok
2026-10-04T19:52:17.0325437Z  syncing data to disk ... ok
2026-10-04T19:52:17.0325570Z  
2026-10-04T19:52:17.0325667Z  
2026-10-04T19:52:17.0325901Z  Success. You can now start the database server using:
2026-10-04T19:52:17.0326254Z  
2026-10-04T19:52:17.0326548Z      pg_ctl -D /var/lib/postgresql/data -l logfile start
2026-10-04T19:52:17.0326840Z  
2026-10-04T19:52:17.0338045Z  waiting for server to start....2026-10-04 19:50:47.104 UTC [49] LOG:  starting PostgreSQL 15.19 (Debian 15.19-1.pgdg13+2) on x86_64-pc-linux-gnu, compiled by gcc (Debian 14.2.0-19) 14.2.0, 64-bit
2026-10-04T19:52:17.0338716Z  2026-10-04 19:50:47.104 UTC [49] LOG:  listening on Unix socket "/var/run/postgresql/.s.PGSQL.5432"
2026-10-04T19:52:17.0339028Z  2026-10-04 19:50:47.106 UTC [52] LOG:  database system was shut down at 2026-10-04 19:50:46 UTC
2026-10-04T19:52:17.0339306Z  2026-10-04 19:50:47.109 UTC [49] LOG:  database system is ready to accept connections
2026-10-04T19:52:17.0339513Z   done
2026-10-04T19:52:17.0339622Z  server started
2026-10-04T19:52:17.0339736Z  
2026-10-04T19:52:17.0340045Z  /usr/local/bin/docker-entrypoint.sh: ignoring /docker-entrypoint-initdb.d/*
2026-10-04T19:52:17.0340265Z  
2026-10-04T19:52:17.0340410Z  2026-10-04 19:50:47.214 UTC [49] LOG:  received fast shutdown request
2026-10-04T19:52:17.0340696Z  waiting for server to shut down....2026-10-04 19:50:47.214 UTC [49] LOG:  aborting any active transactions
2026-10-04T19:52:17.0341065Z  2026-10-04 19:50:47.216 UTC [49] LOG:  background worker "logical replication launcher" (PID 55) exited with exit code 1
2026-10-04T19:52:17.0341355Z  2026-10-04 19:50:47.216 UTC [50] LOG:  shutting down
2026-10-04T19:52:17.0341568Z  2026-10-04 19:50:47.216 UTC [50] LOG:  checkpoint starting: shutdown immediate
2026-10-04T19:52:17.0342080Z  2026-10-04 19:50:47.218 UTC [50] LOG:  checkpoint complete: wrote 3 buffers (0.0%); 0 WAL file(s) added, 0 removed, 0 recycled; write=0.001 s, sync=0.001 s, total=0.003 s; sync files=2, longest=0.001 s, average=0.001 s; distance=0 kB, estimate=0 kB
2026-10-04T19:52:17.0342568Z  2026-10-04 19:50:47.222 UTC [49] LOG:  database system is shut down
2026-10-04T19:52:17.0342747Z   done
2026-10-04T19:52:17.0342852Z  server stopped
2026-10-04T19:52:17.0342962Z  
2026-10-04T19:52:17.0343096Z  PostgreSQL init process complete; ready for start up.
2026-10-04T19:52:17.0343264Z  
2026-10-04T19:52:17.0346586Z Stop and remove container: 4e570e75428e4568acc59be593057188_postgres15_baa5cb
2026-10-04T19:52:17.0350299Z ##[command]/usr/bin/docker rm --force a27230fadea3194e552ab46953de1697ae33c4b32c962dce42484b1ea2bb2541
2026-10-04T19:52:17.6354101Z a27230fadea3194e552ab46953de1697ae33c4b32c962dce42484b1ea2bb2541
2026-10-04T19:52:17.6377144Z Remove container network: github_network_107270af792a422ab2478d14e26cb36f
2026-10-04T19:52:17.6379691Z ##[command]/usr/bin/docker network rm github_network_107270af792a422ab2478d14e26cb36f
2026-10-04T19:52:17.7218310Z github_network_107270af792a422ab2478d14e26cb36f
2026-10-04T19:52:17.7274707Z Cleaning up orphan processes
