2026-10-05T23:36:19.9010136Z Current runner version: '2.337.0'
2026-10-05T23:36:19.9035528Z ##[group]Runner Image Provisioner
2026-10-05T23:36:19.9036400Z Hosted Compute Agent
2026-10-05T23:36:19.9037074Z Version: 20260901.588
2026-10-05T23:36:19.9037743Z Commit: f88ec8081b781fac6c440065ac7ff9e710ce3d0b
2026-10-05T23:36:19.9038486Z Build Date: 2026-09-01T19:56:44Z
2026-10-05T23:36:19.9039224Z Worker ID: {360ef212-127e-4c16-8ab2-f0a464f5bf0c}
2026-10-05T23:36:19.9039920Z Azure Region: westus
2026-10-05T23:36:19.9040506Z ##[endgroup]
2026-10-05T23:36:19.9042484Z ##[group]Operating System
2026-10-05T23:36:19.9043115Z Ubuntu
2026-10-05T23:36:19.9043730Z 24.04.5
2026-10-05T23:36:19.9044231Z LTS
2026-10-05T23:36:19.9044779Z ##[endgroup]
2026-10-05T23:36:19.9045376Z ##[group]Runner Image
2026-10-05T23:36:19.9045960Z Image: ubuntu-24.04
2026-10-05T23:36:19.9046571Z Version: 20260927.320.1
2026-10-05T23:36:19.9047905Z Included Software: https://github.com/actions/runner-images/blob/ubuntu24/20260927.320/images/ubuntu/Ubuntu2404-Readme.md
2026-10-05T23:36:19.9049542Z Image Release: https://github.com/actions/runner-images/releases/tag/ubuntu24%2F20260927.320
2026-10-05T23:36:19.9050493Z ##[endgroup]
2026-10-05T23:36:19.9052023Z ##[group]GITHUB_TOKEN Permissions
2026-10-05T23:36:19.9054121Z Contents: read
2026-10-05T23:36:19.9055177Z Metadata: read
2026-10-05T23:36:19.9055783Z Packages: read
2026-10-05T23:36:19.9056353Z ##[endgroup]
2026-10-05T23:36:19.9058489Z Secret source: Actions
2026-10-05T23:36:19.9059425Z Cache mode: write
2026-10-05T23:36:19.9060416Z Prepare workflow directory
2026-10-05T23:36:19.9398910Z Prepare all required actions
2026-10-05T23:36:19.9448741Z Getting action download info
2026-10-05T23:36:20.3089939Z Download action repository 'actions/checkout@v6' (SHA:d23441a48e516b6c34aea4fa41551a30e30af803)
2026-10-05T23:36:20.3938504Z Download action repository 'actions/setup-node@v6' (SHA:249970729cb0ef3589644e2896645e5dc5ba9c38)
2026-10-05T23:36:20.5746774Z Complete job name: targeted
2026-10-05T23:36:20.6504544Z ##[group]Run actions/checkout@v6
2026-10-05T23:36:20.6505441Z with:
2026-10-05T23:36:20.6506006Z   repository: BradleyGleavePortfolio/growth-project-mobile
2026-10-05T23:36:20.6509789Z   token: ***
2026-10-05T23:36:20.6510253Z   ssh-strict: true
2026-10-05T23:36:20.6510687Z   ssh-user: git
2026-10-05T23:36:20.6511333Z   persist-credentials: true
2026-10-05T23:36:20.6511830Z   clean: true
2026-10-05T23:36:20.6512272Z   sparse-checkout-cone-mode: true
2026-10-05T23:36:20.6512789Z   fetch-depth: 1
2026-10-05T23:36:20.6513220Z   fetch-tags: false
2026-10-05T23:36:20.6513672Z   show-progress: true
2026-10-05T23:36:20.6514115Z   lfs: false
2026-10-05T23:36:20.6514530Z   submodules: false
2026-10-05T23:36:20.6514985Z   set-safe-directory: true
2026-10-05T23:36:20.6515494Z   allow-unsafe-pr-checkout: false
2026-10-05T23:36:20.6516265Z ##[endgroup]
2026-10-05T23:36:20.7492648Z Syncing repository: BradleyGleavePortfolio/growth-project-mobile
2026-10-05T23:36:20.7494699Z ##[group]Getting Git version info
2026-10-05T23:36:20.7495838Z Working directory is '/home/runner/work/growth-project-mobile/growth-project-mobile'
2026-10-05T23:36:20.7497008Z [command]/usr/bin/git version
2026-10-05T23:36:20.7562123Z git version 2.55.0
2026-10-05T23:36:20.7616792Z ##[endgroup]
2026-10-05T23:36:20.7633594Z Temporarily overriding HOME='/home/runner/work/_temp/93847aa9-6599-44a4-b06b-975f6548b34f' before making global git config changes
2026-10-05T23:36:20.7636024Z Adding repository directory to the temporary git global config as a safe directory
2026-10-05T23:36:20.7639488Z [command]/usr/bin/git config --global --add safe.directory /home/runner/work/growth-project-mobile/growth-project-mobile
2026-10-05T23:36:20.7689792Z Deleting the contents of '/home/runner/work/growth-project-mobile/growth-project-mobile'
2026-10-05T23:36:20.7694545Z ##[group]Determining repository object format
2026-10-05T23:36:20.7697128Z ##[endgroup]
2026-10-05T23:36:20.7698449Z ##[group]Initializing the repository
2026-10-05T23:36:20.7703217Z [command]/usr/bin/git init /home/runner/work/growth-project-mobile/growth-project-mobile
2026-10-05T23:36:20.7807800Z hint: Using 'master' as the name for the initial branch. This default branch name
2026-10-05T23:36:20.7808882Z hint: will change to "main" in Git 3.0. To configure the initial branch name
2026-10-05T23:36:20.7810234Z hint: to use in all of your new repositories, which will suppress this warning,
2026-10-05T23:36:20.7811864Z hint: call:
2026-10-05T23:36:20.7812644Z hint:
2026-10-05T23:36:20.7813593Z hint: 	git config --global init.defaultBranch <name>
2026-10-05T23:36:20.7814763Z hint:
2026-10-05T23:36:20.7815880Z hint: Names commonly chosen instead of 'master' are 'main', 'trunk' and
2026-10-05T23:36:20.7817683Z hint: 'development'. The just-created branch can be renamed via this command:
2026-10-05T23:36:20.7819021Z hint:
2026-10-05T23:36:20.7819747Z hint: 	git branch -m <name>
2026-10-05T23:36:20.7820616Z hint:
2026-10-05T23:36:20.7822110Z hint: Disable this message with "git config set advice.defaultBranchName false"
2026-10-05T23:36:20.7824346Z Initialized empty Git repository in /home/runner/work/growth-project-mobile/growth-project-mobile/.git/
2026-10-05T23:36:20.7827628Z [command]/usr/bin/git remote add origin https://github.com/BradleyGleavePortfolio/growth-project-mobile
2026-10-05T23:36:20.7869344Z ##[endgroup]
2026-10-05T23:36:20.7870653Z ##[group]Disabling automatic garbage collection
2026-10-05T23:36:20.7874344Z [command]/usr/bin/git config --local gc.auto 0
2026-10-05T23:36:20.7903743Z ##[endgroup]
2026-10-05T23:36:20.7905116Z ##[group]Setting up auth
2026-10-05T23:36:20.7906151Z Removing SSH command configuration
2026-10-05T23:36:20.7912056Z [command]/usr/bin/git config --local --name-only --get-regexp core\.sshCommand
2026-10-05T23:36:20.7943562Z [command]/usr/bin/git submodule foreach --recursive sh -c "git config --local --name-only --get-regexp 'core\.sshCommand' && git config --local --unset-all 'core.sshCommand' || :"
2026-10-05T23:36:20.8261755Z Removing HTTP extra header
2026-10-05T23:36:20.8266646Z [command]/usr/bin/git config --local --name-only --get-regexp http\.https\:\/\/github\.com\/\.extraheader
2026-10-05T23:36:20.8296859Z [command]/usr/bin/git submodule foreach --recursive sh -c "git config --local --name-only --get-regexp 'http\.https\:\/\/github\.com\/\.extraheader' && git config --local --unset-all 'http.https://github.com/.extraheader' || :"
2026-10-05T23:36:20.8507226Z Removing includeIf entries pointing to credentials config files
2026-10-05T23:36:20.8513133Z [command]/usr/bin/git config --local --name-only --get-regexp ^includeIf\.gitdir:
2026-10-05T23:36:20.8545047Z [command]/usr/bin/git submodule foreach --recursive git config --local --show-origin --name-only --get-regexp remote.origin.url
2026-10-05T23:36:20.8782004Z [command]/usr/bin/git config --file /home/runner/work/_temp/git-credentials-7f3ee995-af5e-4943-ac5f-2855916afcb7.config http.https://github.com/.extraheader AUTHORIZATION: basic ***
2026-10-05T23:36:20.8821737Z [command]/usr/bin/git config --local includeIf.gitdir:/home/runner/work/growth-project-mobile/growth-project-mobile/.git.path /home/runner/work/_temp/git-credentials-7f3ee995-af5e-4943-ac5f-2855916afcb7.config
2026-10-05T23:36:20.8851435Z [command]/usr/bin/git config --local includeIf.gitdir:/home/runner/work/growth-project-mobile/growth-project-mobile/.git/worktrees/*.path /home/runner/work/_temp/git-credentials-7f3ee995-af5e-4943-ac5f-2855916afcb7.config
2026-10-05T23:36:20.8887713Z [command]/usr/bin/git config --local includeIf.gitdir:/github/workspace/.git.path /github/runner_temp/git-credentials-7f3ee995-af5e-4943-ac5f-2855916afcb7.config
2026-10-05T23:36:20.8922759Z [command]/usr/bin/git config --local includeIf.gitdir:/github/workspace/.git/worktrees/*.path /github/runner_temp/git-credentials-7f3ee995-af5e-4943-ac5f-2855916afcb7.config
2026-10-05T23:36:20.8957270Z ##[endgroup]
2026-10-05T23:36:20.8958227Z ##[group]Fetching the repository
2026-10-05T23:36:20.8966325Z [command]/usr/bin/git -c protocol.version=2 fetch --no-tags --prune --no-recurse-submodules --depth=1 origin +074272f7f8c437740ef50e524e7dd2056f99516d:refs/remotes/origin/audit/AUD-SOL-MSG1-122/377-normal-send
2026-10-05T23:36:22.0598772Z From https://github.com/BradleyGleavePortfolio/growth-project-mobile
2026-10-05T23:36:22.0603219Z  * [new ref]         074272f7f8c437740ef50e524e7dd2056f99516d -> origin/audit/AUD-SOL-MSG1-122/377-normal-send
2026-10-05T23:36:22.0610812Z [command]/usr/bin/git branch --list --remote origin/audit/AUD-SOL-MSG1-122/377-normal-send
2026-10-05T23:36:22.0639916Z   origin/audit/AUD-SOL-MSG1-122/377-normal-send
2026-10-05T23:36:22.0652302Z [command]/usr/bin/git rev-parse refs/remotes/origin/audit/AUD-SOL-MSG1-122/377-normal-send
2026-10-05T23:36:22.0677433Z 074272f7f8c437740ef50e524e7dd2056f99516d
2026-10-05T23:36:22.0693013Z ##[endgroup]
2026-10-05T23:36:22.0695263Z ##[group]Determining the checkout info
2026-10-05T23:36:22.0697690Z ##[endgroup]
2026-10-05T23:36:22.0699376Z [command]/usr/bin/git sparse-checkout disable
2026-10-05T23:36:22.0748576Z [command]/usr/bin/git config --local --unset-all extensions.worktreeConfig
2026-10-05T23:36:22.0781415Z ##[group]Checking out the ref
2026-10-05T23:36:22.0786111Z [command]/usr/bin/git checkout --progress --force -B audit/AUD-SOL-MSG1-122/377-normal-send refs/remotes/origin/audit/AUD-SOL-MSG1-122/377-normal-send
2026-10-05T23:36:22.1942228Z Switched to a new branch 'audit/AUD-SOL-MSG1-122/377-normal-send'
2026-10-05T23:36:22.1947132Z branch 'audit/AUD-SOL-MSG1-122/377-normal-send' set up to track 'origin/audit/AUD-SOL-MSG1-122/377-normal-send'.
2026-10-05T23:36:22.1957726Z ##[endgroup]
2026-10-05T23:36:22.2001460Z [command]/usr/bin/git log -1 --format=%H
2026-10-05T23:36:22.2028248Z 074272f7f8c437740ef50e524e7dd2056f99516d
2026-10-05T23:36:22.2425709Z ##[group]Run actions/setup-node@v6
2026-10-05T23:36:22.2426955Z with:
2026-10-05T23:36:22.2427825Z   node-version: 22.13
2026-10-05T23:36:22.2428843Z   cache: npm
2026-10-05T23:36:22.2429790Z   check-latest: false
2026-10-05T23:36:22.2440099Z   token: ***
2026-10-05T23:36:22.2441226Z   package-manager-cache: true
2026-10-05T23:36:22.2442414Z ##[endgroup]
2026-10-05T23:36:22.3859192Z Attempting to download 22.13...
2026-10-05T23:36:23.0216393Z Acquiring 22.13.1 - x64 from https://github.com/actions/node-versions/releases/download/22.13.1-12900459766/node-22.13.1-linux-x64.tar.gz
2026-10-05T23:36:23.5895166Z Extracting ...
2026-10-05T23:36:23.6077235Z [command]/usr/bin/tar xz --strip 1 --warning=no-unknown-keyword --overwrite -C /home/runner/work/_temp/a577130a-7069-4f58-9274-d8dfafbed9f6 -f /home/runner/work/_temp/81ed57d8-4efb-448d-8b7f-8db11dc163c6
2026-10-05T23:36:24.7481650Z Adding to the cache ...
2026-10-05T23:36:28.0471849Z ##[group]Environment details
2026-10-05T23:36:28.2616143Z node: v22.13.1
2026-10-05T23:36:28.2616620Z npm: 10.9.2
2026-10-05T23:36:28.2616954Z yarn: 1.22.22
2026-10-05T23:36:28.2617627Z ##[endgroup]
2026-10-05T23:36:28.2640153Z [command]/opt/hostedtoolcache/node/22.13.1/x64/bin/npm config get cache
2026-10-05T23:36:28.3566577Z /home/runner/.npm
2026-10-05T23:36:28.6366482Z Cache hit for: node-cache-Linux-x64-npm-d337c1813e25f31cc43e8d80f8de0d0cb6af6de1f93566771485fa27a2bebc06
2026-10-05T23:36:29.9114938Z Received 0 of 241027159 (0.0%), 0.0 MBs/sec
2026-10-05T23:36:30.9125506Z Received 134217728 of 241027159 (55.7%), 63.9 MBs/sec
2026-10-05T23:36:31.6379584Z Received 241027159 of 241027159 (100.0%), 84.3 MBs/sec
2026-10-05T23:36:31.6380494Z Cache Size: ~230 MB (241027159 B)
2026-10-05T23:36:31.6454586Z [command]/usr/bin/tar -xf /home/runner/work/_temp/9c128ba5-c206-4602-9608-aa3972b02079/cache.tzst -P -C /home/runner/work/growth-project-mobile/growth-project-mobile --use-compress-program unzstd
2026-10-05T23:36:32.3058395Z Cache restored successfully
2026-10-05T23:36:32.3168463Z Cache restored from key: node-cache-Linux-x64-npm-d337c1813e25f31cc43e8d80f8de0d0cb6af6de1f93566771485fa27a2bebc06
2026-10-05T23:36:32.3367492Z ##[group]Run npm ci
2026-10-05T23:36:32.3367833Z [36;1mnpm ci[0m
2026-10-05T23:36:32.3626948Z shell: /usr/bin/bash -e {0}
2026-10-05T23:36:32.3627346Z ##[endgroup]
2026-10-05T23:36:37.3491053Z npm warn deprecated inflight@1.0.6: This module is not supported, and leaks memory. Do not use it. Check out lru-cache if you want a good and tested way to coalesce async requests by a key value, which is much more comprehensive and powerful.
2026-10-05T23:36:37.5472326Z npm warn deprecated @humanwhocodes/config-array@0.13.0: Use @eslint/config-array instead
2026-10-05T23:36:37.5604609Z npm warn deprecated whatwg-encoding@2.0.0: Use @exodus/bytes instead for a more spec-conformant and faster implementation
2026-10-05T23:36:37.5659255Z npm warn deprecated rimraf@3.0.2: Rimraf versions prior to v4 are no longer supported
2026-10-05T23:36:37.5942182Z npm warn deprecated abab@2.0.6: Use your platform's native atob() and btoa() methods instead
2026-10-05T23:36:37.7234283Z npm warn deprecated @humanwhocodes/object-schema@2.0.3: Use @eslint/object-schema instead
2026-10-05T23:36:37.7268494Z npm warn deprecated glob@7.2.3: Old versions of glob are not supported, and contain widely publicized security vulnerabilities, which have been fixed in the current version. Please update. Support for old versions may be purchased (at exorbitant rates) by contacting i@izs.me
2026-10-05T23:36:37.7275497Z npm warn deprecated glob@7.2.3: Old versions of glob are not supported, and contain widely publicized security vulnerabilities, which have been fixed in the current version. Please update. Support for old versions may be purchased (at exorbitant rates) by contacting i@izs.me
2026-10-05T23:36:37.7305528Z npm warn deprecated glob@7.2.3: Old versions of glob are not supported, and contain widely publicized security vulnerabilities, which have been fixed in the current version. Please update. Support for old versions may be purchased (at exorbitant rates) by contacting i@izs.me
2026-10-05T23:36:37.7310217Z npm warn deprecated glob@7.2.3: Old versions of glob are not supported, and contain widely publicized security vulnerabilities, which have been fixed in the current version. Please update. Support for old versions may be purchased (at exorbitant rates) by contacting i@izs.me
2026-10-05T23:36:37.7333239Z npm warn deprecated glob@7.2.3: Old versions of glob are not supported, and contain widely publicized security vulnerabilities, which have been fixed in the current version. Please update. Support for old versions may be purchased (at exorbitant rates) by contacting i@izs.me
2026-10-05T23:36:37.7673398Z npm warn deprecated glob@7.1.6: Old versions of glob are not supported, and contain widely publicized security vulnerabilities, which have been fixed in the current version. Please update. Support for old versions may be purchased (at exorbitant rates) by contacting i@izs.me
2026-10-05T23:36:37.8250144Z npm warn deprecated domexception@4.0.0: Use your platform's native DOMException instead
2026-10-05T23:36:38.3184915Z npm warn deprecated @xmldom/xmldom@0.7.13: this version has critical issues, please update to the latest version
2026-10-05T23:36:38.9594731Z npm warn deprecated uuid@7.0.3: uuid@10 and below is no longer supported.  For ESM codebases, update to uuid@latest.  For CommonJS codebases, use uuid@11 (but be aware this version will likely be deprecated in 2028).
2026-10-05T23:36:42.5340434Z npm warn deprecated eslint@8.57.1: This version is no longer supported. Please see https://eslint.org/version-support for other options.
2026-10-05T23:37:34.9791680Z 
2026-10-05T23:37:34.9795592Z added 1108 packages, and audited 1109 packages in 1m
2026-10-05T23:37:34.9795980Z 
2026-10-05T23:37:34.9796235Z 187 packages are looking for funding
2026-10-05T23:37:34.9796628Z   run `npm fund` for details
2026-10-05T23:37:35.3600618Z 
2026-10-05T23:37:35.3601943Z 88 vulnerabilities (1 low, 16 moderate, 71 high)
2026-10-05T23:37:35.3602428Z 
2026-10-05T23:37:35.3602877Z To address issues that do not require attention, run:
2026-10-05T23:37:35.3604310Z   npm audit fix
2026-10-05T23:37:35.3604610Z 
2026-10-05T23:37:35.3605090Z To address all issues (including breaking changes), run:
2026-10-05T23:37:35.3605761Z   npm audit fix --force
2026-10-05T23:37:35.3606342Z 
2026-10-05T23:37:35.3606583Z Run `npm audit` for details.
2026-10-05T23:37:35.5565309Z ##[group]Run set -euo pipefail
2026-10-05T23:37:35.5565656Z [36;1mset -euo pipefail[0m
2026-10-05T23:37:35.5566055Z [36;1mtest -s .ci-lane-specs || { echo "missing .ci-lane-specs"; exit 2; }[0m
2026-10-05T23:37:35.5566545Z [36;1mmapfile -t SPECS < <(grep -vE '^\s*(#|$)' .ci-lane-specs)[0m
2026-10-05T23:37:35.5566906Z [36;1mecho "specs: ${SPECS[*]}"[0m
2026-10-05T23:37:35.5567174Z [36;1mnpx jest --ci "${SPECS[@]}"[0m
2026-10-05T23:37:35.5633586Z shell: /usr/bin/bash --noprofile --norc -e -o pipefail {0}
2026-10-05T23:37:35.5633946Z ##[endgroup]
2026-10-05T23:37:35.5737398Z specs: src/screens/client/__tests__/MessagesScreenV2.test.tsx src/screens/coach/__tests__/ClientMessagesScreenV2.test.tsx src/screens/coach/__tests__/CoachInboxV2.test.tsx src/api/__tests__/messagingV2Api.test.ts src/services/__tests__/realtimeThreadUpdated.test.ts src/components/messaging/__tests__/threadV2.test.ts
2026-10-05T23:37:41.1486977Z PASS src/api/__tests__/messagingV2Api.test.ts
2026-10-05T23:37:50.4683027Z PASS src/screens/coach/__tests__/CoachInboxV2.test.tsx (13.048 s)
2026-10-05T23:37:50.4940702Z   ● Console
2026-10-05T23:37:50.4944714Z 
2026-10-05T23:37:50.4983015Z     console.error
2026-10-05T23:37:50.4983782Z       An update to VirtualizedList inside a test was not wrapped in act(...).
2026-10-05T23:37:50.4984446Z       
2026-10-05T23:37:50.4985198Z       When testing, code that causes React state updates should be wrapped into act(...):
2026-10-05T23:37:50.4985911Z       
2026-10-05T23:37:50.4986225Z       act(() => {
2026-10-05T23:37:50.4986658Z         /* fire events that update state */
2026-10-05T23:37:50.4987129Z       });
2026-10-05T23:37:50.4987504Z       /* assert on the output */
2026-10-05T23:37:50.4987916Z       
2026-10-05T23:37:50.4988989Z       This ensures that you're testing the behavior the user would see in the browser. Learn more at https://react.dev/link/wrap-tests-with-act
2026-10-05T23:37:50.4989935Z 
2026-10-05T23:37:50.4990469Z       at node_modules/react-reconciler/cjs/react-reconciler.development.js:16307:19
2026-10-05T23:37:50.4991989Z       at runWithFiberInDEV (node_modules/react-reconciler/cjs/react-reconciler.development.js:2508:13)
2026-10-05T23:37:50.4993526Z       at warnIfUpdatesNotWrappedWithActDEV (node_modules/react-reconciler/cjs/react-reconciler.development.js:16306:9)
2026-10-05T23:37:50.4995069Z       at scheduleUpdateOnFiber (node_modules/react-reconciler/cjs/react-reconciler.development.js:14070:11)
2026-10-05T23:37:50.4996525Z       at Object.enqueueSetState (node_modules/react-reconciler/cjs/react-reconciler.development.js:18909:13)
2026-10-05T23:37:50.4998228Z       at VirtualizedList.Object.<anonymous>.process.env.NODE_ENV.Component.setState (node_modules/react/cjs/react.development.js:655:20)
2026-10-05T23:37:50.4999522Z       at node_modules/@babel/runtime/helpers/superPropGet.js:6:14
2026-10-05T23:37:50.5000730Z       at VirtualizedList.setState (node_modules/@react-native/virtualized-lists/Lists/StateSafePureComponent.js:40:7)
2026-10-05T23:37:50.5002681Z       at VirtualizedList.setState [as _updateCellsToRender] (node_modules/@react-native/virtualized-lists/Lists/VirtualizedList.js:1909:10)
2026-10-05T23:37:50.5004471Z       at Timeout._updateCellsToRender [as _onTimeout] (node_modules/@react-native/virtualized-lists/Lists/VirtualizedList.js:1806:16)
2026-10-05T23:37:50.5005351Z 
2026-10-05T23:37:51.0612073Z PASS src/components/messaging/__tests__/threadV2.test.ts
2026-10-05T23:37:51.2042446Z PASS src/services/__tests__/realtimeThreadUpdated.test.ts
2026-10-05T23:37:52.3695057Z FAIL src/screens/client/__tests__/MessagesScreenV2.test.tsx (11.215 s)
2026-10-05T23:37:52.3696790Z   ● client MessagesScreen with messaging_core_v2 ON › Sol122: a routine repeated reply is not silently discarded after an unsent v2 send
2026-10-05T23:37:52.3697338Z 
2026-10-05T23:37:52.3697612Z     Unable to find an element with text: Not sent. Long press to send again
2026-10-05T23:37:52.3698301Z 
2026-10-05T23:37:52.3698460Z     [36m<View>[39m
2026-10-05T23:37:52.3698945Z       [36m<View>[39m
2026-10-05T23:37:52.3699224Z         [36m<View[39m
2026-10-05T23:37:52.3699595Z           [33maccessibilityLabel[39m=[32m"Go back"[39m
2026-10-05T23:37:52.3700320Z           [33maccessibilityRole[39m=[32m"button"[39m
2026-10-05T23:37:52.3701004Z           [33maccessible[39m=[32m{true}[39m
2026-10-05T23:37:52.3701849Z         [36m>[39m
2026-10-05T23:37:52.3702270Z           [36m<Text>[39m
2026-10-05T23:37:52.3702991Z             [0m[0m
2026-10-05T23:37:52.3703435Z           [36m</Text>[39m
2026-10-05T23:37:52.3703909Z         [36m</View>[39m
2026-10-05T23:37:52.3704234Z         [36m<View[39m
2026-10-05T23:37:52.3704691Z           [33maccessibilityLabel[39m=[32m"View coach contact details"[39m
2026-10-05T23:37:52.3705202Z           [33maccessibilityRole[39m=[32m"button"[39m
2026-10-05T23:37:52.3705598Z           [33maccessible[39m=[32m{true}[39m
2026-10-05T23:37:52.3705929Z         [36m>[39m
2026-10-05T23:37:52.3706180Z           [36m<Text>[39m
2026-10-05T23:37:52.3706472Z             [0mYour Coach[0m
2026-10-05T23:37:52.3706749Z           [36m</Text>[39m
2026-10-05T23:37:52.3707011Z           [36m<Text>[39m
2026-10-05T23:37:52.3707273Z             [0m[0m
2026-10-05T23:37:52.3707526Z           [36m</Text>[39m
2026-10-05T23:37:52.3707783Z         [36m</View>[39m
2026-10-05T23:37:52.3708034Z         [36m<View[39m
2026-10-05T23:37:52.3708555Z           [33maccessibilityLabel[39m=[32m"Mute or unmute this conversation"[39m
2026-10-05T23:37:52.3709078Z           [33maccessibilityRole[39m=[32m"button"[39m
2026-10-05T23:37:52.3709465Z           [33maccessible[39m=[32m{true}[39m
2026-10-05T23:37:52.3709873Z           [33mtestID[39m=[32m"thread-mute-button"[39m
2026-10-05T23:37:52.3710202Z         [36m>[39m
2026-10-05T23:37:52.3710447Z           [36m<Text>[39m
2026-10-05T23:37:52.3710701Z             [0m[0m
2026-10-05T23:37:52.3710965Z           [36m</Text>[39m
2026-10-05T23:37:52.3711718Z         [36m</View>[39m
2026-10-05T23:37:52.3711998Z       [36m</View>[39m
2026-10-05T23:37:52.3712291Z       [36m<RCTScrollView>[39m
2026-10-05T23:37:52.3712574Z         [36m<View>[39m
2026-10-05T23:37:52.3712830Z           [36m<View>[39m
2026-10-05T23:37:52.3713100Z             [36m<View>[39m
2026-10-05T23:37:52.3713398Z               [36m<View>[39m
2026-10-05T23:37:52.3713694Z                 [36m<Text>[39m
2026-10-05T23:37:52.3714014Z                   [0mMon, Oct 5[0m
2026-10-05T23:37:52.3714347Z                 [36m</Text>[39m
2026-10-05T23:37:52.3714646Z               [36m</View>[39m
2026-10-05T23:37:52.3714937Z               [36m<View>[39m
2026-10-05T23:37:52.3715228Z                 [36m<View[39m
2026-10-05T23:37:52.3715800Z                   [33maccessibilityHint[39m=[32m"Long press to reply, copy, or report this message."[39m
2026-10-05T23:37:52.3716546Z                   [33maccessibilityLabel[39m=[32m"Message: Thanks. Long press for actions."[39m
2026-10-05T23:37:52.3717146Z                   [33maccessibilityRole[39m=[32m"button"[39m
2026-10-05T23:37:52.3717575Z                   [33maccessible[39m=[32m{true}[39m
2026-10-05T23:37:52.3717899Z                 [36m>[39m
2026-10-05T23:37:52.3718190Z                   [36m<Text>[39m
2026-10-05T23:37:52.3718502Z                     [0mThanks[0m
2026-10-05T23:37:52.3718809Z                   [36m</Text>[39m
2026-10-05T23:37:52.3719121Z                   [36m<Text>[39m
2026-10-05T23:37:52.3719438Z                     [0m10:37 PM[0m
2026-10-05T23:37:52.3719748Z                   [36m</Text>[39m
2026-10-05T23:37:52.3720060Z                 [36m</View>[39m
2026-10-05T23:37:52.3720361Z                 [36m<View>[39m
2026-10-05T23:37:52.3720657Z                   [36m<View>[39m
2026-10-05T23:37:52.3720966Z                     [36m<Text>[39m
2026-10-05T23:37:52.3721559Z                       [0m[0m
2026-10-05T23:37:52.3721886Z                     [36m</Text>[39m
2026-10-05T23:37:52.3722598Z                     [36m<Text>[39m
2026-10-05T23:37:52.3723010Z                       [0mSent[0m
2026-10-05T23:37:52.3723326Z                     [36m</Text>[39m
2026-10-05T23:37:52.3723647Z                   [36m</View>[39m
2026-10-05T23:37:52.3723961Z                 [36m</View>[39m
2026-10-05T23:37:52.3724260Z               [36m</View>[39m
2026-10-05T23:37:52.3724547Z             [36m</View>[39m
2026-10-05T23:37:52.3724820Z           [36m</View>[39m
2026-10-05T23:37:52.3725085Z         [36m</View>[39m
2026-10-05T23:37:52.3725383Z       [36m</RCTScrollView>[39m
2026-10-05T23:37:52.3725662Z       [36m<View>[39m
2026-10-05T23:37:52.3725921Z         [36m<TextInput[39m
2026-10-05T23:37:52.3726306Z           [33maccessibilityLabel[39m=[32m"Message text"[39m
2026-10-05T23:37:52.3726790Z           [33mplaceholder[39m=[32m"Type a message..."[39m
2026-10-05T23:37:52.3727182Z           [33mvalue[39m=[32m""[39m
2026-10-05T23:37:52.3727505Z         [36m/>[39m
2026-10-05T23:37:52.3727760Z         [36m<View[39m
2026-10-05T23:37:52.3728123Z           [33maccessibilityLabel[39m=[32m"Send message"[39m
2026-10-05T23:37:52.3728571Z           [33maccessibilityRole[39m=[32m"button"[39m
2026-10-05T23:37:52.3728969Z           [33maccessibilityState[39m=[32m{
2026-10-05T23:37:52.3729254Z             {
2026-10-05T23:37:52.3729480Z               "disabled": true,
2026-10-05T23:37:52.3729723Z             }
2026-10-05T23:37:52.3729942Z           }[39m
2026-10-05T23:37:52.3730236Z           [33maccessible[39m=[32m{true}[39m
2026-10-05T23:37:52.3730542Z         [36m>[39m
2026-10-05T23:37:52.3730786Z           [36m<Text>[39m
2026-10-05T23:37:52.3731042Z             [0m[0m
2026-10-05T23:37:52.3731470Z           [36m</Text>[39m
2026-10-05T23:37:52.3731742Z         [36m</View>[39m
2026-10-05T23:37:52.3732000Z       [36m</View>[39m
2026-10-05T23:37:52.3732245Z     [36m</View>[39m
2026-10-05T23:37:52.3732382Z 
2026-10-05T23:37:52.3732819Z     [0m [90m 125 |[39m     [36mawait[39m act([36masync[39m () [33m=>[39m { ping()[33m;[39m })[33m;[39m
2026-10-05T23:37:52.3733889Z      [90m 126 |[39m     [36mawait[39m waitFor(() [33m=>[39m expect(mockList[33m.[39mmock[33m.[39mcalls[33m.[39mlength)[33m.[39mtoBeGreaterThan(loadsBeforePing))[33m;[39m
2026-10-05T23:37:52.3735081Z     [31m[1m>[22m[39m[90m 127 |[39m     expect(utils[33m.[39mgetByText([32m'Not sent. Long press to send again'[39m))[33m.[39mtoBeTruthy()[33m;[39m
2026-10-05T23:37:52.3735785Z      [90m     |[39m                  [31m[1m^[22m[39m
2026-10-05T23:37:52.3736561Z      [90m 128 |[39m     expect(utils[33m.[39mgetAllByLabelText([35m/Message: Thanks/[39m))[33m.[39mtoHaveLength([35m2[39m)[33m;[39m
2026-10-05T23:37:52.3737195Z      [90m 129 |[39m   })[33m;[39m
2026-10-05T23:37:52.3737491Z      [90m 130 |[39m[0m
2026-10-05T23:37:52.3737637Z 
2026-10-05T23:37:52.3737942Z       at Object.getByText (src/screens/client/__tests__/MessagesScreenV2.test.tsx:127:18)
2026-10-05T23:37:52.3738612Z       at asyncGeneratorStep (node_modules/@babel/runtime/helpers/asyncToGenerator.js:3:17)
2026-10-05T23:37:52.3739210Z       at _next (node_modules/@babel/runtime/helpers/asyncToGenerator.js:17:9)
2026-10-05T23:37:52.3739513Z 
2026-10-05T23:37:52.4302639Z PASS src/screens/coach/__tests__/ClientMessagesScreenV2.test.tsx (14.878 s)
2026-10-05T23:37:52.4361772Z   ● Console
2026-10-05T23:37:52.4362298Z 
2026-10-05T23:37:52.4362490Z     console.error
2026-10-05T23:37:52.4363296Z       An update to ClientMessagesScreen inside a test was not wrapped in act(...).
2026-10-05T23:37:52.4364075Z       
2026-10-05T23:37:52.4364849Z       When testing, code that causes React state updates should be wrapped into act(...):
2026-10-05T23:37:52.4365576Z       
2026-10-05T23:37:52.4365911Z       act(() => {
2026-10-05T23:37:52.4366395Z         /* fire events that update state */
2026-10-05T23:37:52.4366906Z       });
2026-10-05T23:37:52.4367335Z       /* assert on the output */
2026-10-05T23:37:52.4368334Z       
2026-10-05T23:37:52.4369725Z       This ensures that you're testing the behavior the user would see in the browser. Learn more at https://react.dev/link/wrap-tests-with-act
2026-10-05T23:37:52.4370545Z 
2026-10-05T23:37:52.4371341Z     [0m [90m 57 |[39m   [36mconst[39m run [33m=[39m useCallback(
2026-10-05T23:37:52.4373602Z      [90m 58 |[39m     [36masync[39m (title[33m:[39m string[33m,[39m fn[33m:[39m () [33m=>[39m [33mPromise[39m[33m<[39m[33munknown[39m[33m>[39m[33m,[39m after[33m?[39m[33m:[39m () [33m=>[39m [36mvoid[39m) [33m=>[39m {
2026-10-05T23:37:52.4375173Z     [31m[1m>[22m[39m[90m 59 |[39m       setBusy([36mtrue[39m)[33m;[39m
2026-10-05T23:37:52.4375859Z      [90m    |[39m       [31m[1m^[22m[39m
2026-10-05T23:37:52.4376438Z      [90m 60 |[39m       [36mtry[39m {
2026-10-05T23:37:52.4377171Z      [90m 61 |[39m         [36mawait[39m fn()[33m;[39m
2026-10-05T23:37:52.4377942Z      [90m 62 |[39m         after[33m?[39m[33m.[39m()[33m;[39m[0m
2026-10-05T23:37:52.4378357Z 
2026-10-05T23:37:52.4378796Z       at node_modules/react-reconciler/cjs/react-reconciler.development.js:16307:19
2026-10-05T23:37:52.4379927Z       at runWithFiberInDEV (node_modules/react-reconciler/cjs/react-reconciler.development.js:2508:13)
2026-10-05T23:37:52.4381676Z       at warnIfUpdatesNotWrappedWithActDEV (node_modules/react-reconciler/cjs/react-reconciler.development.js:16306:9)
2026-10-05T23:37:52.4383325Z       at scheduleUpdateOnFiber (node_modules/react-reconciler/cjs/react-reconciler.development.js:14070:11)
2026-10-05T23:37:52.4384732Z       at dispatchSetStateInternal (node_modules/react-reconciler/cjs/react-reconciler.development.js:6784:13)
2026-10-05T23:37:52.4386025Z       at dispatchSetState (node_modules/react-reconciler/cjs/react-reconciler.development.js:6741:7)
2026-10-05T23:37:52.4386967Z       at setBusy (src/hooks/useThreadV2.ts:59:7)
2026-10-05T23:37:52.4387855Z       at asyncGeneratorStep (node_modules/@babel/runtime/helpers/asyncToGenerator.js:3:17)
2026-10-05T23:37:52.4388943Z       at _next (node_modules/@babel/runtime/helpers/asyncToGenerator.js:17:9)
2026-10-05T23:37:52.4389997Z       at node_modules/@babel/runtime/helpers/asyncToGenerator.js:22:7
2026-10-05T23:37:52.4391067Z       at node_modules/@babel/runtime/helpers/asyncToGenerator.js:14:12
2026-10-05T23:37:52.4392200Z       at apply (src/hooks/useThreadV2.ts:70:6)
2026-10-05T23:37:52.4393067Z       at Object.run [as onPress] (src/hooks/useThreadV2.ts:106:31)
2026-10-05T23:37:52.4394252Z       at Object.onPress (src/screens/coach/__tests__/ClientMessagesScreenV2.test.tsx:159:98)
2026-10-05T23:37:52.4395700Z       at asyncGeneratorStep (node_modules/@babel/runtime/helpers/asyncToGenerator.js:3:17)
2026-10-05T23:37:52.4396935Z       at _next (node_modules/@babel/runtime/helpers/asyncToGenerator.js:17:9)
2026-10-05T23:37:52.4397596Z 
2026-10-05T23:37:52.5374407Z 
2026-10-05T23:37:52.5380178Z Test Suites: 1 failed, 5 passed, 6 total
2026-10-05T23:37:52.5380789Z Tests:       1 failed, 61 passed, 62 total
2026-10-05T23:37:52.5381393Z Snapshots:   0 total
2026-10-05T23:37:52.5381699Z Time:        15.78 s
2026-10-05T23:37:52.5383839Z Ran all test suites matching /src\/screens\/client\/__tests__\/MessagesScreenV2.test.tsx|src\/screens\/coach\/__tests__\/ClientMessagesScreenV2.test.tsx|src\/screens\/coach\/__tests__\/CoachInboxV2.test.tsx|src\/api\/__tests__\/messagingV2Api.test.ts|src\/services\/__tests__\/realtimeThreadUpdated.test.ts|src\/components\/messaging\/__tests__\/threadV2.test.ts/i.
2026-10-05T23:37:52.5545483Z ##[error]Process completed with exit code 1.
2026-10-05T23:37:52.5688637Z Post job cleanup.
2026-10-05T23:37:52.6546277Z [command]/usr/bin/git version
2026-10-05T23:37:52.6614557Z git version 2.55.0
2026-10-05T23:37:52.6655831Z Temporarily overriding HOME='/home/runner/work/_temp/bc70f11b-0f28-4a82-8149-11cb44591c53' before making global git config changes
2026-10-05T23:37:52.6656739Z Adding repository directory to the temporary git global config as a safe directory
2026-10-05T23:37:52.6660968Z [command]/usr/bin/git config --global --add safe.directory /home/runner/work/growth-project-mobile/growth-project-mobile
2026-10-05T23:37:52.6692086Z Removing SSH command configuration
2026-10-05T23:37:52.6698745Z [command]/usr/bin/git config --local --name-only --get-regexp core\.sshCommand
2026-10-05T23:37:52.6734389Z [command]/usr/bin/git submodule foreach --recursive sh -c "git config --local --name-only --get-regexp 'core\.sshCommand' && git config --local --unset-all 'core.sshCommand' || :"
2026-10-05T23:37:52.6953362Z Removing HTTP extra header
2026-10-05T23:37:52.6959122Z [command]/usr/bin/git config --local --name-only --get-regexp http\.https\:\/\/github\.com\/\.extraheader
2026-10-05T23:37:52.6994155Z [command]/usr/bin/git submodule foreach --recursive sh -c "git config --local --name-only --get-regexp 'http\.https\:\/\/github\.com\/\.extraheader' && git config --local --unset-all 'http.https://github.com/.extraheader' || :"
2026-10-05T23:37:52.7208808Z Removing includeIf entries pointing to credentials config files
2026-10-05T23:37:52.7214984Z [command]/usr/bin/git config --local --name-only --get-regexp ^includeIf\.gitdir:
2026-10-05T23:37:52.7242320Z includeif.gitdir:/home/runner/work/growth-project-mobile/growth-project-mobile/.git.path
2026-10-05T23:37:52.7243941Z includeif.gitdir:/home/runner/work/growth-project-mobile/growth-project-mobile/.git/worktrees/*.path
2026-10-05T23:37:52.7245143Z includeif.gitdir:/github/workspace/.git.path
2026-10-05T23:37:52.7246000Z includeif.gitdir:/github/workspace/.git/worktrees/*.path
2026-10-05T23:37:52.7253797Z [command]/usr/bin/git config --local --get-all includeif.gitdir:/home/runner/work/growth-project-mobile/growth-project-mobile/.git.path
2026-10-05T23:37:52.7277295Z /home/runner/work/_temp/git-credentials-7f3ee995-af5e-4943-ac5f-2855916afcb7.config
2026-10-05T23:37:52.7288003Z [command]/usr/bin/git config --local --unset includeif.gitdir:/home/runner/work/growth-project-mobile/growth-project-mobile/.git.path /home/runner/work/_temp/git-credentials-7f3ee995-af5e-4943-ac5f-2855916afcb7.config
2026-10-05T23:37:52.7322345Z [command]/usr/bin/git config --local --get-all includeif.gitdir:/home/runner/work/growth-project-mobile/growth-project-mobile/.git/worktrees/*.path
2026-10-05T23:37:52.7343469Z /home/runner/work/_temp/git-credentials-7f3ee995-af5e-4943-ac5f-2855916afcb7.config
2026-10-05T23:37:52.7352819Z [command]/usr/bin/git config --local --unset includeif.gitdir:/home/runner/work/growth-project-mobile/growth-project-mobile/.git/worktrees/*.path /home/runner/work/_temp/git-credentials-7f3ee995-af5e-4943-ac5f-2855916afcb7.config
2026-10-05T23:37:52.7385546Z [command]/usr/bin/git config --local --get-all includeif.gitdir:/github/workspace/.git.path
2026-10-05T23:37:52.7405642Z /github/runner_temp/git-credentials-7f3ee995-af5e-4943-ac5f-2855916afcb7.config
2026-10-05T23:37:52.7413442Z [command]/usr/bin/git config --local --unset includeif.gitdir:/github/workspace/.git.path /github/runner_temp/git-credentials-7f3ee995-af5e-4943-ac5f-2855916afcb7.config
2026-10-05T23:37:52.7445300Z [command]/usr/bin/git config --local --get-all includeif.gitdir:/github/workspace/.git/worktrees/*.path
2026-10-05T23:37:52.7465842Z /github/runner_temp/git-credentials-7f3ee995-af5e-4943-ac5f-2855916afcb7.config
2026-10-05T23:37:52.7475021Z [command]/usr/bin/git config --local --unset includeif.gitdir:/github/workspace/.git/worktrees/*.path /github/runner_temp/git-credentials-7f3ee995-af5e-4943-ac5f-2855916afcb7.config
2026-10-05T23:37:52.7509632Z [command]/usr/bin/git submodule foreach --recursive git config --local --show-origin --name-only --get-regexp remote.origin.url
2026-10-05T23:37:52.7725144Z Removing credentials config '/home/runner/work/_temp/git-credentials-7f3ee995-af5e-4943-ac5f-2855916afcb7.config'
2026-10-05T23:37:52.7876849Z Cleaning up orphan processes
