2026-10-05T23:42:12.3224109Z Current runner version: '2.337.0'
2026-10-05T23:42:12.3261990Z ##[group]Runner Image Provisioner
2026-10-05T23:42:12.3263280Z Hosted Compute Agent
2026-10-05T23:42:12.3264364Z Version: 20260901.588
2026-10-05T23:42:12.3265449Z Commit: f88ec8081b781fac6c440065ac7ff9e710ce3d0b
2026-10-05T23:42:12.3266672Z Build Date: 2026-09-01T19:56:44Z
2026-10-05T23:42:12.3267990Z Worker ID: {11cd0de6-ae82-4c29-a5c7-5b41bd45c028}
2026-10-05T23:42:12.3269174Z Azure Region: eastus2
2026-10-05T23:42:12.3270433Z ##[endgroup]
2026-10-05T23:42:12.3272831Z ##[group]Operating System
2026-10-05T23:42:12.3274286Z Ubuntu
2026-10-05T23:42:12.3275315Z 24.04.5
2026-10-05T23:42:12.3276140Z LTS
2026-10-05T23:42:12.3277033Z ##[endgroup]
2026-10-05T23:42:12.3278021Z ##[group]Runner Image
2026-10-05T23:42:12.3279055Z Image: ubuntu-24.04
2026-10-05T23:42:12.3280381Z Version: 20260927.320.1
2026-10-05T23:42:12.3282473Z Included Software: https://github.com/actions/runner-images/blob/ubuntu24/20260927.320/images/ubuntu/Ubuntu2404-Readme.md
2026-10-05T23:42:12.3285264Z Image Release: https://github.com/actions/runner-images/releases/tag/ubuntu24%2F20260927.320
2026-10-05T23:42:12.3287119Z ##[endgroup]
2026-10-05T23:42:12.3289088Z ##[group]GITHUB_TOKEN Permissions
2026-10-05T23:42:12.3292386Z Contents: read
2026-10-05T23:42:12.3293386Z Metadata: read
2026-10-05T23:42:12.3294249Z Packages: read
2026-10-05T23:42:12.3295294Z ##[endgroup]
2026-10-05T23:42:12.3298294Z Secret source: Actions
2026-10-05T23:42:12.3300245Z Cache mode: write
2026-10-05T23:42:12.3301690Z Prepare workflow directory
2026-10-05T23:42:12.3927464Z Prepare all required actions
2026-10-05T23:42:12.3997830Z Getting action download info
2026-10-05T23:42:12.6144443Z Download action repository 'actions/checkout@v6' (SHA:d23441a48e516b6c34aea4fa41551a30e30af803)
2026-10-05T23:42:12.7203918Z Download action repository 'actions/setup-node@v6' (SHA:249970729cb0ef3589644e2896645e5dc5ba9c38)
2026-10-05T23:42:12.9610329Z Complete job name: targeted
2026-10-05T23:42:13.0144623Z ##[group]Checking docker version
2026-10-05T23:42:13.0158053Z ##[command]/usr/bin/docker version --format '{{.Server.APIVersion}}'
2026-10-05T23:42:13.1042513Z '1.48'
2026-10-05T23:42:13.1053886Z Docker daemon API version: '1.48'
2026-10-05T23:42:13.1054670Z ##[command]/usr/bin/docker version --format '{{.Client.APIVersion}}'
2026-10-05T23:42:13.1308425Z '1.48'
2026-10-05T23:42:13.1320919Z Docker client API version: '1.48'
2026-10-05T23:42:13.1326622Z ##[endgroup]
2026-10-05T23:42:13.1329842Z ##[group]Clean up resources from previous jobs
2026-10-05T23:42:13.1335715Z ##[command]/usr/bin/docker ps --all --quiet --no-trunc --filter "label=9e3a02"
2026-10-05T23:42:13.1475093Z ##[command]/usr/bin/docker network prune --force --filter "label=9e3a02"
2026-10-05T23:42:13.1597831Z ##[endgroup]
2026-10-05T23:42:13.1598417Z ##[group]Create local container network
2026-10-05T23:42:13.1608779Z ##[command]/usr/bin/docker network create --label 9e3a02 github_network_586acd019d714b5f9c1351519745b45d
2026-10-05T23:42:13.2121193Z a6464bd3af72f90bd6112d8ed65f7dc862335a7d4c378757b92188c3b86cbb2f
2026-10-05T23:42:13.2140824Z ##[endgroup]
2026-10-05T23:42:13.2164436Z ##[group]Starting redis service container
2026-10-05T23:42:13.2185907Z ##[command]/usr/bin/docker pull redis:7-alpine
2026-10-05T23:42:13.5288072Z 7-alpine: Pulling from library/redis
2026-10-05T23:42:13.6136827Z 16333ee0c00f: Pulling fs layer
2026-10-05T23:42:13.6137582Z 83234986c742: Pulling fs layer
2026-10-05T23:42:13.6138258Z 7eb50503c2b0: Pulling fs layer
2026-10-05T23:42:13.6138942Z 1522f9c6f453: Pulling fs layer
2026-10-05T23:42:13.6139783Z 9928009b15c8: Pulling fs layer
2026-10-05T23:42:13.6140660Z 4f4fb700ef54: Pulling fs layer
2026-10-05T23:42:13.6141522Z 4eb14bae0e1d: Pulling fs layer
2026-10-05T23:42:13.6142478Z 1522f9c6f453: Waiting
2026-10-05T23:42:13.6143124Z 9928009b15c8: Waiting
2026-10-05T23:42:13.6143953Z 4f4fb700ef54: Waiting
2026-10-05T23:42:13.6144418Z 4eb14bae0e1d: Waiting
2026-10-05T23:42:13.6788101Z 83234986c742: Verifying Checksum
2026-10-05T23:42:13.6788965Z 83234986c742: Download complete
2026-10-05T23:42:13.6927809Z 7eb50503c2b0: Verifying Checksum
2026-10-05T23:42:13.6929484Z 7eb50503c2b0: Download complete
2026-10-05T23:42:13.7325164Z 16333ee0c00f: Verifying Checksum
2026-10-05T23:42:13.7325850Z 16333ee0c00f: Download complete
2026-10-05T23:42:13.7470893Z 9928009b15c8: Verifying Checksum
2026-10-05T23:42:13.7471959Z 9928009b15c8: Download complete
2026-10-05T23:42:13.7852228Z 4f4fb700ef54: Download complete
2026-10-05T23:42:13.7989952Z 4eb14bae0e1d: Verifying Checksum
2026-10-05T23:42:13.7991438Z 4eb14bae0e1d: Download complete
2026-10-05T23:42:13.8125431Z 1522f9c6f453: Verifying Checksum
2026-10-05T23:42:13.8126523Z 1522f9c6f453: Download complete
2026-10-05T23:42:13.8488898Z 16333ee0c00f: Pull complete
2026-10-05T23:42:16.3053321Z 83234986c742: Pull complete
2026-10-05T23:42:16.4383494Z 7eb50503c2b0: Pull complete
2026-10-05T23:42:16.6291094Z 1522f9c6f453: Pull complete
2026-10-05T23:42:16.6386539Z 9928009b15c8: Pull complete
2026-10-05T23:42:16.6480499Z 4f4fb700ef54: Pull complete
2026-10-05T23:42:16.6584285Z 4eb14bae0e1d: Pull complete
2026-10-05T23:42:16.6631393Z Digest: sha256:858f009f9709ce576febc734aa78b8f6d624b82571f9ddb6bda4377c833b3499
2026-10-05T23:42:16.6647320Z Status: Downloaded newer image for redis:7-alpine
2026-10-05T23:42:16.6656085Z docker.io/library/redis:7-alpine
2026-10-05T23:42:16.6689837Z ##[command]/usr/bin/docker create --name d2285fa13b6249b294200f605d52bf2e_redis7alpine_cedb4a --label 9e3a02 --network github_network_586acd019d714b5f9c1351519745b45d --network-alias redis -p 6379:6379 --health-cmd "redis-cli ping" --health-interval 5s --health-timeout 3s --health-retries 10 -e GITHUB_ACTIONS=true -e CI=true redis:7-alpine
2026-10-05T23:42:16.6941356Z 989e181471346d64e84f9630f2243add6064eb0ef90619704bd4ceb654bf03a8
2026-10-05T23:42:16.6964495Z ##[command]/usr/bin/docker start 989e181471346d64e84f9630f2243add6064eb0ef90619704bd4ceb654bf03a8
2026-10-05T23:42:16.9205458Z 989e181471346d64e84f9630f2243add6064eb0ef90619704bd4ceb654bf03a8
2026-10-05T23:42:16.9223865Z ##[command]/usr/bin/docker ps --all --filter id=989e181471346d64e84f9630f2243add6064eb0ef90619704bd4ceb654bf03a8 --filter status=running --no-trunc --format "{{.ID}} {{.Status}}"
2026-10-05T23:42:16.9345313Z 989e181471346d64e84f9630f2243add6064eb0ef90619704bd4ceb654bf03a8 Up Less than a second (health: starting)
2026-10-05T23:42:16.9363919Z ##[command]/usr/bin/docker port 989e181471346d64e84f9630f2243add6064eb0ef90619704bd4ceb654bf03a8
2026-10-05T23:42:16.9477487Z 6379/tcp -> 0.0.0.0:6379
2026-10-05T23:42:16.9478146Z 6379/tcp -> [::]:6379
2026-10-05T23:42:16.9522816Z ##[endgroup]
2026-10-05T23:42:16.9532328Z ##[group]Waiting for all services to be ready
2026-10-05T23:42:16.9545819Z ##[command]/usr/bin/docker inspect --format="{{if .Config.Healthcheck}}{{print .State.Health.Status}}{{end}}" 989e181471346d64e84f9630f2243add6064eb0ef90619704bd4ceb654bf03a8
2026-10-05T23:42:16.9660587Z starting
2026-10-05T23:42:16.9680168Z redis service is starting, waiting 2 seconds before checking again.
2026-10-05T23:42:18.9681681Z ##[command]/usr/bin/docker inspect --format="{{if .Config.Healthcheck}}{{print .State.Health.Status}}{{end}}" 989e181471346d64e84f9630f2243add6064eb0ef90619704bd4ceb654bf03a8
2026-10-05T23:42:18.9801575Z starting
2026-10-05T23:42:18.9814495Z redis service is starting, waiting 3 seconds before checking again.
2026-10-05T23:42:22.8861980Z ##[command]/usr/bin/docker inspect --format="{{if .Config.Healthcheck}}{{print .State.Health.Status}}{{end}}" 989e181471346d64e84f9630f2243add6064eb0ef90619704bd4ceb654bf03a8
2026-10-05T23:42:22.8985535Z healthy
2026-10-05T23:42:22.9027939Z redis service is healthy.
2026-10-05T23:42:22.9028720Z ##[endgroup]
2026-10-05T23:42:22.9316039Z ##[group]Run actions/checkout@v6
2026-10-05T23:42:22.9316627Z with:
2026-10-05T23:42:22.9316933Z   repository: BradleyGleavePortfolio/growth-project-backend
2026-10-05T23:42:22.9320238Z   token: ***
2026-10-05T23:42:22.9320463Z   ssh-strict: true
2026-10-05T23:42:22.9320675Z   ssh-user: git
2026-10-05T23:42:22.9320891Z   persist-credentials: true
2026-10-05T23:42:22.9321374Z   clean: true
2026-10-05T23:42:22.9321603Z   sparse-checkout-cone-mode: true
2026-10-05T23:42:22.9321855Z   fetch-depth: 1
2026-10-05T23:42:22.9322050Z   fetch-tags: false
2026-10-05T23:42:22.9322253Z   show-progress: true
2026-10-05T23:42:22.9322457Z   lfs: false
2026-10-05T23:42:22.9322637Z   submodules: false
2026-10-05T23:42:22.9322844Z   set-safe-directory: true
2026-10-05T23:42:22.9323089Z   allow-unsafe-pr-checkout: false
2026-10-05T23:42:22.9323642Z ##[endgroup]
2026-10-05T23:42:23.0370155Z Syncing repository: BradleyGleavePortfolio/growth-project-backend
2026-10-05T23:42:23.0371918Z ##[group]Getting Git version info
2026-10-05T23:42:23.0372796Z Working directory is '/home/runner/work/growth-project-backend/growth-project-backend'
2026-10-05T23:42:23.0374039Z [command]/usr/bin/git version
2026-10-05T23:42:23.0377281Z git version 2.55.0
2026-10-05T23:42:23.0401560Z ##[endgroup]
2026-10-05T23:42:23.0415598Z Temporarily overriding HOME='/home/runner/work/_temp/1c0bb99c-75a2-4b88-8682-eb576d571daa' before making global git config changes
2026-10-05T23:42:23.0416711Z Adding repository directory to the temporary git global config as a safe directory
2026-10-05T23:42:23.0422643Z [command]/usr/bin/git config --global --add safe.directory /home/runner/work/growth-project-backend/growth-project-backend
2026-10-05T23:42:23.0473899Z Deleting the contents of '/home/runner/work/growth-project-backend/growth-project-backend'
2026-10-05T23:42:23.0477922Z ##[group]Determining repository object format
2026-10-05T23:42:23.0480963Z ##[endgroup]
2026-10-05T23:42:23.0481613Z ##[group]Initializing the repository
2026-10-05T23:42:23.0486815Z [command]/usr/bin/git init /home/runner/work/growth-project-backend/growth-project-backend
2026-10-05T23:42:23.0601541Z hint: Using 'master' as the name for the initial branch. This default branch name
2026-10-05T23:42:23.0602768Z hint: will change to "main" in Git 3.0. To configure the initial branch name
2026-10-05T23:42:23.0603885Z hint: to use in all of your new repositories, which will suppress this warning,
2026-10-05T23:42:23.0604721Z hint: call:
2026-10-05T23:42:23.0605082Z hint:
2026-10-05T23:42:23.0605586Z hint: 	git config --global init.defaultBranch <name>
2026-10-05T23:42:23.0606152Z hint:
2026-10-05T23:42:23.0606500Z hint: Names commonly chosen instead of 'master' are 'main', 'trunk' and
2026-10-05T23:42:23.0607092Z hint: 'development'. The just-created branch can be renamed via this command:
2026-10-05T23:42:23.0607531Z hint:
2026-10-05T23:42:23.0607762Z hint: 	git branch -m <name>
2026-10-05T23:42:23.0608044Z hint:
2026-10-05T23:42:23.0608469Z hint: Disable this message with "git config set advice.defaultBranchName false"
2026-10-05T23:42:23.0716031Z Initialized empty Git repository in /home/runner/work/growth-project-backend/growth-project-backend/.git/
2026-10-05T23:42:23.0727769Z [command]/usr/bin/git remote add origin https://github.com/BradleyGleavePortfolio/growth-project-backend
2026-10-05T23:42:23.0778603Z ##[endgroup]
2026-10-05T23:42:23.0779095Z ##[group]Disabling automatic garbage collection
2026-10-05T23:42:23.0782624Z [command]/usr/bin/git config --local gc.auto 0
2026-10-05T23:42:23.0813864Z ##[endgroup]
2026-10-05T23:42:23.0814393Z ##[group]Setting up auth
2026-10-05T23:42:23.0815648Z Removing SSH command configuration
2026-10-05T23:42:23.0822673Z [command]/usr/bin/git config --local --name-only --get-regexp core\.sshCommand
2026-10-05T23:42:23.0855631Z [command]/usr/bin/git submodule foreach --recursive sh -c "git config --local --name-only --get-regexp 'core\.sshCommand' && git config --local --unset-all 'core.sshCommand' || :"
2026-10-05T23:42:23.1197703Z Removing HTTP extra header
2026-10-05T23:42:23.1203760Z [command]/usr/bin/git config --local --name-only --get-regexp http\.https\:\/\/github\.com\/\.extraheader
2026-10-05T23:42:23.1237177Z [command]/usr/bin/git submodule foreach --recursive sh -c "git config --local --name-only --get-regexp 'http\.https\:\/\/github\.com\/\.extraheader' && git config --local --unset-all 'http.https://github.com/.extraheader' || :"
2026-10-05T23:42:23.1448444Z Removing includeIf entries pointing to credentials config files
2026-10-05T23:42:23.1454989Z [command]/usr/bin/git config --local --name-only --get-regexp ^includeIf\.gitdir:
2026-10-05T23:42:23.1485729Z [command]/usr/bin/git submodule foreach --recursive git config --local --show-origin --name-only --get-regexp remote.origin.url
2026-10-05T23:42:23.1712628Z [command]/usr/bin/git config --file /home/runner/work/_temp/git-credentials-7c423203-764a-47a4-8c9e-c211e017b8ca.config http.https://github.com/.extraheader AUTHORIZATION: basic ***
2026-10-05T23:42:23.1748541Z [command]/usr/bin/git config --local includeIf.gitdir:/home/runner/work/growth-project-backend/growth-project-backend/.git.path /home/runner/work/_temp/git-credentials-7c423203-764a-47a4-8c9e-c211e017b8ca.config
2026-10-05T23:42:23.1780614Z [command]/usr/bin/git config --local includeIf.gitdir:/home/runner/work/growth-project-backend/growth-project-backend/.git/worktrees/*.path /home/runner/work/_temp/git-credentials-7c423203-764a-47a4-8c9e-c211e017b8ca.config
2026-10-05T23:42:23.1813216Z [command]/usr/bin/git config --local includeIf.gitdir:/github/workspace/.git.path /github/runner_temp/git-credentials-7c423203-764a-47a4-8c9e-c211e017b8ca.config
2026-10-05T23:42:23.1843091Z [command]/usr/bin/git config --local includeIf.gitdir:/github/workspace/.git/worktrees/*.path /github/runner_temp/git-credentials-7c423203-764a-47a4-8c9e-c211e017b8ca.config
2026-10-05T23:42:23.1884468Z ##[endgroup]
2026-10-05T23:42:23.1884973Z ##[group]Fetching the repository
2026-10-05T23:42:23.1892629Z [command]/usr/bin/git -c protocol.version=2 fetch --no-tags --prune --no-recurse-submodules --depth=1 origin +b333dd8fb911cf74d0fa2f2a5cb007205a3fb427:refs/remotes/origin/audit/AUD-SOL-PD1-122/733-cross
2026-10-05T23:42:24.4141871Z From https://github.com/BradleyGleavePortfolio/growth-project-backend
2026-10-05T23:42:24.4143109Z  * [new ref]         b333dd8fb911cf74d0fa2f2a5cb007205a3fb427 -> origin/audit/AUD-SOL-PD1-122/733-cross
2026-10-05T23:42:24.4154569Z [command]/usr/bin/git branch --list --remote origin/audit/AUD-SOL-PD1-122/733-cross
2026-10-05T23:42:24.4178377Z   origin/audit/AUD-SOL-PD1-122/733-cross
2026-10-05T23:42:24.4190643Z [command]/usr/bin/git rev-parse refs/remotes/origin/audit/AUD-SOL-PD1-122/733-cross
2026-10-05T23:42:24.4215625Z b333dd8fb911cf74d0fa2f2a5cb007205a3fb427
2026-10-05T23:42:24.4219650Z ##[endgroup]
2026-10-05T23:42:24.4220082Z ##[group]Determining the checkout info
2026-10-05T23:42:24.4220741Z ##[endgroup]
2026-10-05T23:42:24.4224884Z [command]/usr/bin/git sparse-checkout disable
2026-10-05T23:42:24.4271448Z [command]/usr/bin/git config --local --unset-all extensions.worktreeConfig
2026-10-05T23:42:24.4297443Z ##[group]Checking out the ref
2026-10-05T23:42:24.4301609Z [command]/usr/bin/git checkout --progress --force -B audit/AUD-SOL-PD1-122/733-cross refs/remotes/origin/audit/AUD-SOL-PD1-122/733-cross
2026-10-05T23:42:24.6635992Z Switched to a new branch 'audit/AUD-SOL-PD1-122/733-cross'
2026-10-05T23:42:24.6641626Z branch 'audit/AUD-SOL-PD1-122/733-cross' set up to track 'origin/audit/AUD-SOL-PD1-122/733-cross'.
2026-10-05T23:42:24.6651037Z ##[endgroup]
2026-10-05T23:42:24.6696179Z [command]/usr/bin/git log -1 --format=%H
2026-10-05T23:42:24.6722172Z b333dd8fb911cf74d0fa2f2a5cb007205a3fb427
2026-10-05T23:42:24.6976888Z ##[group]Run actions/setup-node@v6
2026-10-05T23:42:24.6977208Z with:
2026-10-05T23:42:24.6977399Z   node-version: 20
2026-10-05T23:42:24.6977600Z   cache: npm
2026-10-05T23:42:24.6977795Z   check-latest: false
2026-10-05T23:42:24.6981189Z   token: ***
2026-10-05T23:42:24.6981432Z   package-manager-cache: true
2026-10-05T23:42:24.6981685Z ##[endgroup]
2026-10-05T23:42:24.8416711Z Attempting to download 20...
2026-10-05T23:42:25.3188063Z Acquiring 20.20.2 - x64 from https://github.com/actions/node-versions/releases/download/20.20.2-23521894959/node-20.20.2-linux-x64.tar.gz
2026-10-05T23:42:25.6479031Z Extracting ...
2026-10-05T23:42:25.6588276Z [command]/usr/bin/tar xz --strip 1 --warning=no-unknown-keyword --overwrite -C /home/runner/work/_temp/5aea2f65-edfe-4664-bc30-10e7ce646069 -f /home/runner/work/_temp/4004e589-cfcd-41b2-b37a-416eb5843c93
2026-10-05T23:42:26.6719796Z Adding to the cache ...
2026-10-05T23:42:28.4571271Z ##[group]Environment details
2026-10-05T23:42:28.6779921Z node: v20.20.2
2026-10-05T23:42:28.6780318Z npm: 10.8.2
2026-10-05T23:42:28.6780636Z yarn: 1.22.22
2026-10-05T23:42:28.6781234Z ##[endgroup]
2026-10-05T23:42:28.6797502Z [command]/opt/hostedtoolcache/node/20.20.2/x64/bin/npm config get cache
2026-10-05T23:42:28.7872694Z /home/runner/.npm
2026-10-05T23:42:28.8706613Z Cache hit for: node-cache-Linux-x64-npm-07f78abbac5e2cbfcef112b8b919e298f8da38fa5e6aaf98a3625ef672bd5b12
2026-10-05T23:42:29.3467280Z Received 86828135 of 86828135 (100.0%), 187.8 MBs/sec
2026-10-05T23:42:29.3468318Z Cache Size: ~83 MB (86828135 B)
2026-10-05T23:42:29.3500021Z [command]/usr/bin/tar -xf /home/runner/work/_temp/c44335a5-7ffc-4415-ae3b-e3654d0ffc11/cache.tzst -P -C /home/runner/work/growth-project-backend/growth-project-backend --use-compress-program unzstd
2026-10-05T23:42:29.5299879Z Cache restored successfully
2026-10-05T23:42:29.5345946Z Cache restored from key: node-cache-Linux-x64-npm-07f78abbac5e2cbfcef112b8b919e298f8da38fa5e6aaf98a3625ef672bd5b12
2026-10-05T23:42:29.5538088Z ##[group]Run npm ci
2026-10-05T23:42:29.5538391Z [36;1mnpm ci[0m
2026-10-05T23:42:29.5913080Z shell: /usr/bin/bash -e {0}
2026-10-05T23:42:29.5913388Z ##[endgroup]
2026-10-05T23:42:35.3350690Z npm warn deprecated inflight@1.0.6: This module is not supported, and leaks memory. Do not use it. Check out lru-cache if you want a good and tested way to coalesce async requests by a key value, which is much more comprehensive and powerful.
2026-10-05T23:42:36.2230154Z npm warn deprecated jpeg-exif@1.1.4: Package no longer supported. Contact Support at https://www.npmjs.com/support for more info.
2026-10-05T23:42:37.6615460Z npm warn deprecated glob@7.2.3: Old versions of glob are not supported, and contain widely publicized security vulnerabilities, which have been fixed in the current version. Please update. Support for old versions may be purchased (at exorbitant rates) by contacting i@izs.me
2026-10-05T23:42:39.0609090Z npm warn deprecated glob@10.5.0: Old versions of glob are not supported, and contain widely publicized security vulnerabilities, which have been fixed in the current version. Please update. Support for old versions may be purchased (at exorbitant rates) by contacting i@izs.me
2026-10-05T23:42:39.1070331Z npm warn deprecated glob@10.5.0: Old versions of glob are not supported, and contain widely publicized security vulnerabilities, which have been fixed in the current version. Please update. Support for old versions may be purchased (at exorbitant rates) by contacting i@izs.me
2026-10-05T23:42:39.1788864Z npm warn deprecated glob@10.5.0: Old versions of glob are not supported, and contain widely publicized security vulnerabilities, which have been fixed in the current version. Please update. Support for old versions may be purchased (at exorbitant rates) by contacting i@izs.me
2026-10-05T23:42:51.9586458Z 
2026-10-05T23:42:51.9587374Z > growth-project-backend@1.0.0 postinstall
2026-10-05T23:42:51.9588020Z > prisma generate
2026-10-05T23:42:51.9588258Z 
2026-10-05T23:42:52.9188674Z Prisma schema loaded from prisma/schema.prisma
2026-10-05T23:42:56.8516125Z ┌─────────────────────────────────────────────────────────┐
2026-10-05T23:42:56.8517769Z │  Update available 6.19.3 -> 8.0.0-rc.20                 │
2026-10-05T23:42:56.8518295Z 
2026-10-05T23:42:56.8519701Z ✔ Generated Prisma Client (v6.19.3) to ./node_modules/@prisma/client in 2.15s
2026-10-05T23:42:56.8520292Z 
2026-10-05T23:42:56.8520972Z Start by importing your Prisma Client (See: https://pris.ly/d/importing-client)
2026-10-05T23:42:56.8521596Z 
2026-10-05T23:42:56.8522181Z Tip: Want to turn off tips and other hints? https://pris.ly/tip-4-nohints
2026-10-05T23:42:56.8522715Z 
2026-10-05T23:42:56.8523252Z │                                                         │
2026-10-05T23:42:56.8524772Z │  This is a major update - please follow the guide at    │
2026-10-05T23:42:56.8525811Z │  https://pris.ly/d/major-version-upgrade                │
2026-10-05T23:42:56.8526775Z │                                                         │
2026-10-05T23:42:56.8527670Z │  Run the following to update                            │
2026-10-05T23:42:56.8528593Z │    npm i --save-dev prisma@latest                       │
2026-10-05T23:42:56.8529925Z │    npm i @prisma/client@latest                          │
2026-10-05T23:42:56.8530892Z └─────────────────────────────────────────────────────────┘
2026-10-05T23:42:56.9093548Z 
2026-10-05T23:42:56.9094207Z > growth-project-backend@1.0.0 prepare
2026-10-05T23:42:56.9094878Z > lefthook install
2026-10-05T23:42:56.9095113Z 
2026-10-05T23:42:56.9600333Z sync hooks: ✔️(pre-commit, commit-msg)
2026-10-05T23:42:56.9765489Z 
2026-10-05T23:42:56.9766212Z added 1115 packages, and audited 1116 packages in 27s
2026-10-05T23:42:56.9766698Z 
2026-10-05T23:42:56.9766985Z 202 packages are looking for funding
2026-10-05T23:42:56.9767520Z   run `npm fund` for details
2026-10-05T23:42:56.9801117Z 
2026-10-05T23:42:56.9801429Z 3 high severity vulnerabilities
2026-10-05T23:42:56.9801752Z 
2026-10-05T23:42:56.9802517Z To address all issues (including breaking changes), run:
2026-10-05T23:42:56.9803011Z   npm audit fix --force
2026-10-05T23:42:56.9803190Z 
2026-10-05T23:42:56.9803313Z Run `npm audit` for details.
2026-10-05T23:42:57.0436743Z ##[group]Run npx prisma generate
2026-10-05T23:42:57.0437085Z [36;1mnpx prisma generate[0m
2026-10-05T23:42:57.0512290Z shell: /usr/bin/bash -e {0}
2026-10-05T23:42:57.0512575Z ##[endgroup]
2026-10-05T23:42:58.4251728Z Prisma schema loaded from prisma/schema.prisma
2026-10-05T23:43:02.5885536Z 
2026-10-05T23:43:02.5887118Z ✔ Generated Prisma Client (v6.19.3) to ./node_modules/@prisma/client in 2.18s
2026-10-05T23:43:02.5887647Z 
2026-10-05T23:43:02.5888159Z Start by importing your Prisma Client (See: https://pris.ly/d/importing-client)
2026-10-05T23:43:02.5888697Z 
2026-10-05T23:43:02.5889895Z Tip: Need your database queries to be 1000x faster? Accelerate offers you that and more: https://pris.ly/tip-2-accelerate
2026-10-05T23:43:02.5890593Z 
2026-10-05T23:43:02.7059587Z ##[group]Run set -euo pipefail
2026-10-05T23:43:02.7059973Z [36;1mset -euo pipefail[0m
2026-10-05T23:43:02.7060386Z [36;1mtest -s .ci-lane-specs || { echo "missing .ci-lane-specs"; exit 2; }[0m
2026-10-05T23:43:02.7060893Z [36;1mmapfile -t SPECS < <(grep -vE '^\s*(#|$)' .ci-lane-specs)[0m
2026-10-05T23:43:02.7061258Z [36;1mecho "specs: ${SPECS[*]}"[0m
2026-10-05T23:43:02.7061556Z [36;1mnpx jest --ci --runInBand "${SPECS[@]}"[0m
2026-10-05T23:43:02.7125039Z shell: /usr/bin/bash --noprofile --norc -e -o pipefail {0}
2026-10-05T23:43:02.7125398Z env:
2026-10-05T23:43:02.7125633Z   NODE_OPTIONS: --max-old-space-size=4096
2026-10-05T23:43:02.7126003Z   THROTTLER_LIVE_REDIS_URL: redis://localhost:6379/0
2026-10-05T23:43:02.7126344Z ##[endgroup]
2026-10-05T23:43:02.7221839Z specs: test/aud-sol-pd1-cross-http.spec.ts test/mwb-head-conflict-409-http.spec.ts test/http-exception.filter.spec.ts test/mwb-3-autosave.service.spec.ts test/mwb-3-autosave.controller.spec.ts test/mwb-3-undo.spec.ts test/mwb-undo-head-fence.spec.ts test/mwb-autosave-owner-visibility.spec.ts
2026-10-05T23:43:05.8160108Z PASS test/mwb-3-autosave.controller.spec.ts (152 MB heap size)
2026-10-05T23:43:05.8331488Z   ● Console
2026-10-05T23:43:05.8331662Z 
2026-10-05T23:43:05.8331777Z     console.warn
2026-10-05T23:43:05.8332537Z       [mwb3-autosave.controller] MWB3_TEST_DATABASE_URL not set — live authorization + conflict suite skipped.
2026-10-05T23:43:05.8333048Z 
2026-10-05T23:43:05.8333392Z     [0m [90m 217 |[39m [36mif[39m ([33m![39m[33mTEST_DB_URL[39m) {
2026-10-05T23:43:05.8334011Z      [90m 218 |[39m   [90m// eslint-disable-next-line no-console[39m
2026-10-05T23:43:05.8334596Z     [31m[1m>[22m[39m[90m 219 |[39m   console[33m.[39mwarn(
2026-10-05T23:43:05.8335457Z      [90m     |[39m           [31m[1m^[22m[39m
2026-10-05T23:43:05.8336202Z      [90m 220 |[39m     [32m'[mwb3-autosave.controller] MWB3_TEST_DATABASE_URL not set — live '[39m [33m+[39m
2026-10-05T23:43:05.8337052Z      [90m 221 |[39m       [32m'authorization + conflict suite skipped.'[39m[33m,[39m
2026-10-05T23:43:05.8337596Z      [90m 222 |[39m   )[33m;[39m[0m
2026-10-05T23:43:05.8337799Z 
2026-10-05T23:43:05.8338102Z       at Object.<anonymous> (test/mwb-3-autosave.controller.spec.ts:219:11)
2026-10-05T23:43:05.8338461Z 
2026-10-05T23:43:06.8938573Z [33m[Nest] 3067  - [39m10/05/2026, 11:43:06 PM [33m   WARN[39m [38;5;3m[AnalyticsService] [39m[33mPOSTHOG_KEY not set — analytics are disabled (no-op mode).[39m
2026-10-05T23:43:07.0453508Z PASS test/aud-sol-pd1-cross-http.spec.ts (152 MB heap size)
2026-10-05T23:43:07.7508656Z [33m[Nest] 3067  - [39m10/05/2026, 11:43:07 PM [33m   WARN[39m [38;5;3m[AnalyticsService] [39m[33mPOSTHOG_KEY not set — analytics are disabled (no-op mode).[39m
2026-10-05T23:43:07.8462695Z PASS test/mwb-head-conflict-409-http.spec.ts (203 MB heap size)
2026-10-05T23:43:08.9632411Z PASS test/mwb-autosave-owner-visibility.spec.ts (290 MB heap size)
2026-10-05T23:43:09.3176618Z [33m[Nest] 3067  - [39m10/05/2026, 11:43:08 PM [33m   WARN[39m [38;5;3m[AnalyticsService] [39m[33mPOSTHOG_KEY not set — analytics are disabled (no-op mode).[39m
2026-10-05T23:43:09.3179100Z [33m[Nest] 3067  - [39m10/05/2026, 11:43:08 PM [33m   WARN[39m [38;5;3m[AnalyticsService] [39m[33mPOSTHOG_KEY not set — analytics are disabled (no-op mode).[39m
2026-10-05T23:43:09.3181864Z [33m[Nest] 3067  - [39m10/05/2026, 11:43:08 PM [33m   WARN[39m [38;5;3m[AnalyticsService] [39m[33mPOSTHOG_KEY not set — analytics are disabled (no-op mode).[39m
2026-10-05T23:43:09.3184272Z [33m[Nest] 3067  - [39m10/05/2026, 11:43:08 PM [33m   WARN[39m [38;5;3m[AnalyticsService] [39m[33mPOSTHOG_KEY not set — analytics are disabled (no-op mode).[39m
2026-10-05T23:43:09.3186670Z [33m[Nest] 3067  - [39m10/05/2026, 11:43:08 PM [33m   WARN[39m [38;5;3m[AnalyticsService] [39m[33mPOSTHOG_KEY not set — analytics are disabled (no-op mode).[39m
2026-10-05T23:43:09.3189680Z [33m[Nest] 3067  - [39m10/05/2026, 11:43:08 PM [33m   WARN[39m [38;5;3m[AnalyticsService] [39m[33mPOSTHOG_KEY not set — analytics are disabled (no-op mode).[39m
2026-10-05T23:43:09.3192097Z [33m[Nest] 3067  - [39m10/05/2026, 11:43:08 PM [33m   WARN[39m [38;5;3m[AnalyticsService] [39m[33mPOSTHOG_KEY not set — analytics are disabled (no-op mode).[39m
2026-10-05T23:43:09.3194788Z [33m[Nest] 3067  - [39m10/05/2026, 11:43:08 PM [33m   WARN[39m [38;5;3m[AnalyticsService] [39m[33mPOSTHOG_KEY not set — analytics are disabled (no-op mode).[39m
2026-10-05T23:43:09.3197176Z [33m[Nest] 3067  - [39m10/05/2026, 11:43:08 PM [33m   WARN[39m [38;5;3m[AnalyticsService] [39m[33mPOSTHOG_KEY not set — analytics are disabled (no-op mode).[39m
2026-10-05T23:43:09.3199828Z [33m[Nest] 3067  - [39m10/05/2026, 11:43:08 PM [33m   WARN[39m [38;5;3m[AnalyticsService] [39m[33mPOSTHOG_KEY not set — analytics are disabled (no-op mode).[39m
2026-10-05T23:43:09.3202240Z [33m[Nest] 3067  - [39m10/05/2026, 11:43:08 PM [33m   WARN[39m [38;5;3m[AnalyticsService] [39m[33mPOSTHOG_KEY not set — analytics are disabled (no-op mode).[39m
2026-10-05T23:43:09.3204678Z [33m[Nest] 3067  - [39m10/05/2026, 11:43:08 PM [33m   WARN[39m [38;5;3m[AnalyticsService] [39m[33mPOSTHOG_KEY not set — analytics are disabled (no-op mode).[39m
2026-10-05T23:43:09.3207038Z [33m[Nest] 3067  - [39m10/05/2026, 11:43:08 PM [33m   WARN[39m [38;5;3m[AnalyticsService] [39m[33mPOSTHOG_KEY not set — analytics are disabled (no-op mode).[39m
2026-10-05T23:43:09.3209626Z [33m[Nest] 3067  - [39m10/05/2026, 11:43:08 PM [33m   WARN[39m [38;5;3m[AnalyticsService] [39m[33mPOSTHOG_KEY not set — analytics are disabled (no-op mode).[39m
2026-10-05T23:43:09.3212000Z [33m[Nest] 3067  - [39m10/05/2026, 11:43:08 PM [33m   WARN[39m [38;5;3m[AnalyticsService] [39m[33mPOSTHOG_KEY not set — analytics are disabled (no-op mode).[39m
2026-10-05T23:43:09.3214720Z [33m[Nest] 3067  - [39m10/05/2026, 11:43:08 PM [33m   WARN[39m [38;5;3m[AnalyticsService] [39m[33mPOSTHOG_KEY not set — analytics are disabled (no-op mode).[39m
2026-10-05T23:43:09.3217172Z [33m[Nest] 3067  - [39m10/05/2026, 11:43:08 PM [33m   WARN[39m [38;5;3m[AnalyticsService] [39m[33mPOSTHOG_KEY not set — analytics are disabled (no-op mode).[39m
2026-10-05T23:43:09.3219783Z [33m[Nest] 3067  - [39m10/05/2026, 11:43:08 PM [33m   WARN[39m [38;5;3m[AnalyticsService] [39m[33mPOSTHOG_KEY not set — analytics are disabled (no-op mode).[39m
2026-10-05T23:43:09.3222163Z [33m[Nest] 3067  - [39m10/05/2026, 11:43:09 PM [33m   WARN[39m [38;5;3m[AnalyticsService] [39m[33mPOSTHOG_KEY not set — analytics are disabled (no-op mode).[39m
2026-10-05T23:43:09.3224519Z [33m[Nest] 3067  - [39m10/05/2026, 11:43:09 PM [33m   WARN[39m [38;5;3m[AnalyticsService] [39m[33mPOSTHOG_KEY not set — analytics are disabled (no-op mode).[39m
2026-10-05T23:43:09.3226150Z [33m[Nest] 3067  - [39m10/05/2026, 11:43:09 PM [33m   WARN[39m [38;5;3m[AnalyticsService] [39m[33mPOSTHOG_KEY not set — analytics are disabled (no-op mode).[39m
2026-10-05T23:43:09.3226977Z PASS test/mwb-undo-head-fence.spec.ts (311 MB heap size)
2026-10-05T23:43:09.6720311Z PASS test/http-exception.filter.spec.ts (338 MB heap size)
2026-10-05T23:43:09.6738797Z 
2026-10-05T23:43:09.6747466Z Test Suites: 2 skipped, 6 passed, 6 of 8 total
2026-10-05T23:43:09.6748238Z Tests:       16 skipped, 52 passed, 68 total
2026-10-05T23:43:09.6748835Z Snapshots:   0 total
2026-10-05T23:43:09.6749524Z Time:        6.114 s
2026-10-05T23:43:09.6752438Z Ran all test suites matching test/aud-sol-pd1-cross-http.spec.ts|test/mwb-head-conflict-409-http.spec.ts|test/http-exception.filter.spec.ts|test/mwb-3-autosave.service.spec.ts|test/mwb-3-autosave.controller.spec.ts|test/mwb-3-undo.spec.ts|test/mwb-undo-head-fence.spec.ts|test/mwb-autosave-owner-visibility.spec.ts.
2026-10-05T23:43:09.8384182Z Post job cleanup.
2026-10-05T23:43:09.9583990Z Cache hit occurred on the primary key node-cache-Linux-x64-npm-07f78abbac5e2cbfcef112b8b919e298f8da38fa5e6aaf98a3625ef672bd5b12, not saving cache.
2026-10-05T23:43:09.9713328Z Post job cleanup.
2026-10-05T23:43:10.0555253Z [command]/usr/bin/git version
2026-10-05T23:43:10.0593252Z git version 2.55.0
2026-10-05T23:43:10.0636141Z Temporarily overriding HOME='/home/runner/work/_temp/ec2ef7e3-fe6f-4b0d-bbba-d39ed8dafe2b' before making global git config changes
2026-10-05T23:43:10.0637792Z Adding repository directory to the temporary git global config as a safe directory
2026-10-05T23:43:10.0643564Z [command]/usr/bin/git config --global --add safe.directory /home/runner/work/growth-project-backend/growth-project-backend
2026-10-05T23:43:10.0675956Z Removing SSH command configuration
2026-10-05T23:43:10.0683071Z [command]/usr/bin/git config --local --name-only --get-regexp core\.sshCommand
2026-10-05T23:43:10.0718744Z [command]/usr/bin/git submodule foreach --recursive sh -c "git config --local --name-only --get-regexp 'core\.sshCommand' && git config --local --unset-all 'core.sshCommand' || :"
2026-10-05T23:43:10.0948087Z Removing HTTP extra header
2026-10-05T23:43:10.0953970Z [command]/usr/bin/git config --local --name-only --get-regexp http\.https\:\/\/github\.com\/\.extraheader
2026-10-05T23:43:10.0989807Z [command]/usr/bin/git submodule foreach --recursive sh -c "git config --local --name-only --get-regexp 'http\.https\:\/\/github\.com\/\.extraheader' && git config --local --unset-all 'http.https://github.com/.extraheader' || :"
2026-10-05T23:43:10.1210295Z Removing includeIf entries pointing to credentials config files
2026-10-05T23:43:10.1217308Z [command]/usr/bin/git config --local --name-only --get-regexp ^includeIf\.gitdir:
2026-10-05T23:43:10.1244378Z includeif.gitdir:/home/runner/work/growth-project-backend/growth-project-backend/.git.path
2026-10-05T23:43:10.1246464Z includeif.gitdir:/home/runner/work/growth-project-backend/growth-project-backend/.git/worktrees/*.path
2026-10-05T23:43:10.1247685Z includeif.gitdir:/github/workspace/.git.path
2026-10-05T23:43:10.1248547Z includeif.gitdir:/github/workspace/.git/worktrees/*.path
2026-10-05T23:43:10.1254394Z [command]/usr/bin/git config --local --get-all includeif.gitdir:/home/runner/work/growth-project-backend/growth-project-backend/.git.path
2026-10-05T23:43:10.1275940Z /home/runner/work/_temp/git-credentials-7c423203-764a-47a4-8c9e-c211e017b8ca.config
2026-10-05T23:43:10.1287041Z [command]/usr/bin/git config --local --unset includeif.gitdir:/home/runner/work/growth-project-backend/growth-project-backend/.git.path /home/runner/work/_temp/git-credentials-7c423203-764a-47a4-8c9e-c211e017b8ca.config
2026-10-05T23:43:10.1324799Z [command]/usr/bin/git config --local --get-all includeif.gitdir:/home/runner/work/growth-project-backend/growth-project-backend/.git/worktrees/*.path
2026-10-05T23:43:10.1348158Z /home/runner/work/_temp/git-credentials-7c423203-764a-47a4-8c9e-c211e017b8ca.config
2026-10-05T23:43:10.1359566Z [command]/usr/bin/git config --local --unset includeif.gitdir:/home/runner/work/growth-project-backend/growth-project-backend/.git/worktrees/*.path /home/runner/work/_temp/git-credentials-7c423203-764a-47a4-8c9e-c211e017b8ca.config
2026-10-05T23:43:10.1394342Z [command]/usr/bin/git config --local --get-all includeif.gitdir:/github/workspace/.git.path
2026-10-05T23:43:10.1416330Z /github/runner_temp/git-credentials-7c423203-764a-47a4-8c9e-c211e017b8ca.config
2026-10-05T23:43:10.1426027Z [command]/usr/bin/git config --local --unset includeif.gitdir:/github/workspace/.git.path /github/runner_temp/git-credentials-7c423203-764a-47a4-8c9e-c211e017b8ca.config
2026-10-05T23:43:10.1458192Z [command]/usr/bin/git config --local --get-all includeif.gitdir:/github/workspace/.git/worktrees/*.path
2026-10-05T23:43:10.1478660Z /github/runner_temp/git-credentials-7c423203-764a-47a4-8c9e-c211e017b8ca.config
2026-10-05T23:43:10.1488897Z [command]/usr/bin/git config --local --unset includeif.gitdir:/github/workspace/.git/worktrees/*.path /github/runner_temp/git-credentials-7c423203-764a-47a4-8c9e-c211e017b8ca.config
2026-10-05T23:43:10.1525217Z [command]/usr/bin/git submodule foreach --recursive git config --local --show-origin --name-only --get-regexp remote.origin.url
2026-10-05T23:43:10.1742425Z Removing credentials config '/home/runner/work/_temp/git-credentials-7c423203-764a-47a4-8c9e-c211e017b8ca.config'
2026-10-05T23:43:10.1857321Z Print service container logs: d2285fa13b6249b294200f605d52bf2e_redis7alpine_cedb4a
2026-10-05T23:43:10.1862266Z ##[command]/usr/bin/docker logs --details 989e181471346d64e84f9630f2243add6064eb0ef90619704bd4ceb654bf03a8
2026-10-05T23:43:10.1982506Z  1:C 05 Oct 2026 23:42:16.925 # WARNING Memory overcommit must be enabled! Without it, a background save or replication may fail under low memory condition. Being disabled, it can also cause failures without low memory condition, see https://github.com/jemalloc/jemalloc/issues/1328. To fix this issue add 'vm.overcommit_memory = 1' to /etc/sysctl.conf and then reboot or run the command 'sysctl vm.overcommit_memory=1' for this to take effect.
2026-10-05T23:43:10.1984290Z  1:C 05 Oct 2026 23:42:16.925 * oO0OoO0OoO0Oo Redis is starting oO0OoO0OoO0Oo
2026-10-05T23:43:10.1996335Z  1:C 05 Oct 2026 23:42:16.925 * Redis version=7.4.11, bits=64, commit=00000000, modified=0, pid=1, just started
2026-10-05T23:43:10.1998049Z  1:C 05 Oct 2026 23:42:16.925 # Warning: no config file specified, using the default config. In order to specify a config file use redis-server /path/to/redis.conf
2026-10-05T23:43:10.1999580Z  1:M 05 Oct 2026 23:42:16.926 * monotonic clock: POSIX clock_gettime
2026-10-05T23:43:10.2000269Z  1:M 05 Oct 2026 23:42:16.926 * Running mode=standalone, port=6379.
2026-10-05T23:43:10.2000696Z  1:M 05 Oct 2026 23:42:16.926 * Server initialized
2026-10-05T23:43:10.2001063Z  1:M 05 Oct 2026 23:42:16.926 * Ready to accept connections tcp
2026-10-05T23:43:10.2006526Z Stop and remove container: d2285fa13b6249b294200f605d52bf2e_redis7alpine_cedb4a
2026-10-05T23:43:10.2011933Z ##[command]/usr/bin/docker rm --force 989e181471346d64e84f9630f2243add6064eb0ef90619704bd4ceb654bf03a8
2026-10-05T23:43:10.3514211Z 989e181471346d64e84f9630f2243add6064eb0ef90619704bd4ceb654bf03a8
2026-10-05T23:43:10.3555296Z Remove container network: github_network_586acd019d714b5f9c1351519745b45d
2026-10-05T23:43:10.3560059Z ##[command]/usr/bin/docker network rm github_network_586acd019d714b5f9c1351519745b45d
2026-10-05T23:43:10.4476488Z github_network_586acd019d714b5f9c1351519745b45d
2026-10-05T23:43:10.4548808Z Cleaning up orphan processes
