2026-10-06T00:52:00.0890705Z Current runner version: '2.337.0'
2026-10-06T00:52:00.0915027Z ##[group]Runner Image Provisioner
2026-10-06T00:52:00.0916310Z Hosted Compute Agent
2026-10-06T00:52:00.0916908Z Version: 20260901.588
2026-10-06T00:52:00.0917665Z Commit: f88ec8081b781fac6c440065ac7ff9e710ce3d0b
2026-10-06T00:52:00.0918402Z Build Date: 2026-09-01T19:56:44Z
2026-10-06T00:52:00.0919076Z Worker ID: {d06b1eee-034a-4bb1-bd71-cb87fe60c98a}
2026-10-06T00:52:00.0919878Z Azure Region: westus
2026-10-06T00:52:00.0920442Z ##[endgroup]
2026-10-06T00:52:00.0922157Z ##[group]Operating System
2026-10-06T00:52:00.0922814Z Ubuntu
2026-10-06T00:52:00.0923318Z 24.04.5
2026-10-06T00:52:00.0923914Z LTS
2026-10-06T00:52:00.0924428Z ##[endgroup]
2026-10-06T00:52:00.0925002Z ##[group]Runner Image
2026-10-06T00:52:00.0925839Z Image: ubuntu-24.04
2026-10-06T00:52:00.0926409Z Version: 20260927.320.1
2026-10-06T00:52:00.0928068Z Included Software: https://github.com/actions/runner-images/blob/ubuntu24/20260927.320/images/ubuntu/Ubuntu2404-Readme.md
2026-10-06T00:52:00.0929651Z Image Release: https://github.com/actions/runner-images/releases/tag/ubuntu24%2F20260927.320
2026-10-06T00:52:00.0930626Z ##[endgroup]
2026-10-06T00:52:00.0931874Z ##[group]GITHUB_TOKEN Permissions
2026-10-06T00:52:00.0933982Z Contents: read
2026-10-06T00:52:00.0934617Z Metadata: read
2026-10-06T00:52:00.0935500Z Packages: read
2026-10-06T00:52:00.0936072Z ##[endgroup]
2026-10-06T00:52:00.0938216Z Secret source: Actions
2026-10-06T00:52:00.0939180Z Cache mode: write
2026-10-06T00:52:00.0940065Z Prepare workflow directory
2026-10-06T00:52:00.1419928Z Prepare all required actions
2026-10-06T00:52:00.1466722Z Getting action download info
2026-10-06T00:52:00.4809838Z Download action repository 'actions/checkout@v6' (SHA:d23441a48e516b6c34aea4fa41551a30e30af803)
2026-10-06T00:52:00.5769969Z Download action repository 'actions/setup-node@v6' (SHA:249970729cb0ef3589644e2896645e5dc5ba9c38)
2026-10-06T00:52:00.8074469Z Complete job name: targeted
2026-10-06T00:52:00.8597650Z ##[group]Checking docker version
2026-10-06T00:52:00.8610854Z ##[command]/usr/bin/docker version --format '{{.Server.APIVersion}}'
2026-10-06T00:52:00.9573689Z '1.48'
2026-10-06T00:52:00.9592861Z Docker daemon API version: '1.48'
2026-10-06T00:52:00.9593728Z ##[command]/usr/bin/docker version --format '{{.Client.APIVersion}}'
2026-10-06T00:52:00.9760786Z '1.48'
2026-10-06T00:52:00.9772755Z Docker client API version: '1.48'
2026-10-06T00:52:00.9777753Z ##[endgroup]
2026-10-06T00:52:00.9781909Z ##[group]Clean up resources from previous jobs
2026-10-06T00:52:00.9788124Z ##[command]/usr/bin/docker ps --all --quiet --no-trunc --filter "label=512b09"
2026-10-06T00:52:00.9929242Z ##[command]/usr/bin/docker network prune --force --filter "label=512b09"
2026-10-06T00:52:01.0057151Z ##[endgroup]
2026-10-06T00:52:01.0057671Z ##[group]Create local container network
2026-10-06T00:52:01.0068033Z ##[command]/usr/bin/docker network create --label 512b09 github_network_903faf57b96440cb8c0e671130194bb8
2026-10-06T00:52:01.0559079Z 665da1dac751a7e607f1c82e26d1b8c6d231c2b078919e9385b72a6f4d3f455c
2026-10-06T00:52:01.0583319Z ##[endgroup]
2026-10-06T00:52:01.0608019Z ##[group]Starting redis service container
2026-10-06T00:52:01.0630040Z ##[command]/usr/bin/docker pull redis:7-alpine
2026-10-06T00:52:01.9619813Z 7-alpine: Pulling from library/redis
2026-10-06T00:52:02.2260448Z 16333ee0c00f: Pulling fs layer
2026-10-06T00:52:02.2262123Z 83234986c742: Pulling fs layer
2026-10-06T00:52:02.2263329Z 7eb50503c2b0: Pulling fs layer
2026-10-06T00:52:02.2264842Z 1522f9c6f453: Pulling fs layer
2026-10-06T00:52:02.2266172Z 9928009b15c8: Pulling fs layer
2026-10-06T00:52:02.2267622Z 4f4fb700ef54: Pulling fs layer
2026-10-06T00:52:02.2268709Z 4eb14bae0e1d: Pulling fs layer
2026-10-06T00:52:02.2269691Z 1522f9c6f453: Waiting
2026-10-06T00:52:02.2270676Z 9928009b15c8: Waiting
2026-10-06T00:52:02.2271689Z 4f4fb700ef54: Waiting
2026-10-06T00:52:02.2272677Z 4eb14bae0e1d: Waiting
2026-10-06T00:52:02.4554114Z 83234986c742: Verifying Checksum
2026-10-06T00:52:02.4555714Z 83234986c742: Download complete
2026-10-06T00:52:02.4578028Z 7eb50503c2b0: Verifying Checksum
2026-10-06T00:52:02.4578728Z 7eb50503c2b0: Download complete
2026-10-06T00:52:02.4737240Z 16333ee0c00f: Download complete
2026-10-06T00:52:02.5818073Z 16333ee0c00f: Pull complete
2026-10-06T00:52:02.6048044Z 83234986c742: Pull complete
2026-10-06T00:52:02.6741105Z 9928009b15c8: Verifying Checksum
2026-10-06T00:52:02.6744475Z 9928009b15c8: Download complete
2026-10-06T00:52:02.6915962Z 4f4fb700ef54: Verifying Checksum
2026-10-06T00:52:02.6916958Z 4f4fb700ef54: Download complete
2026-10-06T00:52:02.7186075Z 1522f9c6f453: Verifying Checksum
2026-10-06T00:52:02.7186940Z 1522f9c6f453: Download complete
2026-10-06T00:52:02.7647062Z 7eb50503c2b0: Pull complete
2026-10-06T00:52:02.8844686Z 4eb14bae0e1d: Verifying Checksum
2026-10-06T00:52:02.8845697Z 4eb14bae0e1d: Download complete
2026-10-06T00:52:02.9472105Z 1522f9c6f453: Pull complete
2026-10-06T00:52:02.9550320Z 9928009b15c8: Pull complete
2026-10-06T00:52:02.9645736Z 4f4fb700ef54: Pull complete
2026-10-06T00:52:02.9746054Z 4eb14bae0e1d: Pull complete
2026-10-06T00:52:02.9784461Z Digest: sha256:858f009f9709ce576febc734aa78b8f6d624b82571f9ddb6bda4377c833b3499
2026-10-06T00:52:02.9797012Z Status: Downloaded newer image for redis:7-alpine
2026-10-06T00:52:02.9805657Z docker.io/library/redis:7-alpine
2026-10-06T00:52:02.9846760Z ##[command]/usr/bin/docker create --name f5af9fa6b2134600b7ebf6c47f54dc74_redis7alpine_681906 --label 512b09 --network github_network_903faf57b96440cb8c0e671130194bb8 --network-alias redis -p 6379:6379 --health-cmd "redis-cli ping" --health-interval 5s --health-timeout 3s --health-retries 10 -e GITHUB_ACTIONS=true -e CI=true redis:7-alpine
2026-10-06T00:52:03.0090373Z 40cbf15dc419fc304e22cc6c1d14581b53ce7437287e804f82098624975155d8
2026-10-06T00:52:03.0112985Z ##[command]/usr/bin/docker start 40cbf15dc419fc304e22cc6c1d14581b53ce7437287e804f82098624975155d8
2026-10-06T00:52:03.3481558Z 40cbf15dc419fc304e22cc6c1d14581b53ce7437287e804f82098624975155d8
2026-10-06T00:52:03.3501259Z ##[command]/usr/bin/docker ps --all --filter id=40cbf15dc419fc304e22cc6c1d14581b53ce7437287e804f82098624975155d8 --filter status=running --no-trunc --format "{{.ID}} {{.Status}}"
2026-10-06T00:52:03.3632957Z 40cbf15dc419fc304e22cc6c1d14581b53ce7437287e804f82098624975155d8 Up Less than a second (health: starting)
2026-10-06T00:52:03.3652132Z ##[command]/usr/bin/docker port 40cbf15dc419fc304e22cc6c1d14581b53ce7437287e804f82098624975155d8
2026-10-06T00:52:03.3770832Z 6379/tcp -> 0.0.0.0:6379
2026-10-06T00:52:03.3771296Z 6379/tcp -> [::]:6379
2026-10-06T00:52:03.3815159Z ##[endgroup]
2026-10-06T00:52:03.3823893Z ##[group]Waiting for all services to be ready
2026-10-06T00:52:03.3837266Z ##[command]/usr/bin/docker inspect --format="{{if .Config.Healthcheck}}{{print .State.Health.Status}}{{end}}" 40cbf15dc419fc304e22cc6c1d14581b53ce7437287e804f82098624975155d8
2026-10-06T00:52:03.3951174Z starting
2026-10-06T00:52:03.3971386Z redis service is starting, waiting 2 seconds before checking again.
2026-10-06T00:52:05.3976507Z ##[command]/usr/bin/docker inspect --format="{{if .Config.Healthcheck}}{{print .State.Health.Status}}{{end}}" 40cbf15dc419fc304e22cc6c1d14581b53ce7437287e804f82098624975155d8
2026-10-06T00:52:05.4096268Z starting
2026-10-06T00:52:05.4109196Z redis service is starting, waiting 4 seconds before checking again.
2026-10-06T00:52:09.5403078Z ##[command]/usr/bin/docker inspect --format="{{if .Config.Healthcheck}}{{print .State.Health.Status}}{{end}}" 40cbf15dc419fc304e22cc6c1d14581b53ce7437287e804f82098624975155d8
2026-10-06T00:52:09.5528136Z healthy
2026-10-06T00:52:09.5544829Z redis service is healthy.
2026-10-06T00:52:09.5545840Z ##[endgroup]
2026-10-06T00:52:09.5848983Z ##[group]Run actions/checkout@v6
2026-10-06T00:52:09.5849581Z with:
2026-10-06T00:52:09.5849882Z   repository: BradleyGleavePortfolio/growth-project-backend
2026-10-06T00:52:09.5852361Z   token: ***
2026-10-06T00:52:09.5852582Z   ssh-strict: true
2026-10-06T00:52:09.5852827Z   ssh-user: git
2026-10-06T00:52:09.5853037Z   persist-credentials: true
2026-10-06T00:52:09.5853529Z   clean: true
2026-10-06T00:52:09.5853746Z   sparse-checkout-cone-mode: true
2026-10-06T00:52:09.5854004Z   fetch-depth: 1
2026-10-06T00:52:09.5854212Z   fetch-tags: false
2026-10-06T00:52:09.5854414Z   show-progress: true
2026-10-06T00:52:09.5854613Z   lfs: false
2026-10-06T00:52:09.5854795Z   submodules: false
2026-10-06T00:52:09.5854997Z   set-safe-directory: true
2026-10-06T00:52:09.5855242Z   allow-unsafe-pr-checkout: false
2026-10-06T00:52:09.5856057Z ##[endgroup]
2026-10-06T00:52:09.6948484Z Syncing repository: BradleyGleavePortfolio/growth-project-backend
2026-10-06T00:52:09.6950174Z ##[group]Getting Git version info
2026-10-06T00:52:09.6950765Z Working directory is '/home/runner/work/growth-project-backend/growth-project-backend'
2026-10-06T00:52:09.6951495Z [command]/usr/bin/git version
2026-10-06T00:52:09.6956424Z git version 2.55.0
2026-10-06T00:52:09.6982043Z ##[endgroup]
2026-10-06T00:52:09.6999311Z Temporarily overriding HOME='/home/runner/work/_temp/909adab5-f007-4af6-a578-ab3d565bcd81' before making global git config changes
2026-10-06T00:52:09.7000762Z Adding repository directory to the temporary git global config as a safe directory
2026-10-06T00:52:09.7006182Z [command]/usr/bin/git config --global --add safe.directory /home/runner/work/growth-project-backend/growth-project-backend
2026-10-06T00:52:09.7061900Z Deleting the contents of '/home/runner/work/growth-project-backend/growth-project-backend'
2026-10-06T00:52:09.7066723Z ##[group]Determining repository object format
2026-10-06T00:52:09.7069383Z ##[endgroup]
2026-10-06T00:52:09.7070008Z ##[group]Initializing the repository
2026-10-06T00:52:09.7075920Z [command]/usr/bin/git init /home/runner/work/growth-project-backend/growth-project-backend
2026-10-06T00:52:09.7185392Z hint: Using 'master' as the name for the initial branch. This default branch name
2026-10-06T00:52:09.7186690Z hint: will change to "main" in Git 3.0. To configure the initial branch name
2026-10-06T00:52:09.7187440Z hint: to use in all of your new repositories, which will suppress this warning,
2026-10-06T00:52:09.7188280Z hint: call:
2026-10-06T00:52:09.7188665Z hint:
2026-10-06T00:52:09.7189157Z hint: 	git config --global init.defaultBranch <name>
2026-10-06T00:52:09.7189833Z hint:
2026-10-06T00:52:09.7190476Z hint: Names commonly chosen instead of 'master' are 'main', 'trunk' and
2026-10-06T00:52:09.7191199Z hint: 'development'. The just-created branch can be renamed via this command:
2026-10-06T00:52:09.7191983Z hint:
2026-10-06T00:52:09.7192481Z hint: 	git branch -m <name>
2026-10-06T00:52:09.7192997Z hint:
2026-10-06T00:52:09.7193804Z hint: Disable this message with "git config set advice.defaultBranchName false"
2026-10-06T00:52:09.7195554Z Initialized empty Git repository in /home/runner/work/growth-project-backend/growth-project-backend/.git/
2026-10-06T00:52:09.7202889Z [command]/usr/bin/git remote add origin https://github.com/BradleyGleavePortfolio/growth-project-backend
2026-10-06T00:52:09.7254742Z ##[endgroup]
2026-10-06T00:52:09.7255732Z ##[group]Disabling automatic garbage collection
2026-10-06T00:52:09.7259960Z [command]/usr/bin/git config --local gc.auto 0
2026-10-06T00:52:09.7292422Z ##[endgroup]
2026-10-06T00:52:09.7293071Z ##[group]Setting up auth
2026-10-06T00:52:09.7294091Z Removing SSH command configuration
2026-10-06T00:52:09.7300719Z [command]/usr/bin/git config --local --name-only --get-regexp core\.sshCommand
2026-10-06T00:52:09.7333777Z [command]/usr/bin/git submodule foreach --recursive sh -c "git config --local --name-only --get-regexp 'core\.sshCommand' && git config --local --unset-all 'core.sshCommand' || :"
2026-10-06T00:52:09.7713933Z Removing HTTP extra header
2026-10-06T00:52:09.7720337Z [command]/usr/bin/git config --local --name-only --get-regexp http\.https\:\/\/github\.com\/\.extraheader
2026-10-06T00:52:09.7752675Z [command]/usr/bin/git submodule foreach --recursive sh -c "git config --local --name-only --get-regexp 'http\.https\:\/\/github\.com\/\.extraheader' && git config --local --unset-all 'http.https://github.com/.extraheader' || :"
2026-10-06T00:52:09.7981068Z Removing includeIf entries pointing to credentials config files
2026-10-06T00:52:09.7989257Z [command]/usr/bin/git config --local --name-only --get-regexp ^includeIf\.gitdir:
2026-10-06T00:52:09.8022743Z [command]/usr/bin/git submodule foreach --recursive git config --local --show-origin --name-only --get-regexp remote.origin.url
2026-10-06T00:52:09.8252406Z [command]/usr/bin/git config --file /home/runner/work/_temp/git-credentials-e17b6bff-e489-405c-81d6-2a75990c7e4f.config http.https://github.com/.extraheader AUTHORIZATION: basic ***
2026-10-06T00:52:09.8295636Z [command]/usr/bin/git config --local includeIf.gitdir:/home/runner/work/growth-project-backend/growth-project-backend/.git.path /home/runner/work/_temp/git-credentials-e17b6bff-e489-405c-81d6-2a75990c7e4f.config
2026-10-06T00:52:09.8326576Z [command]/usr/bin/git config --local includeIf.gitdir:/home/runner/work/growth-project-backend/growth-project-backend/.git/worktrees/*.path /home/runner/work/_temp/git-credentials-e17b6bff-e489-405c-81d6-2a75990c7e4f.config
2026-10-06T00:52:09.8361424Z [command]/usr/bin/git config --local includeIf.gitdir:/github/workspace/.git.path /github/runner_temp/git-credentials-e17b6bff-e489-405c-81d6-2a75990c7e4f.config
2026-10-06T00:52:09.8393290Z [command]/usr/bin/git config --local includeIf.gitdir:/github/workspace/.git/worktrees/*.path /github/runner_temp/git-credentials-e17b6bff-e489-405c-81d6-2a75990c7e4f.config
2026-10-06T00:52:09.8462254Z ##[endgroup]
2026-10-06T00:52:09.8462854Z ##[group]Fetching the repository
2026-10-06T00:52:09.8464218Z [command]/usr/bin/git -c protocol.version=2 fetch --no-tags --prune --no-recurse-submodules --depth=1 origin +2008851941f3be930b6e5f4b4212e0e6676d56f1:refs/remotes/origin/ci/B-RMNC3-122-1
2026-10-06T00:52:11.0857628Z From https://github.com/BradleyGleavePortfolio/growth-project-backend
2026-10-06T00:52:11.0858661Z  * [new ref]         2008851941f3be930b6e5f4b4212e0e6676d56f1 -> origin/ci/B-RMNC3-122-1
2026-10-06T00:52:11.0870069Z [command]/usr/bin/git branch --list --remote origin/ci/B-RMNC3-122-1
2026-10-06T00:52:11.0895160Z   origin/ci/B-RMNC3-122-1
2026-10-06T00:52:11.0905135Z [command]/usr/bin/git rev-parse refs/remotes/origin/ci/B-RMNC3-122-1
2026-10-06T00:52:11.0929262Z 2008851941f3be930b6e5f4b4212e0e6676d56f1
2026-10-06T00:52:11.0934356Z ##[endgroup]
2026-10-06T00:52:11.0935065Z ##[group]Determining the checkout info
2026-10-06T00:52:11.0936211Z ##[endgroup]
2026-10-06T00:52:11.0950602Z [command]/usr/bin/git sparse-checkout disable
2026-10-06T00:52:11.1030462Z [command]/usr/bin/git config --local --unset-all extensions.worktreeConfig
2026-10-06T00:52:11.1060081Z ##[group]Checking out the ref
2026-10-06T00:52:11.1064708Z [command]/usr/bin/git checkout --progress --force -B ci/B-RMNC3-122-1 refs/remotes/origin/ci/B-RMNC3-122-1
2026-10-06T00:52:11.3253945Z Switched to a new branch 'ci/B-RMNC3-122-1'
2026-10-06T00:52:11.3260606Z branch 'ci/B-RMNC3-122-1' set up to track 'origin/ci/B-RMNC3-122-1'.
2026-10-06T00:52:11.3271246Z ##[endgroup]
2026-10-06T00:52:11.3321006Z [command]/usr/bin/git log -1 --format=%H
2026-10-06T00:52:11.3347339Z 2008851941f3be930b6e5f4b4212e0e6676d56f1
2026-10-06T00:52:11.3604788Z ##[group]Run actions/setup-node@v6
2026-10-06T00:52:11.3605083Z with:
2026-10-06T00:52:11.3605594Z   node-version: 20
2026-10-06T00:52:11.3605837Z   cache: npm
2026-10-06T00:52:11.3606032Z   check-latest: false
2026-10-06T00:52:11.3608310Z   token: ***
2026-10-06T00:52:11.3608530Z   package-manager-cache: true
2026-10-06T00:52:11.3608776Z ##[endgroup]
2026-10-06T00:52:11.5004980Z Attempting to download 20...
2026-10-06T00:52:12.1287949Z Acquiring 20.20.2 - x64 from https://github.com/actions/node-versions/releases/download/20.20.2-23521894959/node-20.20.2-linux-x64.tar.gz
2026-10-06T00:52:12.4968313Z Extracting ...
2026-10-06T00:52:12.5089759Z [command]/usr/bin/tar xz --strip 1 --warning=no-unknown-keyword --overwrite -C /home/runner/work/_temp/df6135dc-8af5-4fae-b194-1fadf6f5e598 -f /home/runner/work/_temp/0e6e31ae-0121-4571-aeb9-350df59ad02b
2026-10-06T00:52:13.5149085Z Adding to the cache ...
2026-10-06T00:52:15.3289435Z ##[group]Environment details
2026-10-06T00:52:15.5478076Z node: v20.20.2
2026-10-06T00:52:15.5478723Z npm: 10.8.2
2026-10-06T00:52:15.5478970Z yarn: 1.22.22
2026-10-06T00:52:15.5479456Z ##[endgroup]
2026-10-06T00:52:15.5506445Z [command]/opt/hostedtoolcache/node/20.20.2/x64/bin/npm config get cache
2026-10-06T00:52:15.6577335Z /home/runner/.npm
2026-10-06T00:52:15.9152295Z Cache hit for: node-cache-Linux-x64-npm-1c658f1a35f7b309848c416454e12a0f8c258736d5e30a9676088e8641c298ba
2026-10-06T00:52:17.1973722Z Received 0 of 86861520 (0.0%), 0.0 MBs/sec
2026-10-06T00:52:17.9434174Z Received 86861520 of 86861520 (100.0%), 47.4 MBs/sec
2026-10-06T00:52:17.9434853Z Cache Size: ~83 MB (86861520 B)
2026-10-06T00:52:17.9538913Z [command]/usr/bin/tar -xf /home/runner/work/_temp/b298da0b-7184-46c2-81c6-82c849a04d3b/cache.tzst -P -C /home/runner/work/growth-project-backend/growth-project-backend --use-compress-program unzstd
2026-10-06T00:52:18.1450496Z Cache restored successfully
2026-10-06T00:52:18.1498248Z Cache restored from key: node-cache-Linux-x64-npm-1c658f1a35f7b309848c416454e12a0f8c258736d5e30a9676088e8641c298ba
2026-10-06T00:52:18.1683121Z ##[group]Run npm ci
2026-10-06T00:52:18.1683410Z npm ci
2026-10-06T00:52:18.1927395Z shell: /usr/bin/bash -e {0}
2026-10-06T00:52:18.1927744Z ##[endgroup]
2026-10-06T00:52:23.8678335Z npm warn deprecated inflight@1.0.6: This module is not supported, and leaks memory. Do not use it. Check out lru-cache if you want a good and tested way to coalesce async requests by a key value, which is much more comprehensive and powerful.
2026-10-06T00:52:24.9810172Z npm warn deprecated jpeg-exif@1.1.4: Package no longer supported. Contact Support at https://www.npmjs.com/support for more info.
2026-10-06T00:52:26.0994166Z npm warn deprecated glob@7.2.3: Old versions of glob are not supported, and contain widely publicized security vulnerabilities, which have been fixed in the current version. Please update. Support for old versions may be purchased (at exorbitant rates) by contacting i@izs.me
2026-10-06T00:52:27.4370559Z npm warn deprecated glob@10.5.0: Old versions of glob are not supported, and contain widely publicized security vulnerabilities, which have been fixed in the current version. Please update. Support for old versions may be purchased (at exorbitant rates) by contacting i@izs.me
2026-10-06T00:52:27.4656737Z npm warn deprecated glob@10.5.0: Old versions of glob are not supported, and contain widely publicized security vulnerabilities, which have been fixed in the current version. Please update. Support for old versions may be purchased (at exorbitant rates) by contacting i@izs.me
2026-10-06T00:52:27.5038746Z npm warn deprecated glob@10.5.0: Old versions of glob are not supported, and contain widely publicized security vulnerabilities, which have been fixed in the current version. Please update. Support for old versions may be purchased (at exorbitant rates) by contacting i@izs.me
2026-10-06T00:52:40.3804223Z 
2026-10-06T00:52:40.3805148Z > growth-project-backend@1.0.0 postinstall
2026-10-06T00:52:40.3806079Z > prisma generate
2026-10-06T00:52:40.3806317Z 
2026-10-06T00:52:41.3976125Z Prisma schema loaded from prisma/schema.prisma
2026-10-06T00:52:45.1546688Z ┌─────────────────────────────────────────────────────────┐
2026-10-06T00:52:45.1548461Z │  Update available 6.19.3 -> 8.0.0-rc.20                 │
2026-10-06T00:52:45.1549111Z 
2026-10-06T00:52:45.1550208Z ✔ Generated Prisma Client (v6.19.3) to ./node_modules/@prisma/client in 2.07s
2026-10-06T00:52:45.1551123Z 
2026-10-06T00:52:45.1551952Z Start by importing your Prisma Client (See: https://pris.ly/d/importing-client)
2026-10-06T00:52:45.1552557Z 
2026-10-06T00:52:45.1553526Z Tip: Interested in query caching in just a few lines of code? Try Accelerate today! https://pris.ly/tip-3-accelerate
2026-10-06T00:52:45.1554343Z 
2026-10-06T00:52:45.1555104Z │                                                         │
2026-10-06T00:52:45.1557036Z │  This is a major update - please follow the guide at    │
2026-10-06T00:52:45.1558209Z │  https://pris.ly/d/major-version-upgrade                │
2026-10-06T00:52:45.1559349Z │                                                         │
2026-10-06T00:52:45.1560464Z │  Run the following to update                            │
2026-10-06T00:52:45.1561539Z │    npm i --save-dev prisma@latest                       │
2026-10-06T00:52:45.1562693Z │    npm i @prisma/client@latest                          │
2026-10-06T00:52:45.1563786Z └─────────────────────────────────────────────────────────┘
2026-10-06T00:52:45.2115025Z 
2026-10-06T00:52:45.2115876Z > growth-project-backend@1.0.0 prepare
2026-10-06T00:52:45.2116678Z > lefthook install
2026-10-06T00:52:45.2116917Z 
2026-10-06T00:52:45.2650271Z sync hooks: ✔️(pre-commit, commit-msg)
2026-10-06T00:52:45.2840576Z 
2026-10-06T00:52:45.2841336Z added 1117 packages, and audited 1118 packages in 27s
2026-10-06T00:52:45.2841875Z 
2026-10-06T00:52:45.2842135Z 202 packages are looking for funding
2026-10-06T00:52:45.2842502Z   run `npm fund` for details
2026-10-06T00:52:45.2899829Z 
2026-10-06T00:52:45.2900358Z 4 vulnerabilities (1 moderate, 3 high)
2026-10-06T00:52:45.2901164Z 
2026-10-06T00:52:45.2901580Z To address issues that do not require attention, run:
2026-10-06T00:52:45.2902204Z   npm audit fix
2026-10-06T00:52:45.2902422Z 
2026-10-06T00:52:45.2902806Z To address all issues (including breaking changes), run:
2026-10-06T00:52:45.2903379Z   npm audit fix --force
2026-10-06T00:52:45.2903621Z 
2026-10-06T00:52:45.2903821Z Run `npm audit` for details.
2026-10-06T00:52:45.3557774Z ##[group]Run npx prisma generate
2026-10-06T00:52:45.3558127Z npx prisma generate
2026-10-06T00:52:45.3622013Z shell: /usr/bin/bash -e {0}
2026-10-06T00:52:45.3622297Z ##[endgroup]
2026-10-06T00:52:46.6090296Z Prisma schema loaded from prisma/schema.prisma
2026-10-06T00:52:50.4011617Z 
2026-10-06T00:52:50.4013075Z ✔ Generated Prisma Client (v6.19.3) to ./node_modules/@prisma/client in 2.09s
2026-10-06T00:52:50.4013649Z 
2026-10-06T00:52:50.4014195Z Start by importing your Prisma Client (See: https://pris.ly/d/importing-client)
2026-10-06T00:52:50.4014712Z 
2026-10-06T00:52:50.4015926Z Tip: Need your database queries to be 1000x faster? Accelerate offers you that and more: https://pris.ly/tip-2-accelerate
2026-10-06T00:52:50.4016672Z 
2026-10-06T00:52:50.5248674Z ##[group]Run npx tsc --noEmit
2026-10-06T00:52:50.5249017Z npx tsc --noEmit
2026-10-06T00:52:50.5310731Z shell: /usr/bin/bash -e {0}
2026-10-06T00:52:50.5311030Z env:
2026-10-06T00:52:50.5311292Z   NODE_OPTIONS: --max-old-space-size=4096
2026-10-06T00:52:50.5311633Z ##[endgroup]
2026-10-06T00:53:43.8730858Z ##[group]Run set -euo pipefail
2026-10-06T00:53:43.8731196Z set -euo pipefail
2026-10-06T00:53:43.8731596Z test -s .ci-lane-specs || { echo "missing .ci-lane-specs"; exit 2; }
2026-10-06T00:53:43.8732099Z mapfile -t SPECS < <(grep -vE '^\s*(#|$)' .ci-lane-specs)
2026-10-06T00:53:43.8732495Z echo "specs: ${SPECS[*]}"
2026-10-06T00:53:43.8732803Z npx jest --ci --runInBand "${SPECS[@]}"
2026-10-06T00:53:43.8796243Z shell: /usr/bin/bash --noprofile --norc -e -o pipefail {0}
2026-10-06T00:53:43.8796597Z env:
2026-10-06T00:53:43.8796819Z   NODE_OPTIONS: --max-old-space-size=4096
2026-10-06T00:53:43.8797173Z   THROTTLER_LIVE_REDIS_URL: redis://localhost:6379/0
2026-10-06T00:53:43.8797485Z ##[endgroup]
2026-10-06T00:53:43.8900396Z specs: test/roman test/ai-consent test/dunning-v2-lockout-allowlist-route-table.spec.ts test/dunning-v2-lockout-guard.spec.ts
2026-10-06T00:53:55.9292946Z [Nest] 3304  - 10/06/2026, 12:53:55 AM   ERROR [RomanService] roman.erase_deleted_session_failed session=legacy_u_a_2026-09-27: Error: db hiccup
2026-10-06T00:53:55.9440416Z [Nest] 3304  - 10/06/2026, 12:53:55 AM   ERROR [RomanService] roman.delete_all_bound_hit erased=2 left=1
2026-10-06T00:53:55.9757657Z [Nest] 3304  - 10/06/2026, 12:53:55 AM   ERROR [RomanService] roman.context_builder_missing
2026-10-06T00:53:55.9925862Z [Nest] 3304  - 10/06/2026, 12:53:55 AM   ERROR [RomanService] roman.context_builder_missing
2026-10-06T00:53:56.0076545Z PASS test/roman/roman.service.spec.ts (11.026 s)
2026-10-06T00:53:56.0080592Z [Nest] 3304  - 10/06/2026, 12:53:55 AM     LOG [RomanService] roman.turn session=sess_1 prompt_version=roman-client-v3 model_call=true rewritten=false guardrail_count=0 usage=final context=unavailable
2026-10-06T00:53:56.0084047Z [Nest] 3304  - 10/06/2026, 12:53:55 AM     LOG [RomanService] roman.turn session=sess_1 prompt_version=roman-client-v3 model_call=true rewritten=false guardrail_count=0 usage=partial context=unavailable
2026-10-06T00:53:57.8144786Z [Nest] 3304  - 10/06/2026, 12:53:57 AM   ERROR [RomanService] roman.context_builder_missing
2026-10-06T00:53:57.8156231Z [Nest] 3304  - 10/06/2026, 12:53:57 AM   ERROR [RomanService] roman.context_builder_missing
2026-10-06T00:53:57.8158597Z [Nest] 3304  - 10/06/2026, 12:53:57 AM   ERROR [RomanService] roman.spend_ledger_failed: Error
2026-10-06T00:53:57.8175604Z [Nest] 3304  - 10/06/2026, 12:53:57 AM   ERROR [RomanService] roman.context_builder_missing
2026-10-06T00:53:57.8234104Z [Nest] 3304  - 10/06/2026, 12:53:57 AM    WARN [RomanService] roman.turn session=sess_1 prompt_version=roman-client-v3 model_call=false template=fixed
2026-10-06T00:54:00.5324861Z [Nest] 3304  - 10/06/2026, 12:54:00 AM   ERROR [RomanService] roman.context_builder_missing
2026-10-06T00:54:00.5335963Z [Nest] 3304  - 10/06/2026, 12:54:00 AM   ERROR [RomanService] roman.context_builder_missing
2026-10-06T00:54:00.5400007Z [Nest] 3304  - 10/06/2026, 12:54:00 AM   ERROR [RomanService] roman.context_builder_missing
2026-10-06T00:54:00.5481325Z PASS test/roman/roman-launch-hardening.spec.ts
2026-10-06T00:54:01.4428213Z PASS test/roman/roman-client-context.spec.ts
2026-10-06T00:54:02.1753045Z [Nest] 3304  - 10/06/2026, 12:54:02 AM   ERROR [RomanService] roman.context_builder_missing
2026-10-06T00:54:02.1830371Z [Nest] 3304  - 10/06/2026, 12:54:02 AM   ERROR [RomanService] roman.context_builder_missing
2026-10-06T00:54:02.1861891Z [Nest] 3304  - 10/06/2026, 12:54:02 AM   ERROR [RomanService] roman.context_builder_missing
2026-10-06T00:54:02.1884958Z [Nest] 3304  - 10/06/2026, 12:54:02 AM   ERROR [RomanService] roman.context_builder_missing
2026-10-06T00:54:02.1904660Z [Nest] 3304  - 10/06/2026, 12:54:02 AM   ERROR [RomanService] roman.context_builder_missing
2026-10-06T00:54:02.1922360Z [Nest] 3304  - 10/06/2026, 12:54:02 AM   ERROR [RomanService] roman.context_builder_missing
2026-10-06T00:54:02.1974677Z [Nest] 3304  - 10/06/2026, 12:54:02 AM   ERROR [RomanService] roman.context_builder_missing
2026-10-06T00:54:02.2268987Z PASS test/roman/roman-streaming.spec.ts
2026-10-06T00:54:02.7317535Z [Nest] 3304  - 10/06/2026, 12:54:02 AM     LOG [RomanService] roman.turn session=sess_1 prompt_version=roman-client-v3 model_call=true rewritten=false guardrail_count=0 usage=final context=unavailable
2026-10-06T00:54:02.7320394Z [Nest] 3304  - 10/06/2026, 12:54:02 AM     LOG [RomanService] roman.turn session=sess_1 prompt_version=roman-client-v3 model_call=true rewritten=false guardrail_count=0 usage=final context=unavailable
2026-10-06T00:54:02.7323609Z [Nest] 3304  - 10/06/2026, 12:54:02 AM     LOG [RomanService] roman.turn session=sess_1 prompt_version=roman-client-v3 model_call=true rewritten=false guardrail_count=0 usage=partial context=unavailable
2026-10-06T00:54:02.7326535Z [Nest] 3304  - 10/06/2026, 12:54:02 AM     LOG [RomanService] roman.turn session=sess_1 prompt_version=roman-client-v3 model_call=true rewritten=false guardrail_count=0 usage=partial context=unavailable
2026-10-06T00:54:02.7329382Z [Nest] 3304  - 10/06/2026, 12:54:02 AM     LOG [RomanService] roman.turn session=sess_1 prompt_version=roman-client-v3 model_call=true rewritten=false guardrail_count=0 usage=final context=unavailable
2026-10-06T00:54:02.7332014Z [Nest] 3304  - 10/06/2026, 12:54:02 AM     LOG [RomanService] roman.turn session=sess_1 prompt_version=roman-client-v3 model_call=true rewritten=false guardrail_count=0 usage=partial context=unavailable
2026-10-06T00:54:02.7334669Z [Nest] 3304  - 10/06/2026, 12:54:02 AM     LOG [RomanService] roman.turn session=sess_1 prompt_version=roman-client-v3 model_call=true rewritten=false guardrail_count=0 usage=final context=unavailable
2026-10-06T00:54:02.7337105Z [Nest] 3304  - 10/06/2026, 12:54:02 AM     LOG [AiEgressService] ai_egress.refused surface=roman.chat reason=no_live_grant clients=1 missing=1
2026-10-06T00:54:02.7339080Z [Nest] 3304  - 10/06/2026, 12:54:02 AM     LOG [AiEgressService] ai_egress.refused surface=roman.chat reason=no_live_grant clients=1 missing=1
2026-10-06T00:54:02.7341020Z [Nest] 3304  - 10/06/2026, 12:54:02 AM     LOG [AiEgressService] ai_egress.refused surface=roman.chat reason=no_live_grant clients=1 missing=1
2026-10-06T00:54:02.7342807Z [Nest] 3304  - 10/06/2026, 12:54:02 AM    WARN [AiEgressService] ai_egress.consent_read_failed (treated as no grant)
2026-10-06T00:54:02.7345099Z [Nest] 3304  - 10/06/2026, 12:54:02 AM     LOG [AiEgressService] ai_egress.refused surface=roman.chat reason=no_live_grant clients=1 missing=1
2026-10-06T00:54:02.7378358Z [Nest] 3304  - 10/06/2026, 12:54:02 AM    WARN [RomanService] roman.turn session=sess_1 prompt_version=roman-client-v3 model_call=false template=fixed
2026-10-06T00:54:02.7379991Z [Nest] 3304  - 10/06/2026, 12:54:02 AM    WARN [RomanService] roman.turn session=sess_1 prompt_version=roman-client-v3 model_call=false template=fixed
2026-10-06T00:54:02.7381505Z [Nest] 3304  - 10/06/2026, 12:54:02 AM    WARN [RomanService] roman.turn session=sess_1 prompt_version=roman-client-v3 model_call=false template=fixed
2026-10-06T00:54:02.7382971Z [Nest] 3304  - 10/06/2026, 12:54:02 AM     LOG [AiEgressService] ai_egress.refused surface=roman.chat reason=no_live_grant clients=1 missing=1
2026-10-06T00:54:02.7384424Z [Nest] 3304  - 10/06/2026, 12:54:02 AM    WARN [RomanService] roman.turn session=sess_1 prompt_version=roman-client-v3 model_call=false template=fixed
2026-10-06T00:54:02.7386678Z [Nest] 3304  - 10/06/2026, 12:54:02 AM    WARN [RomanService] roman.turn session=sess_1 prompt_version=roman-client-v3 model_call=false template=fixed
2026-10-06T00:54:02.7389284Z [Nest] 3304  - 10/06/2026, 12:54:02 AM    WARN [RomanService] roman.turn session=sess_1 prompt_version=roman-client-v3 model_call=false template=fixed
2026-10-06T00:54:04.1893160Z PASS test/roman/roman-round2.spec.ts
2026-10-06T00:54:04.8382490Z PASS test/ai-consent/ai-consent.service.spec.ts
2026-10-06T00:54:05.0020265Z PASS test/roman/roman-guardrails.spec.ts
2026-10-06T00:54:05.8611775Z [Nest] 3304  - 10/01/2026, 12:30:00 AM     LOG [RomanService] roman.turn session=sess_user-maya prompt_version=roman-client-v3 model_call=true rewritten=false guardrail_count=0 usage=final context=d9bf9e715ea2
2026-10-06T00:54:05.8616069Z [Nest] 3304  - 10/01/2026, 12:30:00 AM     LOG [RomanService] roman.turn session=sess_user-dan prompt_version=roman-client-v3 model_call=true rewritten=true guardrail_count=1 usage=final context=caccd76ab30a
2026-10-06T00:54:05.8618006Z PASS test/roman/eval/roman-golden.eval.spec.ts
2026-10-06T00:54:05.8621152Z [Nest] 3304  - 10/01/2026, 12:30:00 AM     LOG [RomanService] roman.turn session=sess_user-maya prompt_version=roman-client-v3 model_call=true rewritten=false guardrail_count=0 usage=final context=d9bf9e715ea2
2026-10-06T00:54:05.8624693Z [Nest] 3304  - 10/01/2026, 12:30:00 AM    WARN [RomanService] roman.turn session=sess_user-dan prompt_version=roman-client-v3 model_call=false template=fixed
2026-10-06T00:54:05.8628168Z [Nest] 3304  - 10/01/2026, 12:30:00 AM    WARN [RomanService] roman.turn session=sess_user-maya prompt_version=roman-client-v3 model_call=false template=fixed
2026-10-06T00:54:05.8631772Z [Nest] 3304  - 10/01/2026, 12:30:00 AM     LOG [RomanService] roman.turn session=sess_user-dan prompt_version=roman-client-v3 model_call=true rewritten=true guardrail_count=1 usage=final context=caccd76ab30a
2026-10-06T00:54:05.8635893Z [Nest] 3304  - 10/01/2026, 12:30:00 AM     LOG [RomanService] roman.turn session=sess_user-dan prompt_version=roman-client-v3 model_call=true rewritten=false guardrail_count=1 usage=final context=caccd76ab30a
2026-10-06T00:54:05.8639942Z [Nest] 3304  - 10/01/2026, 12:30:00 AM     LOG [RomanService] roman.turn session=sess_user-maya prompt_version=roman-client-v3 model_call=true rewritten=false guardrail_count=0 usage=final context=d9bf9e715ea2
2026-10-06T00:54:05.8644218Z [Nest] 3304  - 10/01/2026, 12:30:00 AM     LOG [RomanService] roman.turn session=sess_user-maya prompt_version=roman-client-v3 model_call=true rewritten=false guardrail_count=1 usage=final context=d9bf9e715ea2
2026-10-06T00:54:05.8648328Z [Nest] 3304  - 10/01/2026, 12:30:00 AM     LOG [RomanService] roman.turn session=sess_user-maya prompt_version=roman-client-v3 model_call=true rewritten=false guardrail_count=1 usage=final context=d9bf9e715ea2
2026-10-06T00:54:05.8652224Z [Nest] 3304  - 10/01/2026, 12:30:00 AM     LOG [RomanService] roman.turn session=sess_user-maya prompt_version=roman-client-v3 model_call=true rewritten=true guardrail_count=1 usage=final context=d9bf9e715ea2
2026-10-06T00:54:05.8656409Z [Nest] 3304  - 10/01/2026, 12:30:00 AM     LOG [RomanService] roman.turn session=sess_user-maya prompt_version=roman-client-v3 model_call=true rewritten=true guardrail_count=1 usage=final context=d9bf9e715ea2
2026-10-06T00:54:05.8660402Z [Nest] 3304  - 10/01/2026, 12:30:00 AM     LOG [RomanService] roman.turn session=sess_user-maya prompt_version=roman-client-v3 model_call=true rewritten=true guardrail_count=1 usage=final context=d9bf9e715ea2
2026-10-06T00:54:05.8664249Z [Nest] 3304  - 10/01/2026, 12:30:00 AM     LOG [RomanService] roman.turn session=sess_user-maya prompt_version=roman-client-v3 model_call=true rewritten=true guardrail_count=1 usage=final context=d9bf9e715ea2
2026-10-06T00:54:05.8668548Z [Nest] 3304  - 10/01/2026, 12:30:00 AM     LOG [RomanService] roman.turn session=sess_user-dan prompt_version=roman-client-v3 model_call=true rewritten=true guardrail_count=1 usage=final context=caccd76ab30a
2026-10-06T00:54:05.8672432Z [Nest] 3304  - 10/01/2026, 12:30:00 AM     LOG [RomanService] roman.turn session=sess_user-maya prompt_version=roman-client-v3 model_call=true rewritten=true guardrail_count=1 usage=final context=d9bf9e715ea2
2026-10-06T00:54:05.8676777Z [Nest] 3304  - 10/01/2026, 12:30:00 AM     LOG [RomanService] roman.turn session=sess_user-maya prompt_version=roman-client-v3 model_call=true rewritten=false guardrail_count=1 usage=final context=d9bf9e715ea2
2026-10-06T00:54:05.8680669Z [Nest] 3304  - 10/01/2026, 12:30:00 AM     LOG [RomanService] roman.turn session=sess_user-dan prompt_version=roman-client-v3 model_call=true rewritten=false guardrail_count=1 usage=final context=caccd76ab30a
2026-10-06T00:54:05.8684584Z [Nest] 3304  - 10/01/2026, 12:30:00 AM     LOG [RomanService] roman.turn session=sess_user-maya prompt_version=roman-client-v3 model_call=true rewritten=false guardrail_count=0 usage=final context=d9bf9e715ea2
2026-10-06T00:54:05.8688871Z [Nest] 3304  - 10/01/2026, 12:30:00 AM     LOG [RomanService] roman.turn session=sess_user-maya prompt_version=roman-client-v3 model_call=true rewritten=false guardrail_count=0 usage=final context=d9bf9e715ea2
2026-10-06T00:54:05.8692760Z [Nest] 3304  - 10/01/2026, 12:30:00 AM     LOG [RomanService] roman.turn session=sess_user-maya prompt_version=roman-client-v3 model_call=true rewritten=false guardrail_count=1 usage=final context=d9bf9e715ea2
2026-10-06T00:54:05.8696889Z [Nest] 3304  - 10/01/2026, 12:30:00 AM     LOG [RomanService] roman.turn session=sess_user-maya prompt_version=roman-client-v3 model_call=true rewritten=false guardrail_count=1 usage=final context=d9bf9e715ea2
2026-10-06T00:54:05.8700184Z [Nest] 3304  - 10/01/2026, 12:30:00 AM     LOG [AiEgressService] ai_egress.refused surface=roman.chat reason=no_live_grant clients=1 missing=1
2026-10-06T00:54:05.8703285Z [Nest] 3304  - 10/01/2026, 12:30:00 AM     LOG [AiEgressService] ai_egress.refused surface=roman.chat reason=no_live_grant clients=1 missing=1
2026-10-06T00:54:05.8706318Z [Nest] 3304  - 10/01/2026, 12:30:00 AM    WARN [AiEgressService] ai_egress.consent_read_failed (treated as no grant)
2026-10-06T00:54:05.8709231Z [Nest] 3304  - 10/01/2026, 12:30:00 AM     LOG [AiEgressService] ai_egress.refused surface=roman.chat reason=no_live_grant clients=1 missing=1
2026-10-06T00:54:05.8712698Z [Nest] 3304  - 10/01/2026, 12:30:00 AM     LOG [RomanService] roman.turn session=sess_coach-A prompt_version=roman-client-v3 model_call=true rewritten=false guardrail_count=0 usage=final context=none
2026-10-06T00:54:05.8717022Z [Nest] 3304  - 10/01/2026, 12:30:00 AM     LOG [RomanService] roman.turn session=sess_user-maya prompt_version=roman-client-v3 model_call=true rewritten=false guardrail_count=0 usage=final context=d9bf9e715ea2
2026-10-06T00:54:05.8721016Z [Nest] 3304  - 10/01/2026, 12:30:00 AM     LOG [RomanService] roman.turn session=sess_user-maya prompt_version=roman-client-v3 model_call=true rewritten=false guardrail_count=0 usage=final context=d9bf9e715ea2
2026-10-06T00:54:05.8725045Z [Nest] 3304  - 10/01/2026, 12:30:00 AM     LOG [RomanService] roman.turn session=sess_user-maya prompt_version=roman-client-v3 model_call=true rewritten=false guardrail_count=0 usage=final context=d9bf9e715ea2
2026-10-06T00:54:05.8729881Z [Nest] 3304  - 10/01/2026, 12:30:00 AM     LOG [RomanService] roman.turn session=sess_user-maya prompt_version=roman-client-v3 model_call=true rewritten=false guardrail_count=0 usage=final context=d9bf9e715ea2
2026-10-06T00:54:05.8733966Z [Nest] 3304  - 10/01/2026, 12:30:00 AM     LOG [RomanService] roman.turn session=sess_user-maya prompt_version=roman-client-v3 model_call=true rewritten=false guardrail_count=0 usage=final context=d9bf9e715ea2
2026-10-06T00:54:05.8738313Z [Nest] 3304  - 10/01/2026, 12:30:00 AM     LOG [RomanService] roman.turn session=sess_user-zelda prompt_version=roman-client-v3 model_call=true rewritten=false guardrail_count=0 usage=final context=f6ffd4edc60e
2026-10-06T00:54:05.8742466Z [Nest] 3304  - 10/01/2026, 12:30:00 AM     LOG [RomanService] roman.turn session=sess_user-dan prompt_version=roman-client-v3 model_call=true rewritten=false guardrail_count=0 usage=final context=caccd76ab30a
2026-10-06T00:54:05.8746703Z [Nest] 3304  - 10/01/2026, 12:30:00 AM     LOG [RomanService] roman.turn session=sess_user-maya prompt_version=roman-client-v3 model_call=true rewritten=false guardrail_count=0 usage=final context=d9bf9e715ea2
2026-10-06T00:54:05.8750753Z [Nest] 3304  - 10/01/2026, 12:30:00 AM     LOG [RomanService] roman.turn session=sess_user-maya prompt_version=roman-client-v3 model_call=true rewritten=false guardrail_count=0 usage=final context=d9bf9e715ea2
2026-10-06T00:54:06.4773934Z PASS test/roman/roman.controller.spec.ts
2026-10-06T00:54:07.3494999Z PASS test/dunning-v2-lockout-allowlist-route-table.spec.ts
2026-10-06T00:54:08.0048426Z [Nest] 3304  - 10/06/2026, 12:54:08 AM   ERROR [RomanService] roman.delete_failed session=s_today stage=read: DatabaseRequestError: Database request failed (P2024)
2026-10-06T00:54:08.0072795Z [Nest] 3304  - 10/06/2026, 12:54:08 AM   ERROR [RomanService] roman.delete_failed session=s_today stage=erase: DatabaseRequestError: Database request failed (P2024)
2026-10-06T00:54:08.0129678Z [Nest] 3304  - 10/06/2026, 12:54:08 AM   ERROR [RomanService] roman.delete_all_failed stage=read erased_before=0: DatabaseRequestError: Database request failed (P2024)
2026-10-06T00:54:08.0154038Z [Nest] 3304  - 10/06/2026, 12:54:08 AM   ERROR [RomanService] roman.delete_all_failed stage=read erased_before=1: DatabaseRequestError: Database request failed (P2024)
2026-10-06T00:54:08.0181543Z [Nest] 3304  - 10/06/2026, 12:54:08 AM   ERROR [RomanService] roman.delete_all_failed session=s_today erased_before=0: DatabaseRequestError: Database request failed (P2024)
2026-10-06T00:54:08.0207824Z [Nest] 3304  - 10/06/2026, 12:54:08 AM   ERROR [RomanService] roman.delete_all_failed stage=count erased_before=50: DatabaseRequestError: Database request failed (P2024)
2026-10-06T00:54:08.0316946Z PASS test/roman/roman-chats.controller.spec.ts
2026-10-06T00:54:09.3265746Z PASS test/roman/roman-context-core.spec.ts
2026-10-06T00:54:09.7034694Z PASS test/roman/roman-context-a2-fixes.spec.ts
2026-10-06T00:54:10.6076608Z PASS test/ai-consent/ai-consent.controller.spec.ts
2026-10-06T00:54:10.7987145Z PASS test/roman/roman-guardrails-rb121.spec.ts
2026-10-06T00:54:11.3166108Z PASS test/roman/roman-erasure.sweep.spec.ts
2026-10-06T00:54:11.7574580Z [Nest] 3304  - 10/06/2026, 12:54:11 AM   ERROR [RomanService] roman.context_builder_missing
2026-10-06T00:54:11.7617332Z [Nest] 3304  - 10/06/2026, 12:54:11 AM   ERROR [RomanService] roman.context_builder_missing
2026-10-06T00:54:11.7638596Z [Nest] 3304  - 10/06/2026, 12:54:11 AM   ERROR [RomanService] roman.context_builder_missing
2026-10-06T00:54:11.7677955Z PASS test/roman/roman-guardrails-wiring.spec.ts
2026-10-06T00:54:11.8695953Z [Nest] 3304  - 10/06/2026, 12:54:11 AM    WARN [RomanService] roman.turn session=sess_1 prompt_version=roman-client-v3 model_call=false template=fixed
2026-10-06T00:54:11.8699723Z [Nest] 3304  - 10/06/2026, 12:54:11 AM    WARN [RomanService] roman.turn session=sess_1 prompt_version=roman-client-v3 model_call=false template=fixed
2026-10-06T00:54:11.8702208Z [Nest] 3304  - 10/06/2026, 12:54:11 AM    WARN [RomanService] roman.turn session=sess_1 prompt_version=roman-client-v3 model_call=false template=fixed
2026-10-06T00:54:11.8704830Z [Nest] 3304  - 10/06/2026, 12:54:11 AM     LOG [RomanService] roman.turn session=sess_1 prompt_version=roman-client-v3 model_call=true rewritten=false guardrail_count=0 usage=final context=unavailable
2026-10-06T00:54:11.8707821Z [Nest] 3304  - 10/06/2026, 12:54:11 AM     LOG [RomanService] roman.turn session=sess_1 prompt_version=roman-client-v3 model_call=true rewritten=false guardrail_count=1 usage=final context=unavailable
2026-10-06T00:54:11.8710009Z [Nest] 3304  - 10/06/2026, 12:54:11 AM     LOG [RomanService] roman.turn session=sess_1 prompt_version=roman-client-v3 model_call=true rewritten=true guardrail_count=1 usage=final context=unavailable
2026-10-06T00:54:11.8711062Z PASS test/roman-coach-reviewed-migration.spec.ts
2026-10-06T00:54:12.5374034Z PASS test/ai-consent/ai-consent-dunning-lockout.e2e.spec.ts
2026-10-06T00:54:13.0441886Z PASS test/roman/roman-c2-pool.spec.ts
2026-10-06T00:54:13.4779871Z PASS test/roman/roman-rmn2-fixes.spec.ts
2026-10-06T00:54:13.7639287Z PASS test/roman/roman-guardrails-round2.spec.ts
2026-10-06T00:54:14.3717298Z PASS test/roman/roman-sse-error-contract.spec.ts
2026-10-06T00:54:14.7906669Z PASS test/dunning-v2-lockout-guard.spec.ts
2026-10-06T00:54:15.7282628Z [Nest] 3304  - 10/01/2026, 12:30:00 AM   ERROR [RomanService] roman.context_builder_missing
2026-10-06T00:54:15.7315762Z [Nest] 3304  - 10/01/2026, 12:30:00 AM   ERROR [RomanService] roman.context_failed: Error
2026-10-06T00:54:15.7368238Z [Nest] 3304  - 10/06/2026, 12:54:14 AM    WARN [DunningLockoutGuard] DunningLockoutGuard lookup failed for user=u1: db down
2026-10-06T00:54:15.7372167Z [Nest] 3304  - 10/01/2026, 12:30:00 AM     LOG [RomanService] roman.turn session=sess_1 prompt_version=roman-client-v3 model_call=true rewritten=false guardrail_count=0 usage=final context=d9bf9e715ea2
2026-10-06T00:54:15.7375551Z [Nest] 3304  - 10/01/2026, 12:30:00 AM     LOG [RomanService] roman.turn session=sess_1 prompt_version=roman-client-v3 model_call=true rewritten=false guardrail_count=0 usage=final context=none
2026-10-06T00:54:15.7378621Z [Nest] 3304  - 10/01/2026, 12:30:00 AM     LOG [RomanService] roman.turn session=sess_1 prompt_version=roman-client-v3 model_call=true rewritten=false guardrail_count=0 usage=final context=none
2026-10-06T00:54:15.7381628Z [Nest] 3304  - 10/01/2026, 12:30:00 AM     LOG [RomanService] roman.turn session=sess_1 prompt_version=roman-client-v3 model_call=true rewritten=false guardrail_count=0 usage=final context=unavailable
2026-10-06T00:54:15.7384168Z [Nest] 3304  - 10/01/2026, 12:30:00 AM     LOG [RomanService] roman.turn session=sess_1 prompt_version=roman-client-v3 model_call=true rewritten=false guardrail_count=0 usage=final context=unavailable
2026-10-06T00:54:15.7432449Z PASS test/roman/roman-client-context-injection.spec.ts
2026-10-06T00:54:16.2022351Z PASS test/roman/roman-context-round2.spec.ts
2026-10-06T00:54:16.3153882Z PASS test/roman/roman.prompts.spec.ts
2026-10-06T00:54:39.3030084Z PASS test/ai-consent/ai-consent-wiring.spec.ts (22.542 s)
2026-10-06T00:54:39.4168349Z PASS test/roman/roman-c2-rmn3-fixes.spec.ts
2026-10-06T00:54:39.5107553Z PASS test/roman-coach-reviewed-feature.spec.ts
2026-10-06T00:54:39.5130202Z 
2026-10-06T00:54:39.5138934Z Test Suites: 2 skipped, 30 passed, 30 of 32 total
2026-10-06T00:54:39.5139743Z Tests:       13 skipped, 771 passed, 784 total
2026-10-06T00:54:39.5140320Z Snapshots:   0 total
2026-10-06T00:54:39.5140754Z Time:        54.776 s
2026-10-06T00:54:39.5142091Z Ran all test suites matching test/roman|test/ai-consent|test/dunning-v2-lockout-allowlist-route-table.spec.ts|test/dunning-v2-lockout-guard.spec.ts.
2026-10-06T00:54:39.8934221Z Post job cleanup.
2026-10-06T00:54:40.0145830Z Cache hit occurred on the primary key node-cache-Linux-x64-npm-1c658f1a35f7b309848c416454e12a0f8c258736d5e30a9676088e8641c298ba, not saving cache.
2026-10-06T00:54:40.0280639Z Post job cleanup.
2026-10-06T00:54:40.1158349Z [command]/usr/bin/git version
2026-10-06T00:54:40.1196562Z git version 2.55.0
2026-10-06T00:54:40.1237364Z Temporarily overriding HOME='/home/runner/work/_temp/0256a37b-c4fc-4093-92ca-7bf8887ab37a' before making global git config changes
2026-10-06T00:54:40.1238595Z Adding repository directory to the temporary git global config as a safe directory
2026-10-06T00:54:40.1243332Z [command]/usr/bin/git config --global --add safe.directory /home/runner/work/growth-project-backend/growth-project-backend
2026-10-06T00:54:40.1274785Z Removing SSH command configuration
2026-10-06T00:54:40.1281848Z [command]/usr/bin/git config --local --name-only --get-regexp core\.sshCommand
2026-10-06T00:54:40.1317586Z [command]/usr/bin/git submodule foreach --recursive sh -c "git config --local --name-only --get-regexp 'core\.sshCommand' && git config --local --unset-all 'core.sshCommand' || :"
2026-10-06T00:54:40.1549670Z Removing HTTP extra header
2026-10-06T00:54:40.1554686Z [command]/usr/bin/git config --local --name-only --get-regexp http\.https\:\/\/github\.com\/\.extraheader
2026-10-06T00:54:40.1590571Z [command]/usr/bin/git submodule foreach --recursive sh -c "git config --local --name-only --get-regexp 'http\.https\:\/\/github\.com\/\.extraheader' && git config --local --unset-all 'http.https://github.com/.extraheader' || :"
2026-10-06T00:54:40.1818684Z Removing includeIf entries pointing to credentials config files
2026-10-06T00:54:40.1825982Z [command]/usr/bin/git config --local --name-only --get-regexp ^includeIf\.gitdir:
2026-10-06T00:54:40.1857238Z includeif.gitdir:/home/runner/work/growth-project-backend/growth-project-backend/.git.path
2026-10-06T00:54:40.1858846Z includeif.gitdir:/home/runner/work/growth-project-backend/growth-project-backend/.git/worktrees/*.path
2026-10-06T00:54:40.1859968Z includeif.gitdir:/github/workspace/.git.path
2026-10-06T00:54:40.1860792Z includeif.gitdir:/github/workspace/.git/worktrees/*.path
2026-10-06T00:54:40.1867603Z [command]/usr/bin/git config --local --get-all includeif.gitdir:/home/runner/work/growth-project-backend/growth-project-backend/.git.path
2026-10-06T00:54:40.1890785Z /home/runner/work/_temp/git-credentials-e17b6bff-e489-405c-81d6-2a75990c7e4f.config
2026-10-06T00:54:40.1902853Z [command]/usr/bin/git config --local --unset includeif.gitdir:/home/runner/work/growth-project-backend/growth-project-backend/.git.path /home/runner/work/_temp/git-credentials-e17b6bff-e489-405c-81d6-2a75990c7e4f.config
2026-10-06T00:54:40.1943364Z [command]/usr/bin/git config --local --get-all includeif.gitdir:/home/runner/work/growth-project-backend/growth-project-backend/.git/worktrees/*.path
2026-10-06T00:54:40.1970022Z /home/runner/work/_temp/git-credentials-e17b6bff-e489-405c-81d6-2a75990c7e4f.config
2026-10-06T00:54:40.1983409Z [command]/usr/bin/git config --local --unset includeif.gitdir:/home/runner/work/growth-project-backend/growth-project-backend/.git/worktrees/*.path /home/runner/work/_temp/git-credentials-e17b6bff-e489-405c-81d6-2a75990c7e4f.config
2026-10-06T00:54:40.2021797Z [command]/usr/bin/git config --local --get-all includeif.gitdir:/github/workspace/.git.path
2026-10-06T00:54:40.2045597Z /github/runner_temp/git-credentials-e17b6bff-e489-405c-81d6-2a75990c7e4f.config
2026-10-06T00:54:40.2054959Z [command]/usr/bin/git config --local --unset includeif.gitdir:/github/workspace/.git.path /github/runner_temp/git-credentials-e17b6bff-e489-405c-81d6-2a75990c7e4f.config
2026-10-06T00:54:40.2088009Z [command]/usr/bin/git config --local --get-all includeif.gitdir:/github/workspace/.git/worktrees/*.path
2026-10-06T00:54:40.2110171Z /github/runner_temp/git-credentials-e17b6bff-e489-405c-81d6-2a75990c7e4f.config
2026-10-06T00:54:40.2120052Z [command]/usr/bin/git config --local --unset includeif.gitdir:/github/workspace/.git/worktrees/*.path /github/runner_temp/git-credentials-e17b6bff-e489-405c-81d6-2a75990c7e4f.config
2026-10-06T00:54:40.2166068Z [command]/usr/bin/git submodule foreach --recursive git config --local --show-origin --name-only --get-regexp remote.origin.url
2026-10-06T00:54:40.2403044Z Removing credentials config '/home/runner/work/_temp/git-credentials-e17b6bff-e489-405c-81d6-2a75990c7e4f.config'
2026-10-06T00:54:40.2543286Z Print service container logs: f5af9fa6b2134600b7ebf6c47f54dc74_redis7alpine_681906
2026-10-06T00:54:40.2548276Z ##[command]/usr/bin/docker logs --details 40cbf15dc419fc304e22cc6c1d14581b53ce7437287e804f82098624975155d8
2026-10-06T00:54:40.2678839Z  1:C 06 Oct 2026 00:52:03.354 # WARNING Memory overcommit must be enabled! Without it, a background save or replication may fail under low memory condition. Being disabled, it can also cause failures without low memory condition, see https://github.com/jemalloc/jemalloc/issues/1328. To fix this issue add 'vm.overcommit_memory = 1' to /etc/sysctl.conf and then reboot or run the command 'sysctl vm.overcommit_memory=1' for this to take effect.
2026-10-06T00:54:40.2681947Z  1:C 06 Oct 2026 00:52:03.354 * oO0OoO0OoO0Oo Redis is starting oO0OoO0OoO0Oo
2026-10-06T00:54:40.2682881Z  1:C 06 Oct 2026 00:52:03.354 * Redis version=7.4.11, bits=64, commit=00000000, modified=0, pid=1, just started
2026-10-06T00:54:40.2684369Z  1:C 06 Oct 2026 00:52:03.354 # Warning: no config file specified, using the default config. In order to specify a config file use redis-server /path/to/redis.conf
2026-10-06T00:54:40.2685801Z  1:M 06 Oct 2026 00:52:03.354 * monotonic clock: POSIX clock_gettime
2026-10-06T00:54:40.2686582Z  1:M 06 Oct 2026 00:52:03.355 * Running mode=standalone, port=6379.
2026-10-06T00:54:40.2687224Z  1:M 06 Oct 2026 00:52:03.355 * Server initialized
2026-10-06T00:54:40.2687793Z  1:M 06 Oct 2026 00:52:03.355 * Ready to accept connections tcp
2026-10-06T00:54:40.2700379Z Stop and remove container: f5af9fa6b2134600b7ebf6c47f54dc74_redis7alpine_681906
2026-10-06T00:54:40.2706090Z ##[command]/usr/bin/docker rm --force 40cbf15dc419fc304e22cc6c1d14581b53ce7437287e804f82098624975155d8
2026-10-06T00:54:40.4285556Z 40cbf15dc419fc304e22cc6c1d14581b53ce7437287e804f82098624975155d8
2026-10-06T00:54:40.4312863Z Remove container network: github_network_903faf57b96440cb8c0e671130194bb8
2026-10-06T00:54:40.4318179Z ##[command]/usr/bin/docker network rm github_network_903faf57b96440cb8c0e671130194bb8
2026-10-06T00:54:40.5179695Z github_network_903faf57b96440cb8c0e671130194bb8
2026-10-06T00:54:40.5254550Z Cleaning up orphan processes
