2026-10-06T01:49:09.7437001Z Current runner version: '2.337.0'
2026-10-06T01:49:09.7465026Z ##[group]Runner Image Provisioner
2026-10-06T01:49:09.7465999Z Hosted Compute Agent
2026-10-06T01:49:09.7466644Z Version: 20260901.588
2026-10-06T01:49:09.7467435Z Commit: f88ec8081b781fac6c440065ac7ff9e710ce3d0b
2026-10-06T01:49:09.7468703Z Build Date: 2026-09-01T19:56:44Z
2026-10-06T01:49:09.7469796Z Worker ID: {5f8e9ea4-765f-4628-845f-bb1f5924fd32}
2026-10-06T01:49:09.7470979Z Azure Region: eastus2
2026-10-06T01:49:09.7471881Z ##[endgroup]
2026-10-06T01:49:09.7473706Z ##[group]Operating System
2026-10-06T01:49:09.7474751Z Ubuntu
2026-10-06T01:49:09.7475347Z 24.04.5
2026-10-06T01:49:09.7475960Z LTS
2026-10-06T01:49:09.7476592Z ##[endgroup]
2026-10-06T01:49:09.7477198Z ##[group]Runner Image
2026-10-06T01:49:09.7477902Z Image: ubuntu-24.04
2026-10-06T01:49:09.7478542Z Version: 20260927.320.1
2026-10-06T01:49:09.7479951Z Included Software: https://github.com/actions/runner-images/blob/ubuntu24/20260927.320/images/ubuntu/Ubuntu2404-Readme.md
2026-10-06T01:49:09.7481632Z Image Release: https://github.com/actions/runner-images/releases/tag/ubuntu24%2F20260927.320
2026-10-06T01:49:09.7482689Z ##[endgroup]
2026-10-06T01:49:09.7484196Z ##[group]GITHUB_TOKEN Permissions
2026-10-06T01:49:09.7486710Z Contents: read
2026-10-06T01:49:09.7487363Z Metadata: read
2026-10-06T01:49:09.7487911Z ##[endgroup]
2026-10-06T01:49:09.7490297Z Secret source: Actions
2026-10-06T01:49:09.7491318Z Cache mode: write
2026-10-06T01:49:09.7492581Z Prepare workflow directory
2026-10-06T01:49:09.7855082Z Prepare all required actions
2026-10-06T01:49:09.7907593Z Getting action download info
2026-10-06T01:49:10.0158113Z Download action repository 'actions/checkout@df4cb1c069e1874edd31b4311f1884172cec0e10' (SHA:df4cb1c069e1874edd31b4311f1884172cec0e10)
2026-10-06T01:49:10.1463049Z Download action repository 'actions/setup-node@48b55a011bda9f5d6aeb4c2d9c7362e8dae4041e' (SHA:48b55a011bda9f5d6aeb4c2d9c7362e8dae4041e)
2026-10-06T01:49:10.3480866Z Complete job name: npm audit (high+critical, whole graph)
2026-10-06T01:49:10.4450957Z ##[group]Run actions/checkout@df4cb1c069e1874edd31b4311f1884172cec0e10
2026-10-06T01:49:10.4452379Z with:
2026-10-06T01:49:10.4453004Z   persist-credentials: false
2026-10-06T01:49:10.4454286Z   repository: BradleyGleavePortfolio/growth-project-backend
2026-10-06T01:49:10.4460023Z   token: ***
2026-10-06T01:49:10.4460570Z   ssh-strict: true
2026-10-06T01:49:10.4461085Z   ssh-user: git
2026-10-06T01:49:10.4461534Z   clean: true
2026-10-06T01:49:10.4462000Z   sparse-checkout-cone-mode: true
2026-10-06T01:49:10.4462546Z   fetch-depth: 1
2026-10-06T01:49:10.4462997Z   fetch-tags: false
2026-10-06T01:49:10.4463461Z   show-progress: true
2026-10-06T01:49:10.4464282Z   lfs: false
2026-10-06T01:49:10.4464725Z   submodules: false
2026-10-06T01:49:10.4465191Z   set-safe-directory: true
2026-10-06T01:49:10.4466083Z ##[endgroup]
2026-10-06T01:49:10.5547507Z Syncing repository: BradleyGleavePortfolio/growth-project-backend
2026-10-06T01:49:10.5549901Z ##[group]Getting Git version info
2026-10-06T01:49:10.5551050Z Working directory is '/home/runner/work/growth-project-backend/growth-project-backend'
2026-10-06T01:49:10.5552703Z [command]/usr/bin/git version
2026-10-06T01:49:10.5645635Z git version 2.55.0
2026-10-06T01:49:10.5671761Z ##[endgroup]
2026-10-06T01:49:10.5688908Z Temporarily overriding HOME='/home/runner/work/_temp/f9ca5596-e19d-4a6a-b61f-15519eb70cfb' before making global git config changes
2026-10-06T01:49:10.5691360Z Adding repository directory to the temporary git global config as a safe directory
2026-10-06T01:49:10.5695022Z [command]/usr/bin/git config --global --add safe.directory /home/runner/work/growth-project-backend/growth-project-backend
2026-10-06T01:49:10.5756901Z Deleting the contents of '/home/runner/work/growth-project-backend/growth-project-backend'
2026-10-06T01:49:10.5761487Z ##[group]Determining repository object format
2026-10-06T01:49:10.5764101Z ##[endgroup]
2026-10-06T01:49:10.5765096Z ##[group]Initializing the repository
2026-10-06T01:49:10.5770434Z [command]/usr/bin/git init /home/runner/work/growth-project-backend/growth-project-backend
2026-10-06T01:49:10.5909964Z hint: Using 'master' as the name for the initial branch. This default branch name
2026-10-06T01:49:10.5912849Z hint: will change to "main" in Git 3.0. To configure the initial branch name
2026-10-06T01:49:10.5915592Z hint: to use in all of your new repositories, which will suppress this warning,
2026-10-06T01:49:10.5916930Z hint: call:
2026-10-06T01:49:10.5917894Z hint:
2026-10-06T01:49:10.5919349Z hint: 	git config --global init.defaultBranch <name>
2026-10-06T01:49:10.5920887Z hint:
2026-10-06T01:49:10.5921873Z hint: Names commonly chosen instead of 'master' are 'main', 'trunk' and
2026-10-06T01:49:10.5923154Z hint: 'development'. The just-created branch can be renamed via this command:
2026-10-06T01:49:10.5924306Z hint:
2026-10-06T01:49:10.5925102Z hint: 	git branch -m <name>
2026-10-06T01:49:10.5925873Z hint:
2026-10-06T01:49:10.5927097Z hint: Disable this message with "git config set advice.defaultBranchName false"
2026-10-06T01:49:10.5928565Z Initialized empty Git repository in /home/runner/work/growth-project-backend/growth-project-backend/.git/
2026-10-06T01:49:10.5930863Z [command]/usr/bin/git remote add origin https://github.com/BradleyGleavePortfolio/growth-project-backend
2026-10-06T01:49:10.5989116Z ##[endgroup]
2026-10-06T01:49:10.5989947Z ##[group]Disabling automatic garbage collection
2026-10-06T01:49:10.5993535Z [command]/usr/bin/git config --local gc.auto 0
2026-10-06T01:49:10.6028145Z ##[endgroup]
2026-10-06T01:49:10.6029911Z ##[group]Setting up auth
2026-10-06T01:49:10.6030663Z Removing SSH command configuration
2026-10-06T01:49:10.6037440Z [command]/usr/bin/git config --local --name-only --get-regexp core\.sshCommand
2026-10-06T01:49:10.6073135Z [command]/usr/bin/git submodule foreach --recursive sh -c "git config --local --name-only --get-regexp 'core\.sshCommand' && git config --local --unset-all 'core.sshCommand' || :"
2026-10-06T01:49:10.6475877Z Removing HTTP extra header
2026-10-06T01:49:10.6483450Z [command]/usr/bin/git config --local --name-only --get-regexp http\.https\:\/\/github\.com\/\.extraheader
2026-10-06T01:49:10.6517738Z [command]/usr/bin/git submodule foreach --recursive sh -c "git config --local --name-only --get-regexp 'http\.https\:\/\/github\.com\/\.extraheader' && git config --local --unset-all 'http.https://github.com/.extraheader' || :"
2026-10-06T01:49:10.6746753Z Removing includeIf entries pointing to credentials config files
2026-10-06T01:49:10.6754393Z [command]/usr/bin/git config --local --name-only --get-regexp ^includeIf\.gitdir:
2026-10-06T01:49:10.6790244Z [command]/usr/bin/git submodule foreach --recursive git config --local --show-origin --name-only --get-regexp remote.origin.url
2026-10-06T01:49:10.7029592Z [command]/usr/bin/git config --file /home/runner/work/_temp/git-credentials-0918ffa9-b8ea-4897-ba80-522d65fd59df.config http.https://github.com/.extraheader AUTHORIZATION: basic ***
2026-10-06T01:49:10.7076685Z [command]/usr/bin/git config --local includeIf.gitdir:/home/runner/work/growth-project-backend/growth-project-backend/.git.path /home/runner/work/_temp/git-credentials-0918ffa9-b8ea-4897-ba80-522d65fd59df.config
2026-10-06T01:49:10.7123653Z [command]/usr/bin/git config --local includeIf.gitdir:/home/runner/work/growth-project-backend/growth-project-backend/.git/worktrees/*.path /home/runner/work/_temp/git-credentials-0918ffa9-b8ea-4897-ba80-522d65fd59df.config
2026-10-06T01:49:10.7173466Z [command]/usr/bin/git config --local includeIf.gitdir:/github/workspace/.git.path /github/runner_temp/git-credentials-0918ffa9-b8ea-4897-ba80-522d65fd59df.config
2026-10-06T01:49:10.7207184Z [command]/usr/bin/git config --local includeIf.gitdir:/github/workspace/.git/worktrees/*.path /github/runner_temp/git-credentials-0918ffa9-b8ea-4897-ba80-522d65fd59df.config
2026-10-06T01:49:10.7237167Z ##[endgroup]
2026-10-06T01:49:10.7238529Z ##[group]Fetching the repository
2026-10-06T01:49:10.7248108Z [command]/usr/bin/git -c protocol.version=2 fetch --no-tags --prune --no-recurse-submodules --depth=1 origin +a063a91d66ced2ad368ee54fa65ade58edddc14c:refs/remotes/pull/667/merge
2026-10-06T01:49:12.1918603Z From https://github.com/BradleyGleavePortfolio/growth-project-backend
2026-10-06T01:49:12.1921070Z  * [new ref]         a063a91d66ced2ad368ee54fa65ade58edddc14c -> pull/667/merge
2026-10-06T01:49:12.1931871Z ##[endgroup]
2026-10-06T01:49:12.1934016Z ##[group]Determining the checkout info
2026-10-06T01:49:12.1935936Z ##[endgroup]
2026-10-06T01:49:12.1937188Z [command]/usr/bin/git sparse-checkout disable
2026-10-06T01:49:12.1993089Z [command]/usr/bin/git config --local --unset-all extensions.worktreeConfig
2026-10-06T01:49:12.2028584Z ##[group]Checking out the ref
2026-10-06T01:49:12.2033517Z [command]/usr/bin/git checkout --progress --force refs/remotes/pull/667/merge
2026-10-06T01:49:12.4493329Z Note: switching to 'refs/remotes/pull/667/merge'.
2026-10-06T01:49:12.4494995Z 
2026-10-06T01:49:12.4495996Z You are in 'detached HEAD' state. You can look around, make experimental
2026-10-06T01:49:12.4498239Z changes and commit them, and you can discard any commits you make in this
2026-10-06T01:49:12.4500391Z state without impacting any branches by switching back to a branch.
2026-10-06T01:49:12.4501660Z 
2026-10-06T01:49:12.4502666Z If you want to create a new branch to retain commits you create, you may
2026-10-06T01:49:12.4505049Z do so (now or later) by using -c with the switch command. Example:
2026-10-06T01:49:12.4506006Z 
2026-10-06T01:49:12.4506437Z   git switch -c <new-branch-name>
2026-10-06T01:49:12.4507132Z 
2026-10-06T01:49:12.4507549Z Or undo this operation with:
2026-10-06T01:49:12.4508190Z 
2026-10-06T01:49:12.4508763Z   git switch -
2026-10-06T01:49:12.4509517Z 
2026-10-06T01:49:12.4510441Z Turn off this advice by setting config variable advice.detachedHead to false
2026-10-06T01:49:12.4511619Z 
2026-10-06T01:49:12.4512731Z HEAD is now at a063a91 Merge af32412c87042f77ed3b62a3dbd6e7aa4263120e into 76a592168cab7f440913cdab8285293607f93ec1
2026-10-06T01:49:12.4517373Z ##[endgroup]
2026-10-06T01:49:12.4565325Z [command]/usr/bin/git log -1 --format=%H
2026-10-06T01:49:12.4590962Z a063a91d66ced2ad368ee54fa65ade58edddc14c
2026-10-06T01:49:12.4605225Z ##[group]Removing auth
2026-10-06T01:49:12.4606801Z Removing SSH command configuration
2026-10-06T01:49:12.4609702Z [command]/usr/bin/git config --local --name-only --get-regexp core\.sshCommand
2026-10-06T01:49:12.4649516Z [command]/usr/bin/git submodule foreach --recursive sh -c "git config --local --name-only --get-regexp 'core\.sshCommand' && git config --local --unset-all 'core.sshCommand' || :"
2026-10-06T01:49:12.4904106Z Removing HTTP extra header
2026-10-06T01:49:12.4910680Z [command]/usr/bin/git config --local --name-only --get-regexp http\.https\:\/\/github\.com\/\.extraheader
2026-10-06T01:49:12.4962857Z [command]/usr/bin/git submodule foreach --recursive sh -c "git config --local --name-only --get-regexp 'http\.https\:\/\/github\.com\/\.extraheader' && git config --local --unset-all 'http.https://github.com/.extraheader' || :"
2026-10-06T01:49:12.5202097Z Removing includeIf entries pointing to credentials config files
2026-10-06T01:49:12.5207174Z [command]/usr/bin/git config --local --name-only --get-regexp ^includeIf\.gitdir:
2026-10-06T01:49:12.5240602Z includeif.gitdir:/home/runner/work/growth-project-backend/growth-project-backend/.git.path
2026-10-06T01:49:12.5241703Z includeif.gitdir:/home/runner/work/growth-project-backend/growth-project-backend/.git/worktrees/*.path
2026-10-06T01:49:12.5242476Z includeif.gitdir:/github/workspace/.git.path
2026-10-06T01:49:12.5243131Z includeif.gitdir:/github/workspace/.git/worktrees/*.path
2026-10-06T01:49:12.5252298Z [command]/usr/bin/git config --local --get-all includeif.gitdir:/home/runner/work/growth-project-backend/growth-project-backend/.git.path
2026-10-06T01:49:12.5278524Z /home/runner/work/_temp/git-credentials-0918ffa9-b8ea-4897-ba80-522d65fd59df.config
2026-10-06T01:49:12.5290141Z [command]/usr/bin/git config --local --unset includeif.gitdir:/home/runner/work/growth-project-backend/growth-project-backend/.git.path /home/runner/work/_temp/git-credentials-0918ffa9-b8ea-4897-ba80-522d65fd59df.config
2026-10-06T01:49:12.5328505Z [command]/usr/bin/git config --local --get-all includeif.gitdir:/home/runner/work/growth-project-backend/growth-project-backend/.git/worktrees/*.path
2026-10-06T01:49:12.5355480Z /home/runner/work/_temp/git-credentials-0918ffa9-b8ea-4897-ba80-522d65fd59df.config
2026-10-06T01:49:12.5365871Z [command]/usr/bin/git config --local --unset includeif.gitdir:/home/runner/work/growth-project-backend/growth-project-backend/.git/worktrees/*.path /home/runner/work/_temp/git-credentials-0918ffa9-b8ea-4897-ba80-522d65fd59df.config
2026-10-06T01:49:12.5407117Z [command]/usr/bin/git config --local --get-all includeif.gitdir:/github/workspace/.git.path
2026-10-06T01:49:12.5432997Z /github/runner_temp/git-credentials-0918ffa9-b8ea-4897-ba80-522d65fd59df.config
2026-10-06T01:49:12.5443996Z [command]/usr/bin/git config --local --unset includeif.gitdir:/github/workspace/.git.path /github/runner_temp/git-credentials-0918ffa9-b8ea-4897-ba80-522d65fd59df.config
2026-10-06T01:49:12.5497165Z [command]/usr/bin/git config --local --get-all includeif.gitdir:/github/workspace/.git/worktrees/*.path
2026-10-06T01:49:12.5523526Z /github/runner_temp/git-credentials-0918ffa9-b8ea-4897-ba80-522d65fd59df.config
2026-10-06T01:49:12.5537593Z [command]/usr/bin/git config --local --unset includeif.gitdir:/github/workspace/.git/worktrees/*.path /github/runner_temp/git-credentials-0918ffa9-b8ea-4897-ba80-522d65fd59df.config
2026-10-06T01:49:12.5576345Z [command]/usr/bin/git submodule foreach --recursive git config --local --show-origin --name-only --get-regexp remote.origin.url
2026-10-06T01:49:12.5816543Z Removing credentials config '/home/runner/work/_temp/git-credentials-0918ffa9-b8ea-4897-ba80-522d65fd59df.config'
2026-10-06T01:49:12.5827653Z ##[endgroup]
2026-10-06T01:49:12.6179009Z ##[group]Run actions/setup-node@48b55a011bda9f5d6aeb4c2d9c7362e8dae4041e
2026-10-06T01:49:12.6179564Z with:
2026-10-06T01:49:12.6179818Z   node-version: 20.20.1
2026-10-06T01:49:12.6180125Z   check-latest: false
2026-10-06T01:49:12.6183029Z   token: ***
2026-10-06T01:49:12.6183319Z   package-manager-cache: true
2026-10-06T01:49:12.6183630Z ##[endgroup]
2026-10-06T01:49:12.7800509Z Attempting to download 20.20.1...
2026-10-06T01:49:13.3547378Z Acquiring 20.20.1 - x64 from https://github.com/actions/node-versions/releases/download/20.20.1-22746716736/node-20.20.1-linux-x64.tar.gz
2026-10-06T01:49:13.8506015Z Extracting ...
2026-10-06T01:49:13.8655028Z [command]/usr/bin/tar xz --strip 1 --warning=no-unknown-keyword --overwrite -C /home/runner/work/_temp/5d2238ad-8bb4-4290-988e-e7ef6f8e9aea -f /home/runner/work/_temp/69b421e4-47bf-4860-ad9b-ab8a8748efd5
2026-10-06T01:49:14.8922130Z Adding to the cache ...
2026-10-06T01:49:16.7547151Z ##[group]Environment details
2026-10-06T01:49:17.0080875Z node: v20.20.1
2026-10-06T01:49:17.0081378Z npm: 10.8.2
2026-10-06T01:49:17.0081710Z yarn: 1.22.22
2026-10-06T01:49:17.0082439Z ##[endgroup]
2026-10-06T01:49:17.0290377Z ##[group]Run set -euo pipefail
2026-10-06T01:49:17.0290897Z [36;1mset -euo pipefail[0m
2026-10-06T01:49:17.0291170Z [36;1mnode -v[0m
2026-10-06T01:49:17.0291389Z [36;1mnpm -v[0m
2026-10-06T01:49:17.0612035Z shell: /usr/bin/bash --noprofile --norc -e -o pipefail {0}
2026-10-06T01:49:17.0612686Z ##[endgroup]
2026-10-06T01:49:17.0786399Z v20.20.1
2026-10-06T01:49:17.1738638Z 10.8.2
2026-10-06T01:49:17.1827522Z ##[group]Run set -euo pipefail
2026-10-06T01:49:17.1827941Z [36;1mset -euo pipefail[0m
2026-10-06T01:49:17.1828383Z [36;1m# Whole graph, stated explicitly: --include beats any ambient --omit /[0m
2026-10-06T01:49:17.1828921Z [36;1m# NODE_ENV=production config, and --package-lock-only audits the[0m
2026-10-06T01:49:17.1829425Z [36;1m# committed lockfile without needing node_modules — so nothing[0m
2026-10-06T01:49:17.1829964Z [36;1m# installs and no dependency lifecycle script runs just to audit it.[0m
2026-10-06T01:49:17.1830541Z [36;1m# Flags per npm v10 docs: https://docs.npmjs.com/cli/v10/commands/npm-audit/[0m
2026-10-06T01:49:17.1831447Z [36;1m# npm's exit code is CAPTURED, never discarded: the gate fails on any[0m
2026-10-06T01:49:17.1831954Z [36;1m# exit other than 0/1, on unreadable/error JSON, and on an exit that[0m
2026-10-06T01:49:17.1832436Z [36;1m# disagrees with the findings. The gate's own exit is the verdict[0m
2026-10-06T01:49:17.1832912Z [36;1m# (set -e): no fallback, no soft-fail.[0m
2026-10-06T01:49:17.1833324Z [36;1maudit_json="${RUNNER_TEMP:?RUNNER_TEMP is not set}/npm-audit.json"[0m
2026-10-06T01:49:17.1834797Z [36;1maudit_exit=0[0m
2026-10-06T01:49:17.1835197Z [36;1mtimeout 300 npm audit --package-lock-only \[0m
2026-10-06T01:49:17.1835676Z [36;1m  --include=prod --include=dev --include=optional --include=peer \[0m
2026-10-06T01:49:17.1836173Z [36;1m  --audit-level=high --json >"$audit_json" || audit_exit=$?[0m
2026-10-06T01:49:17.1836583Z [36;1mnode scripts/ci/audit-gate.mjs \[0m
2026-10-06T01:49:17.1836965Z [36;1m  --audit "$audit_json" --audit-exit "$audit_exit" \[0m
2026-10-06T01:49:17.1837444Z [36;1m  --lockfile package-lock.json --exceptions .github/audit-exceptions.json[0m
2026-10-06T01:49:17.1907520Z shell: /usr/bin/bash --noprofile --norc -e -o pipefail {0}
2026-10-06T01:49:17.1908040Z ##[endgroup]
2026-10-06T01:49:19.6974723Z [audit-gate] today (UTC) 2026-10-06; exception horizon 31 days
2026-10-06T01:49:19.7068443Z [audit-gate] non-blocking moderate: @istanbuljs/load-nyc-config (node_modules/@istanbuljs/load-nyc-config)
2026-10-06T01:49:19.7069823Z [audit-gate] non-blocking moderate: @jest/core (node_modules/@jest/core)
2026-10-06T01:49:19.7070865Z [audit-gate] non-blocking moderate: @jest/expect (node_modules/@jest/expect)
2026-10-06T01:49:19.7072057Z [audit-gate] non-blocking moderate: @jest/globals (node_modules/@jest/globals)
2026-10-06T01:49:19.7073366Z [audit-gate] non-blocking moderate: @jest/reporters (node_modules/@jest/reporters)
2026-10-06T01:49:19.7075032Z [audit-gate] non-blocking moderate: @jest/transform (node_modules/@jest/transform)
2026-10-06T01:49:19.7076907Z [audit-gate] non-blocking moderate: argparse (node_modules/@istanbuljs/load-nyc-config/node_modules/argparse)
2026-10-06T01:49:19.7078548Z [audit-gate] non-blocking moderate: babel-jest (node_modules/babel-jest)
2026-10-06T01:49:19.7080195Z [audit-gate] non-blocking moderate: babel-plugin-istanbul (node_modules/babel-plugin-istanbul)
2026-10-06T01:49:19.7081838Z [audit-gate] non-blocking moderate: jest (node_modules/jest)
2026-10-06T01:49:19.7083229Z [audit-gate] non-blocking moderate: jest-circus (node_modules/jest-circus)
2026-10-06T01:49:19.7084569Z [audit-gate] non-blocking moderate: jest-cli (node_modules/jest-cli)
2026-10-06T01:49:19.7085697Z [audit-gate] non-blocking moderate: jest-config (node_modules/jest-config)
2026-10-06T01:49:19.7087098Z [audit-gate] non-blocking moderate: jest-resolve-dependencies (node_modules/jest-resolve-dependencies)
2026-10-06T01:49:19.7088444Z [audit-gate] non-blocking moderate: jest-runner (node_modules/jest-runner)
2026-10-06T01:49:19.7089595Z [audit-gate] non-blocking moderate: jest-runtime (node_modules/jest-runtime)
2026-10-06T01:49:19.7090776Z [audit-gate] non-blocking moderate: jest-snapshot (node_modules/jest-snapshot)
2026-10-06T01:49:19.7092228Z [audit-gate] non-blocking moderate: js-yaml (node_modules/@istanbuljs/load-nyc-config/node_modules/js-yaml)
2026-10-06T01:49:19.7094413Z [audit-gate] non-blocking moderate: sprintf-js (node_modules/sprintf-js)
2026-10-06T01:49:19.7095544Z [audit-gate] non-blocking moderate: ts-jest (node_modules/ts-jest)
2026-10-06T01:49:19.7096486Z [audit-gate] high/critical vulnerabilities in the whole graph: 4
2026-10-06T01:49:19.7097616Z [audit-gate] covered: high "braces" (chain: braces)
2026-10-06T01:49:19.7098656Z [audit-gate] covered: high "danger" (chain: danger <- micromatch <- braces)
2026-10-06T01:49:19.7099818Z [audit-gate] covered: high "micromatch" (chain: micromatch <- braces)
2026-10-06T01:49:19.7127223Z ##[warning]braces node_modules/braces@3.0.3 excepted until 2026-10-31 (25 days left). Ruling: OR-114-2 (operator agent 114, 2026-10-02): keep the audit gate fail-closed; narrowest time-boxed dev-only exception. Reason: CVE-2026-93687 stack-exhaustion DoS via deeply nested patterns; no patched braces exists on npm (latest 3.0.3). The only lockfile copy (node_modules/braces 3.0.3) is dev-only, reached through micromatch from danger (CI tooling), never installed in the production runtime image (Dockerfile runtime stage uses npm ci --omit=dev).
2026-10-06T01:49:19.7136879Z [audit-gate] APPLIED EXCEPTION advisory=GHSA-vfj7-8cjw-p6xm package=braces locked=node_modules/braces@3.0.3 max_version=3.0.3 expires=2026-10-31 days_left=25
2026-10-06T01:49:19.7139041Z [audit-gate]   reason: CVE-2026-93687 stack-exhaustion DoS via deeply nested patterns; no patched braces exists on npm (latest 3.0.3). The only lockfile copy (node_modules/braces 3.0.3) is dev-only, reached through micromatch from danger (CI tooling), never installed in the production runtime image (Dockerfile runtime stage uses npm ci --omit=dev).
2026-10-06T01:49:19.7140875Z [audit-gate]   owner_ruling: OR-114-2 (operator agent 114, 2026-10-02): keep the audit gate fail-closed; narrowest time-boxed dev-only exception
2026-10-06T01:49:20.0998387Z [audit-gate] registry check for braces: no stable release above 3.0.3 (latest 3.0.3)
2026-10-06T01:49:20.1004412Z ##[error]critical "proxy-addr" is not covered by an exception: https://github.com/advisories/GHSA-jqcg-44mw-7w3h (proxy-addr, critical)
2026-10-06T01:49:20.1006945Z [audit-gate] FAIL E_UNEXCEPTED: critical "proxy-addr" is not covered by an exception: https://github.com/advisories/GHSA-jqcg-44mw-7w3h (proxy-addr, critical)
2026-10-06T01:49:20.1007882Z [audit-gate] BLOCKED: 1 problem(s)
2026-10-06T01:49:20.1036416Z ##[error]Process completed with exit code 1.
2026-10-06T01:49:20.1187934Z Post job cleanup.
2026-10-06T01:49:20.2131724Z [command]/usr/bin/git version
2026-10-06T01:49:20.2172932Z git version 2.55.0
2026-10-06T01:49:20.2213494Z Temporarily overriding HOME='/home/runner/work/_temp/839209f5-6887-4eda-8b04-f4b331022661' before making global git config changes
2026-10-06T01:49:20.2215064Z Adding repository directory to the temporary git global config as a safe directory
2026-10-06T01:49:20.2220133Z [command]/usr/bin/git config --global --add safe.directory /home/runner/work/growth-project-backend/growth-project-backend
2026-10-06T01:49:20.2256664Z Removing SSH command configuration
2026-10-06T01:49:20.2264431Z [command]/usr/bin/git config --local --name-only --get-regexp core\.sshCommand
2026-10-06T01:49:20.2303674Z [command]/usr/bin/git submodule foreach --recursive sh -c "git config --local --name-only --get-regexp 'core\.sshCommand' && git config --local --unset-all 'core.sshCommand' || :"
2026-10-06T01:49:20.2548906Z Removing HTTP extra header
2026-10-06T01:49:20.2555557Z [command]/usr/bin/git config --local --name-only --get-regexp http\.https\:\/\/github\.com\/\.extraheader
2026-10-06T01:49:20.2595455Z [command]/usr/bin/git submodule foreach --recursive sh -c "git config --local --name-only --get-regexp 'http\.https\:\/\/github\.com\/\.extraheader' && git config --local --unset-all 'http.https://github.com/.extraheader' || :"
2026-10-06T01:49:20.2834019Z Removing includeIf entries pointing to credentials config files
2026-10-06T01:49:20.2841748Z [command]/usr/bin/git config --local --name-only --get-regexp ^includeIf\.gitdir:
2026-10-06T01:49:20.2878191Z [command]/usr/bin/git submodule foreach --recursive git config --local --show-origin --name-only --get-regexp remote.origin.url
2026-10-06T01:49:20.3298652Z Cleaning up orphan processes
