2026-10-06T01:49:56.1330682Z Current runner version: '2.337.0'
2026-10-06T01:49:56.1348229Z ##[group]Runner Image Provisioner
2026-10-06T01:49:56.1348814Z Hosted Compute Agent
2026-10-06T01:49:56.1349178Z Version: 20260901.588
2026-10-06T01:49:56.1349592Z Commit: f88ec8081b781fac6c440065ac7ff9e710ce3d0b
2026-10-06T01:49:56.1350059Z Build Date: 2026-09-01T19:56:44Z
2026-10-06T01:49:56.1350464Z Worker ID: {2423391a-27cd-4d9a-b53d-409b66a004f3}
2026-10-06T01:49:56.1350932Z Azure Region: westus3
2026-10-06T01:49:56.1351288Z ##[endgroup]
2026-10-06T01:49:56.1352381Z ##[group]Operating System
2026-10-06T01:49:56.1352794Z Ubuntu
2026-10-06T01:49:56.1353115Z 24.04.5
2026-10-06T01:49:56.1353429Z LTS
2026-10-06T01:49:56.1353784Z ##[endgroup]
2026-10-06T01:49:56.1354147Z ##[group]Runner Image
2026-10-06T01:49:56.1354542Z Image: ubuntu-24.04
2026-10-06T01:49:56.1354920Z Version: 20260927.320.1
2026-10-06T01:49:56.1355667Z Included Software: https://github.com/actions/runner-images/blob/ubuntu24/20260927.320/images/ubuntu/Ubuntu2404-Readme.md
2026-10-06T01:49:56.1356579Z Image Release: https://github.com/actions/runner-images/releases/tag/ubuntu24%2F20260927.320
2026-10-06T01:49:56.1357163Z ##[endgroup]
2026-10-06T01:49:56.1357888Z ##[group]GITHUB_TOKEN Permissions
2026-10-06T01:49:56.1359120Z Contents: read
2026-10-06T01:49:56.1359495Z Metadata: read
2026-10-06T01:49:56.1359820Z Packages: read
2026-10-06T01:49:56.1360196Z ##[endgroup]
2026-10-06T01:49:56.1361504Z Secret source: Actions
2026-10-06T01:49:56.1362252Z Cache mode: write
2026-10-06T01:49:56.1362680Z Prepare workflow directory
2026-10-06T01:49:56.1626062Z Prepare all required actions
2026-10-06T01:49:56.1656934Z Getting action download info
2026-10-06T01:49:56.4483337Z Download action repository 'actions/checkout@v6' (SHA:d23441a48e516b6c34aea4fa41551a30e30af803)
2026-10-06T01:49:56.5222158Z Download action repository 'actions/setup-node@v6' (SHA:249970729cb0ef3589644e2896645e5dc5ba9c38)
2026-10-06T01:49:56.7061027Z Complete job name: mwb-3-live-tests
2026-10-06T01:49:56.7430502Z ##[group]Checking docker version
2026-10-06T01:49:56.7439036Z ##[command]/usr/bin/docker version --format '{{.Server.APIVersion}}'
2026-10-06T01:49:56.8800184Z '1.48'
2026-10-06T01:49:56.8813739Z Docker daemon API version: '1.48'
2026-10-06T01:49:56.8814190Z ##[command]/usr/bin/docker version --format '{{.Client.APIVersion}}'
2026-10-06T01:49:56.8946093Z '1.48'
2026-10-06T01:49:56.8958850Z Docker client API version: '1.48'
2026-10-06T01:49:56.8962873Z ##[endgroup]
2026-10-06T01:49:56.8964657Z ##[group]Clean up resources from previous jobs
2026-10-06T01:49:56.8968212Z ##[command]/usr/bin/docker ps --all --quiet --no-trunc --filter "label=bfd4f8"
2026-10-06T01:49:56.9346178Z ##[command]/usr/bin/docker network prune --force --filter "label=bfd4f8"
2026-10-06T01:49:56.9451223Z ##[endgroup]
2026-10-06T01:49:56.9451536Z ##[group]Create local container network
2026-10-06T01:49:56.9459161Z ##[command]/usr/bin/docker network create --label bfd4f8 github_network_e0752449110a44e18cd389a27493fa36
2026-10-06T01:49:57.0502760Z af0e0496796e9b69cf0f287c4e760d8d13ed818157ec4366966faa391d2f22a0
2026-10-06T01:49:57.0525347Z ##[endgroup]
2026-10-06T01:49:57.0543326Z ##[group]Starting postgres service container
2026-10-06T01:49:57.0557782Z ##[command]/usr/bin/docker pull postgres:15
2026-10-06T01:49:57.9662504Z 15: Pulling from library/postgres
2026-10-06T01:49:58.4345666Z 6b37362b3da7: Pulling fs layer
2026-10-06T01:49:58.4346088Z 0d791b2b75ae: Pulling fs layer
2026-10-06T01:49:58.4346283Z 0d39881c83f7: Pulling fs layer
2026-10-06T01:49:58.4346477Z c95afe7c234f: Pulling fs layer
2026-10-06T01:49:58.4346666Z bc176b99a33a: Pulling fs layer
2026-10-06T01:49:58.4346866Z 08a5cd487deb: Pulling fs layer
2026-10-06T01:49:58.4347065Z eb4d92aaee0a: Pulling fs layer
2026-10-06T01:49:58.4347250Z 75a4dff090e8: Pulling fs layer
2026-10-06T01:49:58.4347427Z afe9a40fb214: Pulling fs layer
2026-10-06T01:49:58.4347602Z ca5e97c0cd7d: Pulling fs layer
2026-10-06T01:49:58.4347776Z 53fa82bdba52: Pulling fs layer
2026-10-06T01:49:58.4348047Z 7b9c6b8e5e6e: Pulling fs layer
2026-10-06T01:49:58.4348573Z b65147f15943: Pulling fs layer
2026-10-06T01:49:58.4348769Z 170d9ea1cd85: Pulling fs layer
2026-10-06T01:49:58.4348976Z eb4d92aaee0a: Waiting
2026-10-06T01:49:58.4349141Z 53fa82bdba52: Waiting
2026-10-06T01:49:58.4349304Z 75a4dff090e8: Waiting
2026-10-06T01:49:58.4349456Z 7b9c6b8e5e6e: Waiting
2026-10-06T01:49:58.4349621Z afe9a40fb214: Waiting
2026-10-06T01:49:58.4349770Z b65147f15943: Waiting
2026-10-06T01:49:58.4349916Z ca5e97c0cd7d: Waiting
2026-10-06T01:49:58.4350064Z 170d9ea1cd85: Waiting
2026-10-06T01:49:58.4350216Z c95afe7c234f: Waiting
2026-10-06T01:49:58.4350381Z bc176b99a33a: Waiting
2026-10-06T01:49:58.4350544Z 08a5cd487deb: Waiting
2026-10-06T01:49:58.6054898Z 0d791b2b75ae: Verifying Checksum
2026-10-06T01:49:58.6056215Z 0d791b2b75ae: Download complete
2026-10-06T01:49:58.6308835Z 0d39881c83f7: Verifying Checksum
2026-10-06T01:49:58.6309248Z 0d39881c83f7: Download complete
2026-10-06T01:49:58.6851270Z 6b37362b3da7: Verifying Checksum
2026-10-06T01:49:58.6851793Z 6b37362b3da7: Download complete
2026-10-06T01:49:58.7929932Z c95afe7c234f: Verifying Checksum
2026-10-06T01:49:58.7930988Z c95afe7c234f: Download complete
2026-10-06T01:49:58.8440361Z bc176b99a33a: Verifying Checksum
2026-10-06T01:49:58.8440946Z bc176b99a33a: Download complete
2026-10-06T01:49:58.8836756Z 08a5cd487deb: Verifying Checksum
2026-10-06T01:49:58.8837378Z 08a5cd487deb: Download complete
2026-10-06T01:49:58.9671983Z eb4d92aaee0a: Verifying Checksum
2026-10-06T01:49:58.9673101Z eb4d92aaee0a: Download complete
2026-10-06T01:49:59.0247861Z 75a4dff090e8: Verifying Checksum
2026-10-06T01:49:59.0248495Z 75a4dff090e8: Download complete
2026-10-06T01:49:59.1506141Z ca5e97c0cd7d: Verifying Checksum
2026-10-06T01:49:59.1506520Z ca5e97c0cd7d: Download complete
2026-10-06T01:49:59.2063329Z 53fa82bdba52: Verifying Checksum
2026-10-06T01:49:59.2065234Z 53fa82bdba52: Download complete
2026-10-06T01:49:59.3398066Z 7b9c6b8e5e6e: Download complete
2026-10-06T01:49:59.3570547Z afe9a40fb214: Verifying Checksum
2026-10-06T01:49:59.3570925Z afe9a40fb214: Download complete
2026-10-06T01:49:59.3744743Z b65147f15943: Verifying Checksum
2026-10-06T01:49:59.3745162Z b65147f15943: Download complete
2026-10-06T01:49:59.6118181Z 170d9ea1cd85: Verifying Checksum
2026-10-06T01:49:59.6118541Z 170d9ea1cd85: Download complete
2026-10-06T01:49:59.8594957Z 6b37362b3da7: Pull complete
2026-10-06T01:50:02.5764980Z 0d791b2b75ae: Pull complete
2026-10-06T01:50:02.7921383Z 0d39881c83f7: Pull complete
2026-10-06T01:50:02.8360633Z c95afe7c234f: Pull complete
2026-10-06T01:50:03.1624615Z bc176b99a33a: Pull complete
2026-10-06T01:50:03.2311800Z 08a5cd487deb: Pull complete
2026-10-06T01:50:03.2368704Z eb4d92aaee0a: Pull complete
2026-10-06T01:50:03.2429761Z 75a4dff090e8: Pull complete
2026-10-06T01:50:06.4444870Z afe9a40fb214: Pull complete
2026-10-06T01:50:06.4572488Z ca5e97c0cd7d: Pull complete
2026-10-06T01:50:06.4650727Z 53fa82bdba52: Pull complete
2026-10-06T01:50:06.4755208Z 7b9c6b8e5e6e: Pull complete
2026-10-06T01:50:06.4819636Z b65147f15943: Pull complete
2026-10-06T01:50:06.4895818Z 170d9ea1cd85: Pull complete
2026-10-06T01:50:06.4923149Z Digest: sha256:724292da1f2e50bdccfc3302ce75bbba7f4a6076701b588cc795fcac65683550
2026-10-06T01:50:06.4932811Z Status: Downloaded newer image for postgres:15
2026-10-06T01:50:06.4939840Z docker.io/library/postgres:15
2026-10-06T01:50:06.4987303Z ##[command]/usr/bin/docker create --name 995283aa67a74188bd816b69460ed50e_postgres15_876ba9 --label bfd4f8 --network github_network_e0752449110a44e18cd389a27493fa36 --network-alias postgres -p 5432:5432 --health-cmd "pg_isready -U postgres" --health-interval 10s --health-timeout 5s --health-retries 10 -e "POSTGRES_USER=postgres" -e "POSTGRES_PASSWORD=postgres" -e "POSTGRES_DB=postgres" -e GITHUB_ACTIONS=true -e CI=true postgres:15
2026-10-06T01:50:06.5182388Z ec9f2fe4701d8f6693cf5003aad19c0d94fe9fb5849d282258a63ec944ee7f50
2026-10-06T01:50:06.5203476Z ##[command]/usr/bin/docker start ec9f2fe4701d8f6693cf5003aad19c0d94fe9fb5849d282258a63ec944ee7f50
2026-10-06T01:50:06.7113554Z ec9f2fe4701d8f6693cf5003aad19c0d94fe9fb5849d282258a63ec944ee7f50
2026-10-06T01:50:06.7157924Z ##[command]/usr/bin/docker ps --all --filter id=ec9f2fe4701d8f6693cf5003aad19c0d94fe9fb5849d282258a63ec944ee7f50 --filter status=running --no-trunc --format "{{.ID}} {{.Status}}"
2026-10-06T01:50:06.7263534Z ec9f2fe4701d8f6693cf5003aad19c0d94fe9fb5849d282258a63ec944ee7f50 Up Less than a second (health: starting)
2026-10-06T01:50:06.7289350Z ##[command]/usr/bin/docker port ec9f2fe4701d8f6693cf5003aad19c0d94fe9fb5849d282258a63ec944ee7f50
2026-10-06T01:50:06.7390227Z 5432/tcp -> 0.0.0.0:5432
2026-10-06T01:50:06.7390644Z 5432/tcp -> [::]:5432
2026-10-06T01:50:06.7433944Z ##[endgroup]
2026-10-06T01:50:06.7440246Z ##[group]Waiting for all services to be ready
2026-10-06T01:50:06.7452502Z ##[command]/usr/bin/docker inspect --format="{{if .Config.Healthcheck}}{{print .State.Health.Status}}{{end}}" ec9f2fe4701d8f6693cf5003aad19c0d94fe9fb5849d282258a63ec944ee7f50
2026-10-06T01:50:06.7556204Z starting
2026-10-06T01:50:06.7575572Z postgres service is starting, waiting 2 seconds before checking again.
2026-10-06T01:50:08.7578557Z ##[command]/usr/bin/docker inspect --format="{{if .Config.Healthcheck}}{{print .State.Health.Status}}{{end}}" ec9f2fe4701d8f6693cf5003aad19c0d94fe9fb5849d282258a63ec944ee7f50
2026-10-06T01:50:08.7675047Z starting
2026-10-06T01:50:08.7686827Z postgres service is starting, waiting 4 seconds before checking again.
2026-10-06T01:50:12.9890551Z ##[command]/usr/bin/docker inspect --format="{{if .Config.Healthcheck}}{{print .State.Health.Status}}{{end}}" ec9f2fe4701d8f6693cf5003aad19c0d94fe9fb5849d282258a63ec944ee7f50
2026-10-06T01:50:12.9984476Z starting
2026-10-06T01:50:12.9996730Z postgres service is starting, waiting 7 seconds before checking again.
2026-10-06T01:50:20.3368223Z ##[command]/usr/bin/docker inspect --format="{{if .Config.Healthcheck}}{{print .State.Health.Status}}{{end}}" ec9f2fe4701d8f6693cf5003aad19c0d94fe9fb5849d282258a63ec944ee7f50
2026-10-06T01:50:20.3524537Z healthy
2026-10-06T01:50:20.3538796Z postgres service is healthy.
2026-10-06T01:50:20.3539080Z ##[endgroup]
2026-10-06T01:50:20.3713983Z ##[group]Run actions/checkout@v6
2026-10-06T01:50:20.3714233Z with:
2026-10-06T01:50:20.3714399Z   repository: BradleyGleavePortfolio/growth-project-backend
2026-10-06T01:50:20.3716037Z   token: ***
2026-10-06T01:50:20.3716152Z   ssh-strict: true
2026-10-06T01:50:20.3716268Z   ssh-user: git
2026-10-06T01:50:20.3716387Z   persist-credentials: true
2026-10-06T01:50:20.3716518Z   clean: true
2026-10-06T01:50:20.3716643Z   sparse-checkout-cone-mode: true
2026-10-06T01:50:20.3716787Z   fetch-depth: 1
2026-10-06T01:50:20.3716899Z   fetch-tags: false
2026-10-06T01:50:20.3717016Z   show-progress: true
2026-10-06T01:50:20.3717131Z   lfs: false
2026-10-06T01:50:20.3717237Z   submodules: false
2026-10-06T01:50:20.3717354Z   set-safe-directory: true
2026-10-06T01:50:20.3717495Z   allow-unsafe-pr-checkout: false
2026-10-06T01:50:20.3717705Z env:
2026-10-06T01:50:20.3717968Z   DATABASE_URL: ***localhost:5432/postgres
2026-10-06T01:50:20.3718210Z   DIRECT_URL: ***localhost:5432/postgres
2026-10-06T01:50:20.3718472Z   MWB3_TEST_DATABASE_URL: ***localhost:5432/postgres
2026-10-06T01:50:20.3718633Z ##[endgroup]
2026-10-06T01:50:20.4374924Z Syncing repository: BradleyGleavePortfolio/growth-project-backend
2026-10-06T01:50:20.4375781Z ##[group]Getting Git version info
2026-10-06T01:50:20.4376038Z Working directory is '/home/runner/work/growth-project-backend/growth-project-backend'
2026-10-06T01:50:20.4376415Z [command]/usr/bin/git version
2026-10-06T01:50:20.4458481Z git version 2.55.0
2026-10-06T01:50:20.4472656Z ##[endgroup]
2026-10-06T01:50:20.4481524Z Temporarily overriding HOME='/home/runner/work/_temp/e36c402d-2502-42d1-8735-9ddbb5ceb4b7' before making global git config changes
2026-10-06T01:50:20.4482142Z Adding repository directory to the temporary git global config as a safe directory
2026-10-06T01:50:20.4486246Z [command]/usr/bin/git config --global --add safe.directory /home/runner/work/growth-project-backend/growth-project-backend
2026-10-06T01:50:20.4527611Z Deleting the contents of '/home/runner/work/growth-project-backend/growth-project-backend'
2026-10-06T01:50:20.4529917Z ##[group]Determining repository object format
2026-10-06T01:50:20.4531401Z ##[endgroup]
2026-10-06T01:50:20.4531666Z ##[group]Initializing the repository
2026-10-06T01:50:20.4534913Z [command]/usr/bin/git init /home/runner/work/growth-project-backend/growth-project-backend
2026-10-06T01:50:20.4775759Z hint: Using 'master' as the name for the initial branch. This default branch name
2026-10-06T01:50:20.4776188Z hint: will change to "main" in Git 3.0. To configure the initial branch name
2026-10-06T01:50:20.4776583Z hint: to use in all of your new repositories, which will suppress this warning,
2026-10-06T01:50:20.4776887Z hint: call:
2026-10-06T01:50:20.4777046Z hint:
2026-10-06T01:50:20.4777329Z hint: 	git config --global init.defaultBranch <name>
2026-10-06T01:50:20.4777608Z hint:
2026-10-06T01:50:20.4777856Z hint: Names commonly chosen instead of 'master' are 'main', 'trunk' and
2026-10-06T01:50:20.4778314Z hint: 'development'. The just-created branch can be renamed via this command:
2026-10-06T01:50:20.4778632Z hint:
2026-10-06T01:50:20.4778815Z hint: 	git branch -m <name>
2026-10-06T01:50:20.4779009Z hint:
2026-10-06T01:50:20.4779281Z hint: Disable this message with "git config set advice.defaultBranchName false"
2026-10-06T01:50:20.4779874Z Initialized empty Git repository in /home/runner/work/growth-project-backend/growth-project-backend/.git/
2026-10-06T01:50:20.4788663Z [command]/usr/bin/git remote add origin https://github.com/BradleyGleavePortfolio/growth-project-backend
2026-10-06T01:50:20.4855226Z ##[endgroup]
2026-10-06T01:50:20.4855590Z ##[group]Disabling automatic garbage collection
2026-10-06T01:50:20.4858509Z [command]/usr/bin/git config --local gc.auto 0
2026-10-06T01:50:20.4884265Z ##[endgroup]
2026-10-06T01:50:20.4884718Z ##[group]Setting up auth
2026-10-06T01:50:20.4885398Z Removing SSH command configuration
2026-10-06T01:50:20.4889793Z [command]/usr/bin/git config --local --name-only --get-regexp core\.sshCommand
2026-10-06T01:50:20.4913732Z [command]/usr/bin/git submodule foreach --recursive sh -c "git config --local --name-only --get-regexp 'core\.sshCommand' && git config --local --unset-all 'core.sshCommand' || :"
2026-10-06T01:50:20.5240383Z Removing HTTP extra header
2026-10-06T01:50:20.5245176Z [command]/usr/bin/git config --local --name-only --get-regexp http\.https\:\/\/github\.com\/\.extraheader
2026-10-06T01:50:20.5270309Z [command]/usr/bin/git submodule foreach --recursive sh -c "git config --local --name-only --get-regexp 'http\.https\:\/\/github\.com\/\.extraheader' && git config --local --unset-all 'http.https://github.com/.extraheader' || :"
2026-10-06T01:50:20.5445177Z Removing includeIf entries pointing to credentials config files
2026-10-06T01:50:20.5450287Z [command]/usr/bin/git config --local --name-only --get-regexp ^includeIf\.gitdir:
2026-10-06T01:50:20.5476868Z [command]/usr/bin/git submodule foreach --recursive git config --local --show-origin --name-only --get-regexp remote.origin.url
2026-10-06T01:50:20.5650811Z [command]/usr/bin/git config --file /home/runner/work/_temp/git-credentials-18a32dac-0ac4-458a-8bda-f2ef1739ee33.config http.https://github.com/.extraheader AUTHORIZATION: basic ***
2026-10-06T01:50:20.5681125Z [command]/usr/bin/git config --local includeIf.gitdir:/home/runner/work/growth-project-backend/growth-project-backend/.git.path /home/runner/work/_temp/git-credentials-18a32dac-0ac4-458a-8bda-f2ef1739ee33.config
2026-10-06T01:50:20.5704434Z [command]/usr/bin/git config --local includeIf.gitdir:/home/runner/work/growth-project-backend/growth-project-backend/.git/worktrees/*.path /home/runner/work/_temp/git-credentials-18a32dac-0ac4-458a-8bda-f2ef1739ee33.config
2026-10-06T01:50:20.5764447Z [command]/usr/bin/git config --local includeIf.gitdir:/github/workspace/.git.path /github/runner_temp/git-credentials-18a32dac-0ac4-458a-8bda-f2ef1739ee33.config
2026-10-06T01:50:20.5792784Z [command]/usr/bin/git config --local includeIf.gitdir:/github/workspace/.git/worktrees/*.path /github/runner_temp/git-credentials-18a32dac-0ac4-458a-8bda-f2ef1739ee33.config
2026-10-06T01:50:20.5813962Z ##[endgroup]
2026-10-06T01:50:20.5814179Z ##[group]Fetching the repository
2026-10-06T01:50:20.5819769Z [command]/usr/bin/git -c protocol.version=2 fetch --no-tags --prune --no-recurse-submodules --depth=1 origin +a063a91d66ced2ad368ee54fa65ade58edddc14c:refs/remotes/pull/667/merge
2026-10-06T01:50:22.5256091Z From https://github.com/BradleyGleavePortfolio/growth-project-backend
2026-10-06T01:50:22.5256617Z  * [new ref]         a063a91d66ced2ad368ee54fa65ade58edddc14c -> pull/667/merge
2026-10-06T01:50:22.5262013Z ##[endgroup]
2026-10-06T01:50:22.5262365Z ##[group]Determining the checkout info
2026-10-06T01:50:22.5262740Z ##[endgroup]
2026-10-06T01:50:22.5267766Z [command]/usr/bin/git sparse-checkout disable
2026-10-06T01:50:22.5313188Z [command]/usr/bin/git config --local --unset-all extensions.worktreeConfig
2026-10-06T01:50:22.5355642Z ##[group]Checking out the ref
2026-10-06T01:50:22.5356056Z [command]/usr/bin/git checkout --progress --force refs/remotes/pull/667/merge
2026-10-06T01:50:22.7083959Z Note: switching to 'refs/remotes/pull/667/merge'.
2026-10-06T01:50:22.7084232Z 
2026-10-06T01:50:22.7084414Z You are in 'detached HEAD' state. You can look around, make experimental
2026-10-06T01:50:22.7084830Z changes and commit them, and you can discard any commits you make in this
2026-10-06T01:50:22.7085244Z state without impacting any branches by switching back to a branch.
2026-10-06T01:50:22.7085480Z 
2026-10-06T01:50:22.7085669Z If you want to create a new branch to retain commits you create, you may
2026-10-06T01:50:22.7086032Z do so (now or later) by using -c with the switch command. Example:
2026-10-06T01:50:22.7086247Z 
2026-10-06T01:50:22.7086342Z   git switch -c <new-branch-name>
2026-10-06T01:50:22.7086489Z 
2026-10-06T01:50:22.7086577Z Or undo this operation with:
2026-10-06T01:50:22.7086734Z 
2026-10-06T01:50:22.7086843Z   git switch -
2026-10-06T01:50:22.7086965Z 
2026-10-06T01:50:22.7087373Z Turn off this advice by setting config variable advice.detachedHead to false
2026-10-06T01:50:22.7087628Z 
2026-10-06T01:50:22.7087915Z HEAD is now at a063a91 Merge af32412c87042f77ed3b62a3dbd6e7aa4263120e into 76a592168cab7f440913cdab8285293607f93ec1
2026-10-06T01:50:22.7095486Z ##[endgroup]
2026-10-06T01:50:22.7132480Z [command]/usr/bin/git log -1 --format=%H
2026-10-06T01:50:22.7152005Z a063a91d66ced2ad368ee54fa65ade58edddc14c
2026-10-06T01:50:22.7345552Z ##[group]Run actions/setup-node@v6
2026-10-06T01:50:22.7345713Z with:
2026-10-06T01:50:22.7345828Z   node-version: 20
2026-10-06T01:50:22.7345944Z   cache: npm
2026-10-06T01:50:22.7346057Z   check-latest: false
2026-10-06T01:50:22.7347457Z   token: ***
2026-10-06T01:50:22.7347581Z   package-manager-cache: true
2026-10-06T01:50:22.7347717Z env:
2026-10-06T01:50:22.7347953Z   DATABASE_URL: ***localhost:5432/postgres
2026-10-06T01:50:22.7348203Z   DIRECT_URL: ***localhost:5432/postgres
2026-10-06T01:50:22.7348453Z   MWB3_TEST_DATABASE_URL: ***localhost:5432/postgres
2026-10-06T01:50:22.7348618Z ##[endgroup]
2026-10-06T01:50:22.8267306Z Attempting to download 20...
2026-10-06T01:50:23.8090323Z Acquiring 20.20.2 - x64 from https://github.com/actions/node-versions/releases/download/20.20.2-23521894959/node-20.20.2-linux-x64.tar.gz
2026-10-06T01:50:24.3257824Z Extracting ...
2026-10-06T01:50:24.3334417Z [command]/usr/bin/tar xz --strip 1 --warning=no-unknown-keyword --overwrite -C /home/runner/work/_temp/72420c55-374a-4ba0-a9b3-1dd113f17033 -f /home/runner/work/_temp/48307c25-3104-499c-a2c9-0be1be7cc0c8
2026-10-06T01:50:25.0711801Z Adding to the cache ...
2026-10-06T01:50:26.5472173Z ##[group]Environment details
2026-10-06T01:50:26.7048493Z node: v20.20.2
2026-10-06T01:50:26.7048760Z npm: 10.8.2
2026-10-06T01:50:26.7048925Z yarn: 1.22.22
2026-10-06T01:50:26.7049387Z ##[endgroup]
2026-10-06T01:50:26.7061371Z [command]/opt/hostedtoolcache/node/20.20.2/x64/bin/npm config get cache
2026-10-06T01:50:26.7780417Z /home/runner/.npm
2026-10-06T01:50:26.9908216Z Cache hit for: node-cache-Linux-x64-npm-07f78abbac5e2cbfcef112b8b919e298f8da38fa5e6aaf98a3625ef672bd5b12
2026-10-06T01:50:28.2007013Z Received 50331648 of 86828135 (58.0%), 48.0 MBs/sec
2026-10-06T01:50:28.3701053Z Received 86828135 of 86828135 (100.0%), 70.8 MBs/sec
2026-10-06T01:50:28.3701550Z Cache Size: ~83 MB (86828135 B)
2026-10-06T01:50:28.3738619Z [command]/usr/bin/tar -xf /home/runner/work/_temp/d09a4e25-02d9-4947-8099-2fcdce33bc6f/cache.tzst -P -C /home/runner/work/growth-project-backend/growth-project-backend --use-compress-program unzstd
2026-10-06T01:50:28.4981330Z Cache restored successfully
2026-10-06T01:50:28.5023924Z Cache restored from key: node-cache-Linux-x64-npm-07f78abbac5e2cbfcef112b8b919e298f8da38fa5e6aaf98a3625ef672bd5b12
2026-10-06T01:50:28.5163338Z ##[group]Run npm ci
2026-10-06T01:50:28.5183935Z [36;1mnpm ci[0m
2026-10-06T01:50:28.5366778Z shell: /usr/bin/bash -e {0}
2026-10-06T01:50:28.5366953Z env:
2026-10-06T01:50:28.5367365Z   DATABASE_URL: ***localhost:5432/postgres
2026-10-06T01:50:28.5367595Z   DIRECT_URL: ***localhost:5432/postgres
2026-10-06T01:50:28.5367835Z   MWB3_TEST_DATABASE_URL: ***localhost:5432/postgres
2026-10-06T01:50:28.5368016Z ##[endgroup]
2026-10-06T01:50:32.1186501Z npm warn deprecated inflight@1.0.6: This module is not supported, and leaks memory. Do not use it. Check out lru-cache if you want a good and tested way to coalesce async requests by a key value, which is much more comprehensive and powerful.
2026-10-06T01:50:32.2683312Z npm warn deprecated jpeg-exif@1.1.4: Package no longer supported. Contact Support at https://www.npmjs.com/support for more info.
2026-10-06T01:50:33.7121369Z npm warn deprecated glob@7.2.3: Old versions of glob are not supported, and contain widely publicized security vulnerabilities, which have been fixed in the current version. Please update. Support for old versions may be purchased (at exorbitant rates) by contacting i@izs.me
2026-10-06T01:50:34.3939035Z npm warn deprecated glob@10.5.0: Old versions of glob are not supported, and contain widely publicized security vulnerabilities, which have been fixed in the current version. Please update. Support for old versions may be purchased (at exorbitant rates) by contacting i@izs.me
2026-10-06T01:50:34.4210635Z npm warn deprecated glob@10.5.0: Old versions of glob are not supported, and contain widely publicized security vulnerabilities, which have been fixed in the current version. Please update. Support for old versions may be purchased (at exorbitant rates) by contacting i@izs.me
2026-10-06T01:50:34.5307813Z npm warn deprecated glob@10.5.0: Old versions of glob are not supported, and contain widely publicized security vulnerabilities, which have been fixed in the current version. Please update. Support for old versions may be purchased (at exorbitant rates) by contacting i@izs.me
2026-10-06T01:50:43.2790453Z 
2026-10-06T01:50:43.2791394Z > growth-project-backend@1.0.0 postinstall
2026-10-06T01:50:43.2791771Z > prisma generate
2026-10-06T01:50:43.2792118Z 
2026-10-06T01:50:43.8387105Z Prisma schema loaded from prisma/schema.prisma
2026-10-06T01:50:46.4638274Z ┌─────────────────────────────────────────────────────────┐
2026-10-06T01:50:46.4638789Z │  Update available 6.19.3 -> 8.0.0-rc.20                 │
2026-10-06T01:50:46.4639173Z │                                                         │
2026-10-06T01:50:46.4639603Z │  This is a major update - please follow the guide at    │
2026-10-06T01:50:46.4640051Z │  https://pris.ly/d/major-version-upgrade                │
2026-10-06T01:50:46.4640487Z │                                                         │
2026-10-06T01:50:46.4640870Z │  Run the following to update                            │
2026-10-06T01:50:46.4641307Z │    npm i --save-dev prisma@latest                       │
2026-10-06T01:50:46.4641713Z │    npm i @prisma/client@latest                          │
2026-10-06T01:50:46.4642289Z └─────────────────────────────────────────────────────────┘
2026-10-06T01:50:46.4648557Z 
2026-10-06T01:50:46.4649503Z ✔ Generated Prisma Client (v6.19.3) to ./node_modules/@prisma/client in 1.39s
2026-10-06T01:50:46.4649789Z 
2026-10-06T01:50:46.4650101Z Start by importing your Prisma Client (See: https://pris.ly/d/importing-client)
2026-10-06T01:50:46.4650401Z 
2026-10-06T01:50:46.4650683Z Tip: Want to turn off tips and other hints? https://pris.ly/tip-4-nohints
2026-10-06T01:50:46.4650940Z 
2026-10-06T01:50:46.5148978Z 
2026-10-06T01:50:46.5149643Z > growth-project-backend@1.0.0 prepare
2026-10-06T01:50:46.5150015Z > lefthook install
2026-10-06T01:50:46.5150138Z 
2026-10-06T01:50:46.5555177Z sync hooks: ✔️(pre-commit, commit-msg)
2026-10-06T01:50:46.5684839Z 
2026-10-06T01:50:46.5685560Z added 1115 packages, and audited 1116 packages in 18s
2026-10-06T01:50:46.5685849Z 
2026-10-06T01:50:46.5686444Z 202 packages are looking for funding
2026-10-06T01:50:46.5686723Z   run `npm fund` for details
2026-10-06T01:50:46.5897935Z 
2026-10-06T01:50:46.5898746Z 24 vulnerabilities (20 moderate, 3 high, 1 critical)
2026-10-06T01:50:46.5899284Z 
2026-10-06T01:50:46.5899721Z To address issues that do not require attention, run:
2026-10-06T01:50:46.5900038Z   npm audit fix
2026-10-06T01:50:46.5900178Z 
2026-10-06T01:50:46.5900481Z To address all issues (including breaking changes), run:
2026-10-06T01:50:46.5900808Z   npm audit fix --force
2026-10-06T01:50:46.5900946Z 
2026-10-06T01:50:46.5901060Z Run `npm audit` for details.
2026-10-06T01:50:46.6522234Z ##[group]Run npx prisma generate
2026-10-06T01:50:46.6522519Z [36;1mnpx prisma generate[0m
2026-10-06T01:50:46.6578006Z shell: /usr/bin/bash -e {0}
2026-10-06T01:50:46.6578221Z env:
2026-10-06T01:50:46.6578580Z   DATABASE_URL: ***localhost:5432/postgres
2026-10-06T01:50:46.6578808Z   DIRECT_URL: ***localhost:5432/postgres
2026-10-06T01:50:46.6579160Z   MWB3_TEST_DATABASE_URL: ***localhost:5432/postgres
2026-10-06T01:50:46.6579333Z ##[endgroup]
2026-10-06T01:50:47.4266710Z Prisma schema loaded from prisma/schema.prisma
2026-10-06T01:50:50.1311597Z 
2026-10-06T01:50:50.1312741Z ✔ Generated Prisma Client (v6.19.3) to ./node_modules/@prisma/client in 1.46s
2026-10-06T01:50:50.1312969Z 
2026-10-06T01:50:50.1313167Z Start by importing your Prisma Client (See: https://pris.ly/d/importing-client)
2026-10-06T01:50:50.1313344Z 
2026-10-06T01:50:50.1313621Z Tip: Interested in query caching in just a few lines of code? Try Accelerate today! https://pris.ly/tip-3-accelerate
2026-10-06T01:50:50.1313911Z 
2026-10-06T01:50:50.1923914Z ##[group]Run sudo apt-get update && sudo apt-get install -y postgresql-client
2026-10-06T01:50:50.1924246Z [36;1msudo apt-get update && sudo apt-get install -y postgresql-client[0m
2026-10-06T01:50:50.1975608Z shell: /usr/bin/bash -e {0}
2026-10-06T01:50:50.1975748Z env:
2026-10-06T01:50:50.1976066Z   DATABASE_URL: ***localhost:5432/postgres
2026-10-06T01:50:50.1976295Z   DIRECT_URL: ***localhost:5432/postgres
2026-10-06T01:50:50.1976523Z   MWB3_TEST_DATABASE_URL: ***localhost:5432/postgres
2026-10-06T01:50:50.1976684Z ##[endgroup]
2026-10-06T01:50:50.2590136Z Get:1 file:/etc/apt/apt-mirrors.txt Mirrorlist [144 B]
2026-10-06T01:50:50.2889485Z Get:6 https://packages.microsoft.com/ubuntu/24.04/prod noble InRelease [3600 B]
2026-10-06T01:50:50.2965288Z Hit:2 http://azure.archive.ubuntu.com/ubuntu noble InRelease
2026-10-06T01:50:50.3000510Z Get:3 http://azure.archive.ubuntu.com/ubuntu noble-updates InRelease [126 kB]
2026-10-06T01:50:50.3042222Z Get:4 http://azure.archive.ubuntu.com/ubuntu noble-backports InRelease [126 kB]
2026-10-06T01:50:50.3072203Z Get:5 http://azure.archive.ubuntu.com/ubuntu noble-security InRelease [126 kB]
2026-10-06T01:50:50.3432674Z Get:7 https://packages.microsoft.com/ubuntu/24.04/prod noble/main arm64 Packages [458 kB]
2026-10-06T01:50:50.3573390Z Get:8 https://packages.microsoft.com/ubuntu/24.04/prod noble/main amd64 Packages [515 kB]
2026-10-06T01:50:50.3603592Z Get:9 https://packages.microsoft.com/ubuntu/24.04/prod noble/main armhf Packages [12.6 kB]
2026-10-06T01:50:50.4200412Z Get:10 http://azure.archive.ubuntu.com/ubuntu noble-updates/main amd64 Packages [1370 kB]
2026-10-06T01:50:50.4259960Z Get:11 http://azure.archive.ubuntu.com/ubuntu noble-updates/main Translation-en [305 kB]
2026-10-06T01:50:50.4284543Z Get:12 http://azure.archive.ubuntu.com/ubuntu noble-updates/main amd64 Components [181 kB]
2026-10-06T01:50:50.4292922Z Get:13 http://azure.archive.ubuntu.com/ubuntu noble-updates/universe amd64 Packages [1701 kB]
2026-10-06T01:50:50.4356237Z Get:14 http://azure.archive.ubuntu.com/ubuntu noble-updates/universe Translation-en [341 kB]
2026-10-06T01:50:50.4377935Z Get:15 http://azure.archive.ubuntu.com/ubuntu noble-updates/universe amd64 Components [388 kB]
2026-10-06T01:50:50.4407967Z Get:16 http://azure.archive.ubuntu.com/ubuntu noble-updates/restricted amd64 Packages [1728 kB]
2026-10-06T01:50:50.4461659Z Get:17 http://azure.archive.ubuntu.com/ubuntu noble-updates/restricted Translation-en [395 kB]
2026-10-06T01:50:50.4483439Z Get:18 http://azure.archive.ubuntu.com/ubuntu noble-updates/multiverse Translation-en [13.3 kB]
2026-10-06T01:50:50.4494388Z Get:19 http://azure.archive.ubuntu.com/ubuntu noble-updates/multiverse amd64 Components [940 B]
2026-10-06T01:50:50.5044198Z Get:20 http://azure.archive.ubuntu.com/ubuntu noble-backports/main amd64 Components [5764 B]
2026-10-06T01:50:50.5056405Z Get:21 http://azure.archive.ubuntu.com/ubuntu noble-backports/universe amd64 Components [12.6 kB]
2026-10-06T01:50:50.5066002Z Get:22 http://azure.archive.ubuntu.com/ubuntu noble-security/main amd64 Packages [1071 kB]
2026-10-06T01:50:50.5105605Z Get:23 http://azure.archive.ubuntu.com/ubuntu noble-security/main Translation-en [222 kB]
2026-10-06T01:50:50.5120468Z Get:24 http://azure.archive.ubuntu.com/ubuntu noble-security/main amd64 Components [46.4 kB]
2026-10-06T01:50:50.5130543Z Get:25 http://azure.archive.ubuntu.com/ubuntu noble-security/universe amd64 Packages [1216 kB]
2026-10-06T01:50:50.5174478Z Get:26 http://azure.archive.ubuntu.com/ubuntu noble-security/universe Translation-en [244 kB]
2026-10-06T01:50:50.5190607Z Get:27 http://azure.archive.ubuntu.com/ubuntu noble-security/universe amd64 Components [76.3 kB]
2026-10-06T01:50:50.5201228Z Get:28 http://azure.archive.ubuntu.com/ubuntu noble-security/restricted amd64 Packages [1566 kB]
2026-10-06T01:50:50.5256107Z Get:29 http://azure.archive.ubuntu.com/ubuntu noble-security/restricted Translation-en [361 kB]
2026-10-06T01:50:56.4245151Z Fetched 12.6 MB in 1s (12.2 MB/s)
2026-10-06T01:50:57.0188403Z Reading package lists...
2026-10-06T01:50:57.0431719Z Reading package lists...
2026-10-06T01:50:57.2212553Z Building dependency tree...
2026-10-06T01:50:57.2218033Z Reading state information...
2026-10-06T01:50:57.3638804Z The following NEW packages will be installed:
2026-10-06T01:50:57.3639115Z   postgresql-client
2026-10-06T01:50:57.3774344Z 0 upgraded, 1 newly installed, 0 to remove and 25 not upgraded.
2026-10-06T01:50:57.3774621Z Need to get 11.6 kB of archives.
2026-10-06T01:50:57.3774859Z After this operation, 17.4 kB of additional disk space will be used.
2026-10-06T01:50:57.3775174Z Get:1 file:/etc/apt/apt-mirrors.txt Mirrorlist [144 B]
2026-10-06T01:50:57.4690312Z Get:2 http://azure.archive.ubuntu.com/ubuntu noble-updates/main amd64 postgresql-client all 16+257build1.1 [11.6 kB]
2026-10-06T01:50:57.6569534Z Fetched 11.6 kB in 0s (116 kB/s)
2026-10-06T01:50:57.6733146Z Selecting previously unselected package postgresql-client.
2026-10-06T01:50:57.6987851Z (Reading database ... 
2026-10-06T01:50:57.6988233Z (Reading database ... 5%
2026-10-06T01:50:57.6988395Z (Reading database ... 10%
2026-10-06T01:50:57.6988562Z (Reading database ... 15%
2026-10-06T01:50:57.6988709Z (Reading database ... 20%
2026-10-06T01:50:57.6988875Z (Reading database ... 25%
2026-10-06T01:50:57.6989011Z (Reading database ... 30%
2026-10-06T01:50:57.6989179Z (Reading database ... 35%
2026-10-06T01:50:57.6989314Z (Reading database ... 40%
2026-10-06T01:50:57.6989474Z (Reading database ... 45%
2026-10-06T01:50:57.6989613Z (Reading database ... 50%
2026-10-06T01:50:57.7030842Z (Reading database ... 55%
2026-10-06T01:50:57.7839867Z (Reading database ... 60%
2026-10-06T01:50:57.9704363Z (Reading database ... 65%
2026-10-06T01:50:58.1753677Z (Reading database ... 70%
2026-10-06T01:50:58.3267202Z (Reading database ... 75%
2026-10-06T01:50:58.4740497Z (Reading database ... 80%
2026-10-06T01:50:58.6172885Z (Reading database ... 85%
2026-10-06T01:50:58.7057299Z (Reading database ... 90%
2026-10-06T01:50:58.8919299Z (Reading database ... 95%
2026-10-06T01:50:58.8919677Z (Reading database ... 100%
2026-10-06T01:50:58.8920054Z (Reading database ... 202296 files and directories currently installed.)
2026-10-06T01:50:58.8957225Z Preparing to unpack .../postgresql-client_16+257build1.1_all.deb ...
2026-10-06T01:50:58.9136704Z Unpacking postgresql-client (16+257build1.1) ...
2026-10-06T01:50:59.0680253Z Setting up postgresql-client (16+257build1.1) ...
2026-10-06T01:50:59.7545216Z 
2026-10-06T01:50:59.7545695Z Running kernel seems to be up-to-date.
2026-10-06T01:50:59.7546042Z 
2026-10-06T01:50:59.7546176Z No services need to be restarted.
2026-10-06T01:50:59.7546371Z 
2026-10-06T01:50:59.7546492Z No containers need to be restarted.
2026-10-06T01:50:59.7546637Z 
2026-10-06T01:50:59.7546778Z No user sessions are running outdated binaries.
2026-10-06T01:50:59.7546950Z 
2026-10-06T01:50:59.7547181Z No VM guests are running outdated hypervisor (qemu) binaries on this host.
2026-10-06T01:51:00.7027949Z ##[group]Run psql "$DATABASE_URL" -v ON_ERROR_STOP=1 -c \
2026-10-06T01:51:00.7028353Z [36;1mpsql "$DATABASE_URL" -v ON_ERROR_STOP=1 -c \[0m
2026-10-06T01:51:00.7029033Z [36;1m  "DO \$do\$ BEGIN IF NOT EXISTS (SELECT 1 FROM pg_roles WHERE rolname = 'app_authenticated') THEN CREATE ROLE app_authenticated NOLOGIN NOINHERIT NOBYPASSRLS; END IF; END \$do\$;"[0m
2026-10-06T01:51:00.7092080Z shell: /usr/bin/bash -e {0}
2026-10-06T01:51:00.7092324Z env:
2026-10-06T01:51:00.7093057Z   DATABASE_URL: ***localhost:5432/postgres
2026-10-06T01:51:00.7093318Z   DIRECT_URL: ***localhost:5432/postgres
2026-10-06T01:51:00.7093565Z   MWB3_TEST_DATABASE_URL: ***localhost:5432/postgres
2026-10-06T01:51:00.7093760Z ##[endgroup]
2026-10-06T01:51:00.7925372Z DO
2026-10-06T01:51:00.7961595Z ##[group]Run npx jest \
2026-10-06T01:51:00.7961763Z [36;1mnpx jest \[0m
2026-10-06T01:51:00.7962126Z [36;1m  test/scheduling-booking-concurrency.live.spec.ts \[0m
2026-10-06T01:51:00.7962336Z [36;1m  test/mwb-3-lock-token.spec.ts \[0m
2026-10-06T01:51:00.7962513Z [36;1m  test/mwb-3-autosave.controller.spec.ts \[0m
2026-10-06T01:51:00.7962700Z [36;1m  test/mwb-3-autosave.service.spec.ts \[0m
2026-10-06T01:51:00.7962869Z [36;1m  test/mwb-3-undo.spec.ts \[0m
2026-10-06T01:51:00.7963038Z [36;1m  test/mwb-3-revision-prune.cron.spec.ts \[0m
2026-10-06T01:51:00.7963232Z [36;1m  test/profile-put-concurrency.live.spec.ts \[0m
2026-10-06T01:51:00.7963431Z [36;1m  test/onboarding-tenancy-fence.live.spec.ts \[0m
2026-10-06T01:51:00.7963622Z [36;1m  test/checkout-settlement.live.spec.ts \[0m
2026-10-06T01:51:00.7963804Z [36;1m  --runInBand --testTimeout=120000[0m
2026-10-06T01:51:00.8015380Z shell: /usr/bin/bash -e {0}
2026-10-06T01:51:00.8015524Z env:
2026-10-06T01:51:00.8015863Z   DATABASE_URL: ***localhost:5432/postgres
2026-10-06T01:51:00.8016082Z   DIRECT_URL: ***localhost:5432/postgres
2026-10-06T01:51:00.8016364Z   MWB3_TEST_DATABASE_URL: ***localhost:5432/postgres
2026-10-06T01:51:00.8016547Z   NODE_OPTIONS: --max-old-space-size=4096
2026-10-06T01:51:00.8016699Z ##[endgroup]
2026-10-06T01:51:09.0014910Z [32m[Nest] 3304  - [39m10/06/2026, 1:51:08 AM [32m    LOG[39m [38;5;3m[PurchaseFanoutService] [39m[32mcancelPendingForPurchase: canceled 1 drop(s) for purchase=v reason=payment_failed[39m
2026-10-06T01:51:09.0016216Z [32m[Nest] 3304  - [39m10/06/2026, 1:51:08 AM [32m    LOG[39m [38;5;3m[CheckoutWebhookHandlerService] [39m[32mcheckout.session.completed: purchase=v not activated again (activated before, status=payment_failed)[39m
2026-10-06T01:51:09.0017146Z [32m[Nest] 3304  - [39m10/06/2026, 1:51:08 AM [32m    LOG[39m [38;5;3m[PurchaseFanoutService] [39m[32mrestoreAfterPaymentRecovered: 1 drop(s) pending again for purchase=v[39m
2026-10-06T01:51:09.0018793Z [32m[Nest] 3304  - [39m10/06/2026, 1:51:08 AM [32m    LOG[39m [38;5;3m[CheckoutWebhookHandlerService] [39m[32mpayment_intent.succeeded: purchase=v recovered after a failed payment of pi_v[39m
2026-10-06T01:51:09.0019550Z [95m[Nest] 3304  - [39m10/06/2026, 1:51:08 AM [95m  DEBUG[39m [38;5;3m[PurchaseFanoutService] [39m[95mfanout: package=l661-pkg has no contents — purchase=t[39m
2026-10-06T01:51:09.2157960Z [32m[Nest] 3304  - [39m10/06/2026, 1:51:09 AM [32m    LOG[39m [38;5;3m[PurchaseFanoutService] [39m[32mrestoreAfterPaymentRecovered: 1 drop(s) pending again for purchase=owner-adopted[39m
2026-10-06T01:51:09.2159542Z [32m[Nest] 3304  - [39m10/06/2026, 1:51:09 AM [32m    LOG[39m [38;5;3m[CheckoutWebhookHandlerService] [39m[32mpayment_intent.succeeded: purchase=owner-adopted recovered after a failed payment of pi_two_adopted[39m
2026-10-06T01:51:09.2161209Z [32m[Nest] 3304  - [39m10/06/2026, 1:51:09 AM [32m    LOG[39m [38;5;3m[PurchaseFanoutService] [39m[32mrestoreAfterPaymentRecovered: 1 drop(s) pending again for purchase=owner-owner[39m
2026-10-06T01:51:09.2163116Z [32m[Nest] 3304  - [39m10/06/2026, 1:51:09 AM [32m    LOG[39m [38;5;3m[CheckoutWebhookHandlerService] [39m[32mpayment_intent.succeeded: purchase=owner-owner recovered after a failed payment of pi_two_owner[39m
2026-10-06T01:51:09.2164740Z [32m[Nest] 3304  - [39m10/06/2026, 1:51:09 AM [32m    LOG[39m [38;5;3m[PurchaseFanoutService] [39m[32mcancelPendingForPurchase: canceled 1 drop(s) for purchase=s-unassign_drops reason=payment_failed[39m
2026-10-06T01:51:09.2166286Z [32m[Nest] 3304  - [39m10/06/2026, 1:51:09 AM [32m    LOG[39m [38;5;3m[PurchaseFanoutService] [39m[32mcancelPendingForPurchase: canceled 1 drop(s) for purchase=s-unassign_drops reason=partial_refund_decision[39m
2026-10-06T01:51:09.2168411Z [32m[Nest] 3304  - [39m10/06/2026, 1:51:09 AM [32m    LOG[39m [38;5;3m[PartialRefundDecisionService] [39m[32mdecide: refund=re_s-unassign_drops decision=unassign_drops drops_canceled=1 by coach=l661-coach[39m
2026-10-06T01:51:09.2170087Z [32m[Nest] 3304  - [39m10/06/2026, 1:51:09 AM [32m    LOG[39m [38;5;3m[PurchaseFanoutService] [39m[32mrestoreAfterPaymentRecovered: 0 drop(s) pending again for purchase=s-unassign_drops[39m
2026-10-06T01:51:09.2171806Z [32m[Nest] 3304  - [39m10/06/2026, 1:51:09 AM [32m    LOG[39m [38;5;3m[CheckoutWebhookHandlerService] [39m[32mpayment_intent.succeeded: purchase=s-unassign_drops recovered after a failed payment of pi_s-unassign_drops[39m
2026-10-06T01:51:09.2173554Z [32m[Nest] 3304  - [39m10/06/2026, 1:51:09 AM [32m    LOG[39m [38;5;3m[PurchaseFanoutService] [39m[32mcancelPendingForPurchase: canceled 1 drop(s) for purchase=s-keep_drops reason=payment_failed[39m
2026-10-06T01:51:09.3186425Z [32m[Nest] 3304  - [39m10/06/2026, 1:51:09 AM [32m    LOG[39m [38;5;3m[PartialRefundDecisionService] [39m[32mdecide: refund=re_s-keep_drops decision=keep_drops drops_canceled=0 by coach=l661-coach[39m
2026-10-06T01:51:09.3188271Z [32m[Nest] 3304  - [39m10/06/2026, 1:51:09 AM [32m    LOG[39m [38;5;3m[PurchaseFanoutService] [39m[32mrestoreAfterPaymentRecovered: 1 drop(s) pending again for purchase=s-keep_drops[39m
2026-10-06T01:51:09.3189231Z [32m[Nest] 3304  - [39m10/06/2026, 1:51:09 AM [32m    LOG[39m [38;5;3m[CheckoutWebhookHandlerService] [39m[32mpayment_intent.succeeded: purchase=s-keep_drops recovered after a failed payment of pi_s-keep_drops[39m
2026-10-06T01:51:09.3193158Z [32m[Nest] 3304  - [39m10/06/2026, 1:51:09 AM [32m    LOG[39m [38;5;3m[PurchaseFanoutService] [39m[32mcancelPendingForPurchase: canceled 1 drop(s) for purchase=race-recovery reason=payment_failed[39m
2026-10-06T01:51:09.3195135Z [32m[Nest] 3304  - [39m10/06/2026, 1:51:09 AM [32m    LOG[39m [38;5;3m[PurchaseFanoutService] [39m[32mrestoreAfterPaymentRecovered: 1 drop(s) pending again for purchase=race-recovery[39m
2026-10-06T01:51:09.3197738Z [32m[Nest] 3304  - [39m10/06/2026, 1:51:09 AM [32m    LOG[39m [38;5;3m[CheckoutWebhookHandlerService] [39m[32mpayment_intent.succeeded: purchase=race-recovery recovered after a failed payment of pi_race-recovery[39m
2026-10-06T01:51:09.4255815Z [32m[Nest] 3304  - [39m10/06/2026, 1:51:09 AM [32m    LOG[39m [38;5;3m[PurchaseFanoutService] [39m[32mcancelPendingForPurchase: canceled 1 drop(s) for purchase=race-recovery reason=partial_refund_decision[39m
2026-10-06T01:51:09.4257447Z [32m[Nest] 3304  - [39m10/06/2026, 1:51:09 AM [32m    LOG[39m [38;5;3m[PartialRefundDecisionService] [39m[32mdecide: refund=re_race-recovery decision=unassign_drops drops_canceled=1 by coach=l661-coach[39m
2026-10-06T01:51:09.4258629Z [32m[Nest] 3304  - [39m10/06/2026, 1:51:09 AM [32m    LOG[39m [38;5;3m[PurchaseFanoutService] [39m[32mcancelPendingForPurchase: canceled 1 drop(s) for purchase=race-decision reason=payment_failed[39m
2026-10-06T01:51:09.4259688Z [32m[Nest] 3304  - [39m10/06/2026, 1:51:09 AM [32m    LOG[39m [38;5;3m[PurchaseFanoutService] [39m[32mcancelPendingForPurchase: canceled 1 drop(s) for purchase=race-decision reason=partial_refund_decision[39m
2026-10-06T01:51:09.5338330Z [32m[Nest] 3304  - [39m10/06/2026, 1:51:09 AM [32m    LOG[39m [38;5;3m[PartialRefundDecisionService] [39m[32mdecide: refund=re_race-decision decision=unassign_drops drops_canceled=1 by coach=l661-coach[39m
2026-10-06T01:51:09.5339281Z [32m[Nest] 3304  - [39m10/06/2026, 1:51:09 AM [32m    LOG[39m [38;5;3m[PurchaseFanoutService] [39m[32mrestoreAfterPaymentRecovered: 0 drop(s) pending again for purchase=race-decision[39m
2026-10-06T01:51:09.5340222Z [32m[Nest] 3304  - [39m10/06/2026, 1:51:09 AM [32m    LOG[39m [38;5;3m[CheckoutWebhookHandlerService] [39m[32mpayment_intent.succeeded: purchase=race-decision recovered after a failed payment of pi_race-decision[39m
2026-10-06T01:51:09.9379258Z [95m[Nest] 3304  - [39m10/06/2026, 1:51:09 AM [95m  DEBUG[39m [38;5;3m[PurchaseFanoutService] [39m[95mfanout: package=l661-pkg has no contents — purchase=owner-list-9[39m
2026-10-06T01:51:09.9381074Z [32m[Nest] 3304  - [39m10/06/2026, 1:51:09 AM [32m    LOG[39m [38;5;3m[PurchaseFanoutService] [39m[32mcancelPendingForPurchase: canceled 1 drop(s) for purchase=owner-list-9 reason=payment_failed[39m
2026-10-06T01:51:09.9382668Z [32m[Nest] 3304  - [39m10/06/2026, 1:51:09 AM [32m    LOG[39m [38;5;3m[PurchaseFanoutService] [39m[32mrestoreAfterPaymentRecovered: 1 drop(s) pending again for purchase=owner-list-9[39m
2026-10-06T01:51:09.9384192Z [32m[Nest] 3304  - [39m10/06/2026, 1:51:09 AM [32m    LOG[39m [38;5;3m[CheckoutWebhookHandlerService] [39m[32mpayment_intent.succeeded: purchase=owner-list-9 recovered after a failed payment of pi_list_9[39m
2026-10-06T01:51:10.1928429Z [95m[Nest] 3304  - [39m10/06/2026, 1:51:10 AM [95m  DEBUG[39m [38;5;3m[PurchaseFanoutService] [39m[95mfanout: package=l661-pkg has no contents — purchase=owner-list-10[39m
2026-10-06T01:51:10.1929445Z [32m[Nest] 3304  - [39m10/06/2026, 1:51:10 AM [32m    LOG[39m [38;5;3m[PurchaseFanoutService] [39m[32mcancelPendingForPurchase: canceled 1 drop(s) for purchase=owner-list-10 reason=payment_failed[39m
2026-10-06T01:51:10.1930318Z [32m[Nest] 3304  - [39m10/06/2026, 1:51:10 AM [32m    LOG[39m [38;5;3m[PurchaseFanoutService] [39m[32mrestoreAfterPaymentRecovered: 1 drop(s) pending again for purchase=owner-list-10[39m
2026-10-06T01:51:10.1931335Z [32m[Nest] 3304  - [39m10/06/2026, 1:51:10 AM [32m    LOG[39m [38;5;3m[CheckoutWebhookHandlerService] [39m[32mpayment_intent.succeeded: purchase=owner-list-10 recovered after a failed payment of pi_list_10[39m
2026-10-06T01:51:10.4757520Z [95m[Nest] 3304  - [39m10/06/2026, 1:51:10 AM [95m  DEBUG[39m [38;5;3m[PurchaseFanoutService] [39m[95mfanout: package=l661-pkg has no contents — purchase=owner-list-12[39m
2026-10-06T01:51:10.4758596Z [32m[Nest] 3304  - [39m10/06/2026, 1:51:10 AM [32m    LOG[39m [38;5;3m[PurchaseFanoutService] [39m[32mcancelPendingForPurchase: canceled 1 drop(s) for purchase=owner-list-12 reason=payment_failed[39m
2026-10-06T01:51:10.4760245Z [32m[Nest] 3304  - [39m10/06/2026, 1:51:10 AM [32m    LOG[39m [38;5;3m[PurchaseFanoutService] [39m[32mrestoreAfterPaymentRecovered: 1 drop(s) pending again for purchase=owner-list-12[39m
2026-10-06T01:51:10.4761323Z [32m[Nest] 3304  - [39m10/06/2026, 1:51:10 AM [32m    LOG[39m [38;5;3m[CheckoutWebhookHandlerService] [39m[32mpayment_intent.succeeded: purchase=owner-list-12 recovered after a failed payment of pi_list_12[39m
2026-10-06T01:51:13.4305477Z [95m[Nest] 3304  - [39m10/06/2026, 1:51:13 AM [95m  DEBUG[39m [38;5;3m[PurchaseFanoutService] [39m[95mfanout: package=r2-pkg has no contents — purchase=paid-invoice-paid[39m
2026-10-06T01:51:13.4306514Z [95m[Nest] 3304  - [39m10/06/2026, 1:51:13 AM [95m  DEBUG[39m [38;5;3m[PurchaseFanoutService] [39m[95mfanout: package=r2-pkg has no contents — purchase=paid-customer-subscription-updated[39m
2026-10-06T01:51:13.4307551Z [95m[Nest] 3304  - [39m10/06/2026, 1:51:13 AM [95m  DEBUG[39m [38;5;3m[PurchaseFanoutService] [39m[95mfanout: package=r2-pkg has no contents — purchase=trial-invoice-paid[39m
2026-10-06T01:51:13.4308423Z [95m[Nest] 3304  - [39m10/06/2026, 1:51:13 AM [95m  DEBUG[39m [38;5;3m[PurchaseFanoutService] [39m[95mfanout: package=r2-pkg has no contents — purchase=trial-customer-subscription-updated[39m
2026-10-06T01:51:13.5428108Z PASS test/checkout-settlement.live.spec.ts (12.008 s, 162 MB heap size)
2026-10-06T01:51:13.9877112Z [33m[Nest] 3304  - [39m10/06/2026, 1:51:13 AM [33m   WARN[39m [38;5;3m[AnalyticsService] [39m[33mPOSTHOG_KEY not set — analytics are disabled (no-op mode).[39m
2026-10-06T01:51:13.9878264Z [33m[Nest] 3304  - [39m10/06/2026, 1:51:13 AM [33m   WARN[39m [38;5;3m[AnalyticsService] [39m[33mPOSTHOG_KEY not set — analytics are disabled (no-op mode).[39m
2026-10-06T01:51:13.9879474Z [33m[Nest] 3304  - [39m10/06/2026, 1:51:13 AM [33m   WARN[39m [38;5;3m[AnalyticsService] [39m[33mPOSTHOG_KEY not set — analytics are disabled (no-op mode).[39m
2026-10-06T01:51:16.7551375Z [33m[Nest] 3304  - [39m10/06/2026, 1:51:16 AM [33m   WARN[39m [38;5;3m[AnalyticsService] [39m[33mPOSTHOG_KEY not set — analytics are disabled (no-op mode).[39m
2026-10-06T01:51:16.9405330Z PASS test/mwb-3-lock-token.spec.ts (215 MB heap size)
2026-10-06T01:51:20.8753264Z PASS test/scheduling-booking-concurrency.live.spec.ts (282 MB heap size)
2026-10-06T01:51:21.1946806Z [32m[Nest] 3304  - [39m10/06/2026, 1:51:20 AM [32m    LOG[39m [38;5;3m[SessionReminderJob] [39m[32mreminder sweep kind=booking_reminder_1h scanned=0 recovered=0 caught_up=0 dispatched=0 skipped=0 retrying=0 failed=0 retired=0 parked=1 recovery_failed=0[39m
2026-10-06T01:51:21.1947972Z [32m[Nest] 3304  - [39m10/06/2026, 1:51:20 AM [32m    LOG[39m [38;5;3m[SessionReminderJob] [39m[32mreminder sweep kind=booking_reminder_1h scanned=1 recovered=0 caught_up=0 dispatched=2 skipped=0 retrying=0 failed=0 retired=0 parked=0 recovery_failed=0[39m
2026-10-06T01:51:24.0226400Z [33m[Nest] 3304  - [39m10/06/2026, 1:51:23 AM [33m   WARN[39m [38;5;3m[AnalyticsService] [39m[33mPOSTHOG_KEY not set — analytics are disabled (no-op mode).[39m
2026-10-06T01:51:24.0597248Z PASS test/mwb-3-autosave.controller.spec.ts (327 MB heap size)
2026-10-06T01:51:27.9327809Z [33m[Nest] 3304  - [39m10/06/2026, 1:51:27 AM [33m   WARN[39m [38;5;3m[AnalyticsService] [39m[33mPOSTHOG_KEY not set — analytics are disabled (no-op mode).[39m
2026-10-06T01:51:28.0508663Z PASS test/mwb-3-autosave.service.spec.ts (350 MB heap size)
2026-10-06T01:51:28.2541166Z [31m[Nest] 3304  - [39m10/06/2026, 1:51:28 AM [31m  ERROR[39m [38;5;3m[WorkoutBuilderRevisionPruneCron] [39m[31mRevision prune failed for plan B: boom[39m
2026-10-06T01:51:28.2542064Z Error: boom
2026-10-06T01:51:28.2542717Z     at Object.<anonymous> (/home/runner/work/growth-project-backend/growth-project-backend/test/mwb-3-revision-prune.cron.spec.ts:81:30)
2026-10-06T01:51:28.2544361Z     at Promise.finally.completed (/home/runner/work/growth-project-backend/growth-project-backend/node_modules/jest-circus/build/jestAdapterInit.js:1561:28)
2026-10-06T01:51:28.2545046Z     at new Promise (<anonymous>)
2026-10-06T01:51:28.2545726Z     at callAsyncCircusFn (/home/runner/work/growth-project-backend/growth-project-backend/node_modules/jest-circus/build/jestAdapterInit.js:1501:10)
2026-10-06T01:51:28.2546743Z     at _callCircusTest (/home/runner/work/growth-project-backend/growth-project-backend/node_modules/jest-circus/build/jestAdapterInit.js:1011:40)
2026-10-06T01:51:28.2547705Z     at _runTest (/home/runner/work/growth-project-backend/growth-project-backend/node_modules/jest-circus/build/jestAdapterInit.js:951:3)
2026-10-06T01:51:28.2548615Z     at /home/runner/work/growth-project-backend/growth-project-backend/node_modules/jest-circus/build/jestAdapterInit.js:853:7
2026-10-06T01:51:28.2549559Z     at _runTestsForDescribeBlock (/home/runner/work/growth-project-backend/growth-project-backend/node_modules/jest-circus/build/jestAdapterInit.js:866:11)
2026-10-06T01:51:28.2550618Z     at _runTestsForDescribeBlock (/home/runner/work/growth-project-backend/growth-project-backend/node_modules/jest-circus/build/jestAdapterInit.js:861:11)
2026-10-06T01:51:28.2551576Z     at run (/home/runner/work/growth-project-backend/growth-project-backend/node_modules/jest-circus/build/jestAdapterInit.js:765:3)
2026-10-06T01:51:28.2554090Z     at runAndTransformResultsToJestFormat (/home/runner/work/growth-project-backend/growth-project-backend/node_modules/jest-circus/build/jestAdapterInit.js:1993:21)
2026-10-06T01:51:28.2555110Z     at jestAdapter (/home/runner/work/growth-project-backend/growth-project-backend/node_modules/jest-circus/build/runner.js:111:19)
2026-10-06T01:51:28.2555967Z     at runTestInternal (/home/runner/work/growth-project-backend/growth-project-backend/node_modules/jest-runner/build/index.js:276:16)
2026-10-06T01:51:28.2556806Z     at runTest (/home/runner/work/growth-project-backend/growth-project-backend/node_modules/jest-runner/build/index.js:344:7)
2026-10-06T01:51:28.2562520Z [31m[Nest] 3304  - [39m10/06/2026, 1:51:28 AM [31m  ERROR[39m [38;5;3m[WorkoutBuilderRevisionPruneCron] [39m[31mRevision prune sweep failed to enumerate plans: db down[39m
2026-10-06T01:51:28.2563226Z Error: db down
2026-10-06T01:51:28.2563886Z     at Object.<anonymous> (/home/runner/work/growth-project-backend/growth-project-backend/test/mwb-3-revision-prune.cron.spec.ts:103:28)
2026-10-06T01:51:28.2564971Z     at Promise.finally.completed (/home/runner/work/growth-project-backend/growth-project-backend/node_modules/jest-circus/build/jestAdapterInit.js:1561:28)
2026-10-06T01:51:28.2565728Z     at new Promise (<anonymous>)
2026-10-06T01:51:28.2566460Z     at callAsyncCircusFn (/home/runner/work/growth-project-backend/growth-project-backend/node_modules/jest-circus/build/jestAdapterInit.js:1501:10)
2026-10-06T01:51:28.2567513Z     at _callCircusTest (/home/runner/work/growth-project-backend/growth-project-backend/node_modules/jest-circus/build/jestAdapterInit.js:1011:40)
2026-10-06T01:51:28.2568438Z     at _runTest (/home/runner/work/growth-project-backend/growth-project-backend/node_modules/jest-circus/build/jestAdapterInit.js:951:3)
2026-10-06T01:51:28.2569318Z     at /home/runner/work/growth-project-backend/growth-project-backend/node_modules/jest-circus/build/jestAdapterInit.js:853:7
2026-10-06T01:51:28.2570246Z     at _runTestsForDescribeBlock (/home/runner/work/growth-project-backend/growth-project-backend/node_modules/jest-circus/build/jestAdapterInit.js:866:11)
2026-10-06T01:51:28.2571297Z     at _runTestsForDescribeBlock (/home/runner/work/growth-project-backend/growth-project-backend/node_modules/jest-circus/build/jestAdapterInit.js:861:11)
2026-10-06T01:51:28.2572468Z     at run (/home/runner/work/growth-project-backend/growth-project-backend/node_modules/jest-circus/build/jestAdapterInit.js:765:3)
2026-10-06T01:51:28.2573493Z     at runAndTransformResultsToJestFormat (/home/runner/work/growth-project-backend/growth-project-backend/node_modules/jest-circus/build/jestAdapterInit.js:1993:21)
2026-10-06T01:51:28.2574777Z     at jestAdapter (/home/runner/work/growth-project-backend/growth-project-backend/node_modules/jest-circus/build/runner.js:111:19)
2026-10-06T01:51:28.2575725Z     at runTestInternal (/home/runner/work/growth-project-backend/growth-project-backend/node_modules/jest-runner/build/index.js:276:16)
2026-10-06T01:51:28.2576592Z     at runTest (/home/runner/work/growth-project-backend/growth-project-backend/node_modules/jest-runner/build/index.js:344:7)
2026-10-06T01:51:28.3456780Z [95m[Nest] 3304  - [39m10/06/2026, 1:51:28 AM [95m  DEBUG[39m [38;5;3m[WorkoutBuilderRevisionPruneCron] [39m[95mFEATURE_MWB_AUTOSAVE_UNDO off — revision prune skipped[39m
2026-10-06T01:51:28.3458107Z [32m[Nest] 3304  - [39m10/06/2026, 1:51:28 AM [32m    LOG[39m [38;5;3m[WorkoutBuilderRevisionPruneCron] [39m[32mStarting MWB-3 revision prune sweep[39m
2026-10-06T01:51:28.3459485Z [32m[Nest] 3304  - [39m10/06/2026, 1:51:28 AM [32m    LOG[39m [38;5;3m[WorkoutBuilderRevisionPruneCron] [39m[32mMWB-3 revision prune sweep complete: 2 plan(s) pruned, 8 revision(s) deleted[39m
2026-10-06T01:51:28.3460703Z [32m[Nest] 3304  - [39m10/06/2026, 1:51:28 AM [32m    LOG[39m [38;5;3m[WorkoutBuilderRevisionPruneCron] [39m[32mStarting MWB-3 revision prune sweep[39m
2026-10-06T01:51:31.0406594Z [33m[Nest] 3304  - [39m10/06/2026, 1:51:30 AM [33m   WARN[39m [38;5;3m[AnalyticsService] [39m[33mPOSTHOG_KEY not set — analytics are disabled (no-op mode).[39m
2026-10-06T01:51:31.0407337Z [32m[Nest] 3304  - [39m10/06/2026, 1:51:31 AM [32m    LOG[39m [38;5;3m[WorkoutBuilderRevisionPruneCron] [39m[32mStarting MWB-3 revision prune sweep[39m
2026-10-06T01:51:31.0408137Z [32m[Nest] 3304  - [39m10/06/2026, 1:51:31 AM [32m    LOG[39m [38;5;3m[WorkoutBuilderRevisionPruneCron] [39m[32mMWB-3 revision prune sweep complete: 1 plan(s) pruned, 10 revision(s) deleted[39m
2026-10-06T01:51:31.1753100Z PASS test/mwb-3-revision-prune.cron.spec.ts (176 MB heap size)
2026-10-06T01:51:34.1010900Z [33m[Nest] 3304  - [39m10/06/2026, 1:51:34 AM [33m   WARN[39m [38;5;3m[AnalyticsService] [39m[33mPOSTHOG_KEY not set — analytics are disabled (no-op mode).[39m
2026-10-06T01:51:34.2319309Z PASS test/mwb-3-undo.spec.ts (208 MB heap size)
2026-10-06T01:51:37.3892252Z PASS test/onboarding-tenancy-fence.live.spec.ts (248 MB heap size)
2026-10-06T01:51:40.4860582Z PASS test/profile-put-concurrency.live.spec.ts (278 MB heap size)
2026-10-06T01:51:40.4882939Z 
2026-10-06T01:51:40.4889676Z Test Suites: 9 passed, 9 total
2026-10-06T01:51:40.4890109Z Tests:       92 passed, 92 total
2026-10-06T01:51:40.4890525Z Snapshots:   0 total
2026-10-06T01:51:40.4890870Z Time:        39.11 s
2026-10-06T01:51:40.4892921Z Ran all test suites matching test/scheduling-booking-concurrency.live.spec.ts|test/mwb-3-lock-token.spec.ts|test/mwb-3-autosave.controller.spec.ts|test/mwb-3-autosave.service.spec.ts|test/mwb-3-undo.spec.ts|test/mwb-3-revision-prune.cron.spec.ts|test/profile-put-concurrency.live.spec.ts|test/onboarding-tenancy-fence.live.spec.ts|test/checkout-settlement.live.spec.ts.
2026-10-06T01:51:40.7203946Z ##[group]Run npx jest --config jest.rls.config.js test/rls-mwb3-autosave-undo.spec.ts --runInBand --testTimeout=120000
2026-10-06T01:51:40.7204542Z [36;1mnpx jest --config jest.rls.config.js test/rls-mwb3-autosave-undo.spec.ts --runInBand --testTimeout=120000[0m
2026-10-06T01:51:40.7257626Z shell: /usr/bin/bash -e {0}
2026-10-06T01:51:40.7257795Z env:
2026-10-06T01:51:40.7258233Z   DATABASE_URL: ***localhost:5432/postgres
2026-10-06T01:51:40.7258512Z   DIRECT_URL: ***localhost:5432/postgres
2026-10-06T01:51:40.7258797Z   MWB3_TEST_DATABASE_URL: ***localhost:5432/postgres
2026-10-06T01:51:40.7259010Z   NODE_OPTIONS: --max-old-space-size=4096
2026-10-06T01:51:40.7259193Z ##[endgroup]
2026-10-06T01:51:45.6664944Z [33m[Nest] 3874  - [39m10/06/2026, 1:51:45 AM [33m   WARN[39m [38;5;3m[AnalyticsService] [39m[33mPOSTHOG_KEY not set — analytics are disabled (no-op mode).[39m
2026-10-06T01:51:45.7614555Z PASS rls-live test/rls-mwb3-autosave-undo.spec.ts (148 MB heap size)
2026-10-06T01:51:45.7615654Z   MWB-3 #13 — WorkoutPlanRevision RLS (sub-coach cross-tenant)
2026-10-06T01:51:45.7623068Z     ✓ a sub-coach on the team CAN read its head coach plan revision (13 ms)
2026-10-06T01:51:45.7643337Z     ✓ a sub-coach CANNOT read another tenant (foreign coach) revision (9 ms)
2026-10-06T01:51:45.7652467Z     ✓ the head coach cannot read the foreign tenant revision either (8 ms)
2026-10-06T01:51:45.7653050Z     ✓ the foreign coach cannot read the head coach revision (9 ms)
2026-10-06T01:51:45.7653532Z     ✓ service_role bypasses RLS and sees both revisions (7 ms)
2026-10-06T01:51:45.7653994Z     ✓ the head coach CAN read its own plan revision (7 ms)
2026-10-06T01:51:45.7654452Z   MWB-3 #1/#8 — autosave concurrency (real service, live DB)
2026-10-06T01:51:45.7655079Z     ✓ #1/#8 two parallel autosaves at base 0: exactly one commits, the other gets a typed 409 (89 ms)
2026-10-06T01:51:45.7655472Z 
2026-10-06T01:51:45.7655623Z Test Suites: 1 passed, 1 total
2026-10-06T01:51:45.7655922Z Tests:       7 passed, 7 total
2026-10-06T01:51:45.7656168Z Snapshots:   0 total
2026-10-06T01:51:45.7656388Z Time:        4.49 s
2026-10-06T01:51:45.7656752Z Ran all test suites matching test/rls-mwb3-autosave-undo.spec.ts.
2026-10-06T01:51:45.9037802Z ##[group]Run npx jest test/roman/roman-session-erase.live.spec.ts --runInBand --testTimeout=120000
2026-10-06T01:51:45.9038224Z [36;1mnpx jest test/roman/roman-session-erase.live.spec.ts --runInBand --testTimeout=120000[0m
2026-10-06T01:51:45.9090797Z shell: /usr/bin/bash -e {0}
2026-10-06T01:51:45.9090958Z env:
2026-10-06T01:51:45.9091297Z   DATABASE_URL: ***localhost:5432/postgres
2026-10-06T01:51:45.9091539Z   DIRECT_URL: ***localhost:5432/postgres
2026-10-06T01:51:45.9091788Z   MWB3_TEST_DATABASE_URL: ***localhost:5432/postgres
2026-10-06T01:51:45.9092147Z   NODE_OPTIONS: --max-old-space-size=4096
2026-10-06T01:51:45.9092324Z ##[endgroup]
2026-10-06T01:51:50.5059771Z [31m[Nest] 3951  - [39m10/06/2026, 1:51:50 AM [31m  ERROR[39m [38;5;3m[RomanService] [39m[31mroman.erase_incomplete session=cmuw0wf6p005l1o1rgfscpiv1 messages_left=1[39m
2026-10-06T01:51:50.5215460Z PASS test/roman/roman-session-erase.live.spec.ts (108 MB heap size)
2026-10-06T01:51:50.5216548Z   B-635-1 / C-635-1 live: Roman delete erases and frees the day key (Postgres)
2026-10-06T01:51:50.5218708Z     ✓ negative control: Postgres rejects a second row on a day key a deleted row still holds (68 ms)
2026-10-06T01:51:50.5219659Z     ✓ open -> append -> delete -> open the same day gives a fresh empty session that takes turns (22 ms)
2026-10-06T01:51:50.5220479Z     ✓ concurrent opens after a delete converge on one fresh session (26 ms)
2026-10-06T01:51:50.5243500Z     ✓ the old deleted session stays deleted: a late append to it is a 404 and stores nothing (13 ms)
2026-10-06T01:51:50.5244390Z     ✓ a delete racing an append leaves no transcript behind (53 ms)
2026-10-06T01:51:50.5245104Z     ✓ delete + reopen never resets the daily cap (16 ms)
2026-10-06T01:51:50.5245937Z     ✓ C-635-1: a legacy tombstone holding today's key is erased on open and a fresh session opens (19 ms)
2026-10-06T01:51:50.5246866Z     ✓ C-635-1: the sweep erases every legacy tombstone, is idempotent, and leaves live chats alone (19 ms)
2026-10-06T01:51:50.5247946Z     ✓ B-635-2: the list pages every live chat newest first; delete-all erases prior days and today on both surfaces, nobody else, cap kept (46 ms)
2026-10-06T01:51:50.5249110Z     ✓ B-635-2 / C-635-2: a prior-day chat is erased by id; a repeat delete is a 204; a foreign id is the coded 404 (10 ms)
2026-10-06T01:51:50.5250119Z     ✓ C-635-3: under a role that RLS stops from deleting, delete is a coded 503 and the chat is left whole (80 ms)
2026-10-06T01:51:50.5250685Z 
2026-10-06T01:51:50.5251066Z Test Suites: 1 passed, 1 total
2026-10-06T01:51:50.5251650Z Tests:       11 passed, 11 total
2026-10-06T01:51:50.5252552Z Snapshots:   0 total
2026-10-06T01:51:50.5252773Z Time:        4.146 s
2026-10-06T01:51:50.5253173Z Ran all test suites matching test/roman/roman-session-erase.live.spec.ts.
2026-10-06T01:51:50.6599862Z ##[group]Run npx jest test/roman/roman-spend-admission.live.spec.ts --runInBand --testTimeout=120000
2026-10-06T01:51:50.6600305Z [36;1mnpx jest test/roman/roman-spend-admission.live.spec.ts --runInBand --testTimeout=120000[0m
2026-10-06T01:51:50.6658114Z shell: /usr/bin/bash -e {0}
2026-10-06T01:51:50.6658272Z env:
2026-10-06T01:51:50.6658616Z   DATABASE_URL: ***localhost:5432/postgres
2026-10-06T01:51:50.6658858Z   DIRECT_URL: ***localhost:5432/postgres
2026-10-06T01:51:50.6659106Z   MWB3_TEST_DATABASE_URL: ***localhost:5432/postgres
2026-10-06T01:51:50.6659301Z   NODE_OPTIONS: --max-old-space-size=4096
2026-10-06T01:51:50.6659461Z ##[endgroup]
2026-10-06T01:51:54.4182472Z [33m[Nest] 4053  - [39m10/06/2026, 1:51:54 AM [33m   WARN[39m [38;5;3m[RomanService] [39m[33mroman.capacity_reached cap_usd=0.1[39m
2026-10-06T01:51:54.4503046Z [33m[Nest] 4053  - [39m10/06/2026, 1:51:54 AM [33m   WARN[39m [38;5;3m[RomanService] [39m[33mroman.capacity_reached cap_usd=0.2[39m
2026-10-06T01:51:54.4512738Z [33m[Nest] 4053  - [39m10/06/2026, 1:51:54 AM [33m   WARN[39m [38;5;3m[RomanService] [39m[33mroman.capacity_reached cap_usd=0.2[39m
2026-10-06T01:51:54.4530174Z [33m[Nest] 4053  - [39m10/06/2026, 1:51:54 AM [33m   WARN[39m [38;5;3m[RomanService] [39m[33mroman.capacity_reached cap_usd=0.2[39m
2026-10-06T01:51:54.4553194Z [33m[Nest] 4053  - [39m10/06/2026, 1:51:54 AM [33m   WARN[39m [38;5;3m[RomanService] [39m[33mroman.capacity_reached cap_usd=0.2[39m
2026-10-06T01:51:54.4566373Z [33m[Nest] 4053  - [39m10/06/2026, 1:51:54 AM [33m   WARN[39m [38;5;3m[RomanService] [39m[33mroman.capacity_reached cap_usd=0.2[39m
2026-10-06T01:51:54.4683678Z PASS test/roman/roman-spend-admission.live.spec.ts (81 MB heap size)
2026-10-06T01:51:54.4684605Z   B-651-5 live: Roman spend admission is atomic per UTC day (Postgres)
2026-10-06T01:51:54.4685835Z     ✓ two concurrent turns where exactly one fits: exactly one is admitted, one row is reserved (15 ms)
2026-10-06T01:51:54.4703543Z     ✓ eight concurrent turns: admitted reservations never sum above the cap, and every fitting turn is admitted (36 ms)
2026-10-06T01:51:54.4703931Z 
2026-10-06T01:51:54.4704040Z Test Suites: 1 passed, 1 total
2026-10-06T01:51:54.4704225Z Tests:       2 passed, 2 total
2026-10-06T01:51:54.4704380Z Snapshots:   0 total
2026-10-06T01:51:54.4704513Z Time:        3.335 s
2026-10-06T01:51:54.4704763Z Ran all test suites matching test/roman/roman-spend-admission.live.spec.ts.
2026-10-06T01:51:54.5976656Z ##[group]Run npx jest test/refund-reversal-concurrency.live.spec.ts --runInBand --testTimeout=120000
2026-10-06T01:51:54.5977796Z [36;1mnpx jest test/refund-reversal-concurrency.live.spec.ts --runInBand --testTimeout=120000[0m
2026-10-06T01:51:54.6035394Z shell: /usr/bin/bash -e {0}
2026-10-06T01:51:54.6035591Z env:
2026-10-06T01:51:54.6035934Z   DATABASE_URL: ***localhost:5432/postgres
2026-10-06T01:51:54.6036179Z   DIRECT_URL: ***localhost:5432/postgres
2026-10-06T01:51:54.6036436Z   MWB3_TEST_DATABASE_URL: ***localhost:5432/postgres
2026-10-06T01:51:54.6036631Z   NODE_OPTIONS: --max-old-space-size=4096
2026-10-06T01:51:54.6036797Z ##[endgroup]
2026-10-06T01:51:58.8055510Z [33m[Nest] 4139  - [39m10/06/2026, 1:51:58 AM [33m   WARN[39m [38;5;3m[RefundDisputeHandlerService] [39m[33mhead-coach transfer reverse pending purchase=pl refund=4b0efaa9-9ca9-460b-abc2-844e895ccc63 code=SFEE_REVERSAL_UNCERTAIN[39m
2026-10-06T01:51:58.9128802Z [33m[Nest] 4139  - [39m10/06/2026, 1:51:58 AM [33m   WARN[39m [38;5;3m[RefundDisputeHandlerService] [39m[33mhead-coach transfer reverse pending purchase=pt refund=4534f65a-6b6c-4ad6-b232-8e3f270cf261 code=SFEE_REVERSAL_UNCERTAIN[39m
2026-10-06T01:51:59.1155806Z [33m[Nest] 4139  - [39m10/06/2026, 1:51:59 AM [33m   WARN[39m [38;5;3m[RefundDisputeHandlerService] [39m[33mhead-coach transfer reverse pending purchase=pd dispute=pd-cd code=SFEE_REVERSAL_UNCERTAIN[39m
2026-10-06T01:51:59.2204773Z [33m[Nest] 4139  - [39m10/06/2026, 1:51:59 AM [33m   WARN[39m [38;5;3m[RefundDisputeHandlerService] [39m[33mhead-coach transfer reverse pending purchase=pr refund=39f6886d-b569-4ba6-96fd-2117e86b1f32 code=SFEE_REVERSAL_UNCERTAIN[39m
2026-10-06T01:51:59.2397988Z PASS test/refund-reversal-concurrency.live.spec.ts (136 MB heap size)
2026-10-06T01:51:59.2398714Z   B-674-1 live: concurrent reversals of different refunds both count
2026-10-06T01:51:59.2399936Z     ✓ ledger slices: refunds of 2,000 and 1,000 behind held slice locks reverse 200 + 100 and 1,800 + 900 (122 ms)
2026-10-06T01:51:59.2400791Z     ✓ head-coach transfer: two refunds racing for the transfer reverse 100 + 50 (the loser via the sweep) (99 ms)
2026-10-06T01:51:59.2401641Z     ✓ chargeback first close: overlapping deliveries elect one closed_at, used by every posting (185 ms)
2026-10-06T01:51:59.2402860Z     ✓ refund first success: overlapping deliveries elect one posted_at, used by every posting (100 ms)
2026-10-06T01:51:59.2403279Z 
2026-10-06T01:51:59.2424583Z Test Suites: 1 passed, 1 total
2026-10-06T01:51:59.2424864Z Tests:       4 passed, 4 total
2026-10-06T01:51:59.2425093Z Snapshots:   0 total
2026-10-06T01:51:59.2425346Z Time:        4.177 s
2026-10-06T01:51:59.2425739Z Ran all test suites matching test/refund-reversal-concurrency.live.spec.ts.
2026-10-06T01:51:59.3812378Z Post job cleanup.
2026-10-06T01:51:59.4655494Z Cache hit occurred on the primary key node-cache-Linux-x64-npm-07f78abbac5e2cbfcef112b8b919e298f8da38fa5e6aaf98a3625ef672bd5b12, not saving cache.
2026-10-06T01:51:59.4759842Z Post job cleanup.
2026-10-06T01:51:59.5334583Z [command]/usr/bin/git version
2026-10-06T01:51:59.5364715Z git version 2.55.0
2026-10-06T01:51:59.5390466Z Temporarily overriding HOME='/home/runner/work/_temp/0e9b559c-ef96-4330-93d8-75617be9dcc0' before making global git config changes
2026-10-06T01:51:59.5391376Z Adding repository directory to the temporary git global config as a safe directory
2026-10-06T01:51:59.5394356Z [command]/usr/bin/git config --global --add safe.directory /home/runner/work/growth-project-backend/growth-project-backend
2026-10-06T01:51:59.5422279Z Removing SSH command configuration
2026-10-06T01:51:59.5426990Z [command]/usr/bin/git config --local --name-only --get-regexp core\.sshCommand
2026-10-06T01:51:59.5457020Z [command]/usr/bin/git submodule foreach --recursive sh -c "git config --local --name-only --get-regexp 'core\.sshCommand' && git config --local --unset-all 'core.sshCommand' || :"
2026-10-06T01:51:59.5645719Z Removing HTTP extra header
2026-10-06T01:51:59.5650269Z [command]/usr/bin/git config --local --name-only --get-regexp http\.https\:\/\/github\.com\/\.extraheader
2026-10-06T01:51:59.5678495Z [command]/usr/bin/git submodule foreach --recursive sh -c "git config --local --name-only --get-regexp 'http\.https\:\/\/github\.com\/\.extraheader' && git config --local --unset-all 'http.https://github.com/.extraheader' || :"
2026-10-06T01:51:59.5864978Z Removing includeIf entries pointing to credentials config files
2026-10-06T01:51:59.5874170Z [command]/usr/bin/git config --local --name-only --get-regexp ^includeIf\.gitdir:
2026-10-06T01:51:59.5912196Z includeif.gitdir:/home/runner/work/growth-project-backend/growth-project-backend/.git.path
2026-10-06T01:51:59.5913068Z includeif.gitdir:/home/runner/work/growth-project-backend/growth-project-backend/.git/worktrees/*.path
2026-10-06T01:51:59.5913866Z includeif.gitdir:/github/workspace/.git.path
2026-10-06T01:51:59.5914339Z includeif.gitdir:/github/workspace/.git/worktrees/*.path
2026-10-06T01:51:59.5921683Z [command]/usr/bin/git config --local --get-all includeif.gitdir:/home/runner/work/growth-project-backend/growth-project-backend/.git.path
2026-10-06T01:51:59.5944786Z /home/runner/work/_temp/git-credentials-18a32dac-0ac4-458a-8bda-f2ef1739ee33.config
2026-10-06T01:51:59.5954918Z [command]/usr/bin/git config --local --unset includeif.gitdir:/home/runner/work/growth-project-backend/growth-project-backend/.git.path /home/runner/work/_temp/git-credentials-18a32dac-0ac4-458a-8bda-f2ef1739ee33.config
2026-10-06T01:51:59.5988316Z [command]/usr/bin/git config --local --get-all includeif.gitdir:/home/runner/work/growth-project-backend/growth-project-backend/.git/worktrees/*.path
2026-10-06T01:51:59.6009633Z /home/runner/work/_temp/git-credentials-18a32dac-0ac4-458a-8bda-f2ef1739ee33.config
2026-10-06T01:51:59.6017381Z [command]/usr/bin/git config --local --unset includeif.gitdir:/home/runner/work/growth-project-backend/growth-project-backend/.git/worktrees/*.path /home/runner/work/_temp/git-credentials-18a32dac-0ac4-458a-8bda-f2ef1739ee33.config
2026-10-06T01:51:59.6047133Z [command]/usr/bin/git config --local --get-all includeif.gitdir:/github/workspace/.git.path
2026-10-06T01:51:59.6066861Z /github/runner_temp/git-credentials-18a32dac-0ac4-458a-8bda-f2ef1739ee33.config
2026-10-06T01:51:59.6073208Z [command]/usr/bin/git config --local --unset includeif.gitdir:/github/workspace/.git.path /github/runner_temp/git-credentials-18a32dac-0ac4-458a-8bda-f2ef1739ee33.config
2026-10-06T01:51:59.6102280Z [command]/usr/bin/git config --local --get-all includeif.gitdir:/github/workspace/.git/worktrees/*.path
2026-10-06T01:51:59.6120734Z /github/runner_temp/git-credentials-18a32dac-0ac4-458a-8bda-f2ef1739ee33.config
2026-10-06T01:51:59.6128904Z [command]/usr/bin/git config --local --unset includeif.gitdir:/github/workspace/.git/worktrees/*.path /github/runner_temp/git-credentials-18a32dac-0ac4-458a-8bda-f2ef1739ee33.config
2026-10-06T01:51:59.6163342Z [command]/usr/bin/git submodule foreach --recursive git config --local --show-origin --name-only --get-regexp remote.origin.url
2026-10-06T01:51:59.6367003Z Removing credentials config '/home/runner/work/_temp/git-credentials-18a32dac-0ac4-458a-8bda-f2ef1739ee33.config'
2026-10-06T01:51:59.6472510Z Print service container logs: 995283aa67a74188bd816b69460ed50e_postgres15_876ba9
2026-10-06T01:51:59.6476142Z ##[command]/usr/bin/docker logs --details ec9f2fe4701d8f6693cf5003aad19c0d94fe9fb5849d282258a63ec944ee7f50
2026-10-06T01:51:59.6577889Z  The files belonging to this database system will be owned by user "postgres".
2026-10-06T01:51:59.6578422Z  This user must also own the server process.
2026-10-06T01:51:59.6578623Z  
2026-10-06T01:51:59.6578821Z  The database cluster will be initialized with locale "en_US.utf8".
2026-10-06T01:51:59.6579282Z  The default database encoding has accordingly been set to "UTF8".
2026-10-06T01:51:59.6579697Z  The default text search configuration will be set to "english".
2026-10-06T01:51:59.6580017Z  
2026-10-06T01:51:59.6582031Z  initdb: warning: enabling "trust" authentication for local connections
2026-10-06T01:51:59.6582730Z  initdb: hint: You can change this by editing pg_hba.conf or using the option -A, or --auth-local and --auth-host, the next time you run initdb.
2026-10-06T01:51:59.6583535Z  2026-10-06 01:50:07.718 UTC [1] LOG:  starting PostgreSQL 15.19 (Debian 15.19-1.pgdg13+2) on x86_64-pc-linux-gnu, compiled by gcc (Debian 14.2.0-19) 14.2.0, 64-bit
2026-10-06T01:51:59.6584164Z  2026-10-06 01:50:07.718 UTC [1] LOG:  listening on IPv4 address "0.0.0.0", port 5432
2026-10-06T01:51:59.6584573Z  2026-10-06 01:50:07.718 UTC [1] LOG:  listening on IPv6 address "::", port 5432
2026-10-06T01:51:59.6585014Z  2026-10-06 01:50:07.719 UTC [1] LOG:  listening on Unix socket "/var/run/postgresql/.s.PGSQL.5432"
2026-10-06T01:51:59.6585320Z  2026-10-06 01:50:07.720 UTC [63] LOG:  database system was shut down at 2026-10-06 01:50:07 UTC
2026-10-06T01:51:59.6585598Z  2026-10-06 01:50:07.723 UTC [1] LOG:  database system is ready to accept connections
2026-10-06T01:51:59.6586093Z  2026-10-06 01:51:20.460 UTC [140] ERROR:  S-SCHED-2 preflight: 1 pair(s) of overlapping active CoachingSession rows exist; resolve them (cancel or move one of each pair) before applying 20270222000000
2026-10-06T01:51:59.6586596Z  2026-10-06 01:51:20.460 UTC [140] CONTEXT:  PL/pgSQL function inline_code_block line 15 at RAISE
2026-10-06T01:51:59.6587210Z  2026-10-06 01:51:20.460 UTC [140] STATEMENT:  DO $$
2026-10-06T01:51:59.6587373Z  	DECLARE
2026-10-06T01:51:59.6587485Z  	  conflicts integer;
2026-10-06T01:51:59.6587612Z  	BEGIN
2026-10-06T01:51:59.6587730Z  	  SELECT count(*) INTO conflicts
2026-10-06T01:51:59.6587886Z  	  FROM "CoachingSession" a
2026-10-06T01:51:59.6588031Z  	  JOIN "CoachingSession" b
2026-10-06T01:51:59.6588175Z  	    ON a."coach_id" = b."coach_id"
2026-10-06T01:51:59.6588325Z  	   AND a."id" < b."id"
2026-10-06T01:51:59.6588505Z  	   AND a."status" IN ('requested', 'scheduled', 'pending_provider')
2026-10-06T01:51:59.6588741Z  	   AND b."status" IN ('requested', 'scheduled', 'pending_provider')
2026-10-06T01:51:59.6588929Z  	   AND a."start_at" < b."end_at"
2026-10-06T01:51:59.6589157Z  	   AND b."start_at" < a."end_at";
2026-10-06T01:51:59.6589308Z  	  IF conflicts > 0 THEN
2026-10-06T01:51:59.6589694Z  	    RAISE EXCEPTION 'S-SCHED-2 preflight: % pair(s) of overlapping active CoachingSession rows exist; resolve them (cancel or move one of each pair) before applying 20270222000000', conflicts;
2026-10-06T01:51:59.6590102Z  	  END IF;
2026-10-06T01:51:59.6590209Z  	END $$;
2026-10-06T01:51:59.6590488Z  2026-10-06 01:51:20.540 UTC [140] ERROR:  conflicting key value violates exclusion constraint "CoachingSession_no_overlapping_active_booking"
2026-10-06T01:51:59.6591190Z  2026-10-06 01:51:20.540 UTC [140] DETAIL:  Key (coach_id, tsrange(start_at, end_at, '[)'::text))=(ssched2-live-coach, ["2026-10-10 10:10:00","2026-10-10 10:40:00")) conflicts with existing key (coach_id, tsrange(start_at, end_at, '[)'::text))=(ssched2-live-coach, ["2026-10-10 10:00:00","2026-10-10 10:30:00")).
2026-10-06T01:51:59.6594135Z  2026-10-06 01:51:20.540 UTC [140] STATEMENT:  INSERT INTO "public"."CoachingSession" ("id","coach_id","status","start_at","end_at","title","video_provider","calendar_provider","created_at","updated_at") VALUES ($1,$2,CAST($3::text AS "public"."SessionStatus"),$4,$5,$6,CAST($7::text AS "public"."VideoProvider"),CAST($8::text AS "public"."CalendarProvider"),$9,$10) RETURNING "public"."CoachingSession"."id", "public"."CoachingSession"."coach_id", "public"."CoachingSession"."client_id", "public"."CoachingSession"."session_type_id", "public"."CoachingSession"."status"::text, "public"."CoachingSession"."start_at", "public"."CoachingSession"."end_at", "public"."CoachingSession"."title", "public"."CoachingSession"."coach_notes_md", "public"."CoachingSession"."client_recap_md", "public"."CoachingSession"."video_provider"::text, "public"."CoachingSession"."video_url", "public"."CoachingSession"."video_meeting_id", "public"."CoachingSession"."calendar_provider"::text, "public"."CoachingSession"."calendar_event_id", "public"."CoachingSession"."provider_idempotency_key", "public"."CoachingSession"."approved_at", "public"."CoachingSession"."ended_at", "public"."CoachingSession"."end_reason", "public"."CoachingSession"."request_expires_at", "public"."CoachingSession"."created_at", "public"."CoachingSession"."updated_at"
2026-10-06T01:51:59.6596580Z  2026-10-06 01:51:20.545 UTC [140] ERROR:  conflicting key value violates exclusion constraint "CoachingSession_no_overlapping_active_booking"
2026-10-06T01:51:59.6597271Z  2026-10-06 01:51:20.545 UTC [140] DETAIL:  Key (coach_id, tsrange(start_at, end_at, '[)'::text))=(ssched2-live-coach, ["2026-10-10 10:00:00","2026-10-10 10:30:00")) conflicts with existing key (coach_id, tsrange(start_at, end_at, '[)'::text))=(ssched2-live-coach, ["2026-10-10 10:00:00","2026-10-10 10:30:00")).
2026-10-06T01:51:59.6599603Z  2026-10-06 01:51:20.545 UTC [140] STATEMENT:  UPDATE "public"."CoachingSession" SET "status" = CAST($1::text AS "public"."SessionStatus"), "updated_at" = $2 WHERE ("public"."CoachingSession"."id" = $3 AND 1=1) RETURNING "public"."CoachingSession"."id", "public"."CoachingSession"."coach_id", "public"."CoachingSession"."client_id", "public"."CoachingSession"."session_type_id", "public"."CoachingSession"."status"::text, "public"."CoachingSession"."start_at", "public"."CoachingSession"."end_at", "public"."CoachingSession"."title", "public"."CoachingSession"."coach_notes_md", "public"."CoachingSession"."client_recap_md", "public"."CoachingSession"."video_provider"::text, "public"."CoachingSession"."video_url", "public"."CoachingSession"."video_meeting_id", "public"."CoachingSession"."calendar_provider"::text, "public"."CoachingSession"."calendar_event_id", "public"."CoachingSession"."provider_idempotency_key", "public"."CoachingSession"."approved_at", "public"."CoachingSession"."ended_at", "public"."CoachingSession"."end_reason", "public"."CoachingSession"."request_expires_at", "public"."CoachingSession"."created_at", "public"."CoachingSession"."updated_at"
2026-10-06T01:51:59.6602132Z  2026-10-06 01:51:20.823 UTC [141] ERROR:  new row for relation "NotificationDeliveryLog" violates check constraint "NotificationDeliveryLog_status_check"
2026-10-06T01:51:59.6603410Z  2026-10-06 01:51:20.823 UTC [141] DETAIL:  Failing row contains (68a00541-7630-4c28-8b53-caf1561ba514, ssched2-live-client-1, 7e34d20a-5ffb-43b6-a786-b42cfbdfbf5b, booking_reminder_1h, 2026-10-06 02:21:00, 2026-10-06 01:51:20.785, bogus, 1, null, live-earlier-claim, 2026-10-06 01:41:20.783, null, null, parked:moved_later).
2026-10-06T01:51:59.6606770Z  2026-10-06 01:51:20.823 UTC [141] STATEMENT:  UPDATE "public"."NotificationDeliveryLog" SET "status" = $1 WHERE ("public"."NotificationDeliveryLog"."id" = $2 AND 1=1) RETURNING "public"."NotificationDeliveryLog"."id", "public"."NotificationDeliveryLog"."user_id", "public"."NotificationDeliveryLog"."session_id", "public"."NotificationDeliveryLog"."kind", "public"."NotificationDeliveryLog"."start_at", "public"."NotificationDeliveryLog"."created_at", "public"."NotificationDeliveryLog"."status", "public"."NotificationDeliveryLog"."attempts", "public"."NotificationDeliveryLog"."lease_until", "public"."NotificationDeliveryLog"."claim_token", "public"."NotificationDeliveryLog"."inapp_done_at", "public"."NotificationDeliveryLog"."push_done_at", "public"."NotificationDeliveryLog"."notification_id", "public"."NotificationDeliveryLog"."last_error"
2026-10-06T01:51:59.6609572Z  2026-10-06 01:51:20.829 UTC [141] ERROR:  S-SCHED-2 range preflight: 1 active CoachingSession row(s) end before they start; fix their end_at (or cancel them) before applying 20270222000000
2026-10-06T01:51:59.6610292Z  2026-10-06 01:51:20.829 UTC [141] CONTEXT:  PL/pgSQL function inline_code_block line 10 at RAISE
2026-10-06T01:51:59.6610727Z  2026-10-06 01:51:20.829 UTC [141] STATEMENT:  DO $$
2026-10-06T01:51:59.6610983Z  	DECLARE
2026-10-06T01:51:59.6611151Z  	  inverted integer;
2026-10-06T01:51:59.6611344Z  	BEGIN
2026-10-06T01:51:59.6611515Z  	  SELECT count(*) INTO inverted
2026-10-06T01:51:59.6611742Z  	  FROM "CoachingSession"
2026-10-06T01:51:59.6612145Z  	  WHERE "status" IN ('requested', 'scheduled', 'pending_provider')
2026-10-06T01:51:59.6612485Z  	    AND "end_at" < "start_at";
2026-10-06T01:51:59.6612735Z  	  IF inverted > 0 THEN
2026-10-06T01:51:59.6613359Z  	    RAISE EXCEPTION 'S-SCHED-2 range preflight: % active CoachingSession row(s) end before they start; fix their end_at (or cancel them) before applying 20270222000000', inverted;
2026-10-06T01:51:59.6614038Z  	  END IF;
2026-10-06T01:51:59.6614210Z  	END $$;
2026-10-06T01:51:59.6614556Z  2026-10-06 01:51:40.407 UTC [172] ERROR:  duplicate key value violates unique constraint "UserProfile_user_id_key"
2026-10-06T01:51:59.6615098Z  2026-10-06 01:51:40.407 UTC [172] DETAIL:  Key (user_id)=(b606-3-live-new-client) already exists.
2026-10-06T01:51:59.6620505Z  2026-10-06 01:51:40.407 UTC [172] STATEMENT:  INSERT INTO "public"."UserProfile" ("id","user_id","height_cm","current_weight_lbs","target_weight_lbs","date_of_birth","sex","activity_level","goal_type","workout_experience","has_gym_membership","macro_target_calories","macro_target_protein_g","macro_target_carbs_g","macro_target_fat_g","weight_unit","calorie_display","onboardingCompleted","injuries","updated_at") VALUES ($1,$2,$3,$4,$5,$6,CAST($7::text AS "public"."Sex"),CAST($8::text AS "public"."ActivityLevel"),CAST($9::text AS "public"."GoalType"),CAST($10::text AS "public"."WorkoutExperience"),$11,$12,$13,$14,$15,$16,$17,$18,$19,$20) RETURNING "public"."UserProfile"."id", "public"."UserProfile"."user_id", "public"."UserProfile"."height_cm", "public"."UserProfile"."current_weight_lbs", "public"."UserProfile"."target_weight_lbs", "public"."UserProfile"."date_of_birth", "public"."UserProfile"."sex"::text, "public"."UserProfile"."activity_level"::text, "public"."UserProfile"."goal_type"::text, "public"."UserProfile"."workout_experience"::text, "public"."UserProfile"."has_gym_membership", "public"."UserProfile"."preferred_snacks", "public"."UserProfile"."dietary_pattern", "public"."UserProfile"."dietary_restrictions", "public"."UserProfile"."workout_days_per_week", "public"."UserProfile"."equipment_access", "public"."UserProfile"."macro_target_calories", "public"."UserProfile"."macro_target_protein_g", "public"."UserProfile"."macro_target_carbs_g", "public"."UserProfile"."macro_target_fat_g", "public"."UserProfile"."avatar_url", "public"."UserProfile"."bio", "public"."UserProfile"."weight_unit", "public"."UserProfile"."meals_per_day", "public"."UserProfile"."water_goal_oz", "public"."UserProfile"."calorie_display", "public"."UserProfile"."onboardingCompleted", "public"."UserProfile"."injuries", "public"."UserProfile"."food_preferences", "public"."UserProfile"."preferred_training_time", "public"."UserProfile"."updated_at"
2026-10-06T01:51:59.6624204Z  2026-10-06 01:51:45.694 UTC [176] ERROR:  could not serialize access due to concurrent update
2026-10-06T01:51:59.6624454Z  2026-10-06 01:51:45.694 UTC [176] STATEMENT:  
2026-10-06T01:51:59.6624694Z  	      SELECT "head_revision_id", "version" FROM "WorkoutPlan" WHERE "id" = $1 FOR UPDATE
2026-10-06T01:51:59.6624913Z  	    
2026-10-06T01:51:59.6625261Z  2026-10-06 01:51:50.142 UTC [185] ERROR:  duplicate key value violates unique constraint "RomanSession_user_id_surface_day_key_key"
2026-10-06T01:51:59.6625675Z  2026-10-06 01:51:50.142 UTC [185] DETAIL:  Key (user_id, surface, day_key)=(b635-live-me, client, 2026-10-06) already exists.
2026-10-06T01:51:59.6625959Z  Data page checksums are disabled.
2026-10-06T01:51:59.6626103Z  
2026-10-06T01:51:59.6626272Z  fixing permissions on existing directory /var/lib/postgresql/data ... ok
2026-10-06T01:51:59.6626491Z  creating subdirectories ... ok
2026-10-06T01:51:59.6626675Z  selecting dynamic shared memory implementation ... posix
2026-10-06T01:51:59.6626867Z  selecting default max_connections ... 100
2026-10-06T01:51:59.6627032Z  selecting default shared_buffers ... 128MB
2026-10-06T01:51:59.6627194Z  selecting default time zone ... Etc/UTC
2026-10-06T01:51:59.6627351Z  creating configuration files ... ok
2026-10-06T01:51:59.6627504Z  running bootstrap script ... ok
2026-10-06T01:51:59.6627675Z  performing post-bootstrap initialization ... ok
2026-10-06T01:51:59.6627849Z  syncing data to disk ... ok
2026-10-06T01:51:59.6627977Z  
2026-10-06T01:51:59.6628073Z  
2026-10-06T01:51:59.6628205Z  Success. You can now start the database server using:
2026-10-06T01:51:59.6628373Z  
2026-10-06T01:51:59.6628511Z      pg_ctl -D /var/lib/postgresql/data -l logfile start
2026-10-06T01:51:59.6628677Z  
2026-10-06T01:51:59.6629026Z  waiting for server to start....2026-10-06 01:50:07.492 UTC [49] LOG:  starting PostgreSQL 15.19 (Debian 15.19-1.pgdg13+2) on x86_64-pc-linux-gnu, compiled by gcc (Debian 14.2.0-19) 14.2.0, 64-bit
2026-10-06T01:51:59.6629495Z  2026-10-06 01:50:07.492 UTC [49] LOG:  listening on Unix socket "/var/run/postgresql/.s.PGSQL.5432"
2026-10-06T01:51:59.6629806Z  2026-10-06 01:50:07.494 UTC [52] LOG:  database system was shut down at 2026-10-06 01:50:07 UTC
2026-10-06T01:51:59.6630084Z  2026-10-06 01:50:07.497 UTC [49] LOG:  database system is ready to accept connections
2026-10-06T01:51:59.6630284Z   done
2026-10-06T01:51:59.6630387Z  server started
2026-10-06T01:51:59.6630502Z  
2026-10-06T01:51:59.6630679Z  /usr/local/bin/docker-entrypoint.sh: ignoring /docker-entrypoint-initdb.d/*
2026-10-06T01:51:59.6630893Z  
2026-10-06T01:51:59.6631136Z  2026-10-06 01:50:07.603 UTC [49] LOG:  received fast shutdown request
2026-10-06T01:51:59.6631427Z  waiting for server to shut down....2026-10-06 01:50:07.603 UTC [49] LOG:  aborting any active transactions
2026-10-06T01:51:59.6631797Z  2026-10-06 01:50:07.605 UTC [49] LOG:  background worker "logical replication launcher" (PID 55) exited with exit code 1
2026-10-06T01:51:59.6632256Z  2026-10-06 01:50:07.605 UTC [50] LOG:  shutting down
2026-10-06T01:51:59.6632472Z  2026-10-06 01:50:07.605 UTC [50] LOG:  checkpoint starting: shutdown immediate
2026-10-06T01:51:59.6632980Z  2026-10-06 01:50:07.607 UTC [50] LOG:  checkpoint complete: wrote 3 buffers (0.0%); 0 WAL file(s) added, 0 removed, 0 recycled; write=0.001 s, sync=0.001 s, total=0.003 s; sync files=2, longest=0.001 s, average=0.001 s; distance=0 kB, estimate=0 kB
2026-10-06T01:51:59.6633475Z  2026-10-06 01:50:07.611 UTC [49] LOG:  database system is shut down
2026-10-06T01:51:59.6633652Z   done
2026-10-06T01:51:59.6633753Z  server stopped
2026-10-06T01:51:59.6633867Z  
2026-10-06T01:51:59.6633998Z  PostgreSQL init process complete; ready for start up.
2026-10-06T01:51:59.6634160Z  
2026-10-06T01:51:59.6635587Z  2026-10-06 01:51:50.142 UTC [185] STATEMENT:  INSERT INTO "public"."RomanSession" ("id","user_id","surface","day_key","message_count","started_at","last_activity_at","quips_in_session","exclamation_used","created_at","updated_at") VALUES ($1,$2,CAST($3::text AS "public"."RomanSurface"),$4,$5,$6,$7,$8,$9,$10,$11) RETURNING "public"."RomanSession"."id", "public"."RomanSession"."user_id", "public"."RomanSession"."surface"::text, "public"."RomanSession"."day_key", "public"."RomanSession"."message_count", "public"."RomanSession"."started_at", "public"."RomanSession"."last_activity_at", "public"."RomanSession"."quips_in_session", "public"."RomanSession"."exclamation_used", "public"."RomanSession"."subject_context_json", "public"."RomanSession"."created_at", "public"."RomanSession"."updated_at", "public"."RomanSession"."deleted_at"
2026-10-06T01:51:59.6637099Z  2026-10-06 01:51:50.342 UTC [187] ERROR:  duplicate key value violates unique constraint "RomanSession_user_id_surface_day_key_key"
2026-10-06T01:51:59.6637508Z  2026-10-06 01:51:50.342 UTC [187] DETAIL:  Key (user_id, surface, day_key)=(b635-live-me, client, 2026-10-06) already exists.
2026-10-06T01:51:59.6639005Z  2026-10-06 01:51:50.342 UTC [187] STATEMENT:  INSERT INTO "public"."RomanSession" ("id","user_id","surface","day_key","message_count","started_at","last_activity_at","quips_in_session","exclamation_used","created_at","updated_at") VALUES ($1,$2,CAST($3::text AS "public"."RomanSurface"),$4,$5,$6,$7,$8,$9,$10,$11) RETURNING "public"."RomanSession"."id", "public"."RomanSession"."user_id", "public"."RomanSession"."surface"::text, "public"."RomanSession"."day_key", "public"."RomanSession"."message_count", "public"."RomanSession"."started_at", "public"."RomanSession"."last_activity_at", "public"."RomanSession"."quips_in_session", "public"."RomanSession"."exclamation_used", "public"."RomanSession"."subject_context_json", "public"."RomanSession"."created_at", "public"."RomanSession"."updated_at", "public"."RomanSession"."deleted_at"
2026-10-06T01:51:59.6645388Z Stop and remove container: 995283aa67a74188bd816b69460ed50e_postgres15_876ba9
2026-10-06T01:51:59.6649308Z ##[command]/usr/bin/docker rm --force ec9f2fe4701d8f6693cf5003aad19c0d94fe9fb5849d282258a63ec944ee7f50
2026-10-06T01:51:59.9191387Z ec9f2fe4701d8f6693cf5003aad19c0d94fe9fb5849d282258a63ec944ee7f50
2026-10-06T01:51:59.9217400Z Remove container network: github_network_e0752449110a44e18cd389a27493fa36
2026-10-06T01:51:59.9220057Z ##[command]/usr/bin/docker network rm github_network_e0752449110a44e18cd389a27493fa36
2026-10-06T01:52:00.0104199Z github_network_e0752449110a44e18cd389a27493fa36
2026-10-06T01:52:00.0158330Z Cleaning up orphan processes
